Application time: 0.4990740 seconds
{Heap before GC invocations=1 (full 0):
 PSYoungGen      total 112768K, used 11612K [0x00000007822b0000, 0x000000078a080000, 0x0000000800000000)
  eden space 96704K, 12% used [0x00000007822b0000,0x0000000782e072d8,0x0000000788120000)
  from space 16064K, 0% used [0x00000007890d0000,0x00000007890d0000,0x000000078a080000)
  to   space 16064K, 0% used [0x0000000788120000,0x0000000788120000,0x00000007890d0000)
 PSOldGen        total 257664K, used 0K [0x0000000686800000, 0x00000006963a0000, 0x00000007822b0000)
  object space 257664K, 0% used [0x0000000686800000,0x0000000686800000,0x00000006963a0000)
 PSPermGen       total 21248K, used 9676K [0x0000000681600000, 0x0000000682ac0000, 0x0000000686800000)
  object space 21248K, 45% used [0x0000000681600000,0x0000000681f731e0,0x0000000682ac0000)
0.545: [GC [PSYoungGen: 11612K->1600K(112768K)] 11612K->1600K(370432K), 0.0145510 secs] [Times: user=0.05 sys=0.00, real=0.01 secs] 
Heap after GC invocations=1 (full 0):
 PSYoungGen      total 112768K, used 1600K [0x00000007822b0000, 0x000000078a080000, 0x0000000800000000)
  eden space 96704K, 0% used [0x00000007822b0000,0x00000007822b0000,0x0000000788120000)
  from space 16064K, 9% used [0x0000000788120000,0x00000007882b0030,0x00000007890d0000)
  to   space 16064K, 0% used [0x00000007890d0000,0x00000007890d0000,0x000000078a080000)
 PSOldGen        total 257664K, used 0K [0x0000000686800000, 0x00000006963a0000, 0x00000007822b0000)
  object space 257664K, 0% used [0x0000000686800000,0x0000000686800000,0x00000006963a0000)
 PSPermGen       total 21248K, used 9676K [0x0000000681600000, 0x0000000682ac0000, 0x0000000686800000)
  object space 21248K, 45% used [0x0000000681600000,0x0000000681f731e0,0x0000000682ac0000)
}
{Heap before GC invocations=2 (full 1):
 PSYoungGen      total 112768K, used 1600K [0x00000007822b0000, 0x000000078a080000, 0x0000000800000000)
  eden space 96704K, 0% used [0x00000007822b0000,0x00000007822b0000,0x0000000788120000)
  from space 16064K, 9% used [0x0000000788120000,0x00000007882b0030,0x00000007890d0000)
  to   space 16064K, 0% used [0x00000007890d0000,0x00000007890d0000,0x000000078a080000)
 PSOldGen        total 257664K, used 0K [0x0000000686800000, 0x00000006963a0000, 0x00000007822b0000)
  object space 257664K, 0% used [0x0000000686800000,0x0000000686800000,0x00000006963a0000)
 PSPermGen       total 21248K, used 9676K [0x0000000681600000, 0x0000000682ac0000, 0x0000000686800000)
  object space 21248K, 45% used [0x0000000681600000,0x0000000681f731e0,0x0000000682ac0000)
0.559: [Full GC (System) [PSYoungGen: 1600K->0K(112768K)] [PSOldGen: 0K->1523K(257664K)] 1600K->1523K(370432K) [PSPermGen: 9676K->9676K(21248K)], 0.0248990 secs] [Times: user=0.02 sys=0.00, real=0.03 secs] 
Heap after GC invocations=2 (full 1):
 PSYoungGen      total 112768K, used 0K [0x00000007822b0000, 0x000000078a080000, 0x0000000800000000)
  eden space 96704K, 0% used [0x00000007822b0000,0x00000007822b0000,0x0000000788120000)
  from space 16064K, 0% used [0x0000000788120000,0x0000000788120000,0x00000007890d0000)
  to   space 16064K, 0% used [0x00000007890d0000,0x00000007890d0000,0x000000078a080000)
 PSOldGen        total 257664K, used 1523K [0x0000000686800000, 0x00000006963a0000, 0x00000007822b0000)
  object space 257664K, 0% used [0x0000000686800000,0x000000068697cdd8,0x00000006963a0000)
 PSPermGen       total 21248K, used 9676K [0x0000000681600000, 0x0000000682ac0000, 0x0000000686800000)
  object space 21248K, 45% used [0x0000000681600000,0x0000000681f731e0,0x0000000682ac0000)
}
Total time for which application threads were stopped: 0.0397480 seconds
Application time: 0.0034050 seconds
Total time for which application threads were stopped: 0.0000630 seconds
Application time: 0.6886590 seconds
Total time for which application threads were stopped: 0.0002220 seconds
Application time: 1.0000830 seconds
Total time for which application threads were stopped: 0.0001380 seconds
Application time: 1.7771610 seconds
Total time for which application threads were stopped: 0.0003540 seconds
Application time: 24.4098470 seconds
Total time for which application threads were stopped: 0.0001370 seconds
Application time: 0.0001290 seconds
Total time for which application threads were stopped: 0.0001160 seconds
Application time: 0.0002070 seconds
Total time for which application threads were stopped: 0.0002420 seconds
Application time: 0.0033190 seconds
Total time for which application threads were stopped: 0.0002020 seconds
Application time: 0.0005250 seconds
Total time for which application threads were stopped: 0.0004090 seconds
Application time: 0.0004750 seconds
Total time for which application threads were stopped: 0.0000600 seconds
Application time: 0.0004360 seconds
Total time for which application threads were stopped: 0.0001930 seconds
Application time: 0.0001500 seconds
Total time for which application threads were stopped: 0.0001610 seconds
Application time: 0.0002440 seconds
Total time for which application threads were stopped: 0.0009880 seconds
Application time: 0.0002610 seconds
Total time for which application threads were stopped: 0.0003240 seconds
Application time: 0.0003120 seconds
Total time for which application threads were stopped: 0.0001440 seconds
Application time: 0.0004790 seconds
Total time for which application threads were stopped: 0.0000480 seconds
Application time: 0.0003270 seconds
Total time for which application threads were stopped: 0.0000830 seconds
Application time: 0.0003940 seconds
Total time for which application threads were stopped: 0.0001010 seconds
Application time: 0.0002900 seconds
Total time for which application threads were stopped: 0.0000480 seconds
Application time: 0.0003360 seconds
Total time for which application threads were stopped: 0.0000460 seconds
Application time: 0.0005460 seconds
Total time for which application threads were stopped: 0.0000480 seconds
Application time: 0.0003490 seconds
Total time for which application threads were stopped: 0.0000440 seconds
Application time: 0.0005510 seconds
Total time for which application threads were stopped: 0.0000910 seconds
Application time: 0.0003990 seconds
Total time for which application threads were stopped: 0.0000940 seconds
Application time: 0.0004350 seconds
Total time for which application threads were stopped: 0.0000460 seconds
Application time: 0.0003520 seconds
Total time for which application threads were stopped: 0.0000770 seconds
Application time: 0.0005320 seconds
Total time for which application threads were stopped: 0.0001170 seconds
Application time: 0.0005270 seconds
Total time for which application threads were stopped: 0.0003560 seconds
Application time: 0.0003330 seconds
Total time for which application threads were stopped: 0.0000900 seconds
Application time: 0.0005280 seconds
Total time for which application threads were stopped: 0.0001120 seconds
Application time: 0.0004430 seconds
Total time for which application threads were stopped: 0.0000520 seconds
Application time: 0.0002590 seconds
Total time for which application threads were stopped: 0.0000480 seconds
Application time: 0.0003530 seconds
Total time for which application threads were stopped: 0.0002820 seconds
Application time: 0.0001330 seconds
{Heap before GC invocations=3 (full 1):
 PSYoungGen      total 112768K, used 96704K [0x00000007822b0000, 0x000000078a080000, 0x0000000800000000)
  eden space 96704K, 100% used [0x00000007822b0000,0x0000000788120000,0x0000000788120000)
  from space 16064K, 0% used [0x0000000788120000,0x0000000788120000,0x00000007890d0000)
  to   space 16064K, 0% used [0x00000007890d0000,0x00000007890d0000,0x000000078a080000)
 PSOldGen        total 257664K, used 1523K [0x0000000686800000, 0x00000006963a0000, 0x00000007822b0000)
  object space 257664K, 0% used [0x0000000686800000,0x000000068697cdd8,0x00000006963a0000)
 PSPermGen       total 21248K, used 17114K [0x0000000681600000, 0x0000000682ac0000, 0x0000000686800000)
  object space 21248K, 80% used [0x0000000681600000,0x00000006826b6bc8,0x0000000682ac0000)
28.483: [GC [PSYoungGen: 96704K->4032K(112768K)] 98227K->5555K(370432K), 0.0110970 secs] [Times: user=0.06 sys=0.01, real=0.01 secs] 
Heap after GC invocations=3 (full 1):
 PSYoungGen      total 112768K, used 4032K [0x00000007822b0000, 0x000000078a080000, 0x0000000800000000)
  eden space 96704K, 0% used [0x00000007822b0000,0x00000007822b0000,0x0000000788120000)
  from space 16064K, 25% used [0x00000007890d0000,0x00000007894c0050,0x000000078a080000)
  to   space 16064K, 0% used [0x0000000788120000,0x0000000788120000,0x00000007890d0000)
 PSOldGen        total 257664K, used 1523K [0x0000000686800000, 0x00000006963a0000, 0x00000007822b0000)
  object space 257664K, 0% used [0x0000000686800000,0x000000068697cdd8,0x00000006963a0000)
 PSPermGen       total 21248K, used 17114K [0x0000000681600000, 0x0000000682ac0000, 0x0000000686800000)
  object space 21248K, 80% used [0x0000000681600000,0x00000006826b6bc8,0x0000000682ac0000)
}
Total time for which application threads were stopped: 0.0112790 seconds
Application time: 0.0017300 seconds
Total time for which application threads were stopped: 0.0003290 seconds
Application time: 0.0191210 seconds
Total time for which application threads were stopped: 0.0003390 seconds
Application time: 0.0674680 seconds
Total time for which application threads were stopped: 0.0003200 seconds
Application time: 0.0060150 seconds
Total time for which application threads were stopped: 0.0002150 seconds
Application time: 0.0321960 seconds
Total time for which application threads were stopped: 0.0001520 seconds
Application time: 0.0112880 seconds
Total time for which application threads were stopped: 0.0001790 seconds
Application time: 0.0002880 seconds
Total time for which application threads were stopped: 0.0000850 seconds
Application time: 0.0001300 seconds
Total time for which application threads were stopped: 0.0001470 seconds
Application time: 0.0003240 seconds
Total time for which application threads were stopped: 0.0074490 seconds
Application time: 0.0001540 seconds
Total time for which application threads were stopped: 0.0001130 seconds
Application time: 0.0002430 seconds
Total time for which application threads were stopped: 0.0001320 seconds
Application time: 0.0029320 seconds
Total time for which application threads were stopped: 0.0006370 seconds
Application time: 0.0025700 seconds
Total time for which application threads were stopped: 0.0008370 seconds
Application time: 0.0096010 seconds
Total time for which application threads were stopped: 0.0010970 seconds
Application time: 0.0032650 seconds
Total time for which application threads were stopped: 0.0007400 seconds
Application time: 0.3179030 seconds
{Heap before GC invocations=4 (full 1):
 PSYoungGen      total 112768K, used 100736K [0x00000007822b0000, 0x000000078a080000, 0x0000000800000000)
  eden space 96704K, 100% used [0x00000007822b0000,0x0000000788120000,0x0000000788120000)
  from space 16064K, 25% used [0x00000007890d0000,0x00000007894c0050,0x000000078a080000)
  to   space 16064K, 0% used [0x0000000788120000,0x0000000788120000,0x00000007890d0000)
 PSOldGen        total 257664K, used 1523K [0x0000000686800000, 0x00000006963a0000, 0x00000007822b0000)
  object space 257664K, 0% used [0x0000000686800000,0x000000068697cdd8,0x00000006963a0000)
 PSPermGen       total 21248K, used 19847K [0x0000000681600000, 0x0000000682ac0000, 0x0000000686800000)
  object space 21248K, 93% used [0x0000000681600000,0x0000000682961cc8,0x0000000682ac0000)
28.983: [GC [PSYoungGen: 100736K->16048K(112768K)] 102259K->63930K(370432K), 0.0246620 secs] [Times: user=0.16 sys=0.06, real=0.03 secs] 
Heap after GC invocations=4 (full 1):
 PSYoungGen      total 112768K, used 16048K [0x00000007822b0000, 0x000000078fef0000, 0x0000000800000000)
  eden space 96704K, 0% used [0x00000007822b0000,0x00000007822b0000,0x0000000788120000)
  from space 16064K, 99% used [0x0000000788120000,0x00000007890cc230,0x00000007890d0000)
  to   space 16064K, 0% used [0x000000078ef40000,0x000000078ef40000,0x000000078fef0000)
 PSOldGen        total 257664K, used 47881K [0x0000000686800000, 0x00000006963a0000, 0x00000007822b0000)
  object space 257664K, 18% used [0x0000000686800000,0x00000006896c27d8,0x00000006963a0000)
 PSPermGen       total 21248K, used 19847K [0x0000000681600000, 0x0000000682ac0000, 0x0000000686800000)
  object space 21248K, 93% used [0x0000000681600000,0x0000000682961cc8,0x0000000682ac0000)
}
Total time for which application threads were stopped: 0.0252860 seconds
Application time: 0.0007540 seconds
Total time for which application threads were stopped: 0.0002620 seconds
Application time: 0.0000690 seconds
Total time for which application threads were stopped: 0.0001090 seconds
Application time: 0.0002430 seconds
Total time for which application threads were stopped: 0.0003280 seconds
Application time: 0.0294240 seconds
Total time for which application threads were stopped: 0.0002310 seconds
Application time: 0.0000400 seconds
Total time for which application threads were stopped: 0.0000870 seconds
Application time: 0.0000340 seconds
Total time for which application threads were stopped: 0.0001120 seconds
Application time: 0.0000330 seconds
Total time for which application threads were stopped: 0.0000970 seconds
Application time: 0.0000320 seconds
Total time for which application threads were stopped: 0.0001030 seconds
Application time: 0.0000300 seconds
Total time for which application threads were stopped: 0.0000760 seconds
Application time: 0.0000310 seconds
Total time for which application threads were stopped: 0.0000980 seconds
Application time: 0.0000300 seconds
Total time for which application threads were stopped: 0.0000710 seconds
Application time: 0.0000310 seconds
Total time for which application threads were stopped: 0.0001010 seconds
Application time: 0.0000310 seconds
Total time for which application threads were stopped: 0.0000670 seconds
Application time: 0.0000300 seconds
Total time for which application threads were stopped: 0.0000940 seconds
Application time: 0.0000320 seconds
Total time for which application threads were stopped: 0.0001060 seconds
Application time: 0.0000300 seconds
Total time for which application threads were stopped: 0.0000600 seconds
Application time: 0.0000550 seconds
Total time for which application threads were stopped: 0.0001320 seconds
Application time: 0.0000300 seconds
Total time for which application threads were stopped: 0.0000950 seconds
Application time: 0.0000300 seconds
Total time for which application threads were stopped: 0.0000950 seconds
Application time: 0.0000330 seconds
Total time for which application threads were stopped: 0.0004260 seconds
Application time: 0.0012380 seconds
Total time for which application threads were stopped: 0.0002440 seconds
Application time: 0.0000360 seconds
Total time for which application threads were stopped: 0.0000780 seconds
Application time: 0.0000330 seconds
Total time for which application threads were stopped: 0.0001100 seconds
Application time: 0.0000240 seconds
Total time for which application threads were stopped: 0.0000830 seconds
Application time: 0.0000230 seconds
Total time for which application threads were stopped: 0.0000570 seconds
Application time: 0.0000260 seconds
Total time for which application threads were stopped: 0.0000570 seconds
Application time: 0.0000250 seconds
Total time for which application threads were stopped: 0.0000570 seconds
Application time: 0.0000280 seconds
Total time for which application threads were stopped: 0.0000920 seconds
Application time: 0.0000240 seconds
Total time for which application threads were stopped: 0.0001120 seconds
Application time: 0.0000230 seconds
Total time for which application threads were stopped: 0.0000580 seconds
Application time: 0.0025930 seconds
Total time for which application threads were stopped: 0.0001750 seconds
Application time: 0.0000310 seconds
Total time for which application threads were stopped: 0.0000830 seconds
Application time: 0.0000210 seconds
Total time for which application threads were stopped: 0.0000850 seconds
Application time: 0.0000230 seconds
Total time for which application threads were stopped: 0.0001110 seconds
Application time: 0.0000210 seconds
Total time for which application threads were stopped: 0.0000730 seconds
Application time: 0.0000260 seconds
Total time for which application threads were stopped: 0.0001090 seconds
Application time: 0.0000250 seconds
Total time for which application threads were stopped: 0.0000790 seconds
Application time: 0.0000260 seconds
Total time for which application threads were stopped: 0.0001020 seconds
Application time: 0.0000230 seconds
Total time for which application threads were stopped: 0.0000960 seconds
Application time: 0.0000230 seconds
Total time for which application threads were stopped: 0.0003960 seconds
Application time: 0.0010510 seconds
Total time for which application threads were stopped: 0.0002360 seconds
Application time: 0.0000440 seconds
Total time for which application threads were stopped: 0.0000610 seconds
Application time: 0.0000410 seconds
Total time for which application threads were stopped: 0.0000540 seconds
Application time: 0.0000420 seconds
Total time for which application threads were stopped: 0.0000830 seconds
Application time: 0.4493420 seconds
{Heap before GC invocations=5 (full 1):
 PSYoungGen      total 112768K, used 112752K [0x00000007822b0000, 0x000000078fef0000, 0x0000000800000000)
  eden space 96704K, 100% used [0x00000007822b0000,0x0000000788120000,0x0000000788120000)
  from space 16064K, 99% used [0x0000000788120000,0x00000007890cc230,0x00000007890d0000)
  to   space 16064K, 0% used [0x000000078ef40000,0x000000078ef40000,0x000000078fef0000)
 PSOldGen        total 257664K, used 47881K [0x0000000686800000, 0x00000006963a0000, 0x00000007822b0000)
  object space 257664K, 18% used [0x0000000686800000,0x00000006896c27d8,0x00000006963a0000)
 PSPermGen       total 21248K, used 19999K [0x0000000681600000, 0x0000000682ac0000, 0x0000000686800000)
  object space 21248K, 94% used [0x0000000681600000,0x0000000682987c20,0x0000000682ac0000)
29.500: [GC [PSYoungGen: 112752K->16049K(209472K)] 160634K->122581K(467136K), 0.0243370 secs] [Times: user=0.16 sys=0.04, real=0.03 secs] 
Heap after GC invocations=5 (full 1):
 PSYoungGen      total 209472K, used 16049K [0x00000007822b0000, 0x000000078fef0000, 0x0000000800000000)
  eden space 193408K, 0% used [0x00000007822b0000,0x00000007822b0000,0x000000078df90000)
  from space 16064K, 99% used [0x000000078ef40000,0x000000078feec410,0x000000078fef0000)
  to   space 16064K, 0% used [0x000000078df90000,0x000000078df90000,0x000000078ef40000)
 PSOldGen        total 257664K, used 106532K [0x0000000686800000, 0x00000006963a0000, 0x00000007822b0000)
  object space 257664K, 41% used [0x0000000686800000,0x000000068d009138,0x00000006963a0000)
 PSPermGen       total 21248K, used 19999K [0x0000000681600000, 0x0000000682ac0000, 0x0000000686800000)
  object space 21248K, 94% used [0x0000000681600000,0x0000000682987c20,0x0000000682ac0000)
}
Total time for which application threads were stopped: 0.0248830 seconds
Application time: 0.9197620 seconds
{Heap before GC invocations=6 (full 1):
 PSYoungGen      total 209472K, used 209457K [0x00000007822b0000, 0x000000078fef0000, 0x0000000800000000)
  eden space 193408K, 100% used [0x00000007822b0000,0x000000078df90000,0x000000078df90000)
  from space 16064K, 99% used [0x000000078ef40000,0x000000078feec410,0x000000078fef0000)
  to   space 16064K, 0% used [0x000000078df90000,0x000000078df90000,0x000000078ef40000)
 PSOldGen        total 257664K, used 106532K [0x0000000686800000, 0x00000006963a0000, 0x00000007822b0000)
  object space 257664K, 41% used [0x0000000686800000,0x000000068d009138,0x00000006963a0000)
 PSPermGen       total 21248K, used 20213K [0x0000000681600000, 0x0000000682ac0000, 0x0000000686800000)
  object space 21248K, 95% used [0x0000000681600000,0x00000006829bd540,0x0000000682ac0000)
30.445: [GC [PSYoungGen: 209457K->16064K(209472K)] 315989K->230988K(467136K), 0.0292630 secs] [Times: user=0.26 sys=0.07, real=0.03 secs] 
Heap after GC invocations=6 (full 1):
 PSYoungGen      total 209472K, used 16064K [0x00000007822b0000, 0x000000079bbd0000, 0x0000000800000000)
  eden space 193408K, 0% used [0x00000007822b0000,0x00000007822b0000,0x000000078df90000)
  from space 16064K, 100% used [0x000000078df90000,0x000000078ef40000,0x000000078ef40000)
  to   space 16064K, 0% used [0x000000079ac20000,0x000000079ac20000,0x000000079bbd0000)
 PSOldGen        total 257664K, used 214924K [0x0000000686800000, 0x00000006963a0000, 0x00000007822b0000)
  object space 257664K, 83% used [0x0000000686800000,0x00000006939e3288,0x00000006963a0000)
 PSPermGen       total 21248K, used 20213K [0x0000000681600000, 0x0000000682ac0000, 0x0000000686800000)
  object space 21248K, 95% used [0x0000000681600000,0x00000006829bd540,0x0000000682ac0000)
}
{Heap before GC invocations=7 (full 2):
 PSYoungGen      total 209472K, used 16064K [0x00000007822b0000, 0x000000079bbd0000, 0x0000000800000000)
  eden space 193408K, 0% used [0x00000007822b0000,0x00000007822b0000,0x000000078df90000)
  from space 16064K, 100% used [0x000000078df90000,0x000000078ef40000,0x000000078ef40000)
  to   space 16064K, 0% used [0x000000079ac20000,0x000000079ac20000,0x000000079bbd0000)
 PSOldGen        total 257664K, used 214924K [0x0000000686800000, 0x00000006963a0000, 0x00000007822b0000)
  object space 257664K, 83% used [0x0000000686800000,0x00000006939e3288,0x00000006963a0000)
 PSPermGen       total 21248K, used 20213K [0x0000000681600000, 0x0000000682ac0000, 0x0000000686800000)
  object space 21248K, 95% used [0x0000000681600000,0x00000006829bd540,0x0000000682ac0000)
30.474: [Full GC [PSYoungGen: 16064K->0K(209472K)] [PSOldGen: 214924K->227628K(459008K)] 230988K->227628K(668480K) [PSPermGen: 20213K->20213K(31488K)], 0.1675780 secs] [Times: user=0.15 sys=0.01, real=0.16 secs] 
Heap after GC invocations=7 (full 2):
 PSYoungGen      total 209472K, used 0K [0x00000007822b0000, 0x000000079bbd0000, 0x0000000800000000)
  eden space 193408K, 0% used [0x00000007822b0000,0x00000007822b0000,0x000000078df90000)
  from space 16064K, 0% used [0x000000078df90000,0x000000078df90000,0x000000078ef40000)
  to   space 16064K, 0% used [0x000000079ac20000,0x000000079ac20000,0x000000079bbd0000)
 PSOldGen        total 459008K, used 227628K [0x0000000686800000, 0x00000006a2840000, 0x00000007822b0000)
  object space 459008K, 49% used [0x0000000686800000,0x000000069464b138,0x00000006a2840000)
 PSPermGen       total 31488K, used 20213K [0x0000000681600000, 0x00000006834c0000, 0x0000000686800000)
  object space 31488K, 64% used [0x0000000681600000,0x00000006829bd540,0x00000006834c0000)
}
Total time for which application threads were stopped: 0.1976490 seconds
Application time: 0.6796300 seconds
{Heap before GC invocations=8 (full 2):
 PSYoungGen      total 209472K, used 193408K [0x00000007822b0000, 0x000000079bbd0000, 0x0000000800000000)
  eden space 193408K, 100% used [0x00000007822b0000,0x000000078df90000,0x000000078df90000)
  from space 16064K, 0% used [0x000000078df90000,0x000000078df90000,0x000000078ef40000)
  to   space 16064K, 0% used [0x000000079ac20000,0x000000079ac20000,0x000000079bbd0000)
 PSOldGen        total 459008K, used 227628K [0x0000000686800000, 0x00000006a2840000, 0x00000007822b0000)
  object space 459008K, 49% used [0x0000000686800000,0x000000069464b138,0x00000006a2840000)
 PSPermGen       total 31488K, used 20357K [0x0000000681600000, 0x00000006834c0000, 0x0000000686800000)
  object space 31488K, 64% used [0x0000000681600000,0x00000006829e14c8,0x00000006834c0000)
31.322: [GC [PSYoungGen: 193408K->16059K(266496K)] 421036K->321720K(725504K), 0.0225620 secs] [Times: user=0.15 sys=0.07, real=0.03 secs] 
Heap after GC invocations=8 (full 2):
 PSYoungGen      total 266496K, used 16059K [0x00000007822b0000, 0x00000007aa8a0000, 0x0000000800000000)
  eden space 250432K, 0% used [0x00000007822b0000,0x00000007822b0000,0x0000000791740000)
  from space 16064K, 99% used [0x000000079ac20000,0x000000079bbcedb0,0x000000079bbd0000)
  to   space 152448K, 0% used [0x0000000791740000,0x0000000791740000,0x000000079ac20000)
 PSOldGen        total 459008K, used 305661K [0x0000000686800000, 0x00000006a2840000, 0x00000007822b0000)
  object space 459008K, 66% used [0x0000000686800000,0x000000069927f5e0,0x00000006a2840000)
 PSPermGen       total 31488K, used 20357K [0x0000000681600000, 0x00000006834c0000, 0x0000000686800000)
  object space 31488K, 64% used [0x0000000681600000,0x00000006829e14c8,0x00000006834c0000)
}
Total time for which application threads were stopped: 0.0234760 seconds
Application time: 0.6653400 seconds
{Heap before GC invocations=9 (full 2):
 PSYoungGen      total 266496K, used 266491K [0x00000007822b0000, 0x00000007aa8a0000, 0x0000000800000000)
  eden space 250432K, 100% used [0x00000007822b0000,0x0000000791740000,0x0000000791740000)
  from space 16064K, 99% used [0x000000079ac20000,0x000000079bbcedb0,0x000000079bbd0000)
  to   space 152448K, 0% used [0x0000000791740000,0x0000000791740000,0x000000079ac20000)
 PSOldGen        total 459008K, used 305661K [0x0000000686800000, 0x00000006a2840000, 0x00000007822b0000)
  object space 459008K, 66% used [0x0000000686800000,0x000000069927f5e0,0x00000006a2840000)
 PSPermGen       total 31488K, used 20553K [0x0000000681600000, 0x00000006834c0000, 0x0000000686800000)
  object space 31488K, 65% used [0x0000000681600000,0x0000000682a126b8,0x00000006834c0000)
32.011: [GC [PSYoungGen: 266491K->103260K(402880K)] 572152K->408922K(861888K), 0.0451420 secs] [Times: user=0.31 sys=0.11, real=0.05 secs] 
Heap after GC invocations=9 (full 2):
 PSYoungGen      total 402880K, used 103260K [0x00000007822b0000, 0x00000007b27a0000, 0x0000000800000000)
  eden space 250432K, 0% used [0x00000007822b0000,0x00000007822b0000,0x0000000791740000)
  from space 152448K, 67% used [0x0000000791740000,0x0000000797c17290,0x000000079ac20000)
  to   space 161216K, 0% used [0x00000007a8a30000,0x00000007a8a30000,0x00000007b27a0000)
 PSOldGen        total 459008K, used 305661K [0x0000000686800000, 0x00000006a2840000, 0x00000007822b0000)
  object space 459008K, 66% used [0x0000000686800000,0x000000069927f5e0,0x00000006a2840000)
 PSPermGen       total 31488K, used 20553K [0x0000000681600000, 0x00000006834c0000, 0x0000000686800000)
  object space 31488K, 65% used [0x0000000681600000,0x0000000682a126b8,0x00000006834c0000)
}
Total time for which application threads were stopped: 0.0462560 seconds
Application time: 0.7722380 seconds
{Heap before GC invocations=10 (full 2):
 PSYoungGen      total 402880K, used 353692K [0x00000007822b0000, 0x00000007b27a0000, 0x0000000800000000)
  eden space 250432K, 100% used [0x00000007822b0000,0x0000000791740000,0x0000000791740000)
  from space 152448K, 67% used [0x0000000791740000,0x0000000797c17290,0x000000079ac20000)
  to   space 161216K, 0% used [0x00000007a8a30000,0x00000007a8a30000,0x00000007b27a0000)
 PSOldGen        total 459008K, used 305661K [0x0000000686800000, 0x00000006a2840000, 0x00000007822b0000)
  object space 459008K, 66% used [0x0000000686800000,0x000000069927f5e0,0x00000006a2840000)
 PSPermGen       total 31488K, used 20613K [0x0000000681600000, 0x00000006834c0000, 0x0000000686800000)
  object space 31488K, 65% used [0x0000000681600000,0x0000000682a214a8,0x00000006834c0000)
32.829: [GC [PSYoungGen: 353692K->140639K(609024K)] 659354K->446300K(1068032K), 0.0623830 secs] [Times: user=0.36 sys=0.13, real=0.06 secs] 
Heap after GC invocations=10 (full 2):
 PSYoungGen      total 609024K, used 140639K [0x00000007822b0000, 0x00000007b5680000, 0x0000000800000000)
  eden space 447808K, 0% used [0x00000007822b0000,0x00000007822b0000,0x000000079d800000)
  from space 161216K, 87% used [0x00000007a8a30000,0x00000007b1387c70,0x00000007b27a0000)
  to   space 182464K, 0% used [0x000000079d800000,0x000000079d800000,0x00000007a8a30000)
 PSOldGen        total 459008K, used 305661K [0x0000000686800000, 0x00000006a2840000, 0x00000007822b0000)
  object space 459008K, 66% used [0x0000000686800000,0x000000069927f5e0,0x00000006a2840000)
 PSPermGen       total 31488K, used 20613K [0x0000000681600000, 0x00000006834c0000, 0x0000000686800000)
  object space 31488K, 65% used [0x0000000681600000,0x0000000682a214a8,0x00000006834c0000)
}
Total time for which application threads were stopped: 0.0630510 seconds
Application time: 0.5623210 seconds
Total time for which application threads were stopped: 0.0016550 seconds
Application time: 0.0001020 seconds
Total time for which application threads were stopped: 0.0000670 seconds
Application time: 0.0171370 seconds
Total time for which application threads were stopped: 0.0009500 seconds
Application time: 0.0000850 seconds
Total time for which application threads were stopped: 0.0001570 seconds
Application time: 0.0001370 seconds
Total time for which application threads were stopped: 0.0001190 seconds
Application time: 0.0001060 seconds
Total time for which application threads were stopped: 0.0001080 seconds
Application time: 0.0000900 seconds
Total time for which application threads were stopped: 0.0001650 seconds
Application time: 0.0003310 seconds
Total time for which application threads were stopped: 0.0001410 seconds
Application time: 0.0003890 seconds
Total time for which application threads were stopped: 0.0003110 seconds
Application time: 0.0007420 seconds
Total time for which application threads were stopped: 0.0001180 seconds
Application time: 0.0000950 seconds
Total time for which application threads were stopped: 0.0001280 seconds
Application time: 0.0000730 seconds
Total time for which application threads were stopped: 0.0001250 seconds
Application time: 0.0001030 seconds
Total time for which application threads were stopped: 0.0001230 seconds
Application time: 0.0001110 seconds
Total time for which application threads were stopped: 0.0001290 seconds
Application time: 0.0002240 seconds
Total time for which application threads were stopped: 0.0001370 seconds
Application time: 0.0010760 seconds
Total time for which application threads were stopped: 0.0001100 seconds
Application time: 0.0001100 seconds
Total time for which application threads were stopped: 0.0002030 seconds
Application time: 0.0024540 seconds
Total time for which application threads were stopped: 0.0009050 seconds
Application time: 0.0006940 seconds
Total time for which application threads were stopped: 0.0002940 seconds
Application time: 0.0001030 seconds
Total time for which application threads were stopped: 0.0009670 seconds
Application time: 0.9240240 seconds
{Heap before GC invocations=11 (full 2):
 PSYoungGen      total 609024K, used 588447K [0x00000007822b0000, 0x00000007b5680000, 0x0000000800000000)
  eden space 447808K, 100% used [0x00000007822b0000,0x000000079d800000,0x000000079d800000)
  from space 161216K, 87% used [0x00000007a8a30000,0x00000007b1387c70,0x00000007b27a0000)
  to   space 182464K, 0% used [0x000000079d800000,0x000000079d800000,0x00000007a8a30000)
 PSOldGen        total 459008K, used 305661K [0x0000000686800000, 0x00000006a2840000, 0x00000007822b0000)
  object space 459008K, 66% used [0x0000000686800000,0x000000069927f5e0,0x00000006a2840000)
 PSPermGen       total 31488K, used 20642K [0x0000000681600000, 0x00000006834c0000, 0x0000000686800000)
  object space 31488K, 65% used [0x0000000681600000,0x0000000682a28be0,0x00000006834c0000)
34.410: [GC [PSYoungGen: 588447K->124397K(630272K)] 894108K->430058K(1089280K), 0.1112010 secs] [Times: user=0.63 sys=0.13, real=0.11 secs] 
Heap after GC invocations=11 (full 2):
 PSYoungGen      total 630272K, used 124397K [0x00000007822b0000, 0x00000007cd7b0000, 0x0000000800000000)
  eden space 447808K, 0% used [0x00000007822b0000,0x00000007822b0000,0x000000079d800000)
  from space 182464K, 68% used [0x000000079d800000,0x00000007a517b610,0x00000007a8a30000)
  to   space 190592K, 0% used [0x00000007c1d90000,0x00000007c1d90000,0x00000007cd7b0000)
 PSOldGen        total 459008K, used 305661K [0x0000000686800000, 0x00000006a2840000, 0x00000007822b0000)
  object space 459008K, 66% used [0x0000000686800000,0x000000069927f5e0,0x00000006a2840000)
 PSPermGen       total 31488K, used 20642K [0x0000000681600000, 0x00000006834c0000, 0x0000000686800000)
  object space 31488K, 65% used [0x0000000681600000,0x0000000682a28be0,0x00000006834c0000)
}
Total time for which application threads were stopped: 0.1119120 seconds
Application time: 2.0001460 seconds
Total time for which application threads were stopped: 0.0004860 seconds
Application time: 1.4086050 seconds
{Heap before GC invocations=12 (full 2):
 PSYoungGen      total 630272K, used 572205K [0x00000007822b0000, 0x00000007cd7b0000, 0x0000000800000000)
  eden space 447808K, 100% used [0x00000007822b0000,0x000000079d800000,0x000000079d800000)
  from space 182464K, 68% used [0x000000079d800000,0x00000007a517b610,0x00000007a8a30000)
  to   space 190592K, 0% used [0x00000007c1d90000,0x00000007c1d90000,0x00000007cd7b0000)
 PSOldGen        total 459008K, used 305661K [0x0000000686800000, 0x00000006a2840000, 0x00000007822b0000)
  object space 459008K, 66% used [0x0000000686800000,0x000000069927f5e0,0x00000006a2840000)
 PSPermGen       total 31488K, used 20653K [0x0000000681600000, 0x00000006834c0000, 0x0000000686800000)
  object space 31488K, 65% used [0x0000000681600000,0x0000000682a2b548,0x00000006834c0000)
37.931: [GC [PSYoungGen: 572205K->15944K(713984K)] 877866K->406413K(1172992K), 0.1074260 secs] [Times: user=0.57 sys=0.15, real=0.11 secs] 
Heap after GC invocations=12 (full 2):
 PSYoungGen      total 713984K, used 15944K [0x00000007822b0000, 0x00000007c36d0000, 0x0000000800000000)
  eden space 688128K, 0% used [0x00000007822b0000,0x00000007822b0000,0x00000007ac2b0000)
  from space 25856K, 61% used [0x00000007c1d90000,0x00000007c2d223a0,0x00000007c36d0000)
  to   space 190528K, 0% used [0x00000007ac2b0000,0x00000007ac2b0000,0x00000007b7cc0000)
 PSOldGen        total 459008K, used 390468K [0x0000000686800000, 0x00000006a2840000, 0x00000007822b0000)
  object space 459008K, 85% used [0x0000000686800000,0x000000069e551090,0x00000006a2840000)
 PSPermGen       total 31488K, used 20653K [0x0000000681600000, 0x00000006834c0000, 0x0000000686800000)
  object space 31488K, 65% used [0x0000000681600000,0x0000000682a2b548,0x00000006834c0000)
}
{Heap before GC invocations=13 (full 3):
 PSYoungGen      total 713984K, used 15944K [0x00000007822b0000, 0x00000007c36d0000, 0x0000000800000000)
  eden space 688128K, 0% used [0x00000007822b0000,0x00000007822b0000,0x00000007ac2b0000)
  from space 25856K, 61% used [0x00000007c1d90000,0x00000007c2d223a0,0x00000007c36d0000)
  to   space 190528K, 0% used [0x00000007ac2b0000,0x00000007ac2b0000,0x00000007b7cc0000)
 PSOldGen        total 459008K, used 390468K [0x0000000686800000, 0x00000006a2840000, 0x00000007822b0000)
  object space 459008K, 85% used [0x0000000686800000,0x000000069e551090,0x00000006a2840000)
 PSPermGen       total 31488K, used 20653K [0x0000000681600000, 0x00000006834c0000, 0x0000000686800000)
  object space 31488K, 65% used [0x0000000681600000,0x0000000682a2b548,0x00000006834c0000)
38.039: [Full GC [PSYoungGen: 15944K->0K(713984K)] [PSOldGen: 390468K->69743K(329152K)] 406413K->69743K(1043136K) [PSPermGen: 20653K->20653K(34688K)], 0.1649480 secs] [Times: user=0.15 sys=0.01, real=0.17 secs] 
Heap after GC invocations=13 (full 3):
 PSYoungGen      total 713984K, used 0K [0x00000007822b0000, 0x00000007c36d0000, 0x0000000800000000)
  eden space 688128K, 0% used [0x00000007822b0000,0x00000007822b0000,0x00000007ac2b0000)
  from space 25856K, 0% used [0x00000007c1d90000,0x00000007c1d90000,0x00000007c36d0000)
  to   space 190528K, 0% used [0x00000007ac2b0000,0x00000007ac2b0000,0x00000007b7cc0000)
 PSOldGen        total 329152K, used 69743K [0x0000000686800000, 0x000000069a970000, 0x00000007822b0000)
  object space 329152K, 21% used [0x0000000686800000,0x000000068ac1bfc8,0x000000069a970000)
 PSPermGen       total 34688K, used 20653K [0x0000000681600000, 0x00000006837e0000, 0x0000000686800000)
  object space 34688K, 59% used [0x0000000681600000,0x0000000682a2b548,0x00000006837e0000)
}
Total time for which application threads were stopped: 0.2731540 seconds
Application time: 2.7337280 seconds
Total time for which application threads were stopped: 0.0004650 seconds
Application time: 0.0019620 seconds
Total time for which application threads were stopped: 0.0001230 seconds
Application time: 0.0034270 seconds
Total time for which application threads were stopped: 0.0000880 seconds
Application time: 0.1057420 seconds
{Heap before GC invocations=14 (full 3):
 PSYoungGen      total 713984K, used 688128K [0x00000007822b0000, 0x00000007c36d0000, 0x0000000800000000)
  eden space 688128K, 100% used [0x00000007822b0000,0x00000007ac2b0000,0x00000007ac2b0000)
  from space 25856K, 0% used [0x00000007c1d90000,0x00000007c1d90000,0x00000007c36d0000)
  to   space 190528K, 0% used [0x00000007ac2b0000,0x00000007ac2b0000,0x00000007b7cc0000)
 PSOldGen        total 329152K, used 69743K [0x0000000686800000, 0x000000069a970000, 0x00000007822b0000)
  object space 329152K, 21% used [0x0000000686800000,0x000000068ac1bfc8,0x000000069a970000)
 PSPermGen       total 34688K, used 20665K [0x0000000681600000, 0x00000006837e0000, 0x0000000686800000)
  object space 34688K, 59% used [0x0000000681600000,0x0000000682a2e6b0,0x00000006837e0000)
41.050: [GC [PSYoungGen: 688128K->26388K(878656K)] 757871K->96132K(1207808K), 0.1620060 secs] [Times: user=1.04 sys=0.01, real=0.16 secs] 
Heap after GC invocations=14 (full 3):
 PSYoungGen      total 878656K, used 26388K [0x00000007822b0000, 0x00000007d6ac0000, 0x0000000800000000)
  eden space 688128K, 0% used [0x00000007822b0000,0x00000007822b0000,0x00000007ac2b0000)
  from space 190528K, 13% used [0x00000007ac2b0000,0x00000007adc752c0,0x00000007b7cc0000)
  to   space 186944K, 0% used [0x00000007cb430000,0x00000007cb430000,0x00000007d6ac0000)
 PSOldGen        total 329152K, used 69743K [0x0000000686800000, 0x000000069a970000, 0x00000007822b0000)
  object space 329152K, 21% used [0x0000000686800000,0x000000068ac1bfc8,0x000000069a970000)
 PSPermGen       total 34688K, used 20665K [0x0000000681600000, 0x00000006837e0000, 0x0000000686800000)
  object space 34688K, 59% used [0x0000000681600000,0x0000000682a2e6b0,0x00000006837e0000)
}
Total time for which application threads were stopped: 0.1625060 seconds
Application time: 3.0001960 seconds
Total time for which application threads were stopped: 0.0003090 seconds
Application time: 1.9326880 seconds
{Heap before GC invocations=15 (full 3):
 PSYoungGen      total 878656K, used 714516K [0x00000007822b0000, 0x00000007d6ac0000, 0x0000000800000000)
  eden space 688128K, 100% used [0x00000007822b0000,0x00000007ac2b0000,0x00000007ac2b0000)
  from space 190528K, 13% used [0x00000007ac2b0000,0x00000007adc752c0,0x00000007b7cc0000)
  to   space 186944K, 0% used [0x00000007cb430000,0x00000007cb430000,0x00000007d6ac0000)
 PSOldGen        total 329152K, used 69743K [0x0000000686800000, 0x000000069a970000, 0x00000007822b0000)
  object space 329152K, 21% used [0x0000000686800000,0x000000068ac1bfc8,0x000000069a970000)
 PSPermGen       total 34688K, used 20667K [0x0000000681600000, 0x00000006837e0000, 0x0000000686800000)
  object space 34688K, 59% used [0x0000000681600000,0x0000000682a2ed08,0x00000006837e0000)
46.146: [GC [PSYoungGen: 714516K->20160K(1178112K)] 784260K->95973K(1507264K), 0.1633690 secs] [Times: user=1.05 sys=0.01, real=0.16 secs] 
Heap after GC invocations=15 (full 3):
 PSYoungGen      total 1178112K, used 20160K [0x00000007822b0000, 0x00000007d5de0000, 0x0000000800000000)
  eden space 1004352K, 0% used [0x00000007822b0000,0x00000007822b0000,0x00000007bf780000)
  from space 173760K, 11% used [0x00000007cb430000,0x00000007cc7e0000,0x00000007d5de0000)
  to   space 183488K, 0% used [0x00000007bf780000,0x00000007bf780000,0x00000007caab0000)
 PSOldGen        total 329152K, used 75813K [0x0000000686800000, 0x000000069a970000, 0x00000007822b0000)
  object space 329152K, 23% used [0x0000000686800000,0x000000068b209768,0x000000069a970000)
 PSPermGen       total 34688K, used 20667K [0x0000000681600000, 0x00000006837e0000, 0x0000000686800000)
  object space 34688K, 59% used [0x0000000681600000,0x0000000682a2ed08,0x00000006837e0000)
}
Total time for which application threads were stopped: 0.1639090 seconds
Application time: 0.6139250 seconds
Total time for which application threads were stopped: 0.0003510 seconds
Application time: 0.0117470 seconds
Total time for which application threads were stopped: 0.0002270 seconds
Application time: 0.0057240 seconds
Total time for which application threads were stopped: 0.0001670 seconds
Application time: 0.0013400 seconds
Total time for which application threads were stopped: 0.0001830 seconds
Application time: 0.0431670 seconds
Total time for which application threads were stopped: 0.0002520 seconds
Application time: 0.0289110 seconds
Total time for which application threads were stopped: 0.0002710 seconds
Application time: 0.7612480 seconds
Total time for which application threads were stopped: 0.0002810 seconds
Application time: 0.0002330 seconds
Total time for which application threads were stopped: 0.0059700 seconds
Application time: 0.0022960 seconds
Total time for which application threads were stopped: 0.0002380 seconds
Application time: 0.0014150 seconds
Total time for which application threads were stopped: 0.0003220 seconds
Application time: 0.0015620 seconds
Total time for which application threads were stopped: 0.0001860 seconds
Application time: 0.0010050 seconds
Total time for which application threads were stopped: 0.0002420 seconds
Application time: 0.0025220 seconds
Total time for which application threads were stopped: 0.0002350 seconds
Application time: 0.0011080 seconds
Total time for which application threads were stopped: 0.0001870 seconds
Application time: 0.0000970 seconds
Total time for which application threads were stopped: 0.0002050 seconds
Application time: 0.0001020 seconds
Total time for which application threads were stopped: 0.0001680 seconds
Application time: 0.0045190 seconds
Total time for which application threads were stopped: 0.0006470 seconds
Application time: 4.2774560 seconds
{Heap before GC invocations=16 (full 3):
 PSYoungGen      total 1178112K, used 1024512K [0x00000007822b0000, 0x00000007d5de0000, 0x0000000800000000)
  eden space 1004352K, 100% used [0x00000007822b0000,0x00000007bf780000,0x00000007bf780000)
  from space 173760K, 11% used [0x00000007cb430000,0x00000007cc7e0000,0x00000007d5de0000)
  to   space 183488K, 0% used [0x00000007bf780000,0x00000007bf780000,0x00000007caab0000)
 PSOldGen        total 329152K, used 75813K [0x0000000686800000, 0x000000069a970000, 0x00000007822b0000)
  object space 329152K, 23% used [0x0000000686800000,0x000000068b209768,0x000000069a970000)
 PSPermGen       total 34688K, used 20685K [0x0000000681600000, 0x00000006837e0000, 0x0000000686800000)
  object space 34688K, 59% used [0x0000000681600000,0x0000000682a33730,0x00000006837e0000)
52.078: [GC [PSYoungGen: 1024512K->36735K(1187840K)] 1100325K->112580K(1516992K), 0.2372060 secs] [Times: user=1.37 sys=0.02, real=0.24 secs] 
Heap after GC invocations=16 (full 3):
 PSYoungGen      total 1187840K, used 36735K [0x00000007822b0000, 0x00000007f0fa0000, 0x0000000800000000)
  eden space 1004352K, 0% used [0x00000007822b0000,0x00000007822b0000,0x00000007bf780000)
  from space 183488K, 20% used [0x00000007bf780000,0x00000007c1b5fc00,0x00000007caab0000)
  to   space 176256K, 0% used [0x00000007e6380000,0x00000007e6380000,0x00000007f0fa0000)
 PSOldGen        total 329152K, used 75845K [0x0000000686800000, 0x000000069a970000, 0x00000007822b0000)
  object space 329152K, 23% used [0x0000000686800000,0x000000068b211768,0x000000069a970000)
 PSPermGen       total 34688K, used 20685K [0x0000000681600000, 0x00000006837e0000, 0x0000000686800000)
  object space 34688K, 59% used [0x0000000681600000,0x0000000682a33730,0x00000006837e0000)
}
Total time for which application threads were stopped: 0.2377150 seconds
Application time: 5.7536360 seconds
{Heap before GC invocations=17 (full 3):
 PSYoungGen      total 1187840K, used 1041087K [0x00000007822b0000, 0x00000007f0fa0000, 0x0000000800000000)
  eden space 1004352K, 100% used [0x00000007822b0000,0x00000007bf780000,0x00000007bf780000)
  from space 183488K, 20% used [0x00000007bf780000,0x00000007c1b5fc00,0x00000007caab0000)
  to   space 176256K, 0% used [0x00000007e6380000,0x00000007e6380000,0x00000007f0fa0000)
 PSOldGen        total 329152K, used 75845K [0x0000000686800000, 0x000000069a970000, 0x00000007822b0000)
  object space 329152K, 23% used [0x0000000686800000,0x000000068b211768,0x000000069a970000)
 PSPermGen       total 34688K, used 20713K [0x0000000681600000, 0x00000006837e0000, 0x0000000686800000)
  object space 34688K, 59% used [0x0000000681600000,0x0000000682a3a750,0x00000006837e0000)
58.070: [GC [PSYoungGen: 1041087K->41182K(1619008K)] 1116932K->120597K(1948160K), 0.2372490 secs] [Times: user=1.44 sys=0.06, real=0.24 secs] 
Heap after GC invocations=17 (full 3):
 PSYoungGen      total 1619008K, used 41182K [0x00000007822b0000, 0x00000007efdf0000, 0x0000000800000000)
  eden space 1460864K, 0% used [0x00000007822b0000,0x00000007822b0000,0x00000007db550000)
  from space 158144K, 26% used [0x00000007e6380000,0x00000007e8bb78b0,0x00000007efdf0000)
  to   space 168256K, 0% used [0x00000007db550000,0x00000007db550000,0x00000007e59a0000)
 PSOldGen        total 329152K, used 79414K [0x0000000686800000, 0x000000069a970000, 0x00000007822b0000)
  object space 329152K, 24% used [0x0000000686800000,0x000000068b58db98,0x000000069a970000)
 PSPermGen       total 34688K, used 20713K [0x0000000681600000, 0x00000006837e0000, 0x0000000686800000)
  object space 34688K, 59% used [0x0000000681600000,0x0000000682a3a750,0x00000006837e0000)
}
Total time for which application threads were stopped: 0.2378110 seconds
Application time: 185.0129990 seconds
Total time for which application threads were stopped: 0.0005860 seconds
Application time: 2.2449120 seconds
{Heap before GC invocations=18 (full 3):
 PSYoungGen      total 1619008K, used 1502046K [0x00000007822b0000, 0x00000007efdf0000, 0x0000000800000000)
  eden space 1460864K, 100% used [0x00000007822b0000,0x00000007db550000,0x00000007db550000)
  from space 158144K, 26% used [0x00000007e6380000,0x00000007e8bb78b0,0x00000007efdf0000)
  to   space 168256K, 0% used [0x00000007db550000,0x00000007db550000,0x00000007e59a0000)
 PSOldGen        total 329152K, used 79414K [0x0000000686800000, 0x000000069a970000, 0x00000007822b0000)
  object space 329152K, 24% used [0x0000000686800000,0x000000068b58db98,0x000000069a970000)
 PSPermGen       total 34688K, used 20821K [0x0000000681600000, 0x00000006837e0000, 0x0000000686800000)
  object space 34688K, 60% used [0x0000000681600000,0x0000000682a55758,0x00000006837e0000)
245.566: [GC [PSYoungGen: 1502046K->83360K(1629120K)] 1581461K->168076K(1958272K), 0.3296550 secs] [Times: user=2.04 sys=0.05, real=0.33 secs] 
Heap after GC invocations=18 (full 3):
 PSYoungGen      total 1629120K, used 83360K [0x00000007822b0000, 0x0000000800000000, 0x0000000800000000)
  eden space 1460864K, 0% used [0x00000007822b0000,0x00000007822b0000,0x00000007db550000)
  from space 168256K, 49% used [0x00000007db550000,0x00000007e06b8250,0x00000007e59a0000)
  to   space 166208K, 0% used [0x00000007f5db0000,0x00000007f5db0000,0x0000000800000000)
 PSOldGen        total 329152K, used 84715K [0x0000000686800000, 0x000000069a970000, 0x00000007822b0000)
  object space 329152K, 25% used [0x0000000686800000,0x000000068babafa8,0x000000069a970000)
 PSPermGen       total 34688K, used 20821K [0x0000000681600000, 0x00000006837e0000, 0x0000000686800000)
  object space 34688K, 60% used [0x0000000681600000,0x0000000682a55758,0x00000006837e0000)
}
Total time for which application threads were stopped: 0.3301460 seconds
Application time: 1.0001140 seconds
Total time for which application threads were stopped: 0.0002620 seconds
Application time: 5.8057910 seconds
{Heap before GC invocations=19 (full 3):
 PSYoungGen      total 1629120K, used 1544224K [0x00000007822b0000, 0x0000000800000000, 0x0000000800000000)
  eden space 1460864K, 100% used [0x00000007822b0000,0x00000007db550000,0x00000007db550000)
  from space 168256K, 49% used [0x00000007db550000,0x00000007e06b8250,0x00000007e59a0000)
  to   space 166208K, 0% used [0x00000007f5db0000,0x00000007f5db0000,0x0000000800000000)
 PSOldGen        total 329152K, used 84715K [0x0000000686800000, 0x000000069a970000, 0x00000007822b0000)
  object space 329152K, 25% used [0x0000000686800000,0x000000068babafa8,0x000000069a970000)
 PSPermGen       total 34688K, used 21031K [0x0000000681600000, 0x00000006837e0000, 0x0000000686800000)
  object space 34688K, 60% used [0x0000000681600000,0x0000000682a89ed8,0x00000006837e0000)
252.702: [GC [PSYoungGen: 1544224K->125962K(1868928K)] 1628940K->220339K(2198080K), 0.3144550 secs] [Times: user=1.88 sys=0.12, real=0.32 secs] 
Heap after GC invocations=19 (full 3):
 PSYoungGen      total 1868928K, used 125962K [0x00000007822b0000, 0x0000000800000000, 0x0000000800000000)
  eden space 1702720K, 0% used [0x00000007822b0000,0x00000007822b0000,0x00000007ea180000)
  from space 166208K, 75% used [0x00000007f5db0000,0x00000007fd8b2930,0x0000000800000000)
  to   space 179456K, 0% used [0x00000007ea180000,0x00000007ea180000,0x00000007f50c0000)
 PSOldGen        total 329152K, used 94377K [0x0000000686800000, 0x000000069a970000, 0x00000007822b0000)
  object space 329152K, 28% used [0x0000000686800000,0x000000068c42a468,0x000000069a970000)
 PSPermGen       total 34688K, used 21031K [0x0000000681600000, 0x00000006837e0000, 0x0000000686800000)
  object space 34688K, 60% used [0x0000000681600000,0x0000000682a89ed8,0x00000006837e0000)
}
Total time for which application threads were stopped: 0.3150350 seconds
Application time: 10.5831280 seconds
{Heap before GC invocations=20 (full 3):
 PSYoungGen      total 1868928K, used 1828682K [0x00000007822b0000, 0x0000000800000000, 0x0000000800000000)
  eden space 1702720K, 100% used [0x00000007822b0000,0x00000007ea180000,0x00000007ea180000)
  from space 166208K, 75% used [0x00000007f5db0000,0x00000007fd8b2930,0x0000000800000000)
  to   space 179456K, 0% used [0x00000007ea180000,0x00000007ea180000,0x00000007f50c0000)
 PSOldGen        total 329152K, used 94377K [0x0000000686800000, 0x000000069a970000, 0x00000007822b0000)
  object space 329152K, 28% used [0x0000000686800000,0x000000068c42a468,0x000000069a970000)
 PSPermGen       total 34688K, used 21372K [0x0000000681600000, 0x00000006837e0000, 0x0000000686800000)
  object space 34688K, 61% used [0x0000000681600000,0x0000000682adf3e8,0x00000006837e0000)
263.601: [GC [PSYoungGen: 1828682K->136169K(1838912K)] 1923059K->235445K(2168064K), 0.3568390 secs] [Times: user=2.13 sys=0.16, real=0.36 secs] 
Heap after GC invocations=20 (full 3):
 PSYoungGen      total 1838912K, used 136169K [0x00000007822b0000, 0x0000000800000000, 0x0000000800000000)
  eden space 1702720K, 0% used [0x00000007822b0000,0x00000007822b0000,0x00000007ea180000)
  from space 136192K, 99% used [0x00000007ea180000,0x00000007f267a710,0x00000007f2680000)
  to   space 193472K, 0% used [0x00000007f4310000,0x00000007f4310000,0x0000000800000000)
 PSOldGen        total 329152K, used 99276K [0x0000000686800000, 0x000000069a970000, 0x00000007822b0000)
  object space 329152K, 30% used [0x0000000686800000,0x000000068c8f3008,0x000000069a970000)
 PSPermGen       total 34688K, used 21372K [0x0000000681600000, 0x00000006837e0000, 0x0000000686800000)
  object space 34688K, 61% used [0x0000000681600000,0x0000000682adf3e8,0x00000006837e0000)
}
Total time for which application threads were stopped: 0.3575220 seconds
Application time: 7.0005350 seconds
Total time for which application threads were stopped: 0.0005730 seconds
Application time: 0.4596330 seconds
{Heap before GC invocations=21 (full 3):
 PSYoungGen      total 1838912K, used 1838889K [0x00000007822b0000, 0x0000000800000000, 0x0000000800000000)
  eden space 1702720K, 100% used [0x00000007822b0000,0x00000007ea180000,0x00000007ea180000)
  from space 136192K, 99% used [0x00000007ea180000,0x00000007f267a710,0x00000007f2680000)
  to   space 193472K, 0% used [0x00000007f4310000,0x00000007f4310000,0x0000000800000000)
 PSOldGen        total 329152K, used 99276K [0x0000000686800000, 0x000000069a970000, 0x00000007822b0000)
  object space 329152K, 30% used [0x0000000686800000,0x000000068c8f3008,0x000000069a970000)
 PSPermGen       total 34688K, used 21896K [0x0000000681600000, 0x00000006837e0000, 0x0000000686800000)
  object space 34688K, 63% used [0x0000000681600000,0x0000000682b620c8,0x00000006837e0000)
271.419: [GC [PSYoungGen: 1838889K->193460K(1751040K)] 1938165K->364463K(2080192K), 0.3631550 secs] [Times: user=4.29 sys=0.08, real=0.36 secs] 
Heap after GC invocations=21 (full 3):
 PSYoungGen      total 1751040K, used 193460K [0x00000007822b0000, 0x0000000800000000, 0x0000000800000000)
  eden space 1557568K, 0% used [0x00000007822b0000,0x00000007822b0000,0x00000007e13c0000)
  from space 193472K, 99% used [0x00000007f4310000,0x00000007ffffd190,0x0000000800000000)
  to   space 252032K, 0% used [0x00000007e13c0000,0x00000007e13c0000,0x00000007f09e0000)
 PSOldGen        total 329152K, used 171003K [0x0000000686800000, 0x000000069a970000, 0x00000007822b0000)
  object space 329152K, 51% used [0x0000000686800000,0x0000000690efecd8,0x000000069a970000)
 PSPermGen       total 34688K, used 21896K [0x0000000681600000, 0x00000006837e0000, 0x0000000686800000)
  object space 34688K, 63% used [0x0000000681600000,0x0000000682b620c8,0x00000006837e0000)
}
Total time for which application threads were stopped: 0.3637570 seconds
Application time: 63.1194570 seconds
Total time for which application threads were stopped: 0.0004170 seconds
Application time: 0.0020910 seconds
Total time for which application threads were stopped: 0.0001520 seconds
Application time: 0.0002430 seconds
Total time for which application threads were stopped: 0.0001540 seconds
Application time: 0.0001760 seconds
Total time for which application threads were stopped: 0.0002150 seconds
Application time: 0.0001560 seconds
Total time for which application threads were stopped: 0.0001600 seconds
Application time: 0.0000980 seconds
Total time for which application threads were stopped: 0.0002580 seconds
Application time: 0.0001910 seconds
Total time for which application threads were stopped: 0.0001490 seconds
Application time: 0.0011950 seconds
Total time for which application threads were stopped: 0.0001470 seconds
Application time: 0.0005900 seconds
Total time for which application threads were stopped: 0.0001460 seconds
Application time: 0.0010970 seconds
Total time for which application threads were stopped: 0.0002160 seconds
Application time: 0.0001010 seconds
Total time for which application threads were stopped: 0.0002800 seconds
Application time: 0.0000900 seconds
Total time for which application threads were stopped: 0.0002470 seconds
Application time: 0.0002330 seconds
Total time for which application threads were stopped: 0.0005830 seconds
Application time: 124.3663570 seconds
{Heap before GC invocations=22 (full 3):
 PSYoungGen      total 1751040K, used 1751028K [0x00000007822b0000, 0x0000000800000000, 0x0000000800000000)
  eden space 1557568K, 100% used [0x00000007822b0000,0x00000007e13c0000,0x00000007e13c0000)
  from space 193472K, 99% used [0x00000007f4310000,0x00000007ffffd190,0x0000000800000000)
  to   space 252032K, 0% used [0x00000007e13c0000,0x00000007e13c0000,0x00000007f09e0000)
 PSOldGen        total 329152K, used 171003K [0x0000000686800000, 0x000000069a970000, 0x00000007822b0000)
  object space 329152K, 51% used [0x0000000686800000,0x0000000690efecd8,0x000000069a970000)
 PSPermGen       total 34688K, used 22443K [0x0000000681600000, 0x00000006837e0000, 0x0000000686800000)
  object space 34688K, 64% used [0x0000000681600000,0x0000000682beace8,0x00000006837e0000)
459.278: [GC [PSYoungGen: 1751028K->252022K(1809600K)] 1922031K->650095K(2207680K), 0.2924840 secs] [Times: user=3.36 sys=0.08, real=0.29 secs] 
Heap after GC invocations=22 (full 3):
 PSYoungGen      total 1809600K, used 252022K [0x00000007822b0000, 0x0000000800000000, 0x0000000800000000)
  eden space 1557568K, 0% used [0x00000007822b0000,0x00000007822b0000,0x00000007e13c0000)
  from space 252032K, 99% used [0x00000007e13c0000,0x00000007f09dd800,0x00000007f09e0000)
  to   space 252032K, 0% used [0x00000007f09e0000,0x00000007f09e0000,0x0000000800000000)
 PSOldGen        total 398080K, used 398073K [0x0000000686800000, 0x000000069ecc0000, 0x00000007822b0000)
  object space 398080K, 99% used [0x0000000686800000,0x000000069ecbe738,0x000000069ecc0000)
 PSPermGen       total 34688K, used 22443K [0x0000000681600000, 0x00000006837e0000, 0x0000000686800000)
  object space 34688K, 64% used [0x0000000681600000,0x0000000682beace8,0x00000006837e0000)
}
{Heap before GC invocations=23 (full 4):
 PSYoungGen      total 1809600K, used 252022K [0x00000007822b0000, 0x0000000800000000, 0x0000000800000000)
  eden space 1557568K, 0% used [0x00000007822b0000,0x00000007822b0000,0x00000007e13c0000)
  from space 252032K, 99% used [0x00000007e13c0000,0x00000007f09dd800,0x00000007f09e0000)
  to   space 252032K, 0% used [0x00000007f09e0000,0x00000007f09e0000,0x0000000800000000)
 PSOldGen        total 398080K, used 398073K [0x0000000686800000, 0x000000069ecc0000, 0x00000007822b0000)
  object space 398080K, 99% used [0x0000000686800000,0x000000069ecbe738,0x000000069ecc0000)
 PSPermGen       total 34688K, used 22443K [0x0000000681600000, 0x00000006837e0000, 0x0000000686800000)
  object space 34688K, 64% used [0x0000000681600000,0x0000000682beace8,0x00000006837e0000)
459.571: [Full GC [PSYoungGen: 252022K->0K(1809600K)] [PSOldGen: 398073K->389951K(718208K)] 650095K->389951K(2527808K) [PSPermGen: 22443K->20522K(34688K)], 0.7201090 secs] [Times: user=0.71 sys=0.00, real=0.72 secs] 
Heap after GC invocations=23 (full 4):
 PSYoungGen      total 1809600K, used 0K [0x00000007822b0000, 0x0000000800000000, 0x0000000800000000)
  eden space 1557568K, 0% used [0x00000007822b0000,0x00000007822b0000,0x00000007e13c0000)
  from space 252032K, 0% used [0x00000007e13c0000,0x00000007e13c0000,0x00000007f09e0000)
  to   space 252032K, 0% used [0x00000007f09e0000,0x00000007f09e0000,0x0000000800000000)
 PSOldGen        total 718208K, used 389951K [0x0000000686800000, 0x00000006b2560000, 0x00000007822b0000)
  object space 718208K, 54% used [0x0000000686800000,0x000000069e4cfe58,0x00000006b2560000)
 PSPermGen       total 34688K, used 20522K [0x0000000681600000, 0x00000006837e0000, 0x0000000686800000)
  object space 34688K, 59% used [0x0000000681600000,0x0000000682a0a9b0,0x00000006837e0000)
}
Total time for which application threads were stopped: 1.0134760 seconds
Application time: 5.1410290 seconds
{Heap before GC invocations=24 (full 4):
 PSYoungGen      total 1809600K, used 1557568K [0x00000007822b0000, 0x0000000800000000, 0x0000000800000000)
  eden space 1557568K, 100% used [0x00000007822b0000,0x00000007e13c0000,0x00000007e13c0000)
  from space 252032K, 0% used [0x00000007e13c0000,0x00000007e13c0000,0x00000007f09e0000)
  to   space 252032K, 0% used [0x00000007f09e0000,0x00000007f09e0000,0x0000000800000000)
 PSOldGen        total 718208K, used 389951K [0x0000000686800000, 0x00000006b2560000, 0x00000007822b0000)
  object space 718208K, 54% used [0x0000000686800000,0x000000069e4cfe58,0x00000006b2560000)
 PSPermGen       total 34688K, used 21041K [0x0000000681600000, 0x00000006837e0000, 0x0000000686800000)
  object space 34688K, 60% used [0x0000000681600000,0x0000000682a8c4f0,0x00000006837e0000)
465.433: [GC [PSYoungGen: 1557568K->252016K(1511488K)] 1947519K->649536K(2229696K), 0.2874690 secs] [Times: user=1.78 sys=0.05, real=0.28 secs] 
Heap after GC invocations=24 (full 4):
 PSYoungGen      total 1511488K, used 252016K [0x00000007822b0000, 0x0000000800000000, 0x0000000800000000)
  eden space 1259456K, 0% used [0x00000007822b0000,0x00000007822b0000,0x00000007cf0a0000)
  from space 252032K, 99% used [0x00000007f09e0000,0x00000007ffffc290,0x0000000800000000)
  to   space 401088K, 0% used [0x00000007cf0a0000,0x00000007cf0a0000,0x00000007e7850000)
 PSOldGen        total 718208K, used 397519K [0x0000000686800000, 0x00000006b2560000, 0x00000007822b0000)
  object space 718208K, 55% used [0x0000000686800000,0x000000069ec33e58,0x00000006b2560000)
 PSPermGen       total 34688K, used 21041K [0x0000000681600000, 0x00000006837e0000, 0x0000000686800000)
  object space 34688K, 60% used [0x0000000681600000,0x0000000682a8c4f0,0x00000006837e0000)
}
Total time for which application threads were stopped: 0.2887240 seconds
Application time: 4.9430880 seconds
{Heap before GC invocations=25 (full 4):
 PSYoungGen      total 1511488K, used 1511472K [0x00000007822b0000, 0x0000000800000000, 0x0000000800000000)
  eden space 1259456K, 100% used [0x00000007822b0000,0x00000007cf0a0000,0x00000007cf0a0000)
  from space 252032K, 99% used [0x00000007f09e0000,0x00000007ffffc290,0x0000000800000000)
  to   space 401088K, 0% used [0x00000007cf0a0000,0x00000007cf0a0000,0x00000007e7850000)
 PSOldGen        total 718208K, used 397519K [0x0000000686800000, 0x00000006b2560000, 0x00000007822b0000)
  object space 718208K, 55% used [0x0000000686800000,0x000000069ec33e58,0x00000006b2560000)
 PSPermGen       total 34688K, used 21593K [0x0000000681600000, 0x00000006837e0000, 0x0000000686800000)
  object space 34688K, 62% used [0x0000000681600000,0x0000000682b164f0,0x00000006837e0000)
470.665: [GC [PSYoungGen: 1511472K->346612K(1606080K)] 1908992K->765235K(2324288K), 0.2112460 secs] [Times: user=1.33 sys=0.00, real=0.22 secs] 
Heap after GC invocations=25 (full 4):
 PSYoungGen      total 1606080K, used 346612K [0x00000007822b0000, 0x0000000800000000, 0x0000000800000000)
  eden space 1259456K, 0% used [0x00000007822b0000,0x00000007822b0000,0x00000007cf0a0000)
  from space 346624K, 99% used [0x00000007cf0a0000,0x00000007e431d370,0x00000007e4320000)
  to   space 449984K, 0% used [0x00000007e4890000,0x00000007e4890000,0x0000000800000000)
 PSOldGen        total 718208K, used 418622K [0x0000000686800000, 0x00000006b2560000, 0x00000007822b0000)
  object space 718208K, 58% used [0x0000000686800000,0x00000006a00cf958,0x00000006b2560000)
 PSPermGen       total 34688K, used 21593K [0x0000000681600000, 0x00000006837e0000, 0x0000000686800000)
  object space 34688K, 62% used [0x0000000681600000,0x0000000682b164f0,0x00000006837e0000)
}
Total time for which application threads were stopped: 0.2126840 seconds
Application time: 5.1197840 seconds
{Heap before GC invocations=26 (full 4):
 PSYoungGen      total 1606080K, used 1606068K [0x00000007822b0000, 0x0000000800000000, 0x0000000800000000)
  eden space 1259456K, 100% used [0x00000007822b0000,0x00000007cf0a0000,0x00000007cf0a0000)
  from space 346624K, 99% used [0x00000007cf0a0000,0x00000007e431d370,0x00000007e4320000)
  to   space 449984K, 0% used [0x00000007e4890000,0x00000007e4890000,0x0000000800000000)
 PSOldGen        total 718208K, used 418622K [0x0000000686800000, 0x00000006b2560000, 0x00000007822b0000)
  object space 718208K, 58% used [0x0000000686800000,0x00000006a00cf958,0x00000006b2560000)
 PSPermGen       total 34688K, used 22112K [0x0000000681600000, 0x00000006837e0000, 0x0000000686800000)
  object space 34688K, 63% used [0x0000000681600000,0x0000000682b98270,0x00000006837e0000)
475.997: [GC [PSYoungGen: 1606068K->354882K(1528320K)] 2024691K->797614K(2246528K), 0.2213080 secs] [Times: user=1.42 sys=0.02, real=0.22 secs] 
Heap after GC invocations=26 (full 4):
 PSYoungGen      total 1528320K, used 354882K [0x00000007822b0000, 0x0000000800000000, 0x0000000800000000)
  eden space 1078336K, 0% used [0x00000007822b0000,0x00000007822b0000,0x00000007c3fc0000)
  from space 449984K, 78% used [0x00000007e4890000,0x00000007fa320860,0x0000000800000000)
  to   space 491648K, 0% used [0x00000007c3fc0000,0x00000007c3fc0000,0x00000007e1fe0000)
 PSOldGen        total 718208K, used 442732K [0x0000000686800000, 0x00000006b2560000, 0x00000007822b0000)
  object space 718208K, 61% used [0x0000000686800000,0x00000006a185b358,0x00000006b2560000)
 PSPermGen       total 34688K, used 22112K [0x0000000681600000, 0x00000006837e0000, 0x0000000686800000)
  object space 34688K, 63% used [0x0000000681600000,0x0000000682b98270,0x00000006837e0000)
}
Total time for which application threads were stopped: 0.2222290 seconds
Application time: 5.2435640 seconds
{Heap before GC invocations=27 (full 4):
 PSYoungGen      total 1528320K, used 1433218K [0x00000007822b0000, 0x0000000800000000, 0x0000000800000000)
  eden space 1078336K, 100% used [0x00000007822b0000,0x00000007c3fc0000,0x00000007c3fc0000)
  from space 449984K, 78% used [0x00000007e4890000,0x00000007fa320860,0x0000000800000000)
  to   space 491648K, 0% used [0x00000007c3fc0000,0x00000007c3fc0000,0x00000007e1fe0000)
 PSOldGen        total 718208K, used 442732K [0x0000000686800000, 0x00000006b2560000, 0x00000007822b0000)
  object space 718208K, 61% used [0x0000000686800000,0x00000006a185b358,0x00000006b2560000)
 PSPermGen       total 34688K, used 22503K [0x0000000681600000, 0x00000006837e0000, 0x0000000686800000)
  object space 34688K, 64% used [0x0000000681600000,0x0000000682bf9d90,0x00000006837e0000)
481.463: [GC [PSYoungGen: 1433218K->265753K(1569984K)] 1875950K->731914K(2288192K), 0.2088160 secs] [Times: user=1.39 sys=0.01, real=0.21 secs] 
Heap after GC invocations=27 (full 4):
 PSYoungGen      total 1569984K, used 265753K [0x00000007822b0000, 0x0000000800000000, 0x0000000800000000)
  eden space 1078336K, 0% used [0x00000007822b0000,0x00000007822b0000,0x00000007c3fc0000)
  from space 491648K, 54% used [0x00000007c3fc0000,0x00000007d4346760,0x00000007e1fe0000)
  to   space 491008K, 0% used [0x00000007e2080000,0x00000007e2080000,0x0000000800000000)
 PSOldGen        total 718208K, used 466161K [0x0000000686800000, 0x00000006b2560000, 0x00000007822b0000)
  object space 718208K, 64% used [0x0000000686800000,0x00000006a2f3c468,0x00000006b2560000)
 PSPermGen       total 34688K, used 22503K [0x0000000681600000, 0x00000006837e0000, 0x0000000686800000)
  object space 34688K, 64% used [0x0000000681600000,0x0000000682bf9d90,0x00000006837e0000)
}
Total time for which application threads were stopped: 0.2096670 seconds
Application time: 60.0045470 seconds
Total time for which application threads were stopped: 0.0005290 seconds
Application time: 3.5093080 seconds
Total time for which application threads were stopped: 0.0002470 seconds
Application time: 0.0043710 seconds
Total time for which application threads were stopped: 0.0001990 seconds
Application time: 0.0001750 seconds
Total time for which application threads were stopped: 0.0001990 seconds
Application time: 0.0003000 seconds
Total time for which application threads were stopped: 0.0001750 seconds
Application time: 0.0014690 seconds
Total time for which application threads were stopped: 0.0001790 seconds
Application time: 0.0002830 seconds
Total time for which application threads were stopped: 0.0001810 seconds
Application time: 0.0000760 seconds
Total time for which application threads were stopped: 0.0002410 seconds
Application time: 0.0011510 seconds
Total time for which application threads were stopped: 0.0002140 seconds
Application time: 0.0006390 seconds
Total time for which application threads were stopped: 0.0001700 seconds
Application time: 67.0040610 seconds
Total time for which application threads were stopped: 0.0002290 seconds
Application time: 55.1847630 seconds
{Heap before GC invocations=28 (full 4):
 PSYoungGen      total 1569984K, used 1344089K [0x00000007822b0000, 0x0000000800000000, 0x0000000800000000)
  eden space 1078336K, 100% used [0x00000007822b0000,0x00000007c3fc0000,0x00000007c3fc0000)
  from space 491648K, 54% used [0x00000007c3fc0000,0x00000007d4346760,0x00000007e1fe0000)
  to   space 491008K, 0% used [0x00000007e2080000,0x00000007e2080000,0x0000000800000000)
 PSOldGen        total 718208K, used 466161K [0x0000000686800000, 0x00000006b2560000, 0x00000007822b0000)
  object space 718208K, 64% used [0x0000000686800000,0x00000006a2f3c468,0x00000006b2560000)
 PSPermGen       total 34688K, used 22880K [0x0000000681600000, 0x00000006837e0000, 0x0000000686800000)
  object space 34688K, 65% used [0x0000000681600000,0x0000000682c581c0,0x00000006837e0000)
667.386: [GC [PSYoungGen: 1344089K->134570K(1529408K)] 1810250K->618916K(2247616K), 0.1984350 secs] [Times: user=1.19 sys=0.06, real=0.20 secs] 
Heap after GC invocations=28 (full 4):
 PSYoungGen      total 1529408K, used 134570K [0x00000007822b0000, 0x00000007fd860000, 0x0000000800000000)
  eden space 1078976K, 0% used [0x00000007822b0000,0x00000007822b0000,0x00000007c4060000)
  from space 450432K, 29% used [0x00000007e2080000,0x00000007ea3ea9a0,0x00000007fd860000)
  to   space 471040K, 0% used [0x00000007c4060000,0x00000007c4060000,0x00000007e0c60000)
 PSOldGen        total 718208K, used 484346K [0x0000000686800000, 0x00000006b2560000, 0x00000007822b0000)
  object space 718208K, 67% used [0x0000000686800000,0x00000006a40fe948,0x00000006b2560000)
 PSPermGen       total 34688K, used 22880K [0x0000000681600000, 0x00000006837e0000, 0x0000000686800000)
  object space 34688K, 65% used [0x0000000681600000,0x0000000682c581c0,0x00000006837e0000)
}
Total time for which application threads were stopped: 0.1990550 seconds
Application time: 2.9294020 seconds
{Heap before GC invocations=29 (full 4):
 PSYoungGen      total 1529408K, used 1213546K [0x00000007822b0000, 0x00000007fd860000, 0x0000000800000000)
  eden space 1078976K, 100% used [0x00000007822b0000,0x00000007c4060000,0x00000007c4060000)
  from space 450432K, 29% used [0x00000007e2080000,0x00000007ea3ea9a0,0x00000007fd860000)
  to   space 471040K, 0% used [0x00000007c4060000,0x00000007c4060000,0x00000007e0c60000)
 PSOldGen        total 718208K, used 484346K [0x0000000686800000, 0x00000006b2560000, 0x00000007822b0000)
  object space 718208K, 67% used [0x0000000686800000,0x00000006a40fe948,0x00000006b2560000)
 PSPermGen       total 34688K, used 23305K [0x0000000681600000, 0x00000006837e0000, 0x0000000686800000)
  object space 34688K, 67% used [0x0000000681600000,0x0000000682cc2780,0x00000006837e0000)
670.515: [GC [PSYoungGen: 1213546K->44468K(1550016K)] 1697892K->544553K(2268224K), 0.1935080 secs] [Times: user=1.21 sys=0.01, real=0.19 secs] 
Heap after GC invocations=29 (full 4):
 PSYoungGen      total 1550016K, used 44468K [0x00000007822b0000, 0x0000000800000000, 0x0000000800000000)
  eden space 1078976K, 0% used [0x00000007822b0000,0x00000007822b0000,0x00000007c4060000)
  from space 471040K, 9% used [0x00000007c4060000,0x00000007c6bcd170,0x00000007e0c60000)
  to   space 466752K, 0% used [0x00000007e3830000,0x00000007e3830000,0x0000000800000000)
 PSOldGen        total 718208K, used 500085K [0x0000000686800000, 0x00000006b2560000, 0x00000007822b0000)
  object space 718208K, 69% used [0x0000000686800000,0x00000006a505d5b8,0x00000006b2560000)
 PSPermGen       total 34688K, used 23305K [0x0000000681600000, 0x00000006837e0000, 0x0000000686800000)
  object space 34688K, 67% used [0x0000000681600000,0x0000000682cc2780,0x00000006837e0000)
}
Total time for which application threads were stopped: 0.1944630 seconds
Application time: 4.0732340 seconds
{Heap before GC invocations=30 (full 4):
 PSYoungGen      total 1550016K, used 1123444K [0x00000007822b0000, 0x0000000800000000, 0x0000000800000000)
  eden space 1078976K, 100% used [0x00000007822b0000,0x00000007c4060000,0x00000007c4060000)
  from space 471040K, 9% used [0x00000007c4060000,0x00000007c6bcd170,0x00000007e0c60000)
  to   space 466752K, 0% used [0x00000007e3830000,0x00000007e3830000,0x0000000800000000)
 PSOldGen        total 718208K, used 500085K [0x0000000686800000, 0x00000006b2560000, 0x00000007822b0000)
  object space 718208K, 69% used [0x0000000686800000,0x00000006a505d5b8,0x00000006b2560000)
 PSPermGen       total 34688K, used 23948K [0x0000000681600000, 0x00000006837e0000, 0x0000000686800000)
  object space 34688K, 69% used [0x0000000681600000,0x0000000682d63100,0x00000006837e0000)
674.783: [GC [PSYoungGen: 1123444K->416120K(1473408K)] 1623529K->928733K(2191616K), 0.1579420 secs] [Times: user=0.99 sys=0.00, real=0.16 secs] 
Heap after GC invocations=30 (full 4):
 PSYoungGen      total 1473408K, used 416120K [0x00000007822b0000, 0x0000000800000000, 0x0000000800000000)
  eden space 1006656K, 0% used [0x00000007822b0000,0x00000007822b0000,0x00000007bf9c0000)
  from space 466752K, 89% used [0x00000007e3830000,0x00000007fce8e300,0x0000000800000000)
  to   space 527488K, 0% used [0x00000007bf9c0000,0x00000007bf9c0000,0x00000007dfce0000)
 PSOldGen        total 718208K, used 512612K [0x0000000686800000, 0x00000006b2560000, 0x00000007822b0000)
  object space 718208K, 71% used [0x0000000686800000,0x00000006a5c99338,0x00000006b2560000)
 PSPermGen       total 34688K, used 23948K [0x0000000681600000, 0x00000006837e0000, 0x0000000686800000)
  object space 34688K, 69% used [0x0000000681600000,0x0000000682d63100,0x00000006837e0000)
}
Total time for which application threads were stopped: 0.1588610 seconds
Application time: 4.1520250 seconds
{Heap before GC invocations=31 (full 4):
 PSYoungGen      total 1473408K, used 1422776K [0x00000007822b0000, 0x0000000800000000, 0x0000000800000000)
  eden space 1006656K, 100% used [0x00000007822b0000,0x00000007bf9c0000,0x00000007bf9c0000)
  from space 466752K, 89% used [0x00000007e3830000,0x00000007fce8e300,0x0000000800000000)
  to   space 527488K, 0% used [0x00000007bf9c0000,0x00000007bf9c0000,0x00000007dfce0000)
 PSOldGen        total 718208K, used 512612K [0x0000000686800000, 0x00000006b2560000, 0x00000007822b0000)
  object space 718208K, 71% used [0x0000000686800000,0x00000006a5c99338,0x00000006b2560000)
 PSPermGen       total 34688K, used 24291K [0x0000000681600000, 0x00000006837e0000, 0x0000000686800000)
  object space 34688K, 70% used [0x0000000681600000,0x0000000682db8f00,0x00000006837e0000)
679.094: [GC [PSYoungGen: 1422776K->238784K(1534144K)] 1935389K->774873K(2252352K), 0.1861730 secs] [Times: user=1.18 sys=0.01, real=0.19 secs] 
Heap after GC invocations=31 (full 4):
 PSYoungGen      total 1534144K, used 238784K [0x00000007822b0000, 0x0000000800000000, 0x0000000800000000)
  eden space 1006656K, 0% used [0x00000007822b0000,0x00000007822b0000,0x00000007bf9c0000)
  from space 527488K, 45% used [0x00000007bf9c0000,0x00000007ce2f01b0,0x00000007dfce0000)
  to   space 509952K, 0% used [0x00000007e0e00000,0x00000007e0e00000,0x0000000800000000)
 PSOldGen        total 718208K, used 536089K [0x0000000686800000, 0x00000006b2560000, 0x00000007822b0000)
  object space 718208K, 74% used [0x0000000686800000,0x00000006a73864a8,0x00000006b2560000)
 PSPermGen       total 34688K, used 24291K [0x0000000681600000, 0x00000006837e0000, 0x0000000686800000)
  object space 34688K, 70% used [0x0000000681600000,0x0000000682db8f00,0x00000006837e0000)
}
Total time for which application threads were stopped: 0.1870550 seconds
Application time: 4.4631210 seconds
{Heap before GC invocations=32 (full 4):
 PSYoungGen      total 1534144K, used 1245440K [0x00000007822b0000, 0x0000000800000000, 0x0000000800000000)
  eden space 1006656K, 100% used [0x00000007822b0000,0x00000007bf9c0000,0x00000007bf9c0000)
  from space 527488K, 45% used [0x00000007bf9c0000,0x00000007ce2f01b0,0x00000007dfce0000)
  to   space 509952K, 0% used [0x00000007e0e00000,0x00000007e0e00000,0x0000000800000000)
 PSOldGen        total 718208K, used 536089K [0x0000000686800000, 0x00000006b2560000, 0x00000007822b0000)
  object space 718208K, 74% used [0x0000000686800000,0x00000006a73864a8,0x00000006b2560000)
 PSPermGen       total 34688K, used 24603K [0x0000000681600000, 0x00000006837e0000, 0x0000000686800000)
  object space 34688K, 70% used [0x0000000681600000,0x0000000682e06cc0,0x00000006837e0000)
683.744: [GC [PSYoungGen: 1245440K->47925K(1506880K)] 1781529K->599306K(2225088K), 0.1894210 secs] [Times: user=1.06 sys=0.01, real=0.18 secs] 
Heap after GC invocations=32 (full 4):
 PSYoungGen      total 1506880K, used 47925K [0x00000007822b0000, 0x00000007fe560000, 0x0000000800000000)
  eden space 1024192K, 0% used [0x00000007822b0000,0x00000007822b0000,0x00000007c0ae0000)
  from space 482688K, 9% used [0x00000007e0e00000,0x00000007e3ccd720,0x00000007fe560000)
  to   space 505088K, 0% used [0x00000007c0ae0000,0x00000007c0ae0000,0x00000007df820000)
 PSOldGen        total 718208K, used 551381K [0x0000000686800000, 0x00000006b2560000, 0x00000007822b0000)
  object space 718208K, 76% used [0x0000000686800000,0x00000006a8275498,0x00000006b2560000)
 PSPermGen       total 34688K, used 24603K [0x0000000681600000, 0x00000006837e0000, 0x0000000686800000)
  object space 34688K, 70% used [0x0000000681600000,0x0000000682e06cc0,0x00000006837e0000)
}
Total time for which application threads were stopped: 0.1905730 seconds
Application time: 2.2447370 seconds
{Heap before GC invocations=33 (full 4):
 PSYoungGen      total 1506880K, used 1072117K [0x00000007822b0000, 0x00000007fe560000, 0x0000000800000000)
  eden space 1024192K, 100% used [0x00000007822b0000,0x00000007c0ae0000,0x00000007c0ae0000)
  from space 482688K, 9% used [0x00000007e0e00000,0x00000007e3ccd720,0x00000007fe560000)
  to   space 505088K, 0% used [0x00000007c0ae0000,0x00000007c0ae0000,0x00000007df820000)
 PSOldGen        total 718208K, used 551381K [0x0000000686800000, 0x00000006b2560000, 0x00000007822b0000)
  object space 718208K, 76% used [0x0000000686800000,0x00000006a8275498,0x00000006b2560000)
 PSPermGen       total 34688K, used 25219K [0x0000000681600000, 0x00000006837e0000, 0x0000000686800000)
  object space 34688K, 72% used [0x0000000681600000,0x0000000682ea0d40,0x00000006837e0000)
686.179: [GC [PSYoungGen: 1072117K->383169K(1407424K)] 1623498K->953851K(2125632K), 0.1447100 secs] [Times: user=0.84 sys=0.03, real=0.15 secs] 
Heap after GC invocations=33 (full 4):
 PSYoungGen      total 1407424K, used 383169K [0x00000007822b0000, 0x0000000800000000, 0x0000000800000000)
  eden space 1024192K, 0% used [0x00000007822b0000,0x00000007822b0000,0x00000007c0ae0000)
  from space 383232K, 99% used [0x00000007c0ae0000,0x00000007d8110640,0x00000007d8120000)
  to   space 546240K, 0% used [0x00000007dea90000,0x00000007dea90000,0x0000000800000000)
 PSOldGen        total 718208K, used 570682K [0x0000000686800000, 0x00000006b2560000, 0x00000007822b0000)
  object space 718208K, 79% used [0x0000000686800000,0x00000006a954e838,0x00000006b2560000)
 PSPermGen       total 34688K, used 25219K [0x0000000681600000, 0x00000006837e0000, 0x0000000686800000)
  object space 34688K, 72% used [0x0000000681600000,0x0000000682ea0d40,0x00000006837e0000)
}
Total time for which application threads were stopped: 0.1457270 seconds
Application time: 4.3685670 seconds
{Heap before GC invocations=34 (full 4):
 PSYoungGen      total 1407424K, used 1407361K [0x00000007822b0000, 0x0000000800000000, 0x0000000800000000)
  eden space 1024192K, 100% used [0x00000007822b0000,0x00000007c0ae0000,0x00000007c0ae0000)
  from space 383232K, 99% used [0x00000007c0ae0000,0x00000007d8110640,0x00000007d8120000)
  to   space 546240K, 0% used [0x00000007dea90000,0x00000007dea90000,0x0000000800000000)
 PSOldGen        total 718208K, used 570682K [0x0000000686800000, 0x00000006b2560000, 0x00000007822b0000)
  object space 718208K, 79% used [0x0000000686800000,0x00000006a954e838,0x00000006b2560000)
 PSPermGen       total 34688K, used 25652K [0x0000000681600000, 0x00000006837e0000, 0x0000000686800000)
  object space 34688K, 73% used [0x0000000681600000,0x0000000682f0d2c8,0x00000006837e0000)
690.693: [GC [PSYoungGen: 1407361K->294953K(1516352K)] 1978043K->890476K(2234560K), 0.1909210 secs] [Times: user=1.28 sys=0.00, real=0.19 secs] 
Heap after GC invocations=34 (full 4):
 PSYoungGen      total 1516352K, used 294953K [0x00000007822b0000, 0x0000000800000000, 0x0000000800000000)
  eden space 970112K, 0% used [0x00000007822b0000,0x00000007822b0000,0x00000007bd610000)
  from space 546240K, 53% used [0x00000007dea90000,0x00000007f0a9a600,0x0000000800000000)
  to   space 545280K, 0% used [0x00000007bd610000,0x00000007bd610000,0x00000007dea90000)
 PSOldGen        total 718208K, used 595522K [0x0000000686800000, 0x00000006b2560000, 0x00000007822b0000)
  object space 718208K, 82% used [0x0000000686800000,0x00000006aad90bc8,0x00000006b2560000)
 PSPermGen       total 34688K, used 25652K [0x0000000681600000, 0x00000006837e0000, 0x0000000686800000)
  object space 34688K, 73% used [0x0000000681600000,0x0000000682f0d2c8,0x00000006837e0000)
}
Total time for which application threads were stopped: 0.1918250 seconds
Application time: 1.0000770 seconds
Total time for which application threads were stopped: 0.0014000 seconds
Application time: 62.3155060 seconds
Total time for which application threads were stopped: 0.0006330 seconds
Application time: 0.0002140 seconds
Total time for which application threads were stopped: 0.0002750 seconds
Application time: 0.0001400 seconds
Total time for which application threads were stopped: 0.0003160 seconds
Application time: 0.0003330 seconds
Total time for which application threads were stopped: 0.0002560 seconds
Application time: 0.0003140 seconds
Total time for which application threads were stopped: 0.0006650 seconds
Application time: 121.8981440 seconds
{Heap before GC invocations=35 (full 4):
 PSYoungGen      total 1516352K, used 1265065K [0x00000007822b0000, 0x0000000800000000, 0x0000000800000000)
  eden space 970112K, 100% used [0x00000007822b0000,0x00000007bd610000,0x00000007bd610000)
  from space 546240K, 53% used [0x00000007dea90000,0x00000007f0a9a600,0x0000000800000000)
  to   space 545280K, 0% used [0x00000007bd610000,0x00000007bd610000,0x00000007dea90000)
 PSOldGen        total 718208K, used 595522K [0x0000000686800000, 0x00000006b2560000, 0x00000007822b0000)
  object space 718208K, 82% used [0x0000000686800000,0x00000006aad90bc8,0x00000006b2560000)
 PSPermGen       total 34688K, used 25947K [0x0000000681600000, 0x00000006837e0000, 0x0000000686800000)
  object space 34688K, 74% used [0x0000000681600000,0x0000000682f56c98,0x00000006837e0000)
876.103: [GC [PSYoungGen: 1265065K->83871K(1054016K)] 1860588K->696896K(1772224K), 0.1850350 secs] [Times: user=1.12 sys=0.02, real=0.18 secs] 
Heap after GC invocations=35 (full 4):
 PSYoungGen      total 1054016K, used 83871K [0x00000007822b0000, 0x00000007fe9b0000, 0x0000000800000000)
  eden space 970112K, 0% used [0x00000007822b0000,0x00000007822b0000,0x00000007bd610000)
  from space 83904K, 99% used [0x00000007bd610000,0x00000007c27f7e10,0x00000007c2800000)
  to   space 534336K, 0% used [0x00000007ddfe0000,0x00000007ddfe0000,0x00000007fe9b0000)
 PSOldGen        total 718208K, used 613024K [0x0000000686800000, 0x00000006b2560000, 0x00000007822b0000)
  object space 718208K, 85% used [0x0000000686800000,0x00000006abea81f8,0x00000006b2560000)
 PSPermGen       total 34688K, used 25947K [0x0000000681600000, 0x00000006837e0000, 0x0000000686800000)
  object space 34688K, 74% used [0x0000000681600000,0x0000000682f56c98,0x00000006837e0000)
}
Total time for which application threads were stopped: 0.1856900 seconds
Application time: 2.1691480 seconds
{Heap before GC invocations=36 (full 4):
 PSYoungGen      total 1054016K, used 1053983K [0x00000007822b0000, 0x00000007fe9b0000, 0x0000000800000000)
  eden space 970112K, 100% used [0x00000007822b0000,0x00000007bd610000,0x00000007bd610000)
  from space 83904K, 99% used [0x00000007bd610000,0x00000007c27f7e10,0x00000007c2800000)
  to   space 534336K, 0% used [0x00000007ddfe0000,0x00000007ddfe0000,0x00000007fe9b0000)
 PSOldGen        total 718208K, used 613024K [0x0000000686800000, 0x00000006b2560000, 0x00000007822b0000)
  object space 718208K, 85% used [0x0000000686800000,0x00000006abea81f8,0x00000006b2560000)
 PSPermGen       total 34688K, used 26541K [0x0000000681600000, 0x00000006837e0000, 0x0000000686800000)
  object space 34688K, 76% used [0x0000000681600000,0x0000000682feb618,0x00000006837e0000)
878.459: [GC [PSYoungGen: 1053983K->375123K(1465216K)] 1667008K->1039098K(2183424K), 0.1385420 secs] [Times: user=0.84 sys=0.04, real=0.14 secs] 
Heap after GC invocations=36 (full 4):
 PSYoungGen      total 1465216K, used 375123K [0x00000007822b0000, 0x0000000800000000, 0x0000000800000000)
  eden space 930880K, 0% used [0x00000007822b0000,0x00000007822b0000,0x00000007bafc0000)
  from space 534336K, 70% used [0x00000007ddfe0000,0x00000007f4e34ec0,0x00000007fe9b0000)
  to   space 565376K, 0% used [0x00000007bafc0000,0x00000007bafc0000,0x00000007dd7e0000)
 PSOldGen        total 718208K, used 663974K [0x0000000686800000, 0x00000006b2560000, 0x00000007822b0000)
  object space 718208K, 92% used [0x0000000686800000,0x00000006af069968,0x00000006b2560000)
 PSPermGen       total 34688K, used 26541K [0x0000000681600000, 0x00000006837e0000, 0x0000000686800000)
  object space 34688K, 76% used [0x0000000681600000,0x0000000682feb618,0x00000006837e0000)
}
{Heap before GC invocations=37 (full 5):
 PSYoungGen      total 1465216K, used 375123K [0x00000007822b0000, 0x0000000800000000, 0x0000000800000000)
  eden space 930880K, 0% used [0x00000007822b0000,0x00000007822b0000,0x00000007bafc0000)
  from space 534336K, 70% used [0x00000007ddfe0000,0x00000007f4e34ec0,0x00000007fe9b0000)
  to   space 565376K, 0% used [0x00000007bafc0000,0x00000007bafc0000,0x00000007dd7e0000)
 PSOldGen        total 718208K, used 663974K [0x0000000686800000, 0x00000006b2560000, 0x00000007822b0000)
  object space 718208K, 92% used [0x0000000686800000,0x00000006af069968,0x00000006b2560000)
 PSPermGen       total 34688K, used 26541K [0x0000000681600000, 0x00000006837e0000, 0x0000000686800000)
  object space 34688K, 76% used [0x0000000681600000,0x0000000682feb618,0x00000006837e0000)
878.597: [Full GC [PSYoungGen: 375123K->0K(1465216K)] [PSOldGen: 663974K->426044K(689280K)] 1039098K->426044K(2154496K) [PSPermGen: 26541K->26541K(38912K)], 0.4733410 secs] [Times: user=0.47 sys=0.00, real=0.47 secs] 
Heap after GC invocations=37 (full 5):
 PSYoungGen      total 1465216K, used 0K [0x00000007822b0000, 0x0000000800000000, 0x0000000800000000)
  eden space 930880K, 0% used [0x00000007822b0000,0x00000007822b0000,0x00000007bafc0000)
  from space 534336K, 0% used [0x00000007ddfe0000,0x00000007ddfe0000,0x00000007fe9b0000)
  to   space 565376K, 0% used [0x00000007bafc0000,0x00000007bafc0000,0x00000007dd7e0000)
 PSOldGen        total 689280K, used 426044K [0x0000000686800000, 0x00000006b0920000, 0x00000007822b0000)
  object space 689280K, 61% used [0x0000000686800000,0x00000006a080f098,0x00000006b0920000)
 PSPermGen       total 38912K, used 26541K [0x0000000681600000, 0x0000000683c00000, 0x0000000686800000)
  object space 38912K, 68% used [0x0000000681600000,0x0000000682feb618,0x0000000683c00000)
}
Total time for which application threads were stopped: 0.6130710 seconds
Application time: 3.5582310 seconds
{Heap before GC invocations=38 (full 5):
 PSYoungGen      total 1465216K, used 930880K [0x00000007822b0000, 0x0000000800000000, 0x0000000800000000)
  eden space 930880K, 100% used [0x00000007822b0000,0x00000007bafc0000,0x00000007bafc0000)
  from space 534336K, 0% used [0x00000007ddfe0000,0x00000007ddfe0000,0x00000007fe9b0000)
  to   space 565376K, 0% used [0x00000007bafc0000,0x00000007bafc0000,0x00000007dd7e0000)
 PSOldGen        total 689280K, used 426044K [0x0000000686800000, 0x00000006b0920000, 0x00000007822b0000)
  object space 689280K, 61% used [0x0000000686800000,0x00000006a080f098,0x00000006b0920000)
 PSPermGen       total 38912K, used 26952K [0x0000000681600000, 0x0000000683c00000, 0x0000000686800000)
  object space 38912K, 69% used [0x0000000681600000,0x0000000683052398,0x0000000683c00000)
882.630: [GC [PSYoungGen: 930880K->269996K(1496256K)] 1356924K->696040K(2185536K), 0.1736820 secs] [Times: user=1.21 sys=0.00, real=0.18 secs] 
Heap after GC invocations=38 (full 5):
 PSYoungGen      total 1496256K, used 269996K [0x00000007822b0000, 0x00000007fffb0000, 0x0000000800000000)
  eden space 930880K, 0% used [0x00000007822b0000,0x00000007822b0000,0x00000007bafc0000)
  from space 565376K, 47% used [0x00000007bafc0000,0x00000007cb76b220,0x00000007dd7e0000)
  to   space 549696K, 0% used [0x00000007de6e0000,0x00000007de6e0000,0x00000007fffb0000)
 PSOldGen        total 689280K, used 426044K [0x0000000686800000, 0x00000006b0920000, 0x00000007822b0000)
  object space 689280K, 61% used [0x0000000686800000,0x00000006a080f098,0x00000006b0920000)
 PSPermGen       total 38912K, used 26952K [0x0000000681600000, 0x0000000683c00000, 0x0000000686800000)
  object space 38912K, 69% used [0x0000000681600000,0x0000000683052398,0x0000000683c00000)
}
Total time for which application threads were stopped: 0.1746660 seconds
Application time: 3.0456570 seconds
{Heap before GC invocations=39 (full 5):
 PSYoungGen      total 1496256K, used 1200876K [0x00000007822b0000, 0x00000007fffb0000, 0x0000000800000000)
  eden space 930880K, 100% used [0x00000007822b0000,0x00000007bafc0000,0x00000007bafc0000)
  from space 565376K, 47% used [0x00000007bafc0000,0x00000007cb76b220,0x00000007dd7e0000)
  to   space 549696K, 0% used [0x00000007de6e0000,0x00000007de6e0000,0x00000007fffb0000)
 PSOldGen        total 689280K, used 426044K [0x0000000686800000, 0x00000006b0920000, 0x00000007822b0000)
  object space 689280K, 61% used [0x0000000686800000,0x00000006a080f098,0x00000006b0920000)
 PSPermGen       total 38912K, used 27241K [0x0000000681600000, 0x0000000683c00000, 0x0000000686800000)
  object space 38912K, 70% used [0x0000000681600000,0x000000068309a620,0x0000000683c00000)
885.850: [GC [PSYoungGen: 1200876K->53367K(1473600K)] 1626920K->499843K(2162880K), 0.1789290 secs] [Times: user=1.13 sys=0.01, real=0.18 secs] 
Heap after GC invocations=39 (full 5):
 PSYoungGen      total 1473600K, used 53367K [0x00000007822b0000, 0x00000007fe990000, 0x0000000800000000)
  eden space 946560K, 0% used [0x00000007822b0000,0x00000007822b0000,0x00000007bbf10000)
  from space 527040K, 10% used [0x00000007de6e0000,0x00000007e1afdd80,0x00000007fe990000)
  to   space 546048K, 0% used [0x00000007bbf10000,0x00000007bbf10000,0x00000007dd450000)
 PSOldGen        total 689280K, used 446476K [0x0000000686800000, 0x00000006b0920000, 0x00000007822b0000)
  object space 689280K, 64% used [0x0000000686800000,0x00000006a1c030d8,0x00000006b0920000)
 PSPermGen       total 38912K, used 27241K [0x0000000681600000, 0x0000000683c00000, 0x0000000686800000)
  object space 38912K, 70% used [0x0000000681600000,0x000000068309a620,0x0000000683c00000)
}
Total time for which application threads were stopped: 0.1801550 seconds
Application time: 2.1886450 seconds
{Heap before GC invocations=40 (full 5):
 PSYoungGen      total 1473600K, used 999927K [0x00000007822b0000, 0x00000007fe990000, 0x0000000800000000)
  eden space 946560K, 100% used [0x00000007822b0000,0x00000007bbf10000,0x00000007bbf10000)
  from space 527040K, 10% used [0x00000007de6e0000,0x00000007e1afdd80,0x00000007fe990000)
  to   space 546048K, 0% used [0x00000007bbf10000,0x00000007bbf10000,0x00000007dd450000)
 PSOldGen        total 689280K, used 446476K [0x0000000686800000, 0x00000006b0920000, 0x00000007822b0000)
  object space 689280K, 64% used [0x0000000686800000,0x00000006a1c030d8,0x00000006b0920000)
 PSPermGen       total 38912K, used 27977K [0x0000000681600000, 0x0000000683c00000, 0x0000000686800000)
  object space 38912K, 71% used [0x0000000681600000,0x0000000683152760,0x0000000683c00000)
888.219: [GC [PSYoungGen: 999927K->485362K(1431936K)] 1446403K->945081K(2121216K), 0.1217510 secs] [Times: user=0.82 sys=0.00, real=0.12 secs] 
Heap after GC invocations=40 (full 5):
 PSYoungGen      total 1431936K, used 485362K [0x00000007822b0000, 0x0000000800000000, 0x0000000800000000)
  eden space 946560K, 0% used [0x00000007822b0000,0x00000007822b0000,0x00000007bbf10000)
  from space 485376K, 99% used [0x00000007bbf10000,0x00000007d990c900,0x00000007d9910000)
  to   space 615232K, 0% used [0x00000007da730000,0x00000007da730000,0x0000000800000000)
 PSOldGen        total 689280K, used 459719K [0x0000000686800000, 0x00000006b0920000, 0x00000007822b0000)
  object space 689280K, 66% used [0x0000000686800000,0x00000006a28f1d58,0x00000006b0920000)
 PSPermGen       total 38912K, used 27977K [0x0000000681600000, 0x0000000683c00000, 0x0000000686800000)
  object space 38912K, 71% used [0x0000000681600000,0x0000000683152760,0x0000000683c00000)
}
Total time for which application threads were stopped: 0.1227470 seconds
Application time: 4.1140660 seconds
{Heap before GC invocations=41 (full 5):
 PSYoungGen      total 1431936K, used 1431922K [0x00000007822b0000, 0x0000000800000000, 0x0000000800000000)
  eden space 946560K, 100% used [0x00000007822b0000,0x00000007bbf10000,0x00000007bbf10000)
  from space 485376K, 99% used [0x00000007bbf10000,0x00000007d990c900,0x00000007d9910000)
  to   space 615232K, 0% used [0x00000007da730000,0x00000007da730000,0x0000000800000000)
 PSOldGen        total 689280K, used 459719K [0x0000000686800000, 0x00000006b0920000, 0x00000007822b0000)
  object space 689280K, 66% used [0x0000000686800000,0x00000006a28f1d58,0x00000006b0920000)
 PSPermGen       total 38912K, used 28245K [0x0000000681600000, 0x0000000683c00000, 0x0000000686800000)
  object space 38912K, 72% used [0x0000000681600000,0x00000006831957e0,0x0000000683c00000)
892.456: [GC [PSYoungGen: 1431922K->176742K(1474624K)] 1891641K->660088K(2163904K), 0.1892740 secs] [Times: user=1.23 sys=0.01, real=0.19 secs] 
Heap after GC invocations=41 (full 5):
 PSYoungGen      total 1474624K, used 176742K [0x00000007822b0000, 0x0000000800000000, 0x0000000800000000)
  eden space 859392K, 0% used [0x00000007822b0000,0x00000007822b0000,0x00000007b69f0000)
  from space 615232K, 28% used [0x00000007da730000,0x00000007e53c99d0,0x0000000800000000)
  to   space 587008K, 0% used [0x00000007b69f0000,0x00000007b69f0000,0x00000007da730000)
 PSOldGen        total 689280K, used 483346K [0x0000000686800000, 0x00000006b0920000, 0x00000007822b0000)
  object space 689280K, 70% used [0x0000000686800000,0x00000006a4004898,0x00000006b0920000)
 PSPermGen       total 38912K, used 28245K [0x0000000681600000, 0x0000000683c00000, 0x0000000686800000)
  object space 38912K, 72% used [0x0000000681600000,0x00000006831957e0,0x0000000683c00000)
}
Total time for which application threads were stopped: 0.1901760 seconds
Application time: 2.0580740 seconds
{Heap before GC invocations=42 (full 5):
 PSYoungGen      total 1474624K, used 1036134K [0x00000007822b0000, 0x0000000800000000, 0x0000000800000000)
  eden space 859392K, 100% used [0x00000007822b0000,0x00000007b69f0000,0x00000007b69f0000)
  from space 615232K, 28% used [0x00000007da730000,0x00000007e53c99d0,0x0000000800000000)
  to   space 587008K, 0% used [0x00000007b69f0000,0x00000007b69f0000,0x00000007da730000)
 PSOldGen        total 689280K, used 483346K [0x0000000686800000, 0x00000006b0920000, 0x00000007822b0000)
  object space 689280K, 70% used [0x0000000686800000,0x00000006a4004898,0x00000006b0920000)
 PSPermGen       total 38912K, used 28688K [0x0000000681600000, 0x0000000683c00000, 0x0000000686800000)
  object space 38912K, 73% used [0x0000000681600000,0x0000000683204120,0x0000000683c00000)
894.704: [GC [PSYoungGen: 1036134K->287320K(1146752K)] 1519480K->883459K(1836032K), 0.1364730 secs] [Times: user=0.85 sys=0.00, real=0.13 secs] 
Heap after GC invocations=42 (full 5):
 PSYoungGen      total 1146752K, used 287320K [0x00000007822b0000, 0x00000007fc8b0000, 0x0000000800000000)
  eden space 859392K, 0% used [0x00000007822b0000,0x00000007822b0000,0x00000007b69f0000)
  from space 287360K, 99% used [0x00000007b69f0000,0x00000007c82861c0,0x00000007c8290000)
  to   space 572800K, 0% used [0x00000007d9950000,0x00000007d9950000,0x00000007fc8b0000)
 PSOldGen        total 689280K, used 596138K [0x0000000686800000, 0x00000006b0920000, 0x00000007822b0000)
  object space 689280K, 86% used [0x0000000686800000,0x00000006aae2abd8,0x00000006b0920000)
 PSPermGen       total 38912K, used 28688K [0x0000000681600000, 0x0000000683c00000, 0x0000000686800000)
  object space 38912K, 73% used [0x0000000681600000,0x0000000683204120,0x0000000683c00000)
}
{Heap before GC invocations=43 (full 6):
 PSYoungGen      total 1146752K, used 287320K [0x00000007822b0000, 0x00000007fc8b0000, 0x0000000800000000)
  eden space 859392K, 0% used [0x00000007822b0000,0x00000007822b0000,0x00000007b69f0000)
  from space 287360K, 99% used [0x00000007b69f0000,0x00000007c82861c0,0x00000007c8290000)
  to   space 572800K, 0% used [0x00000007d9950000,0x00000007d9950000,0x00000007fc8b0000)
 PSOldGen        total 689280K, used 596138K [0x0000000686800000, 0x00000006b0920000, 0x00000007822b0000)
  object space 689280K, 86% used [0x0000000686800000,0x00000006aae2abd8,0x00000006b0920000)
 PSPermGen       total 38912K, used 28688K [0x0000000681600000, 0x0000000683c00000, 0x0000000686800000)
  object space 38912K, 73% used [0x0000000681600000,0x0000000683204120,0x0000000683c00000)
894.841: [Full GC [PSYoungGen: 287320K->0K(1146752K)] [PSOldGen: 596138K->434759K(722112K)] 883459K->434759K(1868864K) [PSPermGen: 28688K->28412K(40448K)], 0.4381320 secs] [Times: user=0.44 sys=0.00, real=0.44 secs] 
Heap after GC invocations=43 (full 6):
 PSYoungGen      total 1146752K, used 0K [0x00000007822b0000, 0x00000007fc8b0000, 0x0000000800000000)
  eden space 859392K, 0% used [0x00000007822b0000,0x00000007822b0000,0x00000007b69f0000)
  from space 287360K, 0% used [0x00000007b69f0000,0x00000007b69f0000,0x00000007c8290000)
  to   space 572800K, 0% used [0x00000007d9950000,0x00000007d9950000,0x00000007fc8b0000)
 PSOldGen        total 722112K, used 434759K [0x0000000686800000, 0x00000006b2930000, 0x00000007822b0000)
  object space 722112K, 60% used [0x0000000686800000,0x00000006a1091e98,0x00000006b2930000)
 PSPermGen       total 40448K, used 28412K [0x0000000681600000, 0x0000000683d80000, 0x0000000686800000)
  object space 40448K, 70% used [0x0000000681600000,0x00000006831bf060,0x0000000683d80000)
}
Total time for which application threads were stopped: 0.5755890 seconds
Application time: 4.2479230 seconds
{Heap before GC invocations=44 (full 6):
 PSYoungGen      total 1146752K, used 859392K [0x00000007822b0000, 0x00000007fc8b0000, 0x0000000800000000)
  eden space 859392K, 100% used [0x00000007822b0000,0x00000007b69f0000,0x00000007b69f0000)
  from space 287360K, 0% used [0x00000007b69f0000,0x00000007b69f0000,0x00000007c8290000)
  to   space 572800K, 0% used [0x00000007d9950000,0x00000007d9950000,0x00000007fc8b0000)
 PSOldGen        total 722112K, used 434759K [0x0000000686800000, 0x00000006b2930000, 0x00000007822b0000)
  object space 722112K, 60% used [0x0000000686800000,0x00000006a1091e98,0x00000006b2930000)
 PSPermGen       total 40448K, used 28820K [0x0000000681600000, 0x0000000683d80000, 0x0000000686800000)
  object space 40448K, 71% used [0x0000000681600000,0x00000006832251e0,0x0000000683d80000)
899.528: [GC [PSYoungGen: 859392K->276173K(1450624K)] 1294151K->710933K(2172736K), 0.1460560 secs] [Times: user=0.96 sys=0.00, real=0.15 secs] 
Heap after GC invocations=44 (full 6):
 PSYoungGen      total 1450624K, used 276173K [0x00000007822b0000, 0x0000000800000000, 0x0000000800000000)
  eden space 877824K, 0% used [0x00000007822b0000,0x00000007822b0000,0x00000007b7bf0000)
  from space 572800K, 48% used [0x00000007d9950000,0x00000007ea7037b0,0x00000007fc8b0000)
  to   space 554368K, 0% used [0x00000007b7bf0000,0x00000007b7bf0000,0x00000007d9950000)
 PSOldGen        total 722112K, used 434759K [0x0000000686800000, 0x00000006b2930000, 0x00000007822b0000)
  object space 722112K, 60% used [0x0000000686800000,0x00000006a1091e98,0x00000006b2930000)
 PSPermGen       total 40448K, used 28820K [0x0000000681600000, 0x0000000683d80000, 0x0000000686800000)
  object space 40448K, 71% used [0x0000000681600000,0x00000006832251e0,0x0000000683d80000)
}
Total time for which application threads were stopped: 0.1470220 seconds
Application time: 2.4969530 seconds
{Heap before GC invocations=45 (full 6):
 PSYoungGen      total 1450624K, used 1153997K [0x00000007822b0000, 0x0000000800000000, 0x0000000800000000)
  eden space 877824K, 100% used [0x00000007822b0000,0x00000007b7bf0000,0x00000007b7bf0000)
  from space 572800K, 48% used [0x00000007d9950000,0x00000007ea7037b0,0x00000007fc8b0000)
  to   space 554368K, 0% used [0x00000007b7bf0000,0x00000007b7bf0000,0x00000007d9950000)
 PSOldGen        total 722112K, used 434759K [0x0000000686800000, 0x00000006b2930000, 0x00000007822b0000)
  object space 722112K, 60% used [0x0000000686800000,0x00000006a1091e98,0x00000006b2930000)
 PSPermGen       total 40448K, used 29096K [0x0000000681600000, 0x0000000683d80000, 0x0000000686800000)
  object space 40448K, 71% used [0x0000000681600000,0x000000068326a060,0x0000000683d80000)
902.172: [GC [PSYoungGen: 1153997K->50259K(1432192K)] 1588757K->539711K(2154304K), 0.1665930 secs] [Times: user=1.09 sys=0.00, real=0.17 secs] 
Heap after GC invocations=45 (full 6):
 PSYoungGen      total 1432192K, used 50259K [0x00000007822b0000, 0x00000007fef00000, 0x0000000800000000)
  eden space 877824K, 0% used [0x00000007822b0000,0x00000007822b0000,0x00000007b7bf0000)
  from space 554368K, 9% used [0x00000007b7bf0000,0x00000007bad04d50,0x00000007d9950000)
  to   space 554880K, 0% used [0x00000007dd120000,0x00000007dd120000,0x00000007fef00000)
 PSOldGen        total 722112K, used 489451K [0x0000000686800000, 0x00000006b2930000, 0x00000007822b0000)
  object space 722112K, 67% used [0x0000000686800000,0x00000006a45fafe8,0x00000006b2930000)
 PSPermGen       total 40448K, used 29096K [0x0000000681600000, 0x0000000683d80000, 0x0000000686800000)
  object space 40448K, 71% used [0x0000000681600000,0x000000068326a060,0x0000000683d80000)
}
Total time for which application threads were stopped: 0.1675330 seconds
Application time: 183.6553930 seconds
{Heap before GC invocations=46 (full 6):
 PSYoungGen      total 1432192K, used 928083K [0x00000007822b0000, 0x00000007fef00000, 0x0000000800000000)
  eden space 877824K, 100% used [0x00000007822b0000,0x00000007b7bf0000,0x00000007b7bf0000)
  from space 554368K, 9% used [0x00000007b7bf0000,0x00000007bad04d50,0x00000007d9950000)
  to   space 554880K, 0% used [0x00000007dd120000,0x00000007dd120000,0x00000007fef00000)
 PSOldGen        total 722112K, used 489451K [0x0000000686800000, 0x00000006b2930000, 0x00000007822b0000)
  object space 722112K, 67% used [0x0000000686800000,0x00000006a45fafe8,0x00000006b2930000)
 PSPermGen       total 40448K, used 29761K [0x0000000681600000, 0x0000000683d80000, 0x0000000686800000)
  object space 40448K, 73% used [0x0000000681600000,0x00000006833104b0,0x0000000683d80000)
1085.995: [GC [PSYoungGen: 928083K->410061K(1433152K)] 1417535K->901880K(2155264K), 0.1359480 secs] [Times: user=1.03 sys=0.01, real=0.13 secs] 
Heap after GC invocations=46 (full 6):
 PSYoungGen      total 1433152K, used 410061K [0x00000007822b0000, 0x0000000800000000, 0x0000000800000000)
  eden space 878272K, 0% used [0x00000007822b0000,0x00000007822b0000,0x00000007b7c60000)
  from space 554880K, 73% used [0x00000007dd120000,0x00000007f6193520,0x00000007fef00000)
  to   space 591680K, 0% used [0x00000007b7c60000,0x00000007b7c60000,0x00000007dbe30000)
 PSOldGen        total 722112K, used 491818K [0x0000000686800000, 0x00000006b2930000, 0x00000007822b0000)
  object space 722112K, 68% used [0x0000000686800000,0x00000006a484ab48,0x00000006b2930000)
 PSPermGen       total 40448K, used 29761K [0x0000000681600000, 0x0000000683d80000, 0x0000000686800000)
  object space 40448K, 73% used [0x0000000681600000,0x00000006833104b0,0x0000000683d80000)
}
Total time for which application threads were stopped: 0.1371360 seconds
Application time: 3.6533030 seconds
{Heap before GC invocations=47 (full 6):
 PSYoungGen      total 1433152K, used 1288333K [0x00000007822b0000, 0x0000000800000000, 0x0000000800000000)
  eden space 878272K, 100% used [0x00000007822b0000,0x00000007b7c60000,0x00000007b7c60000)
  from space 554880K, 73% used [0x00000007dd120000,0x00000007f6193520,0x00000007fef00000)
  to   space 591680K, 0% used [0x00000007b7c60000,0x00000007b7c60000,0x00000007dbe30000)
 PSOldGen        total 722112K, used 491818K [0x0000000686800000, 0x00000006b2930000, 0x00000007822b0000)
  object space 722112K, 68% used [0x0000000686800000,0x00000006a484ab48,0x00000006b2930000)
 PSPermGen       total 40448K, used 29924K [0x0000000681600000, 0x0000000683d80000, 0x0000000686800000)
  object space 40448K, 73% used [0x0000000681600000,0x0000000683339070,0x0000000683d80000)
1089.785: [GC [PSYoungGen: 1288333K->53621K(1469952K)] 1780152K->567569K(2192064K), 0.1866760 secs] [Times: user=1.19 sys=0.02, real=0.18 secs] 
Heap after GC invocations=47 (full 6):
 PSYoungGen      total 1469952K, used 53621K [0x00000007822b0000, 0x0000000800000000, 0x0000000800000000)
  eden space 878272K, 0% used [0x00000007822b0000,0x00000007822b0000,0x00000007b7c60000)
  from space 591680K, 9% used [0x00000007b7c60000,0x00000007bb0bd5c0,0x00000007dbe30000)
  to   space 587968K, 0% used [0x00000007dc1d0000,0x00000007dc1d0000,0x0000000800000000)
 PSOldGen        total 722112K, used 513947K [0x0000000686800000, 0x00000006b2930000, 0x00000007822b0000)
  object space 722112K, 71% used [0x0000000686800000,0x00000006a5de6e78,0x00000006b2930000)
 PSPermGen       total 40448K, used 29924K [0x0000000681600000, 0x0000000683d80000, 0x0000000686800000)
  object space 40448K, 73% used [0x0000000681600000,0x0000000683339070,0x0000000683d80000)
}
Total time for which application threads were stopped: 0.1876430 seconds
Application time: 1.7292590 seconds
{Heap before GC invocations=48 (full 6):
 PSYoungGen      total 1469952K, used 931893K [0x00000007822b0000, 0x0000000800000000, 0x0000000800000000)
  eden space 878272K, 100% used [0x00000007822b0000,0x00000007b7c60000,0x00000007b7c60000)
  from space 591680K, 9% used [0x00000007b7c60000,0x00000007bb0bd5c0,0x00000007dbe30000)
  to   space 587968K, 0% used [0x00000007dc1d0000,0x00000007dc1d0000,0x0000000800000000)
 PSOldGen        total 722112K, used 513947K [0x0000000686800000, 0x00000006b2930000, 0x00000007822b0000)
  object space 722112K, 71% used [0x0000000686800000,0x00000006a5de6e78,0x00000006b2930000)
 PSPermGen       total 40448K, used 30539K [0x0000000681600000, 0x0000000683d80000, 0x0000000686800000)
  object space 40448K, 75% used [0x0000000681600000,0x00000006833d2df8,0x0000000683d80000)
1091.702: [GC [PSYoungGen: 931893K->404657K(1410816K)] 1445841K->946506K(2132928K), 0.1152130 secs] [Times: user=0.74 sys=0.00, real=0.12 secs] 
Heap after GC invocations=48 (full 6):
 PSYoungGen      total 1410816K, used 404657K [0x00000007822b0000, 0x0000000800000000, 0x0000000800000000)
  eden space 822848K, 0% used [0x00000007822b0000,0x00000007822b0000,0x00000007b4640000)
  from space 587968K, 68% used [0x00000007dc1d0000,0x00000007f4cfc750,0x0000000800000000)
  to   space 619392K, 0% used [0x00000007b4640000,0x00000007b4640000,0x00000007da320000)
 PSOldGen        total 722112K, used 541848K [0x0000000686800000, 0x00000006b2930000, 0x00000007822b0000)
  object space 722112K, 75% used [0x0000000686800000,0x00000006a79261c8,0x00000006b2930000)
 PSPermGen       total 40448K, used 30539K [0x0000000681600000, 0x0000000683d80000, 0x0000000686800000)
  object space 40448K, 75% used [0x0000000681600000,0x00000006833d2df8,0x0000000683d80000)
}
Total time for which application threads were stopped: 0.1162160 seconds
Application time: 3.9356820 seconds
{Heap before GC invocations=49 (full 6):
 PSYoungGen      total 1410816K, used 1227505K [0x00000007822b0000, 0x0000000800000000, 0x0000000800000000)
  eden space 822848K, 100% used [0x00000007822b0000,0x00000007b4640000,0x00000007b4640000)
  from space 587968K, 68% used [0x00000007dc1d0000,0x00000007f4cfc750,0x0000000800000000)
  to   space 619392K, 0% used [0x00000007b4640000,0x00000007b4640000,0x00000007da320000)
 PSOldGen        total 722112K, used 541848K [0x0000000686800000, 0x00000006b2930000, 0x00000007822b0000)
  object space 722112K, 75% used [0x0000000686800000,0x00000006a79261c8,0x00000006b2930000)
 PSPermGen       total 40448K, used 30764K [0x0000000681600000, 0x0000000683d80000, 0x0000000686800000)
  object space 40448K, 76% used [0x0000000681600000,0x000000068340b1f8,0x0000000683d80000)
1095.754: [GC [PSYoungGen: 1227505K->159277K(1442240K)] 1769354K->726066K(2164352K), 0.1637750 secs] [Times: user=1.07 sys=0.00, real=0.16 secs] 
Heap after GC invocations=49 (full 6):
 PSYoungGen      total 1442240K, used 159277K [0x00000007822b0000, 0x00000007feed0000, 0x0000000800000000)
  eden space 822848K, 0% used [0x00000007822b0000,0x00000007822b0000,0x00000007b4640000)
  from space 619392K, 25% used [0x00000007b4640000,0x00000007be1cb630,0x00000007da320000)
  to   space 594880K, 0% used [0x00000007da9e0000,0x00000007da9e0000,0x00000007feed0000)
 PSOldGen        total 722112K, used 566788K [0x0000000686800000, 0x00000006b2930000, 0x00000007822b0000)
  object space 722112K, 78% used [0x0000000686800000,0x00000006a9181248,0x00000006b2930000)
 PSPermGen       total 40448K, used 30764K [0x0000000681600000, 0x0000000683d80000, 0x0000000686800000)
  object space 40448K, 76% used [0x0000000681600000,0x000000068340b1f8,0x0000000683d80000)
}
Total time for which application threads were stopped: 0.1646390 seconds
Application time: 1.9808820 seconds
{Heap before GC invocations=50 (full 6):
 PSYoungGen      total 1442240K, used 982125K [0x00000007822b0000, 0x00000007feed0000, 0x0000000800000000)
  eden space 822848K, 100% used [0x00000007822b0000,0x00000007b4640000,0x00000007b4640000)
  from space 619392K, 25% used [0x00000007b4640000,0x00000007be1cb630,0x00000007da320000)
  to   space 594880K, 0% used [0x00000007da9e0000,0x00000007da9e0000,0x00000007feed0000)
 PSOldGen        total 722112K, used 566788K [0x0000000686800000, 0x00000006b2930000, 0x00000007822b0000)
  object space 722112K, 78% used [0x0000000686800000,0x00000006a9181248,0x00000006b2930000)
 PSPermGen       total 40448K, used 31157K [0x0000000681600000, 0x0000000683d80000, 0x0000000686800000)
  object space 40448K, 77% used [0x0000000681600000,0x000000068346d538,0x0000000683d80000)
1097.899: [GC [PSYoungGen: 982125K->188561K(1376960K)] 1548914K->830153K(2099072K), 0.1335250 secs] [Times: user=0.83 sys=0.00, real=0.13 secs] 
Heap after GC invocations=50 (full 6):
 PSYoungGen      total 1376960K, used 188561K [0x00000007822b0000, 0x00000007faf10000, 0x0000000800000000)
  eden space 847360K, 0% used [0x00000007822b0000,0x00000007822b0000,0x00000007b5e30000)
  from space 529600K, 35% used [0x00000007da9e0000,0x00000007e62046c0,0x00000007faf10000)
  to   space 565696K, 0% used [0x00000007b5e30000,0x00000007b5e30000,0x00000007d86a0000)
 PSOldGen        total 722112K, used 641591K [0x0000000686800000, 0x00000006b2930000, 0x00000007822b0000)
  object space 722112K, 88% used [0x0000000686800000,0x00000006ada8ddf8,0x00000006b2930000)
 PSPermGen       total 40448K, used 31157K [0x0000000681600000, 0x0000000683d80000, 0x0000000686800000)
  object space 40448K, 77% used [0x0000000681600000,0x000000068346d538,0x0000000683d80000)
}
{Heap before GC invocations=51 (full 7):
 PSYoungGen      total 1376960K, used 188561K [0x00000007822b0000, 0x00000007faf10000, 0x0000000800000000)
  eden space 847360K, 0% used [0x00000007822b0000,0x00000007822b0000,0x00000007b5e30000)
  from space 529600K, 35% used [0x00000007da9e0000,0x00000007e62046c0,0x00000007faf10000)
  to   space 565696K, 0% used [0x00000007b5e30000,0x00000007b5e30000,0x00000007d86a0000)
 PSOldGen        total 722112K, used 641591K [0x0000000686800000, 0x00000006b2930000, 0x00000007822b0000)
  object space 722112K, 88% used [0x0000000686800000,0x00000006ada8ddf8,0x00000006b2930000)
 PSPermGen       total 40448K, used 31157K [0x0000000681600000, 0x0000000683d80000, 0x0000000686800000)
  object space 40448K, 77% used [0x0000000681600000,0x000000068346d538,0x0000000683d80000)
1098.033: [Full GC [PSYoungGen: 188561K->0K(1376960K)] [PSOldGen: 641591K->300118K(591552K)] 830153K->300118K(1968512K) [PSPermGen: 31157K->26270K(37760K)], 0.3418570 secs] [Times: user=0.34 sys=0.00, real=0.35 secs] 
Heap after GC invocations=51 (full 7):
 PSYoungGen      total 1376960K, used 0K [0x00000007822b0000, 0x00000007faf10000, 0x0000000800000000)
  eden space 847360K, 0% used [0x00000007822b0000,0x00000007822b0000,0x00000007b5e30000)
  from space 529600K, 0% used [0x00000007da9e0000,0x00000007da9e0000,0x00000007faf10000)
  to   space 565696K, 0% used [0x00000007b5e30000,0x00000007b5e30000,0x00000007d86a0000)
 PSOldGen        total 591552K, used 300118K [0x0000000686800000, 0x00000006aa9b0000, 0x00000007822b0000)
  object space 591552K, 50% used [0x0000000686800000,0x0000000698d159b8,0x00000006aa9b0000)
 PSPermGen       total 37760K, used 26270K [0x0000000681600000, 0x0000000683ae0000, 0x0000000686800000)
  object space 37760K, 69% used [0x0000000681600000,0x0000000682fa78b0,0x0000000683ae0000)
}
Total time for which application threads were stopped: 0.4764760 seconds
Application time: 2.7483570 seconds
{Heap before GC invocations=52 (full 7):
 PSYoungGen      total 1376960K, used 847360K [0x00000007822b0000, 0x00000007faf10000, 0x0000000800000000)
  eden space 847360K, 100% used [0x00000007822b0000,0x00000007b5e30000,0x00000007b5e30000)
  from space 529600K, 0% used [0x00000007da9e0000,0x00000007da9e0000,0x00000007faf10000)
  to   space 565696K, 0% used [0x00000007b5e30000,0x00000007b5e30000,0x00000007d86a0000)
 PSOldGen        total 591552K, used 300118K [0x0000000686800000, 0x00000006aa9b0000, 0x00000007822b0000)
  object space 591552K, 50% used [0x0000000686800000,0x0000000698d159b8,0x00000006aa9b0000)
 PSPermGen       total 37760K, used 26692K [0x0000000681600000, 0x0000000683ae0000, 0x0000000686800000)
  object space 37760K, 70% used [0x0000000681600000,0x0000000683011270,0x0000000683ae0000)
1101.124: [GC [PSYoungGen: 847360K->272458K(1413056K)] 1147478K->572576K(2004608K), 0.1506050 secs] [Times: user=1.04 sys=0.01, real=0.16 secs] 
Heap after GC invocations=52 (full 7):
 PSYoungGen      total 1413056K, used 272458K [0x00000007822b0000, 0x0000000800000000, 0x0000000800000000)
  eden space 847360K, 0% used [0x00000007822b0000,0x00000007822b0000,0x00000007b5e30000)
  from space 565696K, 48% used [0x00000007b5e30000,0x00000007c6842820,0x00000007d86a0000)
  to   space 548736K, 0% used [0x00000007de820000,0x00000007de820000,0x0000000800000000)
 PSOldGen        total 591552K, used 300118K [0x0000000686800000, 0x00000006aa9b0000, 0x00000007822b0000)
  object space 591552K, 50% used [0x0000000686800000,0x0000000698d159b8,0x00000006aa9b0000)
 PSPermGen       total 37760K, used 26692K [0x0000000681600000, 0x0000000683ae0000, 0x0000000686800000)
  object space 37760K, 70% used [0x0000000681600000,0x0000000683011270,0x0000000683ae0000)
}
Total time for which application threads were stopped: 0.1515460 seconds
Application time: 2.2809590 seconds
{Heap before GC invocations=53 (full 7):
 PSYoungGen      total 1413056K, used 1119818K [0x00000007822b0000, 0x0000000800000000, 0x0000000800000000)
  eden space 847360K, 100% used [0x00000007822b0000,0x00000007b5e30000,0x00000007b5e30000)
  from space 565696K, 48% used [0x00000007b5e30000,0x00000007c6842820,0x00000007d86a0000)
  to   space 548736K, 0% used [0x00000007de820000,0x00000007de820000,0x0000000800000000)
 PSOldGen        total 591552K, used 300118K [0x0000000686800000, 0x00000006aa9b0000, 0x00000007822b0000)
  object space 591552K, 50% used [0x0000000686800000,0x0000000698d159b8,0x00000006aa9b0000)
 PSPermGen       total 37760K, used 26968K [0x0000000681600000, 0x0000000683ae0000, 0x0000000686800000)
  object space 37760K, 71% used [0x0000000681600000,0x0000000683056330,0x0000000683ae0000)
1103.557: [GC [PSYoungGen: 1119818K->66175K(1471552K)] 1419936K->415057K(2063104K), 0.1632390 secs] [Times: user=1.05 sys=0.02, real=0.16 secs] 
Heap after GC invocations=53 (full 7):
 PSYoungGen      total 1471552K, used 66175K [0x00000007822b0000, 0x00000007fe830000, 0x0000000800000000)
  eden space 947200K, 0% used [0x00000007822b0000,0x00000007822b0000,0x00000007bbfb0000)
  from space 524352K, 12% used [0x00000007de820000,0x00000007e28bfe50,0x00000007fe830000)
  to   space 545024K, 0% used [0x00000007bbfb0000,0x00000007bbfb0000,0x00000007dd3f0000)
 PSOldGen        total 591552K, used 348882K [0x0000000686800000, 0x00000006aa9b0000, 0x00000007822b0000)
  object space 591552K, 58% used [0x0000000686800000,0x000000069bcb4958,0x00000006aa9b0000)
 PSPermGen       total 37760K, used 26968K [0x0000000681600000, 0x0000000683ae0000, 0x0000000686800000)
  object space 37760K, 71% used [0x0000000681600000,0x0000000683056330,0x0000000683ae0000)
}
Total time for which application threads were stopped: 0.1644430 seconds
Application time: 3.2427720 seconds
{Heap before GC invocations=54 (full 7):
 PSYoungGen      total 1471552K, used 1013375K [0x00000007822b0000, 0x00000007fe830000, 0x0000000800000000)
  eden space 947200K, 100% used [0x00000007822b0000,0x00000007bbfb0000,0x00000007bbfb0000)
  from space 524352K, 12% used [0x00000007de820000,0x00000007e28bfe50,0x00000007fe830000)
  to   space 545024K, 0% used [0x00000007bbfb0000,0x00000007bbfb0000,0x00000007dd3f0000)
 PSOldGen        total 591552K, used 348882K [0x0000000686800000, 0x00000006aa9b0000, 0x00000007822b0000)
  object space 591552K, 58% used [0x0000000686800000,0x000000069bcb4958,0x00000006aa9b0000)
 PSPermGen       total 37760K, used 27694K [0x0000000681600000, 0x0000000683ae0000, 0x0000000686800000)
  object space 37760K, 73% used [0x0000000681600000,0x000000068310ba70,0x0000000683ae0000)
1106.964: [GC [PSYoungGen: 1013375K->446632K(1393856K)] 1362257K->802552K(1985408K), 0.1269510 secs] [Times: user=0.88 sys=0.00, real=0.13 secs] 
Heap after GC invocations=54 (full 7):
 PSYoungGen      total 1393856K, used 446632K [0x00000007822b0000, 0x0000000800000000, 0x0000000800000000)
  eden space 947200K, 0% used [0x00000007822b0000,0x00000007822b0000,0x00000007bbfb0000)
  from space 446656K, 99% used [0x00000007bbfb0000,0x00000007d73da1b0,0x00000007d73e0000)
  to   space 597824K, 0% used [0x00000007db830000,0x00000007db830000,0x0000000800000000)
 PSOldGen        total 591552K, used 355920K [0x0000000686800000, 0x00000006aa9b0000, 0x00000007822b0000)
  object space 591552K, 60% used [0x0000000686800000,0x000000069c394068,0x00000006aa9b0000)
 PSPermGen       total 37760K, used 27694K [0x0000000681600000, 0x0000000683ae0000, 0x0000000686800000)
  object space 37760K, 73% used [0x0000000681600000,0x000000068310ba70,0x0000000683ae0000)
}
Total time for which application threads were stopped: 0.1279880 seconds
Application time: 185.2268740 seconds
{Heap before GC invocations=55 (full 7):
 PSYoungGen      total 1393856K, used 1393832K [0x00000007822b0000, 0x0000000800000000, 0x0000000800000000)
  eden space 947200K, 100% used [0x00000007822b0000,0x00000007bbfb0000,0x00000007bbfb0000)
  from space 446656K, 99% used [0x00000007bbfb0000,0x00000007d73da1b0,0x00000007d73e0000)
  to   space 597824K, 0% used [0x00000007db830000,0x00000007db830000,0x0000000800000000)
 PSOldGen        total 591552K, used 355920K [0x0000000686800000, 0x00000006aa9b0000, 0x00000007822b0000)
  object space 591552K, 60% used [0x0000000686800000,0x000000069c394068,0x00000006aa9b0000)
 PSPermGen       total 37760K, used 27904K [0x0000000681600000, 0x0000000683ae0000, 0x0000000686800000)
  object space 37760K, 73% used [0x0000000681600000,0x00000006831400c0,0x0000000683ae0000)
1292.319: [GC [PSYoungGen: 1393832K->94873K(1475520K)] 1749752K->472757K(2067072K), 0.1952790 secs] [Times: user=1.22 sys=0.00, real=0.19 secs] 
Heap after GC invocations=55 (full 7):
 PSYoungGen      total 1475520K, used 94873K [0x00000007822b0000, 0x0000000800000000, 0x0000000800000000)
  eden space 877696K, 0% used [0x00000007822b0000,0x00000007822b0000,0x00000007b7bd0000)
  from space 597824K, 15% used [0x00000007db830000,0x00000007e14d6680,0x0000000800000000)
  to   space 586112K, 0% used [0x00000007b7bd0000,0x00000007b7bd0000,0x00000007db830000)
 PSOldGen        total 591552K, used 377883K [0x0000000686800000, 0x00000006aa9b0000, 0x00000007822b0000)
  object space 591552K, 63% used [0x0000000686800000,0x000000069d906e68,0x00000006aa9b0000)
 PSPermGen       total 37760K, used 27904K [0x0000000681600000, 0x0000000683ae0000, 0x0000000686800000)
  object space 37760K, 73% used [0x0000000681600000,0x00000006831400c0,0x0000000683ae0000)
}
Total time for which application threads were stopped: 0.1961530 seconds
Application time: 1.8837080 seconds
{Heap before GC invocations=56 (full 7):
 PSYoungGen      total 1475520K, used 972569K [0x00000007822b0000, 0x0000000800000000, 0x0000000800000000)
  eden space 877696K, 100% used [0x00000007822b0000,0x00000007b7bd0000,0x00000007b7bd0000)
  from space 597824K, 15% used [0x00000007db830000,0x00000007e14d6680,0x0000000800000000)
  to   space 586112K, 0% used [0x00000007b7bd0000,0x00000007b7bd0000,0x00000007db830000)
 PSOldGen        total 591552K, used 377883K [0x0000000686800000, 0x00000006aa9b0000, 0x00000007822b0000)
  object space 591552K, 63% used [0x0000000686800000,0x000000069d906e68,0x00000006aa9b0000)
 PSPermGen       total 37760K, used 28482K [0x0000000681600000, 0x0000000683ae0000, 0x0000000686800000)
  object space 37760K, 75% used [0x0000000681600000,0x00000006831d0900,0x0000000683ae0000)
1294.400: [GC [PSYoungGen: 972569K->375103K(1252800K)] 1350453K->815791K(1844352K), 0.1352200 secs] [Times: user=0.94 sys=0.00, real=0.14 secs] 
Heap after GC invocations=56 (full 7):
 PSYoungGen      total 1252800K, used 375103K [0x00000007822b0000, 0x0000000800000000, 0x0000000800000000)
  eden space 877696K, 0% used [0x00000007822b0000,0x00000007822b0000,0x00000007b7bd0000)
  from space 375104K, 99% used [0x00000007b7bd0000,0x00000007cea1fe40,0x00000007cea20000)
  to   space 605952K, 0% used [0x00000007db040000,0x00000007db040000,0x0000000800000000)
 PSOldGen        total 591552K, used 440688K [0x0000000686800000, 0x00000006aa9b0000, 0x00000007822b0000)
  object space 591552K, 74% used [0x0000000686800000,0x00000006a165c1b8,0x00000006aa9b0000)
 PSPermGen       total 37760K, used 28482K [0x0000000681600000, 0x0000000683ae0000, 0x0000000686800000)
  object space 37760K, 75% used [0x0000000681600000,0x00000006831d0900,0x0000000683ae0000)
}
Total time for which application threads were stopped: 0.1374730 seconds
Application time: 3.5877260 seconds
{Heap before GC invocations=57 (full 7):
 PSYoungGen      total 1252800K, used 1252799K [0x00000007822b0000, 0x0000000800000000, 0x0000000800000000)
  eden space 877696K, 100% used [0x00000007822b0000,0x00000007b7bd0000,0x00000007b7bd0000)
  from space 375104K, 99% used [0x00000007b7bd0000,0x00000007cea1fe40,0x00000007cea20000)
  to   space 605952K, 0% used [0x00000007db040000,0x00000007db040000,0x0000000800000000)
 PSOldGen        total 591552K, used 440688K [0x0000000686800000, 0x00000006aa9b0000, 0x00000007822b0000)
  object space 591552K, 74% used [0x0000000686800000,0x00000006a165c1b8,0x00000006aa9b0000)
 PSPermGen       total 37760K, used 28814K [0x0000000681600000, 0x0000000683ae0000, 0x0000000686800000)
  object space 37760K, 76% used [0x0000000681600000,0x0000000683223b80,0x0000000683ae0000)
1298.124: [GC [PSYoungGen: 1252799K->228586K(1490688K)] 1693487K->692861K(2082240K), 0.1563570 secs] [Times: user=0.97 sys=0.01, real=0.16 secs] 
Heap after GC invocations=57 (full 7):
 PSYoungGen      total 1490688K, used 228586K [0x00000007822b0000, 0x0000000800000000, 0x0000000800000000)
  eden space 884736K, 0% used [0x00000007822b0000,0x00000007822b0000,0x00000007b82b0000)
  from space 605952K, 37% used [0x00000007db040000,0x00000007e8f7ab60,0x0000000800000000)
  to   space 570944K, 0% used [0x00000007b82b0000,0x00000007b82b0000,0x00000007db040000)
 PSOldGen        total 591552K, used 464274K [0x0000000686800000, 0x00000006aa9b0000, 0x00000007822b0000)
  object space 591552K, 78% used [0x0000000686800000,0x00000006a2d64a38,0x00000006aa9b0000)
 PSPermGen       total 37760K, used 28814K [0x0000000681600000, 0x0000000683ae0000, 0x0000000686800000)
  object space 37760K, 76% used [0x0000000681600000,0x0000000683223b80,0x0000000683ae0000)
}
Total time for which application threads were stopped: 0.1572950 seconds
Application time: 2.3303010 seconds
{Heap before GC invocations=58 (full 7):
 PSYoungGen      total 1490688K, used 1113322K [0x00000007822b0000, 0x0000000800000000, 0x0000000800000000)
  eden space 884736K, 100% used [0x00000007822b0000,0x00000007b82b0000,0x00000007b82b0000)
  from space 605952K, 37% used [0x00000007db040000,0x00000007e8f7ab60,0x0000000800000000)
  to   space 570944K, 0% used [0x00000007b82b0000,0x00000007b82b0000,0x00000007db040000)
 PSOldGen        total 591552K, used 464274K [0x0000000686800000, 0x00000006aa9b0000, 0x00000007822b0000)
  object space 591552K, 78% used [0x0000000686800000,0x00000006a2d64a38,0x00000006aa9b0000)
 PSPermGen       total 37760K, used 29167K [0x0000000681600000, 0x0000000683ae0000, 0x0000000686800000)
  object space 37760K, 77% used [0x0000000681600000,0x000000068327bf00,0x0000000683ae0000)
1300.612: [GC [PSYoungGen: 1113322K->127676K(1012416K)] 1577597K->697032K(1603968K), 0.1553610 secs] [Times: user=0.97 sys=0.01, real=0.16 secs] 
Heap after GC invocations=58 (full 7):
 PSYoungGen      total 1012416K, used 127676K [0x00000007822b0000, 0x00000007fc150000, 0x0000000800000000)
  eden space 884736K, 0% used [0x00000007822b0000,0x00000007822b0000,0x00000007b82b0000)
  from space 127680K, 99% used [0x00000007b82b0000,0x00000007bff5f380,0x00000007bff60000)
  to   space 556352K, 0% used [0x00000007da200000,0x00000007da200000,0x00000007fc150000)
 PSOldGen        total 591552K, used 569355K [0x0000000686800000, 0x00000006aa9b0000, 0x00000007822b0000)
  object space 591552K, 96% used [0x0000000686800000,0x00000006a9402fd8,0x00000006aa9b0000)
 PSPermGen       total 37760K, used 29167K [0x0000000681600000, 0x0000000683ae0000, 0x0000000686800000)
  object space 37760K, 77% used [0x0000000681600000,0x000000068327bf00,0x0000000683ae0000)
}
{Heap before GC invocations=59 (full 8):
 PSYoungGen      total 1012416K, used 127676K [0x00000007822b0000, 0x00000007fc150000, 0x0000000800000000)
  eden space 884736K, 0% used [0x00000007822b0000,0x00000007822b0000,0x00000007b82b0000)
  from space 127680K, 99% used [0x00000007b82b0000,0x00000007bff5f380,0x00000007bff60000)
  to   space 556352K, 0% used [0x00000007da200000,0x00000007da200000,0x00000007fc150000)
 PSOldGen        total 591552K, used 569355K [0x0000000686800000, 0x00000006aa9b0000, 0x00000007822b0000)
  object space 591552K, 96% used [0x0000000686800000,0x00000006a9402fd8,0x00000006aa9b0000)
 PSPermGen       total 37760K, used 29167K [0x0000000681600000, 0x0000000683ae0000, 0x0000000686800000)
  object space 37760K, 77% used [0x0000000681600000,0x000000068327bf00,0x0000000683ae0000)
1300.767: [Full GC [PSYoungGen: 127676K->0K(1012416K)] [PSOldGen: 569355K->242706K(557632K)] 697032K->242706K(1570048K) [PSPermGen: 29167K->20366K(30976K)], 0.3198730 secs] [Times: user=0.31 sys=0.00, real=0.32 secs] 
Heap after GC invocations=59 (full 8):
 PSYoungGen      total 1012416K, used 0K [0x00000007822b0000, 0x00000007fc150000, 0x0000000800000000)
  eden space 884736K, 0% used [0x00000007822b0000,0x00000007822b0000,0x00000007b82b0000)
  from space 127680K, 0% used [0x00000007b82b0000,0x00000007b82b0000,0x00000007bff60000)
  to   space 556352K, 0% used [0x00000007da200000,0x00000007da200000,0x00000007fc150000)
 PSOldGen        total 557632K, used 242706K [0x0000000686800000, 0x00000006a8890000, 0x00000007822b0000)
  object space 557632K, 43% used [0x0000000686800000,0x00000006955049c8,0x00000006a8890000)
 PSPermGen       total 30976K, used 20366K [0x0000000681600000, 0x0000000683440000, 0x0000000686800000)
  object space 30976K, 65% used [0x0000000681600000,0x00000006829e3968,0x0000000683440000)
}
Total time for which application threads were stopped: 0.4762390 seconds
Application time: 3.4354980 seconds
{Heap before GC invocations=60 (full 8):
 PSYoungGen      total 1012416K, used 884736K [0x00000007822b0000, 0x00000007fc150000, 0x0000000800000000)
  eden space 884736K, 100% used [0x00000007822b0000,0x00000007b82b0000,0x00000007b82b0000)
  from space 127680K, 0% used [0x00000007b82b0000,0x00000007b82b0000,0x00000007bff60000)
  to   space 556352K, 0% used [0x00000007da200000,0x00000007da200000,0x00000007fc150000)
 PSOldGen        total 557632K, used 242706K [0x0000000686800000, 0x00000006a8890000, 0x00000007822b0000)
  object space 557632K, 43% used [0x0000000686800000,0x00000006955049c8,0x00000006a8890000)
 PSPermGen       total 30976K, used 20995K [0x0000000681600000, 0x0000000683440000, 0x0000000686800000)
  object space 30976K, 67% used [0x0000000681600000,0x0000000682a80ce8,0x0000000683440000)
1304.523: [GC [PSYoungGen: 884736K->406263K(1407616K)] 1127442K->648969K(1965248K), 0.1200690 secs] [Times: user=0.78 sys=0.01, real=0.12 secs] 
Heap after GC invocations=60 (full 8):
 PSYoungGen      total 1407616K, used 406263K [0x00000007822b0000, 0x0000000800000000, 0x0000000800000000)
  eden space 851264K, 0% used [0x00000007822b0000,0x00000007822b0000,0x00000007b6200000)
  from space 556352K, 73% used [0x00000007da200000,0x00000007f2ebdc30,0x00000007fc150000)
  to   space 589824K, 0% used [0x00000007b6200000,0x00000007b6200000,0x00000007da200000)
 PSOldGen        total 557632K, used 242706K [0x0000000686800000, 0x00000006a8890000, 0x00000007822b0000)
  object space 557632K, 43% used [0x0000000686800000,0x00000006955049c8,0x00000006a8890000)
 PSPermGen       total 30976K, used 20995K [0x0000000681600000, 0x0000000683440000, 0x0000000686800000)
  object space 30976K, 67% used [0x0000000681600000,0x0000000682a80ce8,0x0000000683440000)
}
Total time for which application threads were stopped: 0.1211580 seconds
Application time: 2.9941690 seconds
{Heap before GC invocations=61 (full 8):
 PSYoungGen      total 1407616K, used 1257527K [0x00000007822b0000, 0x0000000800000000, 0x0000000800000000)
  eden space 851264K, 100% used [0x00000007822b0000,0x00000007b6200000,0x00000007b6200000)
  from space 556352K, 73% used [0x00000007da200000,0x00000007f2ebdc30,0x00000007fc150000)
  to   space 589824K, 0% used [0x00000007b6200000,0x00000007b6200000,0x00000007da200000)
 PSOldGen        total 557632K, used 242706K [0x0000000686800000, 0x00000006a8890000, 0x00000007822b0000)
  object space 557632K, 43% used [0x0000000686800000,0x00000006955049c8,0x00000006a8890000)
 PSPermGen       total 30976K, used 21163K [0x0000000681600000, 0x0000000683440000, 0x0000000686800000)
  object space 30976K, 68% used [0x0000000681600000,0x0000000682aaace8,0x0000000683440000)
1307.639: [GC [PSYoungGen: 1257527K->42238K(1441088K)] 1500233K->305971K(1998720K), 0.1759120 secs] [Times: user=1.11 sys=0.00, real=0.18 secs] 
Heap after GC invocations=61 (full 8):
 PSYoungGen      total 1441088K, used 42238K [0x00000007822b0000, 0x0000000800000000, 0x0000000800000000)
  eden space 851264K, 0% used [0x00000007822b0000,0x00000007822b0000,0x00000007b6200000)
  from space 589824K, 7% used [0x00000007b6200000,0x00000007b8b3fa50,0x00000007da200000)
  to   space 589760K, 0% used [0x00000007dc010000,0x00000007dc010000,0x0000000800000000)
 PSOldGen        total 557632K, used 263732K [0x0000000686800000, 0x00000006a8890000, 0x00000007822b0000)
  object space 557632K, 47% used [0x0000000686800000,0x000000069698d2b8,0x00000006a8890000)
 PSPermGen       total 30976K, used 21163K [0x0000000681600000, 0x0000000683440000, 0x0000000686800000)
  object space 30976K, 68% used [0x0000000681600000,0x0000000682aaace8,0x0000000683440000)
}
Total time for which application threads were stopped: 0.1768910 seconds
Application time: 2.0403700 seconds
{Heap before GC invocations=62 (full 8):
 PSYoungGen      total 1441088K, used 893502K [0x00000007822b0000, 0x0000000800000000, 0x0000000800000000)
  eden space 851264K, 100% used [0x00000007822b0000,0x00000007b6200000,0x00000007b6200000)
  from space 589824K, 7% used [0x00000007b6200000,0x00000007b8b3fa50,0x00000007da200000)
  to   space 589760K, 0% used [0x00000007dc010000,0x00000007dc010000,0x0000000800000000)
 PSOldGen        total 557632K, used 263732K [0x0000000686800000, 0x00000006a8890000, 0x00000007822b0000)
  object space 557632K, 47% used [0x0000000686800000,0x000000069698d2b8,0x00000006a8890000)
 PSPermGen       total 30976K, used 21921K [0x0000000681600000, 0x0000000683440000, 0x0000000686800000)
  object space 30976K, 70% used [0x0000000681600000,0x0000000682b68528,0x0000000683440000)
1309.856: [GC [PSYoungGen: 893502K->487008K(1350656K)] 1157235K->754850K(1908288K), 0.1071850 secs] [Times: user=0.77 sys=0.02, real=0.10 secs] 
Heap after GC invocations=62 (full 8):
 PSYoungGen      total 1350656K, used 487008K [0x00000007822b0000, 0x0000000800000000, 0x0000000800000000)
  eden space 760896K, 0% used [0x00000007822b0000,0x00000007822b0000,0x00000007b09c0000)
  from space 589760K, 82% used [0x00000007dc010000,0x00000007f9ba8350,0x0000000800000000)
  to   space 650368K, 0% used [0x00000007b09c0000,0x00000007b09c0000,0x00000007d84e0000)
 PSOldGen        total 557632K, used 267841K [0x0000000686800000, 0x00000006a8890000, 0x00000007822b0000)
  object space 557632K, 48% used [0x0000000686800000,0x0000000696d905d8,0x00000006a8890000)
 PSPermGen       total 30976K, used 21921K [0x0000000681600000, 0x0000000683440000, 0x0000000686800000)
  object space 30976K, 70% used [0x0000000681600000,0x0000000682b68528,0x0000000683440000)
}
Total time for which application threads were stopped: 0.1085410 seconds
Application time: 2.6689150 seconds
{Heap before GC invocations=63 (full 8):
 PSYoungGen      total 1350656K, used 1247904K [0x00000007822b0000, 0x0000000800000000, 0x0000000800000000)
  eden space 760896K, 100% used [0x00000007822b0000,0x00000007b09c0000,0x00000007b09c0000)
  from space 589760K, 82% used [0x00000007dc010000,0x00000007f9ba8350,0x0000000800000000)
  to   space 650368K, 0% used [0x00000007b09c0000,0x00000007b09c0000,0x00000007d84e0000)
 PSOldGen        total 557632K, used 267841K [0x0000000686800000, 0x00000006a8890000, 0x00000007822b0000)
  object space 557632K, 48% used [0x0000000686800000,0x0000000696d905d8,0x00000006a8890000)
 PSPermGen       total 30976K, used 21961K [0x0000000681600000, 0x0000000683440000, 0x0000000686800000)
  object space 30976K, 70% used [0x0000000681600000,0x0000000682b724e8,0x0000000683440000)
1312.633: [GC [PSYoungGen: 1247904K->24762K(1411264K)] 1515746K->350780K(1968896K), 0.1756070 secs] [Times: user=1.11 sys=0.01, real=0.18 secs] 
Heap after GC invocations=63 (full 8):
 PSYoungGen      total 1411264K, used 24762K [0x00000007822b0000, 0x0000000800000000, 0x0000000800000000)
  eden space 760896K, 0% used [0x00000007822b0000,0x00000007822b0000,0x00000007b09c0000)
  from space 650368K, 3% used [0x00000007b09c0000,0x00000007b21eeb80,0x00000007d84e0000)
  to   space 648768K, 0% used [0x00000007d8670000,0x00000007d8670000,0x0000000800000000)
 PSOldGen        total 557632K, used 326017K [0x0000000686800000, 0x00000006a8890000, 0x00000007822b0000)
  object space 557632K, 58% used [0x0000000686800000,0x000000069a660748,0x00000006a8890000)
 PSPermGen       total 30976K, used 21961K [0x0000000681600000, 0x0000000683440000, 0x0000000686800000)
  object space 30976K, 70% used [0x0000000681600000,0x0000000682b724e8,0x0000000683440000)
}
Total time for which application threads were stopped: 0.1765690 seconds
Application time: 2.2598680 seconds
{Heap before GC invocations=64 (full 8):
 PSYoungGen      total 1411264K, used 785658K [0x00000007822b0000, 0x0000000800000000, 0x0000000800000000)
  eden space 760896K, 100% used [0x00000007822b0000,0x00000007b09c0000,0x00000007b09c0000)
  from space 650368K, 3% used [0x00000007b09c0000,0x00000007b21eeb80,0x00000007d84e0000)
  to   space 648768K, 0% used [0x00000007d8670000,0x00000007d8670000,0x0000000800000000)
 PSOldGen        total 557632K, used 326017K [0x0000000686800000, 0x00000006a8890000, 0x00000007822b0000)
  object space 557632K, 58% used [0x0000000686800000,0x000000069a660748,0x00000006a8890000)
 PSPermGen       total 30976K, used 22675K [0x0000000681600000, 0x0000000683440000, 0x0000000686800000)
  object space 30976K, 73% used [0x0000000681600000,0x0000000682c24fe8,0x0000000683440000)
1315.071: [GC [PSYoungGen: 785658K->460989K(1336064K)] 1111676K->788082K(1893696K), 0.0962360 secs] [Times: user=0.77 sys=0.00, real=0.10 secs] 
Heap after GC invocations=64 (full 8):
 PSYoungGen      total 1336064K, used 460989K [0x00000007822b0000, 0x0000000800000000, 0x0000000800000000)
  eden space 687296K, 0% used [0x00000007822b0000,0x00000007822b0000,0x00000007ac1e0000)
  from space 648768K, 71% used [0x00000007d8670000,0x00000007f489f640,0x0000000800000000)
  to   space 687168K, 0% used [0x00000007ac1e0000,0x00000007ac1e0000,0x00000007d60f0000)
 PSOldGen        total 557632K, used 327092K [0x0000000686800000, 0x00000006a8890000, 0x00000007822b0000)
  object space 557632K, 58% used [0x0000000686800000,0x000000069a76d3d8,0x00000006a8890000)
 PSPermGen       total 30976K, used 22675K [0x0000000681600000, 0x0000000683440000, 0x0000000686800000)
  object space 30976K, 73% used [0x0000000681600000,0x0000000682c24fe8,0x0000000683440000)
}
Total time for which application threads were stopped: 0.0989590 seconds
Application time: 2.3506200 seconds
{Heap before GC invocations=65 (full 8):
 PSYoungGen      total 1336064K, used 1148285K [0x00000007822b0000, 0x0000000800000000, 0x0000000800000000)
  eden space 687296K, 100% used [0x00000007822b0000,0x00000007ac1e0000,0x00000007ac1e0000)
  from space 648768K, 71% used [0x00000007d8670000,0x00000007f489f640,0x0000000800000000)
  to   space 687168K, 0% used [0x00000007ac1e0000,0x00000007ac1e0000,0x00000007d60f0000)
 PSOldGen        total 557632K, used 327092K [0x0000000686800000, 0x00000006a8890000, 0x00000007822b0000)
  object space 557632K, 58% used [0x0000000686800000,0x000000069a76d3d8,0x00000006a8890000)
 PSPermGen       total 30976K, used 22726K [0x0000000681600000, 0x0000000683440000, 0x0000000686800000)
  object space 30976K, 73% used [0x0000000681600000,0x0000000682c31be8,0x0000000683440000)
1317.519: [GC [PSYoungGen: 1148285K->48594K(1374464K)] 1475378K->574929K(1932096K), 0.1546190 secs] [Times: user=0.97 sys=0.00, real=0.16 secs] 
Heap after GC invocations=65 (full 8):
 PSYoungGen      total 1374464K, used 48594K [0x00000007822b0000, 0x0000000800000000, 0x0000000800000000)
  eden space 687296K, 0% used [0x00000007822b0000,0x00000007822b0000,0x00000007ac1e0000)
  from space 687168K, 7% used [0x00000007ac1e0000,0x00000007af154ab0,0x00000007d60f0000)
  to   space 683200K, 0% used [0x00000007d64d0000,0x00000007d64d0000,0x0000000800000000)
 PSOldGen        total 557632K, used 526335K [0x0000000686800000, 0x00000006a8890000, 0x00000007822b0000)
  object space 557632K, 94% used [0x0000000686800000,0x00000006a69ffc98,0x00000006a8890000)
 PSPermGen       total 30976K, used 22726K [0x0000000681600000, 0x0000000683440000, 0x0000000686800000)
  object space 30976K, 73% used [0x0000000681600000,0x0000000682c31be8,0x0000000683440000)
}
{Heap before GC invocations=66 (full 9):
 PSYoungGen      total 1374464K, used 48594K [0x00000007822b0000, 0x0000000800000000, 0x0000000800000000)
  eden space 687296K, 0% used [0x00000007822b0000,0x00000007822b0000,0x00000007ac1e0000)
  from space 687168K, 7% used [0x00000007ac1e0000,0x00000007af154ab0,0x00000007d60f0000)
  to   space 683200K, 0% used [0x00000007d64d0000,0x00000007d64d0000,0x0000000800000000)
 PSOldGen        total 557632K, used 526335K [0x0000000686800000, 0x00000006a8890000, 0x00000007822b0000)
  object space 557632K, 94% used [0x0000000686800000,0x00000006a69ffc98,0x00000006a8890000)
 PSPermGen       total 30976K, used 22726K [0x0000000681600000, 0x0000000683440000, 0x0000000686800000)
  object space 30976K, 73% used [0x0000000681600000,0x0000000682c31be8,0x0000000683440000)
1317.674: [Full GC [PSYoungGen: 48594K->0K(1374464K)] [PSOldGen: 526335K->292112K(664640K)] 574929K->292112K(2039104K) [PSPermGen: 22726K->22726K(32640K)], 0.3204700 secs] [Times: user=0.32 sys=0.00, real=0.32 secs] 
Heap after GC invocations=66 (full 9):
 PSYoungGen      total 1374464K, used 0K [0x00000007822b0000, 0x0000000800000000, 0x0000000800000000)
  eden space 687296K, 0% used [0x00000007822b0000,0x00000007822b0000,0x00000007ac1e0000)
  from space 687168K, 0% used [0x00000007ac1e0000,0x00000007ac1e0000,0x00000007d60f0000)
  to   space 683200K, 0% used [0x00000007d64d0000,0x00000007d64d0000,0x0000000800000000)
 PSOldGen        total 664640K, used 292112K [0x0000000686800000, 0x00000006af110000, 0x00000007822b0000)
  object space 664640K, 43% used [0x0000000686800000,0x0000000698544198,0x00000006af110000)
 PSPermGen       total 32640K, used 22726K [0x0000000681600000, 0x00000006835e0000, 0x0000000686800000)
  object space 32640K, 69% used [0x0000000681600000,0x0000000682c31be8,0x00000006835e0000)
}
Total time for which application threads were stopped: 0.4760830 seconds
Application time: 24.0022750 seconds
Total time for which application threads were stopped: 0.0005340 seconds
Application time: 10.0009270 seconds
Total time for which application threads were stopped: 0.0003040 seconds
Application time: 149.2128910 seconds
{Heap before GC invocations=67 (full 9):
 PSYoungGen      total 1374464K, used 687296K [0x00000007822b0000, 0x0000000800000000, 0x0000000800000000)
  eden space 687296K, 100% used [0x00000007822b0000,0x00000007ac1e0000,0x00000007ac1e0000)
  from space 687168K, 0% used [0x00000007ac1e0000,0x00000007ac1e0000,0x00000007d60f0000)
  to   space 683200K, 0% used [0x00000007d64d0000,0x00000007d64d0000,0x0000000800000000)
 PSOldGen        total 664640K, used 292112K [0x0000000686800000, 0x00000006af110000, 0x00000007822b0000)
  object space 664640K, 43% used [0x0000000686800000,0x0000000698544198,0x00000006af110000)
 PSPermGen       total 32640K, used 23236K [0x0000000681600000, 0x00000006835e0000, 0x0000000686800000)
  object space 32640K, 71% used [0x0000000681600000,0x0000000682cb1028,0x00000006835e0000)
1501.213: [GC [PSYoungGen: 687296K->327665K(1351552K)] 979408K->619778K(2016192K), 0.0921420 secs] [Times: user=0.62 sys=0.00, real=0.10 secs] 
Heap after GC invocations=67 (full 9):
 PSYoungGen      total 1351552K, used 327665K [0x00000007822b0000, 0x00000007fe9a0000, 0x0000000800000000)
  eden space 691264K, 0% used [0x00000007822b0000,0x00000007822b0000,0x00000007ac5c0000)
  from space 660288K, 49% used [0x00000007d64d0000,0x00000007ea4cc6f0,0x00000007fe9a0000)
  to   space 673728K, 0% used [0x00000007ac5c0000,0x00000007ac5c0000,0x00000007d57b0000)
 PSOldGen        total 664640K, used 292112K [0x0000000686800000, 0x00000006af110000, 0x00000007822b0000)
  object space 664640K, 43% used [0x0000000686800000,0x0000000698544198,0x00000006af110000)
 PSPermGen       total 32640K, used 23236K [0x0000000681600000, 0x00000006835e0000, 0x0000000686800000)
  object space 32640K, 71% used [0x0000000681600000,0x0000000682cb1028,0x00000006835e0000)
}
Total time for which application threads were stopped: 0.0935490 seconds
Application time: 2.0699950 seconds
{Heap before GC invocations=68 (full 9):
 PSYoungGen      total 1351552K, used 1018929K [0x00000007822b0000, 0x00000007fe9a0000, 0x0000000800000000)
  eden space 691264K, 100% used [0x00000007822b0000,0x00000007ac5c0000,0x00000007ac5c0000)
  from space 660288K, 49% used [0x00000007d64d0000,0x00000007ea4cc6f0,0x00000007fe9a0000)
  to   space 673728K, 0% used [0x00000007ac5c0000,0x00000007ac5c0000,0x00000007d57b0000)
 PSOldGen        total 664640K, used 292112K [0x0000000686800000, 0x00000006af110000, 0x00000007822b0000)
  object space 664640K, 43% used [0x0000000686800000,0x0000000698544198,0x00000006af110000)
 PSPermGen       total 32640K, used 23378K [0x0000000681600000, 0x00000006835e0000, 0x0000000686800000)
  object space 32640K, 71% used [0x0000000681600000,0x0000000682cd49c0,0x00000006835e0000)
1503.376: [GC [PSYoungGen: 1018929K->25308K(1364992K)] 1311042K->383341K(2029632K), 0.1386110 secs] [Times: user=0.86 sys=0.01, real=0.14 secs] 
Heap after GC invocations=68 (full 9):
 PSYoungGen      total 1364992K, used 25308K [0x00000007822b0000, 0x0000000800000000, 0x0000000800000000)
  eden space 691264K, 0% used [0x00000007822b0000,0x00000007822b0000,0x00000007ac5c0000)
  from space 673728K, 3% used [0x00000007ac5c0000,0x00000007ade77000,0x00000007d57b0000)
  to   space 667072K, 0% used [0x00000007d7490000,0x00000007d7490000,0x0000000800000000)
 PSOldGen        total 664640K, used 358033K [0x0000000686800000, 0x00000006af110000, 0x00000007822b0000)
  object space 664640K, 53% used [0x0000000686800000,0x000000069c5a46f8,0x00000006af110000)
 PSPermGen       total 32640K, used 23378K [0x0000000681600000, 0x00000006835e0000, 0x0000000686800000)
  object space 32640K, 71% used [0x0000000681600000,0x0000000682cd49c0,0x00000006835e0000)
}
Total time for which application threads were stopped: 0.1395170 seconds
Application time: 1.8119260 seconds
{Heap before GC invocations=69 (full 9):
 PSYoungGen      total 1364992K, used 716572K [0x00000007822b0000, 0x0000000800000000, 0x0000000800000000)
  eden space 691264K, 100% used [0x00000007822b0000,0x00000007ac5c0000,0x00000007ac5c0000)
  from space 673728K, 3% used [0x00000007ac5c0000,0x00000007ade77000,0x00000007d57b0000)
  to   space 667072K, 0% used [0x00000007d7490000,0x00000007d7490000,0x0000000800000000)
 PSOldGen        total 664640K, used 358033K [0x0000000686800000, 0x00000006af110000, 0x00000007822b0000)
  object space 664640K, 53% used [0x0000000686800000,0x000000069c5a46f8,0x00000006af110000)
 PSPermGen       total 32640K, used 23837K [0x0000000681600000, 0x00000006835e0000, 0x0000000686800000)
  object space 32640K, 73% used [0x0000000681600000,0x0000000682d47440,0x00000006835e0000)
1505.327: [GC [PSYoungGen: 716572K->250147K(1314560K)] 1074605K->608713K(1979200K), 0.0963290 secs] [Times: user=0.59 sys=0.01, real=0.10 secs] 
Heap after GC invocations=69 (full 9):
 PSYoungGen      total 1314560K, used 250147K [0x00000007822b0000, 0x00000007fb860000, 0x0000000800000000)
  eden space 720832K, 0% used [0x00000007822b0000,0x00000007822b0000,0x00000007ae2a0000)
  from space 593728K, 42% used [0x00000007d7490000,0x00000007e68d8da0,0x00000007fb860000)
  to   space 633728K, 0% used [0x00000007ae2a0000,0x00000007ae2a0000,0x00000007d4d80000)
 PSOldGen        total 664640K, used 358566K [0x0000000686800000, 0x00000006af110000, 0x00000007822b0000)
  object space 664640K, 53% used [0x0000000686800000,0x000000069c6298f8,0x00000006af110000)
 PSPermGen       total 32640K, used 23837K [0x0000000681600000, 0x00000006835e0000, 0x0000000686800000)
  object space 32640K, 73% used [0x0000000681600000,0x0000000682d47440,0x00000006835e0000)
}
Total time for which application threads were stopped: 0.0971780 seconds
Application time: 1.7906790 seconds
{Heap before GC invocations=70 (full 9):
 PSYoungGen      total 1314560K, used 970979K [0x00000007822b0000, 0x00000007fb860000, 0x0000000800000000)
  eden space 720832K, 100% used [0x00000007822b0000,0x00000007ae2a0000,0x00000007ae2a0000)
  from space 593728K, 42% used [0x00000007d7490000,0x00000007e68d8da0,0x00000007fb860000)
  to   space 633728K, 0% used [0x00000007ae2a0000,0x00000007ae2a0000,0x00000007d4d80000)
 PSOldGen        total 664640K, used 358566K [0x0000000686800000, 0x00000006af110000, 0x00000007822b0000)
  object space 664640K, 53% used [0x0000000686800000,0x000000069c6298f8,0x00000006af110000)
 PSPermGen       total 32640K, used 24179K [0x0000000681600000, 0x00000006835e0000, 0x0000000686800000)
  object space 32640K, 74% used [0x0000000681600000,0x0000000682d9cf40,0x00000006835e0000)
1507.215: [GC [PSYoungGen: 970979K->181267K(1354560K)] 1329545K->705852K(2019200K), 0.1374870 secs] [Times: user=0.98 sys=0.01, real=0.13 secs] 
Heap after GC invocations=70 (full 9):
 PSYoungGen      total 1354560K, used 181267K [0x00000007822b0000, 0x00000007fe450000, 0x0000000800000000)
  eden space 720832K, 0% used [0x00000007822b0000,0x00000007822b0000,0x00000007ae2a0000)
  from space 633728K, 28% used [0x00000007ae2a0000,0x00000007b93a4d10,0x00000007d4d80000)
  to   space 599552K, 0% used [0x00000007d9ad0000,0x00000007d9ad0000,0x00000007fe450000)
 PSOldGen        total 664640K, used 524584K [0x0000000686800000, 0x00000006af110000, 0x00000007822b0000)
  object space 664640K, 78% used [0x0000000686800000,0x00000006a684a338,0x00000006af110000)
 PSPermGen       total 32640K, used 24179K [0x0000000681600000, 0x00000006835e0000, 0x0000000686800000)
  object space 32640K, 74% used [0x0000000681600000,0x0000000682d9cf40,0x00000006835e0000)
}
{Heap before GC invocations=71 (full 10):
 PSYoungGen      total 1354560K, used 181267K [0x00000007822b0000, 0x00000007fe450000, 0x0000000800000000)
  eden space 720832K, 0% used [0x00000007822b0000,0x00000007822b0000,0x00000007ae2a0000)
  from space 633728K, 28% used [0x00000007ae2a0000,0x00000007b93a4d10,0x00000007d4d80000)
  to   space 599552K, 0% used [0x00000007d9ad0000,0x00000007d9ad0000,0x00000007fe450000)
 PSOldGen        total 664640K, used 524584K [0x0000000686800000, 0x00000006af110000, 0x00000007822b0000)
  object space 664640K, 78% used [0x0000000686800000,0x00000006a684a338,0x00000006af110000)
 PSPermGen       total 32640K, used 24179K [0x0000000681600000, 0x00000006835e0000, 0x0000000686800000)
  object space 32640K, 74% used [0x0000000681600000,0x0000000682d9cf40,0x00000006835e0000)
1507.353: [Full GC [PSYoungGen: 181267K->0K(1354560K)] [PSOldGen: 524584K->388363K(794496K)] 705852K->388363K(2149056K) [PSPermGen: 24179K->24179K(33344K)], 0.3798560 secs] [Times: user=0.38 sys=0.00, real=0.38 secs] 
Heap after GC invocations=71 (full 10):
 PSYoungGen      total 1354560K, used 0K [0x00000007822b0000, 0x00000007fe450000, 0x0000000800000000)
  eden space 720832K, 0% used [0x00000007822b0000,0x00000007822b0000,0x00000007ae2a0000)
  from space 633728K, 0% used [0x00000007ae2a0000,0x00000007ae2a0000,0x00000007d4d80000)
  to   space 599552K, 0% used [0x00000007d9ad0000,0x00000007d9ad0000,0x00000007fe450000)
 PSOldGen        total 794496K, used 388363K [0x0000000686800000, 0x00000006b6fe0000, 0x00000007822b0000)
  object space 794496K, 48% used [0x0000000686800000,0x000000069e342db8,0x00000006b6fe0000)
 PSPermGen       total 33344K, used 24179K [0x0000000681600000, 0x0000000683690000, 0x0000000686800000)
  object space 33344K, 72% used [0x0000000681600000,0x0000000682d9cf40,0x0000000683690000)
}
Total time for which application threads were stopped: 0.5183920 seconds
Application time: 2.5517710 seconds
{Heap before GC invocations=72 (full 10):
 PSYoungGen      total 1354560K, used 720832K [0x00000007822b0000, 0x00000007fe450000, 0x0000000800000000)
  eden space 720832K, 100% used [0x00000007822b0000,0x00000007ae2a0000,0x00000007ae2a0000)
  from space 633728K, 0% used [0x00000007ae2a0000,0x00000007ae2a0000,0x00000007d4d80000)
  to   space 599552K, 0% used [0x00000007d9ad0000,0x00000007d9ad0000,0x00000007fe450000)
 PSOldGen        total 794496K, used 388363K [0x0000000686800000, 0x00000006b6fe0000, 0x00000007822b0000)
  object space 794496K, 48% used [0x0000000686800000,0x000000069e342db8,0x00000006b6fe0000)
 PSPermGen       total 33344K, used 24499K [0x0000000681600000, 0x0000000683690000, 0x0000000686800000)
  object space 33344K, 73% used [0x0000000681600000,0x0000000682decec0,0x0000000683690000)
1510.286: [GC [PSYoungGen: 720832K->200035K(1352064K)] 1109195K->588399K(2146560K), 0.1234540 secs] [Times: user=0.75 sys=0.01, real=0.12 secs] 
Heap after GC invocations=72 (full 10):
 PSYoungGen      total 1352064K, used 200035K [0x00000007822b0000, 0x00000007f9a40000, 0x0000000800000000)
  eden space 828352K, 0% used [0x00000007822b0000,0x00000007822b0000,0x00000007b4ba0000)
  from space 523712K, 38% used [0x00000007d9ad0000,0x00000007e5e28f30,0x00000007f9a40000)
  to   space 564544K, 0% used [0x00000007b4ba0000,0x00000007b4ba0000,0x00000007d72f0000)
 PSOldGen        total 794496K, used 388363K [0x0000000686800000, 0x00000006b6fe0000, 0x00000007822b0000)
  object space 794496K, 48% used [0x0000000686800000,0x000000069e342db8,0x00000006b6fe0000)
 PSPermGen       total 33344K, used 24499K [0x0000000681600000, 0x0000000683690000, 0x0000000686800000)
  object space 33344K, 73% used [0x0000000681600000,0x0000000682decec0,0x0000000683690000)
}
Total time for which application threads were stopped: 0.1244090 seconds
Application time: 2.0339680 seconds
{Heap before GC invocations=73 (full 10):
 PSYoungGen      total 1352064K, used 1028387K [0x00000007822b0000, 0x00000007f9a40000, 0x0000000800000000)
  eden space 828352K, 100% used [0x00000007822b0000,0x00000007b4ba0000,0x00000007b4ba0000)
  from space 523712K, 38% used [0x00000007d9ad0000,0x00000007e5e28f30,0x00000007f9a40000)
  to   space 564544K, 0% used [0x00000007b4ba0000,0x00000007b4ba0000,0x00000007d72f0000)
 PSOldGen        total 794496K, used 388363K [0x0000000686800000, 0x00000006b6fe0000, 0x00000007822b0000)
  object space 794496K, 48% used [0x0000000686800000,0x000000069e342db8,0x00000006b6fe0000)
 PSPermGen       total 33344K, used 24955K [0x0000000681600000, 0x0000000683690000, 0x0000000686800000)
  object space 33344K, 74% used [0x0000000681600000,0x0000000682e5eec0,0x0000000683690000)
1512.444: [GC [PSYoungGen: 1028387K->281927K(1392896K)] 1416751K->822331K(2187392K), 0.1251160 secs] [Times: user=0.78 sys=0.00, real=0.12 secs] 
Heap after GC invocations=73 (full 10):
 PSYoungGen      total 1392896K, used 281927K [0x00000007822b0000, 0x0000000800000000, 0x0000000800000000)
  eden space 828352K, 0% used [0x00000007822b0000,0x00000007822b0000,0x00000007b4ba0000)
  from space 564544K, 49% used [0x00000007b4ba0000,0x00000007c5ef1e30,0x00000007d72f0000)
  to   space 553984K, 0% used [0x00000007de300000,0x00000007de300000,0x0000000800000000)
 PSOldGen        total 794496K, used 540404K [0x0000000686800000, 0x00000006b6fe0000, 0x00000007822b0000)
  object space 794496K, 68% used [0x0000000686800000,0x00000006a77bd118,0x00000006b6fe0000)
 PSPermGen       total 33344K, used 24955K [0x0000000681600000, 0x0000000683690000, 0x0000000686800000)
  object space 33344K, 74% used [0x0000000681600000,0x0000000682e5eec0,0x0000000683690000)
}
Total time for which application threads were stopped: 0.1262920 seconds
Application time: 4.0126350 seconds
{Heap before GC invocations=74 (full 10):
 PSYoungGen      total 1392896K, used 1110279K [0x00000007822b0000, 0x0000000800000000, 0x0000000800000000)
  eden space 828352K, 100% used [0x00000007822b0000,0x00000007b4ba0000,0x00000007b4ba0000)
  from space 564544K, 49% used [0x00000007b4ba0000,0x00000007c5ef1e30,0x00000007d72f0000)
  to   space 553984K, 0% used [0x00000007de300000,0x00000007de300000,0x0000000800000000)
 PSOldGen        total 794496K, used 540404K [0x0000000686800000, 0x00000006b6fe0000, 0x00000007822b0000)
  object space 794496K, 68% used [0x0000000686800000,0x00000006a77bd118,0x00000006b6fe0000)
 PSPermGen       total 33344K, used 25374K [0x0000000681600000, 0x0000000683690000, 0x0000000686800000)
  object space 33344K, 76% used [0x0000000681600000,0x0000000682ec7980,0x0000000683690000)
1516.583: [GC [PSYoungGen: 1110279K->280100K(1462592K)] 1650683K->836934K(2257088K), 0.1327580 secs] [Times: user=0.83 sys=0.00, real=0.14 secs] 
Heap after GC invocations=74 (full 10):
 PSYoungGen      total 1462592K, used 280100K [0x00000007822b0000, 0x00000007fde50000, 0x0000000800000000)
  eden space 943104K, 0% used [0x00000007822b0000,0x00000007822b0000,0x00000007bbbb0000)
  from space 519488K, 53% used [0x00000007de300000,0x00000007ef4891a0,0x00000007fde50000)
  to   space 542016K, 0% used [0x00000007bbbb0000,0x00000007bbbb0000,0x00000007dcd00000)
 PSOldGen        total 794496K, used 556833K [0x0000000686800000, 0x00000006b6fe0000, 0x00000007822b0000)
  object space 794496K, 70% used [0x0000000686800000,0x00000006a87c87a8,0x00000006b6fe0000)
 PSPermGen       total 33344K, used 25374K [0x0000000681600000, 0x0000000683690000, 0x0000000686800000)
  object space 33344K, 76% used [0x0000000681600000,0x0000000682ec7980,0x0000000683690000)
}
Total time for which application threads were stopped: 0.1338050 seconds
Application time: 2.9349410 seconds
{Heap before GC invocations=75 (full 10):
 PSYoungGen      total 1462592K, used 1223204K [0x00000007822b0000, 0x00000007fde50000, 0x0000000800000000)
  eden space 943104K, 100% used [0x00000007822b0000,0x00000007bbbb0000,0x00000007bbbb0000)
  from space 519488K, 53% used [0x00000007de300000,0x00000007ef4891a0,0x00000007fde50000)
  to   space 542016K, 0% used [0x00000007bbbb0000,0x00000007bbbb0000,0x00000007dcd00000)
 PSOldGen        total 794496K, used 556833K [0x0000000686800000, 0x00000006b6fe0000, 0x00000007822b0000)
  object space 794496K, 70% used [0x0000000686800000,0x00000006a87c87a8,0x00000006b6fe0000)
 PSPermGen       total 33344K, used 25673K [0x0000000681600000, 0x0000000683690000, 0x0000000686800000)
  object space 33344K, 76% used [0x0000000681600000,0x0000000682f12440,0x0000000683690000)
1519.652: [GC [PSYoungGen: 1223204K->44426K(1485120K)] 1780038K->622060K(2279616K), 0.1800170 secs] [Times: user=1.10 sys=0.04, real=0.18 secs] 
Heap after GC invocations=75 (full 10):
 PSYoungGen      total 1485120K, used 44426K [0x00000007822b0000, 0x0000000800000000, 0x0000000800000000)
  eden space 943104K, 0% used [0x00000007822b0000,0x00000007822b0000,0x00000007bbbb0000)
  from space 542016K, 8% used [0x00000007bbbb0000,0x00000007be712a40,0x00000007dcd00000)
  to   space 542016K, 0% used [0x00000007deeb0000,0x00000007deeb0000,0x0000000800000000)
 PSOldGen        total 794496K, used 577633K [0x0000000686800000, 0x00000006b6fe0000, 0x00000007822b0000)
  object space 794496K, 72% used [0x0000000686800000,0x00000006a9c187b8,0x00000006b6fe0000)
 PSPermGen       total 33344K, used 25673K [0x0000000681600000, 0x0000000683690000, 0x0000000686800000)
  object space 33344K, 76% used [0x0000000681600000,0x0000000682f12440,0x0000000683690000)
}
Total time for which application threads were stopped: 0.1812380 seconds
Application time: 4.6504660 seconds
{Heap before GC invocations=76 (full 10):
 PSYoungGen      total 1485120K, used 987530K [0x00000007822b0000, 0x0000000800000000, 0x0000000800000000)
  eden space 943104K, 100% used [0x00000007822b0000,0x00000007bbbb0000,0x00000007bbbb0000)
  from space 542016K, 8% used [0x00000007bbbb0000,0x00000007be712a40,0x00000007dcd00000)
  to   space 542016K, 0% used [0x00000007deeb0000,0x00000007deeb0000,0x0000000800000000)
 PSOldGen        total 794496K, used 577633K [0x0000000686800000, 0x00000006b6fe0000, 0x00000007822b0000)
  object space 794496K, 72% used [0x0000000686800000,0x00000006a9c187b8,0x00000006b6fe0000)
 PSPermGen       total 33344K, used 26453K [0x0000000681600000, 0x0000000683690000, 0x0000000686800000)
  object space 33344K, 79% used [0x0000000681600000,0x0000000682fd55c0,0x0000000683690000)
1524.484: [GC [PSYoungGen: 987530K->478055K(1387776K)] 1565164K->1068407K(2182272K), 0.1296630 secs] [Times: user=0.80 sys=0.13, real=0.14 secs] 
Heap after GC invocations=76 (full 10):
 PSYoungGen      total 1387776K, used 478055K [0x00000007822b0000, 0x0000000800000000, 0x0000000800000000)
  eden space 845760K, 0% used [0x00000007822b0000,0x00000007822b0000,0x00000007b5ca0000)
  from space 542016K, 88% used [0x00000007deeb0000,0x00000007fc189e30,0x0000000800000000)
  to   space 607936K, 0% used [0x00000007b5ca0000,0x00000007b5ca0000,0x00000007dae50000)
 PSOldGen        total 794496K, used 590351K [0x0000000686800000, 0x00000006b6fe0000, 0x00000007822b0000)
  object space 794496K, 74% used [0x0000000686800000,0x00000006aa883f08,0x00000006b6fe0000)
 PSPermGen       total 33344K, used 26453K [0x0000000681600000, 0x0000000683690000, 0x0000000686800000)
  object space 33344K, 79% used [0x0000000681600000,0x0000000682fd55c0,0x0000000683690000)
}
Total time for which application threads were stopped: 0.1312490 seconds
Application time: 185.0126700 seconds
{Heap before GC invocations=77 (full 10):
 PSYoungGen      total 1387776K, used 1323799K [0x00000007822b0000, 0x0000000800000000, 0x0000000800000000)
  eden space 845760K, 99% used [0x00000007822b0000,0x00000007b5c9c078,0x00000007b5ca0000)
  from space 542016K, 88% used [0x00000007deeb0000,0x00000007fc189e30,0x0000000800000000)
  to   space 607936K, 0% used [0x00000007b5ca0000,0x00000007b5ca0000,0x00000007dae50000)
 PSOldGen        total 794496K, used 590351K [0x0000000686800000, 0x00000006b6fe0000, 0x00000007822b0000)
  object space 794496K, 74% used [0x0000000686800000,0x00000006aa883f08,0x00000006b6fe0000)
 PSPermGen       total 33344K, used 26556K [0x0000000681600000, 0x0000000683690000, 0x0000000686800000)
  object space 33344K, 79% used [0x0000000681600000,0x0000000682fef180,0x0000000683690000)
1709.627: [GC [PSYoungGen: 1323799K->82881K(1453696K)] 1914151K->699512K(2248192K), 0.1803080 secs] [Times: user=1.10 sys=0.02, real=0.18 secs] 
Heap after GC invocations=77 (full 10):
 PSYoungGen      total 1453696K, used 82881K [0x00000007822b0000, 0x0000000800000000, 0x0000000800000000)
  eden space 845760K, 0% used [0x00000007822b0000,0x00000007822b0000,0x00000007b5ca0000)
  from space 607936K, 13% used [0x00000007b5ca0000,0x00000007bad905a0,0x00000007dae50000)
  to   space 597056K, 0% used [0x00000007db8f0000,0x00000007db8f0000,0x0000000800000000)
 PSOldGen        total 794496K, used 616631K [0x0000000686800000, 0x00000006b6fe0000, 0x00000007822b0000)
  object space 794496K, 77% used [0x0000000686800000,0x00000006ac22de48,0x00000006b6fe0000)
 PSPermGen       total 33344K, used 26556K [0x0000000681600000, 0x0000000683690000, 0x0000000686800000)
  object space 33344K, 79% used [0x0000000681600000,0x0000000682fef180,0x0000000683690000)
}
Total time for which application threads were stopped: 0.1812630 seconds
Application time: 1.7561530 seconds
{Heap before GC invocations=78 (full 10):
 PSYoungGen      total 1453696K, used 928641K [0x00000007822b0000, 0x0000000800000000, 0x0000000800000000)
  eden space 845760K, 100% used [0x00000007822b0000,0x00000007b5ca0000,0x00000007b5ca0000)
  from space 607936K, 13% used [0x00000007b5ca0000,0x00000007bad905a0,0x00000007dae50000)
  to   space 597056K, 0% used [0x00000007db8f0000,0x00000007db8f0000,0x0000000800000000)
 PSOldGen        total 794496K, used 616631K [0x0000000686800000, 0x00000006b6fe0000, 0x00000007822b0000)
  object space 794496K, 77% used [0x0000000686800000,0x00000006ac22de48,0x00000006b6fe0000)
 PSPermGen       total 33344K, used 27157K [0x0000000681600000, 0x0000000683690000, 0x0000000686800000)
  object space 33344K, 81% used [0x0000000681600000,0x00000006830856c0,0x0000000683690000)
1711.566: [GC [PSYoungGen: 928641K->395195K(1411200K)] 1545272K->1067855K(2205696K), 0.1169800 secs] [Times: user=0.69 sys=0.10, real=0.12 secs] 
Heap after GC invocations=78 (full 10):
 PSYoungGen      total 1411200K, used 395195K [0x00000007822b0000, 0x0000000800000000, 0x0000000800000000)
  eden space 814144K, 0% used [0x00000007822b0000,0x00000007822b0000,0x00000007b3dc0000)
  from space 597056K, 66% used [0x00000007db8f0000,0x00000007f3adee30,0x0000000800000000)
  to   space 623744K, 0% used [0x00000007b3dc0000,0x00000007b3dc0000,0x00000007d9ee0000)
 PSOldGen        total 794496K, used 672659K [0x0000000686800000, 0x00000006b6fe0000, 0x00000007822b0000)
  object space 794496K, 84% used [0x0000000686800000,0x00000006af8e4ed8,0x00000006b6fe0000)
 PSPermGen       total 33344K, used 27157K [0x0000000681600000, 0x0000000683690000, 0x0000000686800000)
  object space 33344K, 81% used [0x0000000681600000,0x00000006830856c0,0x0000000683690000)
}
{Heap before GC invocations=79 (full 11):
 PSYoungGen      total 1411200K, used 395195K [0x00000007822b0000, 0x0000000800000000, 0x0000000800000000)
  eden space 814144K, 0% used [0x00000007822b0000,0x00000007822b0000,0x00000007b3dc0000)
  from space 597056K, 66% used [0x00000007db8f0000,0x00000007f3adee30,0x0000000800000000)
  to   space 623744K, 0% used [0x00000007b3dc0000,0x00000007b3dc0000,0x00000007d9ee0000)
 PSOldGen        total 794496K, used 672659K [0x0000000686800000, 0x00000006b6fe0000, 0x00000007822b0000)
  object space 794496K, 84% used [0x0000000686800000,0x00000006af8e4ed8,0x00000006b6fe0000)
 PSPermGen       total 33344K, used 27157K [0x0000000681600000, 0x0000000683690000, 0x0000000686800000)
  object space 33344K, 81% used [0x0000000681600000,0x00000006830856c0,0x0000000683690000)
1711.684: [Full GC [PSYoungGen: 395195K->0K(1411200K)] [PSOldGen: 672659K->495181K(888576K)] 1067855K->495181K(2299776K) [PSPermGen: 27157K->27157K(35520K)], 0.4748930 secs] [Times: user=0.47 sys=0.01, real=0.47 secs] 
Heap after GC invocations=79 (full 11):
 PSYoungGen      total 1411200K, used 0K [0x00000007822b0000, 0x0000000800000000, 0x0000000800000000)
  eden space 814144K, 0% used [0x00000007822b0000,0x00000007822b0000,0x00000007b3dc0000)
  from space 597056K, 0% used [0x00000007db8f0000,0x00000007db8f0000,0x0000000800000000)
  to   space 623744K, 0% used [0x00000007b3dc0000,0x00000007b3dc0000,0x00000007d9ee0000)
 PSOldGen        total 888576K, used 495181K [0x0000000686800000, 0x00000006bcbc0000, 0x00000007822b0000)
  object space 888576K, 55% used [0x0000000686800000,0x00000006a4b937d0,0x00000006bcbc0000)
 PSPermGen       total 35520K, used 27157K [0x0000000681600000, 0x00000006838b0000, 0x0000000686800000)
  object space 35520K, 76% used [0x0000000681600000,0x00000006830856c0,0x00000006838b0000)
}
Total time for which application threads were stopped: 0.5945170 seconds
Application time: 3.6235040 seconds
{Heap before GC invocations=80 (full 11):
 PSYoungGen      total 1411200K, used 814144K [0x00000007822b0000, 0x0000000800000000, 0x0000000800000000)
  eden space 814144K, 100% used [0x00000007822b0000,0x00000007b3dc0000,0x00000007b3dc0000)
  from space 597056K, 0% used [0x00000007db8f0000,0x00000007db8f0000,0x0000000800000000)
  to   space 623744K, 0% used [0x00000007b3dc0000,0x00000007b3dc0000,0x00000007d9ee0000)
 PSOldGen        total 888576K, used 495181K [0x0000000686800000, 0x00000006bcbc0000, 0x00000007822b0000)
  object space 888576K, 55% used [0x0000000686800000,0x00000006a4b937d0,0x00000006bcbc0000)
 PSPermGen       total 35520K, used 27434K [0x0000000681600000, 0x00000006838b0000, 0x0000000686800000)
  object space 35520K, 77% used [0x0000000681600000,0x00000006830ca900,0x00000006838b0000)
1715.784: [GC [PSYoungGen: 814144K->157210K(1437888K)] 1309325K->652392K(2326464K), 0.1527960 secs] [Times: user=1.00 sys=0.00, real=0.15 secs] 
Heap after GC invocations=80 (full 11):
 PSYoungGen      total 1437888K, used 157210K [0x00000007822b0000, 0x00000007fea10000, 0x0000000800000000)
  eden space 814144K, 0% used [0x00000007822b0000,0x00000007822b0000,0x00000007b3dc0000)
  from space 623744K, 25% used [0x00000007b3dc0000,0x00000007bd746a10,0x00000007d9ee0000)
  to   space 599168K, 0% used [0x00000007da0f0000,0x00000007da0f0000,0x00000007fea10000)
 PSOldGen        total 888576K, used 495181K [0x0000000686800000, 0x00000006bcbc0000, 0x00000007822b0000)
  object space 888576K, 55% used [0x0000000686800000,0x00000006a4b937d0,0x00000006bcbc0000)
 PSPermGen       total 35520K, used 27434K [0x0000000681600000, 0x00000006838b0000, 0x0000000686800000)
  object space 35520K, 77% used [0x0000000681600000,0x00000006830ca900,0x00000006838b0000)
}
Total time for which application threads were stopped: 0.1553160 seconds
Application time: 1.8078780 seconds
{Heap before GC invocations=81 (full 11):
 PSYoungGen      total 1437888K, used 971354K [0x00000007822b0000, 0x00000007fea10000, 0x0000000800000000)
  eden space 814144K, 100% used [0x00000007822b0000,0x00000007b3dc0000,0x00000007b3dc0000)
  from space 623744K, 25% used [0x00000007b3dc0000,0x00000007bd746a10,0x00000007d9ee0000)
  to   space 599168K, 0% used [0x00000007da0f0000,0x00000007da0f0000,0x00000007fea10000)
 PSOldGen        total 888576K, used 495181K [0x0000000686800000, 0x00000006bcbc0000, 0x00000007822b0000)
  object space 888576K, 55% used [0x0000000686800000,0x00000006a4b937d0,0x00000006bcbc0000)
 PSPermGen       total 35520K, used 27930K [0x0000000681600000, 0x00000006838b0000, 0x0000000686800000)
  object space 35520K, 78% used [0x0000000681600000,0x0000000683146b00,0x00000006838b0000)
1717.746: [GC [PSYoungGen: 971354K->328850K(1434624K)] 1466536K->932432K(2323200K), 0.1181480 secs] [Times: user=0.75 sys=0.02, real=0.11 secs] 
Heap after GC invocations=81 (full 11):
 PSYoungGen      total 1434624K, used 328850K [0x00000007822b0000, 0x00000007fe6e0000, 0x0000000800000000)
  eden space 838720K, 0% used [0x00000007822b0000,0x00000007822b0000,0x00000007b55c0000)
  from space 595904K, 55% used [0x00000007da0f0000,0x00000007ee214b70,0x00000007fe6e0000)
  to   space 598592K, 0% used [0x00000007b55c0000,0x00000007b55c0000,0x00000007d9e50000)
 PSOldGen        total 888576K, used 603581K [0x0000000686800000, 0x00000006bcbc0000, 0x00000007822b0000)
  object space 888576K, 67% used [0x0000000686800000,0x00000006ab56f5c0,0x00000006bcbc0000)
 PSPermGen       total 35520K, used 27930K [0x0000000681600000, 0x00000006838b0000, 0x0000000686800000)
  object space 35520K, 78% used [0x0000000681600000,0x0000000683146b00,0x00000006838b0000)
}
Total time for which application threads were stopped: 0.1192130 seconds
Application time: 3.8972310 seconds
{Heap before GC invocations=82 (full 11):
 PSYoungGen      total 1434624K, used 1167570K [0x00000007822b0000, 0x00000007fe6e0000, 0x0000000800000000)
  eden space 838720K, 100% used [0x00000007822b0000,0x00000007b55c0000,0x00000007b55c0000)
  from space 595904K, 55% used [0x00000007da0f0000,0x00000007ee214b70,0x00000007fe6e0000)
  to   space 598592K, 0% used [0x00000007b55c0000,0x00000007b55c0000,0x00000007d9e50000)
 PSOldGen        total 888576K, used 603581K [0x0000000686800000, 0x00000006bcbc0000, 0x00000007822b0000)
  object space 888576K, 67% used [0x0000000686800000,0x00000006ab56f5c0,0x00000006bcbc0000)
 PSPermGen       total 35520K, used 28296K [0x0000000681600000, 0x00000006838b0000, 0x0000000686800000)
  object space 35520K, 79% used [0x0000000681600000,0x00000006831a2240,0x00000006838b0000)
1721.763: [GC [PSYoungGen: 1167570K->242555K(1081280K)] 1771152K->866160K(1969856K), 0.1438080 secs] [Times: user=0.96 sys=0.00, real=0.15 secs] 
Heap after GC invocations=82 (full 11):
 PSYoungGen      total 1081280K, used 242555K [0x00000007822b0000, 0x00000007fbe20000, 0x0000000800000000)
  eden space 838720K, 0% used [0x00000007822b0000,0x00000007822b0000,0x00000007b55c0000)
  from space 242560K, 99% used [0x00000007b55c0000,0x00000007c429ed20,0x00000007c42a0000)
  to   space 563520K, 0% used [0x00000007d97d0000,0x00000007d97d0000,0x00000007fbe20000)
 PSOldGen        total 888576K, used 623604K [0x0000000686800000, 0x00000006bcbc0000, 0x00000007822b0000)
  object space 888576K, 70% used [0x0000000686800000,0x00000006ac8fd3a0,0x00000006bcbc0000)
 PSPermGen       total 35520K, used 28296K [0x0000000681600000, 0x00000006838b0000, 0x0000000686800000)
  object space 35520K, 79% used [0x0000000681600000,0x00000006831a2240,0x00000006838b0000)
}
Total time for which application threads were stopped: 0.1448560 seconds
Application time: 2.1694780 seconds
{Heap before GC invocations=83 (full 11):
 PSYoungGen      total 1081280K, used 1081275K [0x00000007822b0000, 0x00000007fbe20000, 0x0000000800000000)
  eden space 838720K, 100% used [0x00000007822b0000,0x00000007b55c0000,0x00000007b55c0000)
  from space 242560K, 99% used [0x00000007b55c0000,0x00000007c429ed20,0x00000007c42a0000)
  to   space 563520K, 0% used [0x00000007d97d0000,0x00000007d97d0000,0x00000007fbe20000)
 PSOldGen        total 888576K, used 623604K [0x0000000686800000, 0x00000006bcbc0000, 0x00000007822b0000)
  object space 888576K, 70% used [0x0000000686800000,0x00000006ac8fd3a0,0x00000006bcbc0000)
 PSPermGen       total 35520K, used 28660K [0x0000000681600000, 0x00000006838b0000, 0x0000000686800000)
  object space 35520K, 80% used [0x0000000681600000,0x00000006831fd140,0x00000006838b0000)
1724.077: [GC [PSYoungGen: 1081275K->201920K(1456320K)] 1704880K->1004077K(2344896K), 0.1397630 secs] [Times: user=0.74 sys=0.15, real=0.14 secs] 
Heap after GC invocations=83 (full 11):
 PSYoungGen      total 1456320K, used 201920K [0x00000007822b0000, 0x00000007fff40000, 0x0000000800000000)
  eden space 892800K, 0% used [0x00000007822b0000,0x00000007822b0000,0x00000007b8a90000)
  from space 563520K, 35% used [0x00000007d97d0000,0x00000007e5d00290,0x00000007fbe20000)
  to   space 537856K, 0% used [0x00000007b8a90000,0x00000007b8a90000,0x00000007d97d0000)
 PSOldGen        total 888576K, used 802156K [0x0000000686800000, 0x00000006bcbc0000, 0x00000007822b0000)
  object space 888576K, 90% used [0x0000000686800000,0x00000006b775b290,0x00000006bcbc0000)
 PSPermGen       total 35520K, used 28660K [0x0000000681600000, 0x00000006838b0000, 0x0000000686800000)
  object space 35520K, 80% used [0x0000000681600000,0x00000006831fd140,0x00000006838b0000)
}
{Heap before GC invocations=84 (full 12):
 PSYoungGen      total 1456320K, used 201920K [0x00000007822b0000, 0x00000007fff40000, 0x0000000800000000)
  eden space 892800K, 0% used [0x00000007822b0000,0x00000007822b0000,0x00000007b8a90000)
  from space 563520K, 35% used [0x00000007d97d0000,0x00000007e5d00290,0x00000007fbe20000)
  to   space 537856K, 0% used [0x00000007b8a90000,0x00000007b8a90000,0x00000007d97d0000)
 PSOldGen        total 888576K, used 802156K [0x0000000686800000, 0x00000006bcbc0000, 0x00000007822b0000)
  object space 888576K, 90% used [0x0000000686800000,0x00000006b775b290,0x00000006bcbc0000)
 PSPermGen       total 35520K, used 28660K [0x0000000681600000, 0x00000006838b0000, 0x0000000686800000)
  object space 35520K, 80% used [0x0000000681600000,0x00000006831fd140,0x00000006838b0000)
1724.217: [Full GC [PSYoungGen: 201920K->0K(1456320K)] [PSOldGen: 802156K->396943K(840896K)] 1004077K->396943K(2297216K) [PSPermGen: 28660K->20628K(28288K)], 0.4410050 secs] [Times: user=0.44 sys=0.00, real=0.44 secs] 
Heap after GC invocations=84 (full 12):
 PSYoungGen      total 1456320K, used 0K [0x00000007822b0000, 0x00000007fff40000, 0x0000000800000000)
  eden space 892800K, 0% used [0x00000007822b0000,0x00000007822b0000,0x00000007b8a90000)
  from space 563520K, 0% used [0x00000007d97d0000,0x00000007d97d0000,0x00000007fbe20000)
  to   space 537856K, 0% used [0x00000007b8a90000,0x00000007b8a90000,0x00000007d97d0000)
 PSOldGen        total 840896K, used 396943K [0x0000000686800000, 0x00000006b9d30000, 0x00000007822b0000)
  object space 840896K, 47% used [0x0000000686800000,0x000000069eba3c10,0x00000006b9d30000)
 PSPermGen       total 28288K, used 20628K [0x0000000681600000, 0x00000006831a0000, 0x0000000686800000)
  object space 28288K, 72% used [0x0000000681600000,0x0000000682a251c8,0x00000006831a0000)
}
Total time for which application threads were stopped: 0.5818710 seconds
Application time: 3.6367730 seconds
{Heap before GC invocations=85 (full 12):
 PSYoungGen      total 1456320K, used 892800K [0x00000007822b0000, 0x00000007fff40000, 0x0000000800000000)
  eden space 892800K, 100% used [0x00000007822b0000,0x00000007b8a90000,0x00000007b8a90000)
  from space 563520K, 0% used [0x00000007d97d0000,0x00000007d97d0000,0x00000007fbe20000)
  to   space 537856K, 0% used [0x00000007b8a90000,0x00000007b8a90000,0x00000007d97d0000)
 PSOldGen        total 840896K, used 396943K [0x0000000686800000, 0x00000006b9d30000, 0x00000007822b0000)
  object space 840896K, 47% used [0x0000000686800000,0x000000069eba3c10,0x00000006b9d30000)
 PSPermGen       total 28288K, used 21249K [0x0000000681600000, 0x00000006831a0000, 0x0000000686800000)
  object space 28288K, 75% used [0x0000000681600000,0x0000000682ac0508,0x00000006831a0000)
1728.296: [GC [PSYoungGen: 892800K->409196K(1430656K)] 1289743K->806139K(2271552K), 0.1418430 secs] [Times: user=1.05 sys=0.03, real=0.14 secs] 
Heap after GC invocations=85 (full 12):
 PSYoungGen      total 1430656K, used 409196K [0x00000007822b0000, 0x0000000800000000, 0x0000000800000000)
  eden space 892800K, 0% used [0x00000007822b0000,0x00000007822b0000,0x00000007b8a90000)
  from space 537856K, 76% used [0x00000007b8a90000,0x00000007d1a2b0d0,0x00000007d97d0000)
  to   space 571520K, 0% used [0x00000007dd1e0000,0x00000007dd1e0000,0x0000000800000000)
 PSOldGen        total 840896K, used 396943K [0x0000000686800000, 0x00000006b9d30000, 0x00000007822b0000)
  object space 840896K, 47% used [0x0000000686800000,0x000000069eba3c10,0x00000006b9d30000)
 PSPermGen       total 28288K, used 21249K [0x0000000681600000, 0x00000006831a0000, 0x0000000686800000)
  object space 28288K, 75% used [0x0000000681600000,0x0000000682ac0508,0x00000006831a0000)
}
Total time for which application threads were stopped: 0.1429900 seconds
Application time: 1.0000800 seconds
Total time for which application threads were stopped: 0.0010560 seconds
Application time: 1.9963180 seconds
{Heap before GC invocations=86 (full 12):
 PSYoungGen      total 1430656K, used 1301996K [0x00000007822b0000, 0x0000000800000000, 0x0000000800000000)
  eden space 892800K, 100% used [0x00000007822b0000,0x00000007b8a90000,0x00000007b8a90000)
  from space 537856K, 76% used [0x00000007b8a90000,0x00000007d1a2b0d0,0x00000007d97d0000)
  to   space 571520K, 0% used [0x00000007dd1e0000,0x00000007dd1e0000,0x0000000800000000)
 PSOldGen        total 840896K, used 396943K [0x0000000686800000, 0x00000006b9d30000, 0x00000007822b0000)
  object space 840896K, 47% used [0x0000000686800000,0x000000069eba3c10,0x00000006b9d30000)
 PSPermGen       total 28288K, used 21451K [0x0000000681600000, 0x00000006831a0000, 0x0000000686800000)
  object space 28288K, 75% used [0x0000000681600000,0x0000000682af2d08,0x00000006831a0000)
1731.436: [GC [PSYoungGen: 1301996K->70318K(1490624K)] 1698939K->485442K(2331520K), 0.1832210 secs] [Times: user=1.16 sys=0.02, real=0.18 secs] 
Heap after GC invocations=86 (full 12):
 PSYoungGen      total 1490624K, used 70318K [0x00000007822b0000, 0x0000000800000000, 0x0000000800000000)
  eden space 919104K, 0% used [0x00000007822b0000,0x00000007822b0000,0x00000007ba440000)
  from space 571520K, 12% used [0x00000007dd1e0000,0x00000007e168bab0,0x0000000800000000)
  to   space 571008K, 0% used [0x00000007ba440000,0x00000007ba440000,0x00000007dd1e0000)
 PSOldGen        total 840896K, used 415123K [0x0000000686800000, 0x00000006b9d30000, 0x00000007822b0000)
  object space 840896K, 49% used [0x0000000686800000,0x000000069fd64f00,0x00000006b9d30000)
 PSPermGen       total 28288K, used 21451K [0x0000000681600000, 0x00000006831a0000, 0x0000000686800000)
  object space 28288K, 75% used [0x0000000681600000,0x0000000682af2d08,0x00000006831a0000)
}
Total time for which application threads were stopped: 0.1842200 seconds
Application time: 2.5588680 seconds
{Heap before GC invocations=87 (full 12):
 PSYoungGen      total 1490624K, used 989422K [0x00000007822b0000, 0x0000000800000000, 0x0000000800000000)
  eden space 919104K, 100% used [0x00000007822b0000,0x00000007ba440000,0x00000007ba440000)
  from space 571520K, 12% used [0x00000007dd1e0000,0x00000007e168bab0,0x0000000800000000)
  to   space 571008K, 0% used [0x00000007ba440000,0x00000007ba440000,0x00000007dd1e0000)
 PSOldGen        total 840896K, used 415123K [0x0000000686800000, 0x00000006b9d30000, 0x00000007822b0000)
  object space 840896K, 49% used [0x0000000686800000,0x000000069fd64f00,0x00000006b9d30000)
 PSPermGen       total 28288K, used 22254K [0x0000000681600000, 0x00000006831a0000, 0x0000000686800000)
  object space 28288K, 78% used [0x0000000681600000,0x0000000682bbb888,0x00000006831a0000)
1734.180: [GC [PSYoungGen: 989422K->513988K(1433152K)] 1404546K->933137K(2274048K), 0.1162840 secs] [Times: user=0.85 sys=0.00, real=0.12 secs] 
Heap after GC invocations=87 (full 12):
 PSYoungGen      total 1433152K, used 513988K [0x00000007822b0000, 0x0000000800000000, 0x0000000800000000)
  eden space 919104K, 0% used [0x00000007822b0000,0x00000007822b0000,0x00000007ba440000)
  from space 514048K, 99% used [0x00000007ba440000,0x00000007d9a31110,0x00000007d9a40000)
  to   space 628480K, 0% used [0x00000007d9a40000,0x00000007d9a40000,0x0000000800000000)
 PSOldGen        total 840896K, used 419149K [0x0000000686800000, 0x00000006b9d30000, 0x00000007822b0000)
  object space 840896K, 49% used [0x0000000686800000,0x00000006a01534c0,0x00000006b9d30000)
 PSPermGen       total 28288K, used 22254K [0x0000000681600000, 0x00000006831a0000, 0x0000000686800000)
  object space 28288K, 78% used [0x0000000681600000,0x0000000682bbb888,0x00000006831a0000)
}
Total time for which application threads were stopped: 0.1176490 seconds
Application time: 62.7551830 seconds
Total time for which application threads were stopped: 0.0007470 seconds
Application time: 0.0020680 seconds
Total time for which application threads were stopped: 0.0003420 seconds
Application time: 0.0001930 seconds
Total time for which application threads were stopped: 0.0003040 seconds
Application time: 0.0019850 seconds
Total time for which application threads were stopped: 0.0004590 seconds
Application time: 0.0000500 seconds
Total time for which application threads were stopped: 0.0003710 seconds
Application time: 0.0007620 seconds
Total time for which application threads were stopped: 0.0005230 seconds
Application time: 0.0004690 seconds
Total time for which application threads were stopped: 0.0007820 seconds
Application time: 121.8260510 seconds
{Heap before GC invocations=88 (full 12):
 PSYoungGen      total 1433152K, used 1433092K [0x00000007822b0000, 0x0000000800000000, 0x0000000800000000)
  eden space 919104K, 100% used [0x00000007822b0000,0x00000007ba440000,0x00000007ba440000)
  from space 514048K, 99% used [0x00000007ba440000,0x00000007d9a31110,0x00000007d9a40000)
  to   space 628480K, 0% used [0x00000007d9a40000,0x00000007d9a40000,0x0000000800000000)
 PSOldGen        total 840896K, used 419149K [0x0000000686800000, 0x00000006b9d30000, 0x00000007822b0000)
  object space 840896K, 49% used [0x0000000686800000,0x00000006a01534c0,0x00000006b9d30000)
 PSPermGen       total 28288K, used 22403K [0x0000000681600000, 0x00000006831a0000, 0x0000000686800000)
  object space 28288K, 79% used [0x0000000681600000,0x0000000682be0d90,0x00000006831a0000)
1918.887: [GC [PSYoungGen: 1433092K->112909K(1433216K)] 1852241K->557911K(2274112K), 0.1907730 secs] [Times: user=1.18 sys=0.03, real=0.19 secs] 
Heap after GC invocations=88 (full 12):
 PSYoungGen      total 1433216K, used 112909K [0x00000007822b0000, 0x0000000800000000, 0x0000000800000000)
  eden space 804736K, 0% used [0x00000007822b0000,0x00000007822b0000,0x00000007b3490000)
  from space 628480K, 17% used [0x00000007d9a40000,0x00000007e08837f0,0x0000000800000000)
  to   space 628416K, 0% used [0x00000007b3490000,0x00000007b3490000,0x00000007d9a40000)
 PSOldGen        total 840896K, used 445001K [0x0000000686800000, 0x00000006b9d30000, 0x00000007822b0000)
  object space 840896K, 52% used [0x0000000686800000,0x00000006a1a925d0,0x00000006b9d30000)
 PSPermGen       total 28288K, used 22403K [0x0000000681600000, 0x00000006831a0000, 0x0000000686800000)
  object space 28288K, 79% used [0x0000000681600000,0x0000000682be0d90,0x00000006831a0000)
}
Total time for which application threads were stopped: 0.1917600 seconds
Application time: 1.7672880 seconds
{Heap before GC invocations=89 (full 12):
 PSYoungGen      total 1433216K, used 917645K [0x00000007822b0000, 0x0000000800000000, 0x0000000800000000)
  eden space 804736K, 100% used [0x00000007822b0000,0x00000007b3490000,0x00000007b3490000)
  from space 628480K, 17% used [0x00000007d9a40000,0x00000007e08837f0,0x0000000800000000)
  to   space 628416K, 0% used [0x00000007b3490000,0x00000007b3490000,0x00000007d9a40000)
 PSOldGen        total 840896K, used 445001K [0x0000000686800000, 0x00000006b9d30000, 0x00000007822b0000)
  object space 840896K, 52% used [0x0000000686800000,0x00000006a1a925d0,0x00000006b9d30000)
 PSPermGen       total 28288K, used 22937K [0x0000000681600000, 0x00000006831a0000, 0x0000000686800000)
  object space 28288K, 81% used [0x0000000681600000,0x0000000682c66710,0x00000006831a0000)
1920.846: [GC [PSYoungGen: 917645K->344983K(1149760K)] 1362647K->870255K(1990656K), 0.1129220 secs] [Times: user=0.73 sys=0.01, real=0.11 secs] 
Heap after GC invocations=89 (full 12):
 PSYoungGen      total 1149760K, used 344983K [0x00000007822b0000, 0x00000007ffb70000, 0x0000000800000000)
  eden space 804736K, 0% used [0x00000007822b0000,0x00000007822b0000,0x00000007b3490000)
  from space 345024K, 99% used [0x00000007b3490000,0x00000007c8575fe0,0x00000007c8580000)
  to   space 626112K, 0% used [0x00000007d9800000,0x00000007d9800000,0x00000007ffb70000)
 PSOldGen        total 840896K, used 525271K [0x0000000686800000, 0x00000006b9d30000, 0x00000007822b0000)
  object space 840896K, 62% used [0x0000000686800000,0x00000006a68f5d10,0x00000006b9d30000)
 PSPermGen       total 28288K, used 22937K [0x0000000681600000, 0x00000006831a0000, 0x0000000686800000)
  object space 28288K, 81% used [0x0000000681600000,0x0000000682c66710,0x00000006831a0000)
}
Total time for which application threads were stopped: 0.1139920 seconds
Application time: 3.5627890 seconds
{Heap before GC invocations=90 (full 12):
 PSYoungGen      total 1149760K, used 1149719K [0x00000007822b0000, 0x00000007ffb70000, 0x0000000800000000)
  eden space 804736K, 100% used [0x00000007822b0000,0x00000007b3490000,0x00000007b3490000)
  from space 345024K, 99% used [0x00000007b3490000,0x00000007c8575fe0,0x00000007c8580000)
  to   space 626112K, 0% used [0x00000007d9800000,0x00000007d9800000,0x00000007ffb70000)
 PSOldGen        total 840896K, used 525271K [0x0000000686800000, 0x00000006b9d30000, 0x00000007822b0000)
  object space 840896K, 62% used [0x0000000686800000,0x00000006a68f5d10,0x00000006b9d30000)
 PSPermGen       total 28288K, used 23225K [0x0000000681600000, 0x00000006831a0000, 0x0000000686800000)
  object space 28288K, 82% used [0x0000000681600000,0x0000000682cae710,0x00000006831a0000)
1924.523: [GC [PSYoungGen: 1149719K->171988K(1452992K)] 1674991K->720805K(2293888K), 0.1474210 secs] [Times: user=0.94 sys=0.00, real=0.15 secs] 
Heap after GC invocations=90 (full 12):
 PSYoungGen      total 1452992K, used 171988K [0x00000007822b0000, 0x0000000800000000, 0x0000000800000000)
  eden space 826880K, 0% used [0x00000007822b0000,0x00000007822b0000,0x00000007b4a30000)
  from space 626112K, 27% used [0x00000007d9800000,0x00000007e3ff50a0,0x00000007ffb70000)
  to   space 603968K, 0% used [0x00000007b4a30000,0x00000007b4a30000,0x00000007d9800000)
 PSOldGen        total 840896K, used 548816K [0x0000000686800000, 0x00000006b9d30000, 0x00000007822b0000)
  object space 840896K, 65% used [0x0000000686800000,0x00000006a7ff43e0,0x00000006b9d30000)
 PSPermGen       total 28288K, used 23225K [0x0000000681600000, 0x00000006831a0000, 0x0000000686800000)
  object space 28288K, 82% used [0x0000000681600000,0x0000000682cae710,0x00000006831a0000)
}
Total time for which application threads were stopped: 0.1484330 seconds
Application time: 1.8912630 seconds
{Heap before GC invocations=91 (full 12):
 PSYoungGen      total 1452992K, used 998868K [0x00000007822b0000, 0x0000000800000000, 0x0000000800000000)
  eden space 826880K, 100% used [0x00000007822b0000,0x00000007b4a30000,0x00000007b4a30000)
  from space 626112K, 27% used [0x00000007d9800000,0x00000007e3ff50a0,0x00000007ffb70000)
  to   space 603968K, 0% used [0x00000007b4a30000,0x00000007b4a30000,0x00000007d9800000)
 PSOldGen        total 840896K, used 548816K [0x0000000686800000, 0x00000006b9d30000, 0x00000007822b0000)
  object space 840896K, 65% used [0x0000000686800000,0x00000006a7ff43e0,0x00000006b9d30000)
 PSPermGen       total 28288K, used 23704K [0x0000000681600000, 0x00000006831a0000, 0x0000000686800000)
  object space 28288K, 83% used [0x0000000681600000,0x0000000682d26290,0x00000006831a0000)
1926.563: [GC [PSYoungGen: 998868K->307444K(1134336K)] 1547685K->963563K(1975232K), 0.1200120 secs] [Times: user=0.74 sys=0.00, real=0.12 secs] 
Heap after GC invocations=91 (full 12):
 PSYoungGen      total 1134336K, used 307444K [0x00000007822b0000, 0x00000007fcf00000, 0x0000000800000000)
  eden space 826880K, 0% used [0x00000007822b0000,0x00000007822b0000,0x00000007b4a30000)
  from space 307456K, 99% used [0x00000007b4a30000,0x00000007c766d280,0x00000007c7670000)
  to   space 589952K, 0% used [0x00000007d8ee0000,0x00000007d8ee0000,0x00000007fcf00000)
 PSOldGen        total 840896K, used 656118K [0x0000000686800000, 0x00000006b9d30000, 0x00000007822b0000)
  object space 840896K, 78% used [0x0000000686800000,0x00000006ae8bdbf0,0x00000006b9d30000)
 PSPermGen       total 28288K, used 23704K [0x0000000681600000, 0x00000006831a0000, 0x0000000686800000)
  object space 28288K, 83% used [0x0000000681600000,0x0000000682d26290,0x00000006831a0000)
}
Total time for which application threads were stopped: 0.1209960 seconds
Application time: 2.4079550 seconds
{Heap before GC invocations=92 (full 12):
 PSYoungGen      total 1134336K, used 1134324K [0x00000007822b0000, 0x00000007fcf00000, 0x0000000800000000)
  eden space 826880K, 100% used [0x00000007822b0000,0x00000007b4a30000,0x00000007b4a30000)
  from space 307456K, 99% used [0x00000007b4a30000,0x00000007c766d280,0x00000007c7670000)
  to   space 589952K, 0% used [0x00000007d8ee0000,0x00000007d8ee0000,0x00000007fcf00000)
 PSOldGen        total 840896K, used 656118K [0x0000000686800000, 0x00000006b9d30000, 0x00000007822b0000)
  object space 840896K, 78% used [0x0000000686800000,0x00000006ae8bdbf0,0x00000006b9d30000)
 PSPermGen       total 28288K, used 24084K [0x0000000681600000, 0x00000006831a0000, 0x0000000686800000)
  object space 28288K, 85% used [0x0000000681600000,0x0000000682d850d0,0x00000006831a0000)
1929.092: [GC [PSYoungGen: 1134324K->235901K(1451648K)] 1790443K->905172K(2292544K), 0.1338270 secs] [Times: user=0.83 sys=0.00, real=0.14 secs] 
Heap after GC invocations=92 (full 12):
 PSYoungGen      total 1451648K, used 235901K [0x00000007822b0000, 0x0000000800000000, 0x0000000800000000)
  eden space 861696K, 0% used [0x00000007822b0000,0x00000007822b0000,0x00000007b6c30000)
  from space 589952K, 39% used [0x00000007d8ee0000,0x00000007e753f7b0,0x00000007fcf00000)
  to   space 559808K, 0% used [0x00000007b6c30000,0x00000007b6c30000,0x00000007d8ee0000)
 PSOldGen        total 840896K, used 669270K [0x0000000686800000, 0x00000006b9d30000, 0x00000007822b0000)
  object space 840896K, 79% used [0x0000000686800000,0x00000006af5958d0,0x00000006b9d30000)
 PSPermGen       total 28288K, used 24084K [0x0000000681600000, 0x00000006831a0000, 0x0000000686800000)
  object space 28288K, 85% used [0x0000000681600000,0x0000000682d850d0,0x00000006831a0000)
}
Total time for which application threads were stopped: 0.1348110 seconds
Application time: 2.2329520 seconds
{Heap before GC invocations=93 (full 12):
 PSYoungGen      total 1451648K, used 1097597K [0x00000007822b0000, 0x0000000800000000, 0x0000000800000000)
  eden space 861696K, 100% used [0x00000007822b0000,0x00000007b6c30000,0x00000007b6c30000)
  from space 589952K, 39% used [0x00000007d8ee0000,0x00000007e753f7b0,0x00000007fcf00000)
  to   space 559808K, 0% used [0x00000007b6c30000,0x00000007b6c30000,0x00000007d8ee0000)
 PSOldGen        total 840896K, used 669270K [0x0000000686800000, 0x00000006b9d30000, 0x00000007822b0000)
  object space 840896K, 79% used [0x0000000686800000,0x00000006af5958d0,0x00000006b9d30000)
 PSPermGen       total 28288K, used 24429K [0x0000000681600000, 0x00000006831a0000, 0x0000000686800000)
  object space 28288K, 86% used [0x0000000681600000,0x0000000682ddb590,0x00000006831a0000)
1931.460: [GC [PSYoungGen: 1097597K->124169K(1421504K)] 1766868K->892881K(2262400K), 0.1519620 secs] [Times: user=0.97 sys=0.00, real=0.15 secs] 
Heap after GC invocations=93 (full 12):
 PSYoungGen      total 1421504K, used 124169K [0x00000007822b0000, 0x00000007fd190000, 0x0000000800000000)
  eden space 861696K, 0% used [0x00000007822b0000,0x00000007822b0000,0x00000007b6c30000)
  from space 559808K, 22% used [0x00000007b6c30000,0x00000007be572790,0x00000007d8ee0000)
  to   space 551104K, 0% used [0x00000007db760000,0x00000007db760000,0x00000007fd190000)
 PSOldGen        total 840896K, used 768711K [0x0000000686800000, 0x00000006b9d30000, 0x00000007822b0000)
  object space 840896K, 91% used [0x0000000686800000,0x00000006b56b1e90,0x00000006b9d30000)
 PSPermGen       total 28288K, used 24429K [0x0000000681600000, 0x00000006831a0000, 0x0000000686800000)
  object space 28288K, 86% used [0x0000000681600000,0x0000000682ddb590,0x00000006831a0000)
}
{Heap before GC invocations=94 (full 13):
 PSYoungGen      total 1421504K, used 124169K [0x00000007822b0000, 0x00000007fd190000, 0x0000000800000000)
  eden space 861696K, 0% used [0x00000007822b0000,0x00000007822b0000,0x00000007b6c30000)
  from space 559808K, 22% used [0x00000007b6c30000,0x00000007be572790,0x00000007d8ee0000)
  to   space 551104K, 0% used [0x00000007db760000,0x00000007db760000,0x00000007fd190000)
 PSOldGen        total 840896K, used 768711K [0x0000000686800000, 0x00000006b9d30000, 0x00000007822b0000)
  object space 840896K, 91% used [0x0000000686800000,0x00000006b56b1e90,0x00000006b9d30000)
 PSPermGen       total 28288K, used 24429K [0x0000000681600000, 0x00000006831a0000, 0x0000000686800000)
  object space 28288K, 86% used [0x0000000681600000,0x0000000682ddb590,0x00000006831a0000)
1931.612: [Full GC [PSYoungGen: 124169K->0K(1421504K)] [PSOldGen: 768711K->275443K(703808K)] 892881K->275443K(2125312K) [PSPermGen: 24429K->24429K(32000K)], 0.3246260 secs] [Times: user=0.32 sys=0.01, real=0.33 secs] 
Heap after GC invocations=94 (full 13):
 PSYoungGen      total 1421504K, used 0K [0x00000007822b0000, 0x00000007fd190000, 0x0000000800000000)
  eden space 861696K, 0% used [0x00000007822b0000,0x00000007822b0000,0x00000007b6c30000)
  from space 559808K, 0% used [0x00000007b6c30000,0x00000007b6c30000,0x00000007d8ee0000)
  to   space 551104K, 0% used [0x00000007db760000,0x00000007db760000,0x00000007fd190000)
 PSOldGen        total 703808K, used 275443K [0x0000000686800000, 0x00000006b1750000, 0x00000007822b0000)
  object space 703808K, 39% used [0x0000000686800000,0x00000006974fcf30,0x00000006b1750000)
 PSPermGen       total 32000K, used 24429K [0x0000000681600000, 0x0000000683540000, 0x0000000686800000)
  object space 32000K, 76% used [0x0000000681600000,0x0000000682ddb590,0x0000000683540000)
}
Total time for which application threads were stopped: 0.4777490 seconds
Application time: 3.6213100 seconds
{Heap before GC invocations=95 (full 13):
 PSYoungGen      total 1421504K, used 861696K [0x00000007822b0000, 0x00000007fd190000, 0x0000000800000000)
  eden space 861696K, 100% used [0x00000007822b0000,0x00000007b6c30000,0x00000007b6c30000)
  from space 559808K, 0% used [0x00000007b6c30000,0x00000007b6c30000,0x00000007d8ee0000)
  to   space 551104K, 0% used [0x00000007db760000,0x00000007db760000,0x00000007fd190000)
 PSOldGen        total 703808K, used 275443K [0x0000000686800000, 0x00000006b1750000, 0x00000007822b0000)
  object space 703808K, 39% used [0x0000000686800000,0x00000006974fcf30,0x00000006b1750000)
 PSPermGen       total 32000K, used 25054K [0x0000000681600000, 0x0000000683540000, 0x0000000686800000)
  object space 32000K, 78% used [0x0000000681600000,0x0000000682e77b90,0x0000000683540000)
1935.559: [GC [PSYoungGen: 861696K->391112K(1438272K)] 1137139K->666556K(2142080K), 0.1166810 secs] [Times: user=0.77 sys=0.01, real=0.12 secs] 
Heap after GC invocations=95 (full 13):
 PSYoungGen      total 1438272K, used 391112K [0x00000007822b0000, 0x0000000800000000, 0x0000000800000000)
  eden space 887168K, 0% used [0x00000007822b0000,0x00000007822b0000,0x00000007b8510000)
  from space 551104K, 70% used [0x00000007db760000,0x00000007f3552110,0x00000007fd190000)
  to   space 575808K, 0% used [0x00000007b8510000,0x00000007b8510000,0x00000007db760000)
 PSOldGen        total 703808K, used 275443K [0x0000000686800000, 0x00000006b1750000, 0x00000007822b0000)
  object space 703808K, 39% used [0x0000000686800000,0x00000006974fcf30,0x00000006b1750000)
 PSPermGen       total 32000K, used 25054K [0x0000000681600000, 0x0000000683540000, 0x0000000686800000)
  object space 32000K, 78% used [0x0000000681600000,0x0000000682e77b90,0x0000000683540000)
}
Total time for which application threads were stopped: 0.1178090 seconds
Application time: 3.1079040 seconds
{Heap before GC invocations=96 (full 13):
 PSYoungGen      total 1438272K, used 1278280K [0x00000007822b0000, 0x0000000800000000, 0x0000000800000000)
  eden space 887168K, 100% used [0x00000007822b0000,0x00000007b8510000,0x00000007b8510000)
  from space 551104K, 70% used [0x00000007db760000,0x00000007f3552110,0x00000007fd190000)
  to   space 575808K, 0% used [0x00000007b8510000,0x00000007b8510000,0x00000007db760000)
 PSOldGen        total 703808K, used 275443K [0x0000000686800000, 0x00000006b1750000, 0x00000007822b0000)
  object space 703808K, 39% used [0x0000000686800000,0x00000006974fcf30,0x00000006b1750000)
 PSPermGen       total 32000K, used 25254K [0x0000000681600000, 0x0000000683540000, 0x0000000686800000)
  object space 32000K, 78% used [0x0000000681600000,0x0000000682ea9990,0x0000000683540000)
1938.785: [GC [PSYoungGen: 1278280K->79616K(1462976K)] 1553724K->438845K(2166784K), 0.1809560 secs] [Times: user=1.12 sys=0.01, real=0.18 secs] 
Heap after GC invocations=96 (full 13):
 PSYoungGen      total 1462976K, used 79616K [0x00000007822b0000, 0x0000000800000000, 0x0000000800000000)
  eden space 887168K, 0% used [0x00000007822b0000,0x00000007822b0000,0x00000007b8510000)
  from space 575808K, 13% used [0x00000007b8510000,0x00000007bd2d0140,0x00000007db760000)
  to   space 573696K, 0% used [0x00000007dcfc0000,0x00000007dcfc0000,0x0000000800000000)
 PSOldGen        total 703808K, used 359229K [0x0000000686800000, 0x00000006b1750000, 0x00000007822b0000)
  object space 703808K, 51% used [0x0000000686800000,0x000000069c6cf620,0x00000006b1750000)
 PSPermGen       total 32000K, used 25254K [0x0000000681600000, 0x0000000683540000, 0x0000000686800000)
  object space 32000K, 78% used [0x0000000681600000,0x0000000682ea9990,0x0000000683540000)
}
Total time for which application threads were stopped: 0.1820910 seconds
Application time: 3.5472760 seconds
{Heap before GC invocations=97 (full 13):
 PSYoungGen      total 1462976K, used 966784K [0x00000007822b0000, 0x0000000800000000, 0x0000000800000000)
  eden space 887168K, 100% used [0x00000007822b0000,0x00000007b8510000,0x00000007b8510000)
  from space 575808K, 13% used [0x00000007b8510000,0x00000007bd2d0140,0x00000007db760000)
  to   space 573696K, 0% used [0x00000007dcfc0000,0x00000007dcfc0000,0x0000000800000000)
 PSOldGen        total 703808K, used 359229K [0x0000000686800000, 0x00000006b1750000, 0x00000007822b0000)
  object space 703808K, 51% used [0x0000000686800000,0x000000069c6cf620,0x00000006b1750000)
 PSPermGen       total 32000K, used 26073K [0x0000000681600000, 0x0000000683540000, 0x0000000686800000)
  object space 32000K, 81% used [0x0000000681600000,0x0000000682f76410,0x0000000683540000)
1942.514: [GC [PSYoungGen: 966784K->529480K(1339328K)] 1326013K->892409K(2043136K), 0.1248800 secs] [Times: user=0.99 sys=0.02, real=0.12 secs] 
Heap after GC invocations=97 (full 13):
 PSYoungGen      total 1339328K, used 529480K [0x00000007822b0000, 0x0000000800000000, 0x0000000800000000)
  eden space 765632K, 0% used [0x00000007822b0000,0x00000007822b0000,0x00000007b0e60000)
  from space 573696K, 92% used [0x00000007dcfc0000,0x00000007fd4d2250,0x0000000800000000)
  to   space 648000K, 0% used [0x00000007b0e60000,0x00000007b0e60000,0x00000007d8730000)
 PSOldGen        total 703808K, used 362929K [0x0000000686800000, 0x00000006b1750000, 0x00000007822b0000)
  object space 703808K, 51% used [0x0000000686800000,0x000000069ca6c570,0x00000006b1750000)
 PSPermGen       total 32000K, used 26073K [0x0000000681600000, 0x0000000683540000, 0x0000000686800000)
  object space 32000K, 81% used [0x0000000681600000,0x0000000682f76410,0x0000000683540000)
}
Total time for which application threads were stopped: 0.1265260 seconds
Application time: 6.7264610 seconds
{Heap before GC invocations=98 (full 13):
 PSYoungGen      total 1339328K, used 1295112K [0x00000007822b0000, 0x0000000800000000, 0x0000000800000000)
  eden space 765632K, 100% used [0x00000007822b0000,0x00000007b0e60000,0x00000007b0e60000)
  from space 573696K, 92% used [0x00000007dcfc0000,0x00000007fd4d2250,0x0000000800000000)
  to   space 648000K, 0% used [0x00000007b0e60000,0x00000007b0e60000,0x00000007d8730000)
 PSOldGen        total 703808K, used 362929K [0x0000000686800000, 0x00000006b1750000, 0x00000007822b0000)
  object space 703808K, 51% used [0x0000000686800000,0x000000069ca6c570,0x00000006b1750000)
 PSPermGen       total 32000K, used 26100K [0x0000000681600000, 0x0000000683540000, 0x0000000686800000)
  object space 32000K, 81% used [0x0000000681600000,0x0000000682f7d010,0x0000000683540000)
1949.368: [GC [PSYoungGen: 1295112K->32847K(798528K)] 1658041K->593665K(1502336K), 0.1738030 secs] [Times: user=1.08 sys=0.01, real=0.17 secs] 
Heap after GC invocations=98 (full 13):
 PSYoungGen      total 798528K, used 32847K [0x00000007822b0000, 0x0000000800000000, 0x0000000800000000)
  eden space 765632K, 0% used [0x00000007822b0000,0x00000007822b0000,0x00000007b0e60000)
  from space 32896K, 99% used [0x00000007b0e60000,0x00000007b2e73cb0,0x00000007b2e80000)
  to   space 649728K, 0% used [0x00000007d8580000,0x00000007d8580000,0x0000000800000000)
 PSOldGen        total 703808K, used 560818K [0x0000000686800000, 0x00000006b1750000, 0x00000007822b0000)
  object space 703808K, 79% used [0x0000000686800000,0x00000006a8bac840,0x00000006b1750000)
 PSPermGen       total 32000K, used 26100K [0x0000000681600000, 0x0000000683540000, 0x0000000686800000)
  object space 32000K, 81% used [0x0000000681600000,0x0000000682f7d010,0x0000000683540000)
}
{Heap before GC invocations=99 (full 14):
 PSYoungGen      total 798528K, used 32847K [0x00000007822b0000, 0x0000000800000000, 0x0000000800000000)
  eden space 765632K, 0% used [0x00000007822b0000,0x00000007822b0000,0x00000007b0e60000)
  from space 32896K, 99% used [0x00000007b0e60000,0x00000007b2e73cb0,0x00000007b2e80000)
  to   space 649728K, 0% used [0x00000007d8580000,0x00000007d8580000,0x0000000800000000)
 PSOldGen        total 703808K, used 560818K [0x0000000686800000, 0x00000006b1750000, 0x00000007822b0000)
  object space 703808K, 79% used [0x0000000686800000,0x00000006a8bac840,0x00000006b1750000)
 PSPermGen       total 32000K, used 26100K [0x0000000681600000, 0x0000000683540000, 0x0000000686800000)
  object space 32000K, 81% used [0x0000000681600000,0x0000000682f7d010,0x0000000683540000)
1949.541: [Full GC [PSYoungGen: 32847K->0K(798528K)] [PSOldGen: 560818K->250924K(728192K)] 593665K->250924K(1526720K) [PSPermGen: 26100K->26100K(33216K)], 0.3152500 secs] [Times: user=0.32 sys=0.00, real=0.32 secs] 
Heap after GC invocations=99 (full 14):
 PSYoungGen      total 798528K, used 0K [0x00000007822b0000, 0x0000000800000000, 0x0000000800000000)
  eden space 765632K, 0% used [0x00000007822b0000,0x00000007822b0000,0x00000007b0e60000)
  from space 32896K, 0% used [0x00000007b0e60000,0x00000007b0e60000,0x00000007b2e80000)
  to   space 649728K, 0% used [0x00000007d8580000,0x00000007d8580000,0x0000000800000000)
 PSOldGen        total 728192K, used 250924K [0x0000000686800000, 0x00000006b2f20000, 0x00000007822b0000)
  object space 728192K, 34% used [0x0000000686800000,0x0000000695d0b088,0x00000006b2f20000)
 PSPermGen       total 33216K, used 26100K [0x0000000681600000, 0x0000000683670000, 0x0000000686800000)
  object space 33216K, 78% used [0x0000000681600000,0x0000000682f7d010,0x0000000683670000)
}
Total time for which application threads were stopped: 0.4908790 seconds
Application time: 183.1445390 seconds
{Heap before GC invocations=100 (full 14):
 PSYoungGen      total 798528K, used 765632K [0x00000007822b0000, 0x0000000800000000, 0x0000000800000000)
  eden space 765632K, 100% used [0x00000007822b0000,0x00000007b0e60000,0x00000007b0e60000)
  from space 32896K, 0% used [0x00000007b0e60000,0x00000007b0e60000,0x00000007b2e80000)
  to   space 649728K, 0% used [0x00000007d8580000,0x00000007d8580000,0x0000000800000000)
 PSOldGen        total 728192K, used 250924K [0x0000000686800000, 0x00000006b2f20000, 0x00000007822b0000)
  object space 728192K, 34% used [0x0000000686800000,0x0000000695d0b088,0x00000006b2f20000)
 PSPermGen       total 33216K, used 26865K [0x0000000681600000, 0x0000000683670000, 0x0000000686800000)
  object space 33216K, 80% used [0x0000000681600000,0x000000068303c538,0x0000000683670000)
2133.003: [GC [PSYoungGen: 765632K->494363K(1337024K)] 1016556K->745287K(2065216K), 0.1006620 secs] [Times: user=0.89 sys=0.00, real=0.11 secs] 
Heap after GC invocations=100 (full 14):
 PSYoungGen      total 1337024K, used 494363K [0x00000007822b0000, 0x0000000800000000, 0x0000000800000000)
  eden space 687296K, 0% used [0x00000007822b0000,0x00000007822b0000,0x00000007ac1e0000)
  from space 649728K, 76% used [0x00000007d8580000,0x00000007f6846f70,0x0000000800000000)
  to   space 687168K, 0% used [0x00000007ac1e0000,0x00000007ac1e0000,0x00000007d60f0000)
 PSOldGen        total 728192K, used 250924K [0x0000000686800000, 0x00000006b2f20000, 0x00000007822b0000)
  object space 728192K, 34% used [0x0000000686800000,0x0000000695d0b088,0x00000006b2f20000)
 PSPermGen       total 33216K, used 26865K [0x0000000681600000, 0x0000000683670000, 0x0000000686800000)
  object space 33216K, 80% used [0x0000000681600000,0x000000068303c538,0x0000000683670000)
}
Total time for which application threads were stopped: 0.1019400 seconds
Application time: 2.4097760 seconds
{Heap before GC invocations=101 (full 14):
 PSYoungGen      total 1337024K, used 1181659K [0x00000007822b0000, 0x0000000800000000, 0x0000000800000000)
  eden space 687296K, 100% used [0x00000007822b0000,0x00000007ac1e0000,0x00000007ac1e0000)
  from space 649728K, 76% used [0x00000007d8580000,0x00000007f6846f70,0x0000000800000000)
  to   space 687168K, 0% used [0x00000007ac1e0000,0x00000007ac1e0000,0x00000007d60f0000)
 PSOldGen        total 728192K, used 250924K [0x0000000686800000, 0x00000006b2f20000, 0x00000007822b0000)
  object space 728192K, 34% used [0x0000000686800000,0x0000000695d0b088,0x00000006b2f20000)
 PSPermGen       total 33216K, used 26922K [0x0000000681600000, 0x0000000683670000, 0x0000000686800000)
  object space 33216K, 81% used [0x0000000681600000,0x000000068304ab78,0x0000000683670000)
2135.514: [GC [PSYoungGen: 1181659K->51549K(1374464K)] 1432583K->657135K(2102656K), 0.1757960 secs] [Times: user=1.29 sys=0.00, real=0.17 secs] 
Heap after GC invocations=101 (full 14):
 PSYoungGen      total 1374464K, used 51549K [0x00000007822b0000, 0x0000000800000000, 0x0000000800000000)
  eden space 687296K, 0% used [0x00000007822b0000,0x00000007822b0000,0x00000007ac1e0000)
  from space 687168K, 7% used [0x00000007ac1e0000,0x00000007af437640,0x00000007d60f0000)
  to   space 687168K, 0% used [0x00000007d60f0000,0x00000007d60f0000,0x0000000800000000)
 PSOldGen        total 728192K, used 605585K [0x0000000686800000, 0x00000006b2f20000, 0x00000007822b0000)
  object space 728192K, 83% used [0x0000000686800000,0x00000006ab7645d8,0x00000006b2f20000)
 PSPermGen       total 33216K, used 26922K [0x0000000681600000, 0x0000000683670000, 0x0000000686800000)
  object space 33216K, 81% used [0x0000000681600000,0x000000068304ab78,0x0000000683670000)
}
{Heap before GC invocations=102 (full 15):
 PSYoungGen      total 1374464K, used 51549K [0x00000007822b0000, 0x0000000800000000, 0x0000000800000000)
  eden space 687296K, 0% used [0x00000007822b0000,0x00000007822b0000,0x00000007ac1e0000)
  from space 687168K, 7% used [0x00000007ac1e0000,0x00000007af437640,0x00000007d60f0000)
  to   space 687168K, 0% used [0x00000007d60f0000,0x00000007d60f0000,0x0000000800000000)
 PSOldGen        total 728192K, used 605585K [0x0000000686800000, 0x00000006b2f20000, 0x00000007822b0000)
  object space 728192K, 83% used [0x0000000686800000,0x00000006ab7645d8,0x00000006b2f20000)
 PSPermGen       total 33216K, used 26922K [0x0000000681600000, 0x0000000683670000, 0x0000000686800000)
  object space 33216K, 81% used [0x0000000681600000,0x000000068304ab78,0x0000000683670000)
2135.690: [Full GC [PSYoungGen: 51549K->0K(1374464K)] [PSOldGen: 605585K->463961K(1042304K)] 657135K->463961K(2416768K) [PSPermGen: 26922K->26922K(33792K)], 0.4404620 secs] [Times: user=0.44 sys=0.00, real=0.44 secs] 
Heap after GC invocations=102 (full 15):
 PSYoungGen      total 1374464K, used 0K [0x00000007822b0000, 0x0000000800000000, 0x0000000800000000)
  eden space 687296K, 0% used [0x00000007822b0000,0x00000007822b0000,0x00000007ac1e0000)
  from space 687168K, 0% used [0x00000007ac1e0000,0x00000007ac1e0000,0x00000007d60f0000)
  to   space 687168K, 0% used [0x00000007d60f0000,0x00000007d60f0000,0x0000000800000000)
 PSOldGen        total 1042304K, used 463961K [0x0000000686800000, 0x00000006c61e0000, 0x00000007822b0000)
  object space 1042304K, 44% used [0x0000000686800000,0x00000006a2d16720,0x00000006c61e0000)
 PSPermGen       total 33792K, used 26922K [0x0000000681600000, 0x0000000683700000, 0x0000000686800000)
  object space 33792K, 79% used [0x0000000681600000,0x000000068304ab78,0x0000000683700000)
}
Total time for which application threads were stopped: 0.6174540 seconds
Application time: 2.6726340 seconds
{Heap before GC invocations=103 (full 15):
 PSYoungGen      total 1374464K, used 687296K [0x00000007822b0000, 0x0000000800000000, 0x0000000800000000)
  eden space 687296K, 100% used [0x00000007822b0000,0x00000007ac1e0000,0x00000007ac1e0000)
  from space 687168K, 0% used [0x00000007ac1e0000,0x00000007ac1e0000,0x00000007d60f0000)
  to   space 687168K, 0% used [0x00000007d60f0000,0x00000007d60f0000,0x0000000800000000)
 PSOldGen        total 1042304K, used 463961K [0x0000000686800000, 0x00000006c61e0000, 0x00000007822b0000)
  object space 1042304K, 44% used [0x0000000686800000,0x00000006a2d16720,0x00000006c61e0000)
 PSPermGen       total 33792K, used 27500K [0x0000000681600000, 0x0000000683700000, 0x0000000686800000)
  object space 33792K, 81% used [0x0000000681600000,0x00000006830db2f8,0x0000000683700000)
2138.804: [GC [PSYoungGen: 687296K->375217K(1374464K)] 1151257K->839179K(2416768K), 0.0951160 secs] [Times: user=0.74 sys=0.00, real=0.10 secs] 
Heap after GC invocations=103 (full 15):
 PSYoungGen      total 1374464K, used 375217K [0x00000007822b0000, 0x0000000800000000, 0x0000000800000000)
  eden space 687296K, 0% used [0x00000007822b0000,0x00000007822b0000,0x00000007ac1e0000)
  from space 687168K, 54% used [0x00000007d60f0000,0x00000007ecf5c4e0,0x0000000800000000)
  to   space 687168K, 0% used [0x00000007ac1e0000,0x00000007ac1e0000,0x00000007d60f0000)
 PSOldGen        total 1042304K, used 463961K [0x0000000686800000, 0x00000006c61e0000, 0x00000007822b0000)
  object space 1042304K, 44% used [0x0000000686800000,0x00000006a2d16720,0x00000006c61e0000)
 PSPermGen       total 33792K, used 27500K [0x0000000681600000, 0x0000000683700000, 0x0000000686800000)
  object space 33792K, 81% used [0x0000000681600000,0x00000006830db2f8,0x0000000683700000)
}
Total time for which application threads were stopped: 0.0962720 seconds
Application time: 2.0493090 seconds
{Heap before GC invocations=104 (full 15):
 PSYoungGen      total 1374464K, used 1062513K [0x00000007822b0000, 0x0000000800000000, 0x0000000800000000)
  eden space 687296K, 100% used [0x00000007822b0000,0x00000007ac1e0000,0x00000007ac1e0000)
  from space 687168K, 54% used [0x00000007d60f0000,0x00000007ecf5c4e0,0x0000000800000000)
  to   space 687168K, 0% used [0x00000007ac1e0000,0x00000007ac1e0000,0x00000007d60f0000)
 PSOldGen        total 1042304K, used 463961K [0x0000000686800000, 0x00000006c61e0000, 0x00000007822b0000)
  object space 1042304K, 44% used [0x0000000686800000,0x00000006a2d16720,0x00000006c61e0000)
 PSPermGen       total 33792K, used 27679K [0x0000000681600000, 0x0000000683700000, 0x0000000686800000)
  object space 33792K, 81% used [0x0000000681600000,0x0000000683107ff8,0x0000000683700000)
2140.950: [GC [PSYoungGen: 1062513K->83195K(770496K)] 1526475K->827744K(1812800K), 0.1222310 secs] [Times: user=0.66 sys=0.05, real=0.12 secs] 
Heap after GC invocations=104 (full 15):
 PSYoungGen      total 770496K, used 83195K [0x00000007822b0000, 0x00000007ffa60000, 0x0000000800000000)
  eden space 687296K, 0% used [0x00000007822b0000,0x00000007822b0000,0x00000007ac1e0000)
  from space 83200K, 99% used [0x00000007ac1e0000,0x00000007b131efc0,0x00000007b1320000)
  to   space 684288K, 0% used [0x00000007d5e20000,0x00000007d5e20000,0x00000007ffa60000)
 PSOldGen        total 1042304K, used 744548K [0x0000000686800000, 0x00000006c61e0000, 0x00000007822b0000)
  object space 1042304K, 71% used [0x0000000686800000,0x00000006b3f19130,0x00000006c61e0000)
 PSPermGen       total 33792K, used 27679K [0x0000000681600000, 0x0000000683700000, 0x0000000686800000)
  object space 33792K, 81% used [0x0000000681600000,0x0000000683107ff8,0x0000000683700000)
}
{Heap before GC invocations=105 (full 16):
 PSYoungGen      total 770496K, used 83195K [0x00000007822b0000, 0x00000007ffa60000, 0x0000000800000000)
  eden space 687296K, 0% used [0x00000007822b0000,0x00000007822b0000,0x00000007ac1e0000)
  from space 83200K, 99% used [0x00000007ac1e0000,0x00000007b131efc0,0x00000007b1320000)
  to   space 684288K, 0% used [0x00000007d5e20000,0x00000007d5e20000,0x00000007ffa60000)
 PSOldGen        total 1042304K, used 744548K [0x0000000686800000, 0x00000006c61e0000, 0x00000007822b0000)
  object space 1042304K, 71% used [0x0000000686800000,0x00000006b3f19130,0x00000006c61e0000)
 PSPermGen       total 33792K, used 27679K [0x0000000681600000, 0x0000000683700000, 0x0000000686800000)
  object space 33792K, 81% used [0x0000000681600000,0x0000000683107ff8,0x0000000683700000)
2141.072: [Full GC [PSYoungGen: 83195K->0K(770496K)] [PSOldGen: 744548K->384517K(1029888K)] 827744K->384517K(1800384K) [PSPermGen: 27679K->20612K(27136K)], 0.4113290 secs] [Times: user=0.41 sys=0.00, real=0.42 secs] 
Heap after GC invocations=105 (full 16):
 PSYoungGen      total 770496K, used 0K [0x00000007822b0000, 0x00000007ffa60000, 0x0000000800000000)
  eden space 687296K, 0% used [0x00000007822b0000,0x00000007822b0000,0x00000007ac1e0000)
  from space 83200K, 0% used [0x00000007ac1e0000,0x00000007ac1e0000,0x00000007b1320000)
  to   space 684288K, 0% used [0x00000007d5e20000,0x00000007d5e20000,0x00000007ffa60000)
 PSOldGen        total 1029888K, used 384517K [0x0000000686800000, 0x00000006c55c0000, 0x00000007822b0000)
  object space 1029888K, 37% used [0x0000000686800000,0x000000069df81548,0x00000006c55c0000)
 PSPermGen       total 27136K, used 20612K [0x0000000681600000, 0x0000000683080000, 0x0000000686800000)
  object space 27136K, 75% used [0x0000000681600000,0x0000000682a21298,0x0000000683080000)
}
Total time for which application threads were stopped: 0.5346920 seconds
Application time: 3.1590730 seconds
{Heap before GC invocations=106 (full 16):
 PSYoungGen      total 770496K, used 687296K [0x00000007822b0000, 0x00000007ffa60000, 0x0000000800000000)
  eden space 687296K, 100% used [0x00000007822b0000,0x00000007ac1e0000,0x00000007ac1e0000)
  from space 83200K, 0% used [0x00000007ac1e0000,0x00000007ac1e0000,0x00000007b1320000)
  to   space 684288K, 0% used [0x00000007d5e20000,0x00000007d5e20000,0x00000007ffa60000)
 PSOldGen        total 1029888K, used 384517K [0x0000000686800000, 0x00000006c55c0000, 0x00000007822b0000)
  object space 1029888K, 37% used [0x0000000686800000,0x000000069df81548,0x00000006c55c0000)
 PSPermGen       total 27136K, used 20993K [0x0000000681600000, 0x0000000683080000, 0x0000000686800000)
  object space 27136K, 77% used [0x0000000681600000,0x0000000682a80458,0x0000000683080000)
2144.646: [GC [PSYoungGen: 687296K->251334K(1412416K)] 1071813K->635851K(2442304K), 0.1132090 secs] [Times: user=0.71 sys=0.01, real=0.11 secs] 
Heap after GC invocations=106 (full 16):
 PSYoungGen      total 1412416K, used 251334K [0x00000007822b0000, 0x00000007ffa60000, 0x0000000800000000)
  eden space 728128K, 0% used [0x00000007822b0000,0x00000007822b0000,0x00000007ae9c0000)
  from space 684288K, 36% used [0x00000007d5e20000,0x00000007e5391990,0x00000007ffa60000)
  to   space 643456K, 0% used [0x00000007ae9c0000,0x00000007ae9c0000,0x00000007d5e20000)
 PSOldGen        total 1029888K, used 384517K [0x0000000686800000, 0x00000006c55c0000, 0x00000007822b0000)
  object space 1029888K, 37% used [0x0000000686800000,0x000000069df81548,0x00000006c55c0000)
 PSPermGen       total 27136K, used 20993K [0x0000000681600000, 0x0000000683080000, 0x0000000686800000)
  object space 27136K, 77% used [0x0000000681600000,0x0000000682a80458,0x0000000683080000)
}
Total time for which application threads were stopped: 0.1167430 seconds
Application time: 1.8330950 seconds
{Heap before GC invocations=107 (full 16):
 PSYoungGen      total 1412416K, used 979462K [0x00000007822b0000, 0x00000007ffa60000, 0x0000000800000000)
  eden space 728128K, 100% used [0x00000007822b0000,0x00000007ae9c0000,0x00000007ae9c0000)
  from space 684288K, 36% used [0x00000007d5e20000,0x00000007e5391990,0x00000007ffa60000)
  to   space 643456K, 0% used [0x00000007ae9c0000,0x00000007ae9c0000,0x00000007d5e20000)
 PSOldGen        total 1029888K, used 384517K [0x0000000686800000, 0x00000006c55c0000, 0x00000007822b0000)
  object space 1029888K, 37% used [0x0000000686800000,0x000000069df81548,0x00000006c55c0000)
 PSPermGen       total 27136K, used 21343K [0x0000000681600000, 0x0000000683080000, 0x0000000686800000)
  object space 27136K, 78% used [0x0000000681600000,0x0000000682ad7e18,0x0000000683080000)
2146.593: [GC [PSYoungGen: 979462K->236542K(964672K)] 1363979K->823055K(1994560K), 0.1249290 secs] [Times: user=0.80 sys=0.00, real=0.12 secs] 
Heap after GC invocations=107 (full 16):
 PSYoungGen      total 964672K, used 236542K [0x00000007822b0000, 0x00000007f8c20000, 0x0000000800000000)
  eden space 728128K, 0% used [0x00000007822b0000,0x00000007822b0000,0x00000007ae9c0000)
  from space 236544K, 99% used [0x00000007ae9c0000,0x00000007bd0bfa80,0x00000007bd0c0000)
  to   space 604544K, 0% used [0x00000007d3dc0000,0x00000007d3dc0000,0x00000007f8c20000)
 PSOldGen        total 1029888K, used 586513K [0x0000000686800000, 0x00000006c55c0000, 0x00000007822b0000)
  object space 1029888K, 56% used [0x0000000686800000,0x00000006aa4c4408,0x00000006c55c0000)
 PSPermGen       total 27136K, used 21343K [0x0000000681600000, 0x0000000683080000, 0x0000000686800000)
  object space 27136K, 78% used [0x0000000681600000,0x0000000682ad7e18,0x0000000683080000)
}
Total time for which application threads were stopped: 0.1259430 seconds
Application time: 2.7040920 seconds
{Heap before GC invocations=108 (full 16):
 PSYoungGen      total 964672K, used 964670K [0x00000007822b0000, 0x00000007f8c20000, 0x0000000800000000)
  eden space 728128K, 100% used [0x00000007822b0000,0x00000007ae9c0000,0x00000007ae9c0000)
  from space 236544K, 99% used [0x00000007ae9c0000,0x00000007bd0bfa80,0x00000007bd0c0000)
  to   space 604544K, 0% used [0x00000007d3dc0000,0x00000007d3dc0000,0x00000007f8c20000)
 PSOldGen        total 1029888K, used 586513K [0x0000000686800000, 0x00000006c55c0000, 0x00000007822b0000)
  object space 1029888K, 56% used [0x0000000686800000,0x00000006aa4c4408,0x00000006c55c0000)
 PSPermGen       total 27136K, used 21627K [0x0000000681600000, 0x0000000683080000, 0x0000000686800000)
  object space 27136K, 79% used [0x0000000681600000,0x0000000682b1ef18,0x0000000683080000)
2149.423: [GC [PSYoungGen: 964670K->180526K(1364096K)] 1551183K->782586K(2393984K), 0.1237300 secs] [Times: user=0.77 sys=0.00, real=0.13 secs] 
Heap after GC invocations=108 (full 16):
 PSYoungGen      total 1364096K, used 180526K [0x00000007822b0000, 0x00000007fad40000, 0x0000000800000000)
  eden space 759552K, 0% used [0x00000007822b0000,0x00000007822b0000,0x00000007b0870000)
  from space 604544K, 29% used [0x00000007d3dc0000,0x00000007dee0bb90,0x00000007f8c20000)
  to   space 578880K, 0% used [0x00000007b0870000,0x00000007b0870000,0x00000007d3dc0000)
 PSOldGen        total 1029888K, used 602059K [0x0000000686800000, 0x00000006c55c0000, 0x00000007822b0000)
  object space 1029888K, 58% used [0x0000000686800000,0x00000006ab3f2ce8,0x00000006c55c0000)
 PSPermGen       total 27136K, used 21627K [0x0000000681600000, 0x0000000683080000, 0x0000000686800000)
  object space 27136K, 79% used [0x0000000681600000,0x0000000682b1ef18,0x0000000683080000)
}
Total time for which application threads were stopped: 0.1248070 seconds
Application time: 1.8921200 seconds
{Heap before GC invocations=109 (full 16):
 PSYoungGen      total 1364096K, used 940078K [0x00000007822b0000, 0x00000007fad40000, 0x0000000800000000)
  eden space 759552K, 100% used [0x00000007822b0000,0x00000007b0870000,0x00000007b0870000)
  from space 604544K, 29% used [0x00000007d3dc0000,0x00000007dee0bb90,0x00000007f8c20000)
  to   space 578880K, 0% used [0x00000007b0870000,0x00000007b0870000,0x00000007d3dc0000)
 PSOldGen        total 1029888K, used 602059K [0x0000000686800000, 0x00000006c55c0000, 0x00000007822b0000)
  object space 1029888K, 58% used [0x0000000686800000,0x00000006ab3f2ce8,0x00000006c55c0000)
 PSPermGen       total 27136K, used 22014K [0x0000000681600000, 0x0000000683080000, 0x0000000686800000)
  object space 27136K, 81% used [0x0000000681600000,0x0000000682b7fbd8,0x0000000683080000)
2151.440: [GC [PSYoungGen: 940078K->256239K(1338432K)] 1542138K->976229K(2368320K), 0.1197140 secs] [Times: user=0.72 sys=0.02, real=0.12 secs] 
Heap after GC invocations=109 (full 16):
 PSYoungGen      total 1338432K, used 256239K [0x00000007822b0000, 0x00000007f9e10000, 0x0000000800000000)
  eden space 759552K, 0% used [0x00000007822b0000,0x00000007822b0000,0x00000007b0870000)
  from space 578880K, 44% used [0x00000007b0870000,0x00000007c02abe80,0x00000007d3dc0000)
  to   space 552000K, 0% used [0x00000007d8300000,0x00000007d8300000,0x00000007f9e10000)
 PSOldGen        total 1029888K, used 719989K [0x0000000686800000, 0x00000006c55c0000, 0x00000007822b0000)
  object space 1029888K, 69% used [0x0000000686800000,0x00000006b271d7d8,0x00000006c55c0000)
 PSPermGen       total 27136K, used 22014K [0x0000000681600000, 0x0000000683080000, 0x0000000686800000)
  object space 27136K, 81% used [0x0000000681600000,0x0000000682b7fbd8,0x0000000683080000)
}
{Heap before GC invocations=110 (full 17):
 PSYoungGen      total 1338432K, used 256239K [0x00000007822b0000, 0x00000007f9e10000, 0x0000000800000000)
  eden space 759552K, 0% used [0x00000007822b0000,0x00000007822b0000,0x00000007b0870000)
  from space 578880K, 44% used [0x00000007b0870000,0x00000007c02abe80,0x00000007d3dc0000)
  to   space 552000K, 0% used [0x00000007d8300000,0x00000007d8300000,0x00000007f9e10000)
 PSOldGen        total 1029888K, used 719989K [0x0000000686800000, 0x00000006c55c0000, 0x00000007822b0000)
  object space 1029888K, 69% used [0x0000000686800000,0x00000006b271d7d8,0x00000006c55c0000)
 PSPermGen       total 27136K, used 22014K [0x0000000681600000, 0x0000000683080000, 0x0000000686800000)
  object space 27136K, 81% used [0x0000000681600000,0x0000000682b7fbd8,0x0000000683080000)
2151.560: [Full GC [PSYoungGen: 256239K->0K(1338432K)] [PSOldGen: 719989K->436981K(1086656K)] 976229K->436981K(2425088K) [PSPermGen: 22014K->22014K(27648K)], 0.4219950 secs] [Times: user=0.42 sys=0.00, real=0.42 secs] 
Heap after GC invocations=110 (full 17):
 PSYoungGen      total 1338432K, used 0K [0x00000007822b0000, 0x00000007f9e10000, 0x0000000800000000)
  eden space 759552K, 0% used [0x00000007822b0000,0x00000007822b0000,0x00000007b0870000)
  from space 578880K, 0% used [0x00000007b0870000,0x00000007b0870000,0x00000007d3dc0000)
  to   space 552000K, 0% used [0x00000007d8300000,0x00000007d8300000,0x00000007f9e10000)
 PSOldGen        total 1086656K, used 436981K [0x0000000686800000, 0x00000006c8d30000, 0x00000007822b0000)
  object space 1086656K, 40% used [0x0000000686800000,0x00000006a12bd648,0x00000006c8d30000)
 PSPermGen       total 27648K, used 22014K [0x0000000681600000, 0x0000000683100000, 0x0000000686800000)
  object space 27648K, 79% used [0x0000000681600000,0x0000000682b7fbd8,0x0000000683100000)
}
Total time for which application threads were stopped: 0.5429440 seconds
Application time: 3.9058660 seconds
{Heap before GC invocations=111 (full 17):
 PSYoungGen      total 1338432K, used 759552K [0x00000007822b0000, 0x00000007f9e10000, 0x0000000800000000)
  eden space 759552K, 100% used [0x00000007822b0000,0x00000007b0870000,0x00000007b0870000)
  from space 578880K, 0% used [0x00000007b0870000,0x00000007b0870000,0x00000007d3dc0000)
  to   space 552000K, 0% used [0x00000007d8300000,0x00000007d8300000,0x00000007f9e10000)
 PSOldGen        total 1086656K, used 436981K [0x0000000686800000, 0x00000006c8d30000, 0x00000007822b0000)
  object space 1086656K, 40% used [0x0000000686800000,0x00000006a12bd648,0x00000006c8d30000)
 PSPermGen       total 27648K, used 22359K [0x0000000681600000, 0x0000000683100000, 0x0000000686800000)
  object space 27648K, 80% used [0x0000000681600000,0x0000000682bd5f18,0x0000000683100000)
2155.889: [GC [PSYoungGen: 759552K->211414K(1340608K)] 1196533K->648396K(2427264K), 0.1418880 secs] [Times: user=0.96 sys=0.00, real=0.14 secs] 
Heap after GC invocations=111 (full 17):
 PSYoungGen      total 1340608K, used 211414K [0x00000007822b0000, 0x00000007f6250000, 0x0000000800000000)
  eden space 849792K, 0% used [0x00000007822b0000,0x00000007822b0000,0x00000007b6090000)
  from space 490816K, 43% used [0x00000007d8300000,0x00000007e51759f0,0x00000007f6250000)
  to   space 525184K, 0% used [0x00000007b6090000,0x00000007b6090000,0x00000007d6170000)
 PSOldGen        total 1086656K, used 436981K [0x0000000686800000, 0x00000006c8d30000, 0x00000007822b0000)
  object space 1086656K, 40% used [0x0000000686800000,0x00000006a12bd648,0x00000006c8d30000)
 PSPermGen       total 27648K, used 22359K [0x0000000681600000, 0x0000000683100000, 0x0000000686800000)
  object space 27648K, 80% used [0x0000000681600000,0x0000000682bd5f18,0x0000000683100000)
}
Total time for which application threads were stopped: 0.1428360 seconds
Application time: 2.2458310 seconds
{Heap before GC invocations=112 (full 17):
 PSYoungGen      total 1340608K, used 1061206K [0x00000007822b0000, 0x00000007f6250000, 0x0000000800000000)
  eden space 849792K, 100% used [0x00000007822b0000,0x00000007b6090000,0x00000007b6090000)
  from space 490816K, 43% used [0x00000007d8300000,0x00000007e51759f0,0x00000007f6250000)
  to   space 525184K, 0% used [0x00000007b6090000,0x00000007b6090000,0x00000007d6170000)
 PSOldGen        total 1086656K, used 436981K [0x0000000686800000, 0x00000006c8d30000, 0x00000007822b0000)
  object space 1086656K, 40% used [0x0000000686800000,0x00000006a12bd648,0x00000006c8d30000)
 PSPermGen       total 27648K, used 22714K [0x0000000681600000, 0x0000000683100000, 0x0000000686800000)
  object space 27648K, 82% used [0x0000000681600000,0x0000000682c2e898,0x0000000683100000)
2158.278: [GC [PSYoungGen: 1061206K->180236K(1374976K)] 1498188K->696010K(2461632K), 0.1556390 secs] [Times: user=1.02 sys=0.02, real=0.16 secs] 
Heap after GC invocations=112 (full 17):
 PSYoungGen      total 1374976K, used 180236K [0x00000007822b0000, 0x00000007fa330000, 0x0000000800000000)
  eden space 849792K, 0% used [0x00000007822b0000,0x00000007822b0000,0x00000007b6090000)
  from space 525184K, 34% used [0x00000007b6090000,0x00000007c1093280,0x00000007d6170000)
  to   space 505664K, 0% used [0x00000007db560000,0x00000007db560000,0x00000007fa330000)
 PSOldGen        total 1086656K, used 515774K [0x0000000686800000, 0x00000006c8d30000, 0x00000007822b0000)
  object space 1086656K, 47% used [0x0000000686800000,0x00000006a5faf8a8,0x00000006c8d30000)
 PSPermGen       total 27648K, used 22714K [0x0000000681600000, 0x0000000683100000, 0x0000000686800000)
  object space 27648K, 82% used [0x0000000681600000,0x0000000682c2e898,0x0000000683100000)
}
Total time for which application threads were stopped: 0.1566230 seconds
Application time: 61.2931010 seconds
Total time for which application threads were stopped: 0.0007590 seconds
Application time: 0.0007720 seconds
Total time for which application threads were stopped: 0.0003020 seconds
Application time: 0.0001070 seconds
Total time for which application threads were stopped: 0.0003270 seconds
Application time: 122.0340450 seconds
{Heap before GC invocations=113 (full 17):
 PSYoungGen      total 1374976K, used 1030028K [0x00000007822b0000, 0x00000007fa330000, 0x0000000800000000)
  eden space 849792K, 100% used [0x00000007822b0000,0x00000007b6090000,0x00000007b6090000)
  from space 525184K, 34% used [0x00000007b6090000,0x00000007c1093280,0x00000007d6170000)
  to   space 505664K, 0% used [0x00000007db560000,0x00000007db560000,0x00000007fa330000)
 PSOldGen        total 1086656K, used 515774K [0x0000000686800000, 0x00000006c8d30000, 0x00000007822b0000)
  object space 1086656K, 47% used [0x0000000686800000,0x00000006a5faf8a8,0x00000006c8d30000)
 PSPermGen       total 27648K, used 23305K [0x0000000681600000, 0x0000000683100000, 0x0000000686800000)
  object space 27648K, 84% used [0x0000000681600000,0x0000000682cc2618,0x0000000683100000)
2341.764: [GC [PSYoungGen: 1030028K->289438K(1426368K)] 1545802K->809472K(2513024K), 0.1111060 secs] [Times: user=0.68 sys=0.00, real=0.12 secs] 
Heap after GC invocations=113 (full 17):
 PSYoungGen      total 1426368K, used 289438K [0x00000007822b0000, 0x00000007f8cd0000, 0x0000000800000000)
  eden space 943616K, 0% used [0x00000007822b0000,0x00000007822b0000,0x00000007bbc30000)
  from space 482752K, 59% used [0x00000007db560000,0x00000007ed007bb0,0x00000007f8cd0000)
  to   space 500032K, 0% used [0x00000007bbc30000,0x00000007bbc30000,0x00000007da480000)
 PSOldGen        total 1086656K, used 520033K [0x0000000686800000, 0x00000006c8d30000, 0x00000007822b0000)
  object space 1086656K, 47% used [0x0000000686800000,0x00000006a63d8458,0x00000006c8d30000)
 PSPermGen       total 27648K, used 23305K [0x0000000681600000, 0x0000000683100000, 0x0000000686800000)
  object space 27648K, 84% used [0x0000000681600000,0x0000000682cc2618,0x0000000683100000)
}
Total time for which application threads were stopped: 0.1121170 seconds
Application time: 2.7990490 seconds
{Heap before GC invocations=114 (full 17):
 PSYoungGen      total 1426368K, used 1233054K [0x00000007822b0000, 0x00000007f8cd0000, 0x0000000800000000)
  eden space 943616K, 100% used [0x00000007822b0000,0x00000007bbc30000,0x00000007bbc30000)
  from space 482752K, 59% used [0x00000007db560000,0x00000007ed007bb0,0x00000007f8cd0000)
  to   space 500032K, 0% used [0x00000007bbc30000,0x00000007bbc30000,0x00000007da480000)
 PSOldGen        total 1086656K, used 520033K [0x0000000686800000, 0x00000006c8d30000, 0x00000007822b0000)
  object space 1086656K, 47% used [0x0000000686800000,0x00000006a63d8458,0x00000006c8d30000)
 PSPermGen       total 27648K, used 23580K [0x0000000681600000, 0x0000000683100000, 0x0000000686800000)
  object space 27648K, 85% used [0x0000000681600000,0x0000000682d07258,0x0000000683100000)
2344.675: [GC [PSYoungGen: 1233054K->40392K(1443648K)] 1753088K->593281K(2530304K), 0.1819230 secs] [Times: user=1.14 sys=0.01, real=0.18 secs] 
Heap after GC invocations=114 (full 17):
 PSYoungGen      total 1443648K, used 40392K [0x00000007822b0000, 0x0000000800000000, 0x0000000800000000)
  eden space 943616K, 0% used [0x00000007822b0000,0x00000007822b0000,0x00000007bbc30000)
  from space 500032K, 8% used [0x00000007bbc30000,0x00000007be3a2320,0x00000007da480000)
  to   space 506880K, 0% used [0x00000007e1100000,0x00000007e1100000,0x0000000800000000)
 PSOldGen        total 1086656K, used 552888K [0x0000000686800000, 0x00000006c8d30000, 0x00000007822b0000)
  object space 1086656K, 50% used [0x0000000686800000,0x00000006a83ee1c8,0x00000006c8d30000)
 PSPermGen       total 27648K, used 23580K [0x0000000681600000, 0x0000000683100000, 0x0000000686800000)
  object space 27648K, 85% used [0x0000000681600000,0x0000000682d07258,0x0000000683100000)
}
Total time for which application threads were stopped: 0.1829940 seconds
Application time: 3.4590970 seconds
{Heap before GC invocations=115 (full 17):
 PSYoungGen      total 1443648K, used 984008K [0x00000007822b0000, 0x0000000800000000, 0x0000000800000000)
  eden space 943616K, 100% used [0x00000007822b0000,0x00000007bbc30000,0x00000007bbc30000)
  from space 500032K, 8% used [0x00000007bbc30000,0x00000007be3a2320,0x00000007da480000)
  to   space 506880K, 0% used [0x00000007e1100000,0x00000007e1100000,0x0000000800000000)
 PSOldGen        total 1086656K, used 552888K [0x0000000686800000, 0x00000006c8d30000, 0x00000007822b0000)
  object space 1086656K, 50% used [0x0000000686800000,0x00000006a83ee1c8,0x00000006c8d30000)
 PSPermGen       total 27648K, used 24401K [0x0000000681600000, 0x0000000683100000, 0x0000000686800000)
  object space 27648K, 88% used [0x0000000681600000,0x0000000682dd4698,0x0000000683100000)
2348.317: [GC [PSYoungGen: 984008K->506870K(1375680K)] 1536897K->1089652K(2462336K), 0.1389910 secs] [Times: user=0.96 sys=0.25, real=0.14 secs] 
Heap after GC invocations=115 (full 17):
 PSYoungGen      total 1375680K, used 506870K [0x00000007822b0000, 0x0000000800000000, 0x0000000800000000)
  eden space 868800K, 0% used [0x00000007822b0000,0x00000007822b0000,0x00000007b7320000)
  from space 506880K, 99% used [0x00000007e1100000,0x00000007ffffda80,0x0000000800000000)
  to   space 596416K, 0% used [0x00000007b7320000,0x00000007b7320000,0x00000007db990000)
 PSOldGen        total 1086656K, used 582782K [0x0000000686800000, 0x00000006c8d30000, 0x00000007822b0000)
  object space 1086656K, 53% used [0x0000000686800000,0x00000006aa11f918,0x00000006c8d30000)
 PSPermGen       total 27648K, used 24401K [0x0000000681600000, 0x0000000683100000, 0x0000000686800000)
  object space 27648K, 88% used [0x0000000681600000,0x0000000682dd4698,0x0000000683100000)
}
Total time for which application threads were stopped: 0.1401230 seconds
Application time: 3.9368080 seconds
{Heap before GC invocations=116 (full 17):
 PSYoungGen      total 1375680K, used 1375670K [0x00000007822b0000, 0x0000000800000000, 0x0000000800000000)
  eden space 868800K, 100% used [0x00000007822b0000,0x00000007b7320000,0x00000007b7320000)
  from space 506880K, 99% used [0x00000007e1100000,0x00000007ffffda80,0x0000000800000000)
  to   space 596416K, 0% used [0x00000007b7320000,0x00000007b7320000,0x00000007db990000)
 PSOldGen        total 1086656K, used 582782K [0x0000000686800000, 0x00000006c8d30000, 0x00000007822b0000)
  object space 1086656K, 53% used [0x0000000686800000,0x00000006aa11f918,0x00000006c8d30000)
 PSPermGen       total 27648K, used 24564K [0x0000000681600000, 0x0000000683100000, 0x0000000686800000)
  object space 27648K, 88% used [0x0000000681600000,0x0000000682dfd3d8,0x0000000683100000)
2352.394: [GC [PSYoungGen: 1375670K->122269K(1465216K)] 1958452K->1018360K(2551872K), 0.1923610 secs] [Times: user=1.17 sys=0.14, real=0.19 secs] 
Heap after GC invocations=116 (full 17):
 PSYoungGen      total 1465216K, used 122269K [0x00000007822b0000, 0x0000000800000000, 0x0000000800000000)
  eden space 868800K, 0% used [0x00000007822b0000,0x00000007822b0000,0x00000007b7320000)
  from space 596416K, 20% used [0x00000007b7320000,0x00000007bea876f0,0x00000007db990000)
  to   space 583040K, 0% used [0x00000007dc6a0000,0x00000007dc6a0000,0x0000000800000000)
 PSOldGen        total 1086656K, used 896090K [0x0000000686800000, 0x00000006c8d30000, 0x00000007822b0000)
  object space 1086656K, 82% used [0x0000000686800000,0x00000006bd316b08,0x00000006c8d30000)
 PSPermGen       total 27648K, used 24564K [0x0000000681600000, 0x0000000683100000, 0x0000000686800000)
  object space 27648K, 88% used [0x0000000681600000,0x0000000682dfd3d8,0x0000000683100000)
}
{Heap before GC invocations=117 (full 18):
 PSYoungGen      total 1465216K, used 122269K [0x00000007822b0000, 0x0000000800000000, 0x0000000800000000)
  eden space 868800K, 0% used [0x00000007822b0000,0x00000007822b0000,0x00000007b7320000)
  from space 596416K, 20% used [0x00000007b7320000,0x00000007bea876f0,0x00000007db990000)
  to   space 583040K, 0% used [0x00000007dc6a0000,0x00000007dc6a0000,0x0000000800000000)
 PSOldGen        total 1086656K, used 896090K [0x0000000686800000, 0x00000006c8d30000, 0x00000007822b0000)
  object space 1086656K, 82% used [0x0000000686800000,0x00000006bd316b08,0x00000006c8d30000)
 PSPermGen       total 27648K, used 24564K [0x0000000681600000, 0x0000000683100000, 0x0000000686800000)
  object space 27648K, 88% used [0x0000000681600000,0x0000000682dfd3d8,0x0000000683100000)
2352.587: [Full GC [PSYoungGen: 122269K->0K(1465216K)] [PSOldGen: 896090K->204238K(880960K)] 1018360K->204238K(2346176K) [PSPermGen: 24564K->24564K(29888K)], 0.2796520 secs] [Times: user=0.27 sys=0.01, real=0.28 secs] 
Heap after GC invocations=117 (full 18):
 PSYoungGen      total 1465216K, used 0K [0x00000007822b0000, 0x0000000800000000, 0x0000000800000000)
  eden space 868800K, 0% used [0x00000007822b0000,0x00000007822b0000,0x00000007b7320000)
  from space 596416K, 0% used [0x00000007b7320000,0x00000007b7320000,0x00000007db990000)
  to   space 583040K, 0% used [0x00000007dc6a0000,0x00000007dc6a0000,0x0000000800000000)
 PSOldGen        total 880960K, used 204238K [0x0000000686800000, 0x00000006bc450000, 0x00000007822b0000)
  object space 880960K, 23% used [0x0000000686800000,0x0000000692f73a80,0x00000006bc450000)
 PSPermGen       total 29888K, used 24564K [0x0000000681600000, 0x0000000683330000, 0x0000000686800000)
  object space 29888K, 82% used [0x0000000681600000,0x0000000682dfd3d8,0x0000000683330000)
}
Total time for which application threads were stopped: 0.4730880 seconds
Application time: 3.0222010 seconds
{Heap before GC invocations=118 (full 18):
 PSYoungGen      total 1465216K, used 868800K [0x00000007822b0000, 0x0000000800000000, 0x0000000800000000)
  eden space 868800K, 100% used [0x00000007822b0000,0x00000007b7320000,0x00000007b7320000)
  from space 596416K, 0% used [0x00000007b7320000,0x00000007b7320000,0x00000007db990000)
  to   space 583040K, 0% used [0x00000007dc6a0000,0x00000007dc6a0000,0x0000000800000000)
 PSOldGen        total 880960K, used 204238K [0x0000000686800000, 0x00000006bc450000, 0x00000007822b0000)
  object space 880960K, 23% used [0x0000000686800000,0x0000000692f73a80,0x00000006bc450000)
 PSPermGen       total 29888K, used 25204K [0x0000000681600000, 0x0000000683330000, 0x0000000686800000)
  object space 29888K, 84% used [0x0000000681600000,0x0000000682e9d218,0x0000000683330000)
2355.890: [GC [PSYoungGen: 868800K->342241K(1461184K)] 1073038K->546480K(2342144K), 0.1173130 secs] [Times: user=0.73 sys=0.00, real=0.12 secs] 
Heap after GC invocations=118 (full 18):
 PSYoungGen      total 1461184K, used 342241K [0x00000007822b0000, 0x00000007ffc10000, 0x0000000800000000)
  eden space 882176K, 0% used [0x00000007822b0000,0x00000007822b0000,0x00000007b8030000)
  from space 579008K, 59% used [0x00000007dc6a0000,0x00000007f14d86e0,0x00000007ffc10000)
  to   space 587712K, 0% used [0x00000007b8030000,0x00000007b8030000,0x00000007dbe20000)
 PSOldGen        total 880960K, used 204238K [0x0000000686800000, 0x00000006bc450000, 0x00000007822b0000)
  object space 880960K, 23% used [0x0000000686800000,0x0000000692f73a80,0x00000006bc450000)
 PSPermGen       total 29888K, used 25204K [0x0000000681600000, 0x0000000683330000, 0x0000000686800000)
  object space 29888K, 84% used [0x0000000681600000,0x0000000682e9d218,0x0000000683330000)
}
Total time for which application threads were stopped: 0.1184080 seconds
Application time: 2.9716430 seconds
{Heap before GC invocations=119 (full 18):
 PSYoungGen      total 1461184K, used 1224417K [0x00000007822b0000, 0x00000007ffc10000, 0x0000000800000000)
  eden space 882176K, 100% used [0x00000007822b0000,0x00000007b8030000,0x00000007b8030000)
  from space 579008K, 59% used [0x00000007dc6a0000,0x00000007f14d86e0,0x00000007ffc10000)
  to   space 587712K, 0% used [0x00000007b8030000,0x00000007b8030000,0x00000007dbe20000)
 PSOldGen        total 880960K, used 204238K [0x0000000686800000, 0x00000006bc450000, 0x00000007822b0000)
  object space 880960K, 23% used [0x0000000686800000,0x0000000692f73a80,0x00000006bc450000)
 PSPermGen       total 29888K, used 25619K [0x0000000681600000, 0x0000000683330000, 0x0000000686800000)
  object space 29888K, 85% used [0x0000000681600000,0x0000000682f04dd8,0x0000000683330000)
2358.982: [GC [PSYoungGen: 1224417K->260909K(1143104K)] 1428656K->483639K(2024064K), 0.1521680 secs] [Times: user=0.95 sys=0.02, real=0.16 secs] 
Heap after GC invocations=119 (full 18):
 PSYoungGen      total 1143104K, used 260909K [0x00000007822b0000, 0x00000007fd040000, 0x0000000800000000)
  eden space 882176K, 0% used [0x00000007822b0000,0x00000007822b0000,0x00000007b8030000)
  from space 260928K, 99% used [0x00000007b8030000,0x00000007c7efb590,0x00000007c7f00000)
  to   space 558912K, 0% used [0x00000007dae70000,0x00000007dae70000,0x00000007fd040000)
 PSOldGen        total 880960K, used 222729K [0x0000000686800000, 0x00000006bc450000, 0x00000007822b0000)
  object space 880960K, 25% used [0x0000000686800000,0x00000006941826d0,0x00000006bc450000)
 PSPermGen       total 29888K, used 25619K [0x0000000681600000, 0x0000000683330000, 0x0000000686800000)
  object space 29888K, 85% used [0x0000000681600000,0x0000000682f04dd8,0x0000000683330000)
}
Total time for which application threads were stopped: 0.1551360 seconds
Application time: 2.6677280 seconds
{Heap before GC invocations=120 (full 18):
 PSYoungGen      total 1143104K, used 1143085K [0x00000007822b0000, 0x00000007fd040000, 0x0000000800000000)
  eden space 882176K, 100% used [0x00000007822b0000,0x00000007b8030000,0x00000007b8030000)
  from space 260928K, 99% used [0x00000007b8030000,0x00000007c7efb590,0x00000007c7f00000)
  to   space 558912K, 0% used [0x00000007dae70000,0x00000007dae70000,0x00000007fd040000)
 PSOldGen        total 880960K, used 222729K [0x0000000686800000, 0x00000006bc450000, 0x00000007822b0000)
  object space 880960K, 25% used [0x0000000686800000,0x00000006941826d0,0x00000006bc450000)
 PSPermGen       total 29888K, used 25899K [0x0000000681600000, 0x0000000683330000, 0x0000000686800000)
  object space 29888K, 86% used [0x0000000681600000,0x0000000682f4af18,0x0000000683330000)
2361.802: [GC [PSYoungGen: 1143085K->32376K(1448256K)] 1365815K->279874K(2329216K), 0.1684770 secs] [Times: user=1.06 sys=0.00, real=0.17 secs] 
Heap after GC invocations=120 (full 18):
 PSYoungGen      total 1448256K, used 32376K [0x00000007822b0000, 0x0000000800000000, 0x0000000800000000)
  eden space 889344K, 0% used [0x00000007822b0000,0x00000007822b0000,0x00000007b8730000)
  from space 558912K, 5% used [0x00000007dae70000,0x00000007dce0e020,0x00000007fd040000)
  to   space 564480K, 0% used [0x00000007b8730000,0x00000007b8730000,0x00000007dae70000)
 PSOldGen        total 880960K, used 247498K [0x0000000686800000, 0x00000006bc450000, 0x00000007822b0000)
  object space 880960K, 28% used [0x0000000686800000,0x00000006959b2930,0x00000006bc450000)
 PSPermGen       total 29888K, used 25899K [0x0000000681600000, 0x0000000683330000, 0x0000000686800000)
  object space 29888K, 86% used [0x0000000681600000,0x0000000682f4af18,0x0000000683330000)
}
Total time for which application threads were stopped: 0.1695310 seconds
Application time: 2.6468450 seconds
{Heap before GC invocations=121 (full 18):
 PSYoungGen      total 1448256K, used 921720K [0x00000007822b0000, 0x0000000800000000, 0x0000000800000000)
  eden space 889344K, 100% used [0x00000007822b0000,0x00000007b8730000,0x00000007b8730000)
  from space 558912K, 5% used [0x00000007dae70000,0x00000007dce0e020,0x00000007fd040000)
  to   space 564480K, 0% used [0x00000007b8730000,0x00000007b8730000,0x00000007dae70000)
 PSOldGen        total 880960K, used 247498K [0x0000000686800000, 0x00000006bc450000, 0x00000007822b0000)
  object space 880960K, 28% used [0x0000000686800000,0x00000006959b2930,0x00000006bc450000)
 PSPermGen       total 29888K, used 26641K [0x0000000681600000, 0x0000000683330000, 0x0000000686800000)
  object space 29888K, 89% used [0x0000000681600000,0x00000006830046d8,0x0000000683330000)
2364.621: [GC [PSYoungGen: 921720K->394979K(1453824K)] 1169218K->644548K(2334784K), 0.1048600 secs] [Times: user=0.69 sys=0.00, real=0.11 secs] 
Heap after GC invocations=121 (full 18):
 PSYoungGen      total 1453824K, used 394979K [0x00000007822b0000, 0x0000000800000000, 0x0000000800000000)
  eden space 889344K, 0% used [0x00000007822b0000,0x00000007822b0000,0x00000007b8730000)
  from space 564480K, 69% used [0x00000007b8730000,0x00000007d08e8d50,0x00000007dae70000)
  to   space 593024K, 0% used [0x00000007dbce0000,0x00000007dbce0000,0x0000000800000000)
 PSOldGen        total 880960K, used 249569K [0x0000000686800000, 0x00000006bc450000, 0x00000007822b0000)
  object space 880960K, 28% used [0x0000000686800000,0x0000000695bb8510,0x00000006bc450000)
 PSPermGen       total 29888K, used 26641K [0x0000000681600000, 0x0000000683330000, 0x0000000686800000)
  object space 29888K, 89% used [0x0000000681600000,0x00000006830046d8,0x0000000683330000)
}
Total time for which application threads were stopped: 0.1081110 seconds
Application time: 3.0007890 seconds
{Heap before GC invocations=122 (full 18):
 PSYoungGen      total 1453824K, used 1284323K [0x00000007822b0000, 0x0000000800000000, 0x0000000800000000)
  eden space 889344K, 100% used [0x00000007822b0000,0x00000007b8730000,0x00000007b8730000)
  from space 564480K, 69% used [0x00000007b8730000,0x00000007d08e8d50,0x00000007dae70000)
  to   space 593024K, 0% used [0x00000007dbce0000,0x00000007dbce0000,0x0000000800000000)
 PSOldGen        total 880960K, used 249569K [0x0000000686800000, 0x00000006bc450000, 0x00000007822b0000)
  object space 880960K, 28% used [0x0000000686800000,0x0000000695bb8510,0x00000006bc450000)
 PSPermGen       total 29888K, used 26812K [0x0000000681600000, 0x0000000683330000, 0x0000000686800000)
  object space 29888K, 89% used [0x0000000681600000,0x000000068302f098,0x0000000683330000)
2367.729: [GC [PSYoungGen: 1284323K->70756K(1474240K)] 1533892K->348392K(2355200K), 0.1841280 secs] [Times: user=1.13 sys=0.00, real=0.18 secs] 
Heap after GC invocations=122 (full 18):
 PSYoungGen      total 1474240K, used 70756K [0x00000007822b0000, 0x0000000800000000, 0x0000000800000000)
  eden space 881216K, 0% used [0x00000007822b0000,0x00000007822b0000,0x00000007b7f40000)
  from space 593024K, 11% used [0x00000007dbce0000,0x00000007e01f92d0,0x0000000800000000)
  to   space 587392K, 0% used [0x00000007b7f40000,0x00000007b7f40000,0x00000007dbce0000)
 PSOldGen        total 880960K, used 277635K [0x0000000686800000, 0x00000006bc450000, 0x00000007822b0000)
  object space 880960K, 31% used [0x0000000686800000,0x0000000697720fe0,0x00000006bc450000)
 PSPermGen       total 29888K, used 26812K [0x0000000681600000, 0x0000000683330000, 0x0000000686800000)
  object space 29888K, 89% used [0x0000000681600000,0x000000068302f098,0x0000000683330000)
}
Total time for which application threads were stopped: 0.1860480 seconds
Application time: 60.4151830 seconds
Total time for which application threads were stopped: 0.0006100 seconds
Application time: 0.0002540 seconds
Total time for which application threads were stopped: 0.0003050 seconds
Application time: 0.0003850 seconds
Total time for which application threads were stopped: 0.0004270 seconds
Application time: 0.0011260 seconds
Total time for which application threads were stopped: 0.0004070 seconds
Application time: 124.0841860 seconds
{Heap before GC invocations=123 (full 18):
 PSYoungGen      total 1474240K, used 951972K [0x00000007822b0000, 0x0000000800000000, 0x0000000800000000)
  eden space 881216K, 100% used [0x00000007822b0000,0x00000007b7f40000,0x00000007b7f40000)
  from space 593024K, 11% used [0x00000007dbce0000,0x00000007e01f92d0,0x0000000800000000)
  to   space 587392K, 0% used [0x00000007b7f40000,0x00000007b7f40000,0x00000007dbce0000)
 PSOldGen        total 880960K, used 277635K [0x0000000686800000, 0x00000006bc450000, 0x00000007822b0000)
  object space 880960K, 31% used [0x0000000686800000,0x0000000697720fe0,0x00000006bc450000)
 PSPermGen       total 29888K, used 27508K [0x0000000681600000, 0x0000000683330000, 0x0000000686800000)
  object space 29888K, 92% used [0x0000000681600000,0x00000006830dd158,0x0000000683330000)
2552.417: [GC [PSYoungGen: 951972K->444022K(1325248K)] 1229608K->731848K(2206208K), 0.1121510 secs] [Times: user=0.75 sys=0.03, real=0.11 secs] 
Heap after GC invocations=123 (full 18):
 PSYoungGen      total 1325248K, used 444022K [0x00000007822b0000, 0x0000000800000000, 0x0000000800000000)
  eden space 881216K, 0% used [0x00000007822b0000,0x00000007822b0000,0x00000007b7f40000)
  from space 444032K, 99% used [0x00000007b7f40000,0x00000007d30dd890,0x00000007d30e0000)
  to   space 631936K, 0% used [0x00000007d96e0000,0x00000007d96e0000,0x0000000800000000)
 PSOldGen        total 880960K, used 287826K [0x0000000686800000, 0x00000006bc450000, 0x00000007822b0000)
  object space 880960K, 32% used [0x0000000686800000,0x0000000698114aa0,0x00000006bc450000)
 PSPermGen       total 29888K, used 27508K [0x0000000681600000, 0x0000000683330000, 0x0000000686800000)
  object space 29888K, 92% used [0x0000000681600000,0x00000006830dd158,0x0000000683330000)
}
Total time for which application threads were stopped: 0.1132340 seconds
Application time: 3.6260500 seconds
{Heap before GC invocations=124 (full 18):
 PSYoungGen      total 1325248K, used 1325238K [0x00000007822b0000, 0x0000000800000000, 0x0000000800000000)
  eden space 881216K, 100% used [0x00000007822b0000,0x00000007b7f40000,0x00000007b7f40000)
  from space 444032K, 99% used [0x00000007b7f40000,0x00000007d30dd890,0x00000007d30e0000)
  to   space 631936K, 0% used [0x00000007d96e0000,0x00000007d96e0000,0x0000000800000000)
 PSOldGen        total 880960K, used 287826K [0x0000000686800000, 0x00000006bc450000, 0x00000007822b0000)
  object space 880960K, 32% used [0x0000000686800000,0x0000000698114aa0,0x00000006bc450000)
 PSPermGen       total 29888K, used 27674K [0x0000000681600000, 0x0000000683330000, 0x0000000686800000)
  object space 29888K, 92% used [0x0000000681600000,0x0000000683106a98,0x0000000683330000)
2556.156: [GC [PSYoungGen: 1325238K->54003K(1435200K)] 1613064K->360503K(2316160K), 0.1843710 secs] [Times: user=1.16 sys=0.02, real=0.18 secs] 
Heap after GC invocations=124 (full 18):
 PSYoungGen      total 1435200K, used 54003K [0x00000007822b0000, 0x0000000800000000, 0x0000000800000000)
  eden space 803264K, 0% used [0x00000007822b0000,0x00000007822b0000,0x00000007b3320000)
  from space 631936K, 8% used [0x00000007d96e0000,0x00000007dcb9ce40,0x0000000800000000)
  to   space 626432K, 0% used [0x00000007b3320000,0x00000007b3320000,0x00000007d96e0000)
 PSOldGen        total 880960K, used 306499K [0x0000000686800000, 0x00000006bc450000, 0x00000007822b0000)
  object space 880960K, 34% used [0x0000000686800000,0x0000000699350e60,0x00000006bc450000)
 PSPermGen       total 29888K, used 27674K [0x0000000681600000, 0x0000000683330000, 0x0000000686800000)
  object space 29888K, 92% used [0x0000000681600000,0x0000000683106a98,0x0000000683330000)
}
Total time for which application threads were stopped: 0.1854790 seconds
Application time: 1.5585790 seconds
{Heap before GC invocations=125 (full 18):
 PSYoungGen      total 1435200K, used 857267K [0x00000007822b0000, 0x0000000800000000, 0x0000000800000000)
  eden space 803264K, 100% used [0x00000007822b0000,0x00000007b3320000,0x00000007b3320000)
  from space 631936K, 8% used [0x00000007d96e0000,0x00000007dcb9ce40,0x0000000800000000)
  to   space 626432K, 0% used [0x00000007b3320000,0x00000007b3320000,0x00000007d96e0000)
 PSOldGen        total 880960K, used 306499K [0x0000000686800000, 0x00000006bc450000, 0x00000007822b0000)
  object space 880960K, 34% used [0x0000000686800000,0x0000000699350e60,0x00000006bc450000)
 PSPermGen       total 29888K, used 28271K [0x0000000681600000, 0x0000000683330000, 0x0000000686800000)
  object space 29888K, 94% used [0x0000000681600000,0x000000068319be98,0x0000000683330000)
2557.900: [GC [PSYoungGen: 857267K->392651K(1195968K)] 1163767K->728972K(2076928K), 0.1251660 secs] [Times: user=0.96 sys=0.00, real=0.13 secs] 
Heap after GC invocations=125 (full 18):
 PSYoungGen      total 1195968K, used 392651K [0x00000007822b0000, 0x0000000800000000, 0x0000000800000000)
  eden space 803264K, 0% used [0x00000007822b0000,0x00000007822b0000,0x00000007b3320000)
  from space 392704K, 99% used [0x00000007b3320000,0x00000007cb292f40,0x00000007cb2a0000)
  to   space 647424K, 0% used [0x00000007d87c0000,0x00000007d87c0000,0x0000000800000000)
 PSOldGen        total 880960K, used 336320K [0x0000000686800000, 0x00000006bc450000, 0x00000007822b0000)
  object space 880960K, 38% used [0x0000000686800000,0x000000069b070170,0x00000006bc450000)
 PSPermGen       total 29888K, used 28271K [0x0000000681600000, 0x0000000683330000, 0x0000000686800000)
  object space 29888K, 94% used [0x0000000681600000,0x000000068319be98,0x0000000683330000)
}
Total time for which application threads were stopped: 0.1262880 seconds
Application time: 3.8551270 seconds
{Heap before GC invocations=126 (full 18):
 PSYoungGen      total 1195968K, used 1195915K [0x00000007822b0000, 0x0000000800000000, 0x0000000800000000)
  eden space 803264K, 100% used [0x00000007822b0000,0x00000007b3320000,0x00000007b3320000)
  from space 392704K, 99% used [0x00000007b3320000,0x00000007cb292f40,0x00000007cb2a0000)
  to   space 647424K, 0% used [0x00000007d87c0000,0x00000007d87c0000,0x0000000800000000)
 PSOldGen        total 880960K, used 336320K [0x0000000686800000, 0x00000006bc450000, 0x00000007822b0000)
  object space 880960K, 38% used [0x0000000686800000,0x000000069b070170,0x00000006bc450000)
 PSPermGen       total 29888K, used 28496K [0x0000000681600000, 0x0000000683330000, 0x0000000686800000)
  object space 29888K, 95% used [0x0000000681600000,0x00000006831d4298,0x0000000683330000)
2561.882: [GC [PSYoungGen: 1195915K->108855K(1431360K)] 1532236K->466025K(2312320K), 0.1590990 secs] [Times: user=0.99 sys=0.01, real=0.16 secs] 
Heap after GC invocations=126 (full 18):
 PSYoungGen      total 1431360K, used 108855K [0x00000007822b0000, 0x0000000800000000, 0x0000000800000000)
  eden space 783936K, 0% used [0x00000007822b0000,0x00000007822b0000,0x00000007b2040000)
  from space 647424K, 16% used [0x00000007d87c0000,0x00000007df20dcd0,0x0000000800000000)
  to   space 630272K, 0% used [0x00000007b2040000,0x00000007b2040000,0x00000007d87c0000)
 PSOldGen        total 880960K, used 357170K [0x0000000686800000, 0x00000006bc450000, 0x00000007822b0000)
  object space 880960K, 40% used [0x0000000686800000,0x000000069c4ccaa0,0x00000006bc450000)
 PSPermGen       total 29888K, used 28496K [0x0000000681600000, 0x0000000683330000, 0x0000000686800000)
  object space 29888K, 95% used [0x0000000681600000,0x00000006831d4298,0x0000000683330000)
}
Total time for which application threads were stopped: 0.1602750 seconds
Application time: 1.7805970 seconds
{Heap before GC invocations=127 (full 18):
 PSYoungGen      total 1431360K, used 892791K [0x00000007822b0000, 0x0000000800000000, 0x0000000800000000)
  eden space 783936K, 100% used [0x00000007822b0000,0x00000007b2040000,0x00000007b2040000)
  from space 647424K, 16% used [0x00000007d87c0000,0x00000007df20dcd0,0x0000000800000000)
  to   space 630272K, 0% used [0x00000007b2040000,0x00000007b2040000,0x00000007d87c0000)
 PSOldGen        total 880960K, used 357170K [0x0000000686800000, 0x00000006bc450000, 0x00000007822b0000)
  object space 880960K, 40% used [0x0000000686800000,0x000000069c4ccaa0,0x00000006bc450000)
 PSPermGen       total 29888K, used 28989K [0x0000000681600000, 0x0000000683330000, 0x0000000686800000)
  object space 29888K, 96% used [0x0000000681600000,0x000000068324f418,0x0000000683330000)
2563.823: [GC [PSYoungGen: 892791K->321502K(1105472K)] 1249961K->762238K(1986432K), 0.1130160 secs] [Times: user=0.71 sys=0.00, real=0.12 secs] 
Heap after GC invocations=127 (full 18):
 PSYoungGen      total 1105472K, used 321502K [0x00000007822b0000, 0x00000007fe2a0000, 0x0000000800000000)
  eden space 783936K, 0% used [0x00000007822b0000,0x00000007822b0000,0x00000007b2040000)
  from space 321536K, 99% used [0x00000007b2040000,0x00000007c5a37810,0x00000007c5a40000)
  to   space 623808K, 0% used [0x00000007d8170000,0x00000007d8170000,0x00000007fe2a0000)
 PSOldGen        total 880960K, used 440736K [0x0000000686800000, 0x00000006bc450000, 0x00000007822b0000)
  object space 880960K, 50% used [0x0000000686800000,0x00000006a1668010,0x00000006bc450000)
 PSPermGen       total 29888K, used 28989K [0x0000000681600000, 0x0000000683330000, 0x0000000686800000)
  object space 29888K, 96% used [0x0000000681600000,0x000000068324f418,0x0000000683330000)
}
Total time for which application threads were stopped: 0.1140660 seconds
Application time: 2.0003250 seconds
Total time for which application threads were stopped: 0.0006780 seconds
Application time: 1.9530710 seconds
{Heap before GC invocations=128 (full 18):
 PSYoungGen      total 1105472K, used 1105438K [0x00000007822b0000, 0x00000007fe2a0000, 0x0000000800000000)
  eden space 783936K, 100% used [0x00000007822b0000,0x00000007b2040000,0x00000007b2040000)
  from space 321536K, 99% used [0x00000007b2040000,0x00000007c5a37810,0x00000007c5a40000)
  to   space 623808K, 0% used [0x00000007d8170000,0x00000007d8170000,0x00000007fe2a0000)
 PSOldGen        total 880960K, used 440736K [0x0000000686800000, 0x00000006bc450000, 0x00000007822b0000)
  object space 880960K, 50% used [0x0000000686800000,0x00000006a1668010,0x00000006bc450000)
 PSPermGen       total 29888K, used 29315K [0x0000000681600000, 0x0000000683330000, 0x0000000686800000)
  object space 29888K, 98% used [0x0000000681600000,0x00000006832a0c48,0x0000000683330000)
2567.891: [GC [PSYoungGen: 1105438K->154562K(1431552K)] 1546174K->611786K(2312512K), 0.1482810 secs] [Times: user=0.99 sys=0.01, real=0.15 secs] 
Heap after GC invocations=128 (full 18):
 PSYoungGen      total 1431552K, used 154562K [0x00000007822b0000, 0x0000000800000000, 0x0000000800000000)
  eden space 807744K, 0% used [0x00000007822b0000,0x00000007822b0000,0x00000007b3780000)
  from space 623808K, 24% used [0x00000007d8170000,0x00000007e1860a70,0x00000007fe2a0000)
  to   space 600000K, 0% used [0x00000007b3780000,0x00000007b3780000,0x00000007d8170000)
 PSOldGen        total 880960K, used 457223K [0x0000000686800000, 0x00000006bc450000, 0x00000007822b0000)
  object space 880960K, 51% used [0x0000000686800000,0x00000006a2681ea0,0x00000006bc450000)
 PSPermGen       total 29888K, used 29315K [0x0000000681600000, 0x0000000683330000, 0x0000000686800000)
  object space 29888K, 98% used [0x0000000681600000,0x00000006832a0c48,0x0000000683330000)
}
Total time for which application threads were stopped: 0.1491590 seconds
Application time: 1.8518170 seconds
{Heap before GC invocations=129 (full 18):
 PSYoungGen      total 1431552K, used 962306K [0x00000007822b0000, 0x0000000800000000, 0x0000000800000000)
  eden space 807744K, 100% used [0x00000007822b0000,0x00000007b3780000,0x00000007b3780000)
  from space 623808K, 24% used [0x00000007d8170000,0x00000007e1860a70,0x00000007fe2a0000)
  to   space 600000K, 0% used [0x00000007b3780000,0x00000007b3780000,0x00000007d8170000)
 PSOldGen        total 880960K, used 457223K [0x0000000686800000, 0x00000006bc450000, 0x00000007822b0000)
  object space 880960K, 51% used [0x0000000686800000,0x00000006a2681ea0,0x00000006bc450000)
 PSPermGen       total 29888K, used 29792K [0x0000000681600000, 0x0000000683330000, 0x0000000686800000)
  object space 29888K, 99% used [0x0000000681600000,0x00000006833181c8,0x0000000683330000)
2569.892: [GC [PSYoungGen: 962306K->315019K(1407744K)] 1419530K->897845K(2288704K), 0.1421990 secs] [Times: user=1.05 sys=0.00, real=0.15 secs] 
Heap after GC invocations=129 (full 18):
 PSYoungGen      total 1407744K, used 315019K [0x00000007822b0000, 0x00000007fdd00000, 0x0000000800000000)
  eden space 807744K, 0% used [0x00000007822b0000,0x00000007822b0000,0x00000007b3780000)
  from space 600000K, 52% used [0x00000007b3780000,0x00000007c6b22e50,0x00000007d8170000)
  to   space 593984K, 0% used [0x00000007d98f0000,0x00000007d98f0000,0x00000007fdd00000)
 PSOldGen        total 880960K, used 582825K [0x0000000686800000, 0x00000006bc450000, 0x00000007822b0000)
  object space 880960K, 66% used [0x0000000686800000,0x00000006aa12a770,0x00000006bc450000)
 PSPermGen       total 29888K, used 29792K [0x0000000681600000, 0x0000000683330000, 0x0000000686800000)
  object space 29888K, 99% used [0x0000000681600000,0x00000006833181c8,0x0000000683330000)
}
Total time for which application threads were stopped: 0.1432800 seconds
Application time: 3.6199820 seconds
{Heap before GC invocations=130 (full 18):
 PSYoungGen      total 1407744K, used 1122763K [0x00000007822b0000, 0x00000007fdd00000, 0x0000000800000000)
  eden space 807744K, 100% used [0x00000007822b0000,0x00000007b3780000,0x00000007b3780000)
  from space 600000K, 52% used [0x00000007b3780000,0x00000007c6b22e50,0x00000007d8170000)
  to   space 593984K, 0% used [0x00000007d98f0000,0x00000007d98f0000,0x00000007fdd00000)
 PSOldGen        total 880960K, used 582825K [0x0000000686800000, 0x00000006bc450000, 0x00000007822b0000)
  object space 880960K, 66% used [0x0000000686800000,0x00000006aa12a770,0x00000006bc450000)
 PSPermGen       total 30272K, used 30160K [0x0000000681600000, 0x0000000683390000, 0x0000000686800000)
  object space 30272K, 99% used [0x0000000681600000,0x0000000683374388,0x0000000683390000)
2573.655: [GC [PSYoungGen: 1122763K->221078K(1427200K)] 1705589K->824532K(2308160K), 0.1487370 secs] [Times: user=1.01 sys=0.00, real=0.15 secs] 
Heap after GC invocations=130 (full 18):
 PSYoungGen      total 1427200K, used 221078K [0x00000007822b0000, 0x00000007fbb60000, 0x0000000800000000)
  eden space 867648K, 0% used [0x00000007822b0000,0x00000007822b0000,0x00000007b7200000)
  from space 559552K, 39% used [0x00000007d98f0000,0x00000007e70d5af0,0x00000007fbb60000)
  to   space 561856K, 0% used [0x00000007b7200000,0x00000007b7200000,0x00000007d96b0000)
 PSOldGen        total 880960K, used 603454K [0x0000000686800000, 0x00000006bc450000, 0x00000007822b0000)
  object space 880960K, 68% used [0x0000000686800000,0x00000006ab54f8d0,0x00000006bc450000)
 PSPermGen       total 30272K, used 30160K [0x0000000681600000, 0x0000000683390000, 0x0000000686800000)
  object space 30272K, 99% used [0x0000000681600000,0x0000000683374388,0x0000000683390000)
}
Total time for which application threads were stopped: 0.1497670 seconds
Application time: 2.3322520 seconds
{Heap before GC invocations=131 (full 18):
 PSYoungGen      total 1427200K, used 1088726K [0x00000007822b0000, 0x00000007fbb60000, 0x0000000800000000)
  eden space 867648K, 100% used [0x00000007822b0000,0x00000007b7200000,0x00000007b7200000)
  from space 559552K, 39% used [0x00000007d98f0000,0x00000007e70d5af0,0x00000007fbb60000)
  to   space 561856K, 0% used [0x00000007b7200000,0x00000007b7200000,0x00000007d96b0000)
 PSOldGen        total 880960K, used 603454K [0x0000000686800000, 0x00000006bc450000, 0x00000007822b0000)
  object space 880960K, 68% used [0x0000000686800000,0x00000006ab54f8d0,0x00000006bc450000)
 PSPermGen       total 30656K, used 30517K [0x0000000681600000, 0x00000006833f0000, 0x0000000686800000)
  object space 30656K, 99% used [0x0000000681600000,0x00000006833cd548,0x00000006833f0000)
2576.137: [GC [PSYoungGen: 1088726K->213086K(1429504K)] 1692180K->947854K(2310464K), 0.1532870 secs] [Times: user=0.96 sys=0.01, real=0.15 secs] 
Heap after GC invocations=131 (full 18):
 PSYoungGen      total 1429504K, used 213086K [0x00000007822b0000, 0x00000007fcb40000, 0x0000000800000000)
  eden space 867648K, 0% used [0x00000007822b0000,0x00000007822b0000,0x00000007b7200000)
  from space 561856K, 37% used [0x00000007b7200000,0x00000007c4217b60,0x00000007d96b0000)
  to   space 533696K, 0% used [0x00000007dc210000,0x00000007dc210000,0x00000007fcb40000)
 PSOldGen        total 880960K, used 734767K [0x0000000686800000, 0x00000006bc450000, 0x00000007822b0000)
  object space 880960K, 83% used [0x0000000686800000,0x00000006b358bd50,0x00000006bc450000)
 PSPermGen       total 30656K, used 30517K [0x0000000681600000, 0x00000006833f0000, 0x0000000686800000)
  object space 30656K, 99% used [0x0000000681600000,0x00000006833cd548,0x00000006833f0000)
}
{Heap before GC invocations=132 (full 19):
 PSYoungGen      total 1429504K, used 213086K [0x00000007822b0000, 0x00000007fcb40000, 0x0000000800000000)
  eden space 867648K, 0% used [0x00000007822b0000,0x00000007822b0000,0x00000007b7200000)
  from space 561856K, 37% used [0x00000007b7200000,0x00000007c4217b60,0x00000007d96b0000)
  to   space 533696K, 0% used [0x00000007dc210000,0x00000007dc210000,0x00000007fcb40000)
 PSOldGen        total 880960K, used 734767K [0x0000000686800000, 0x00000006bc450000, 0x00000007822b0000)
  object space 880960K, 83% used [0x0000000686800000,0x00000006b358bd50,0x00000006bc450000)
 PSPermGen       total 30656K, used 30517K [0x0000000681600000, 0x00000006833f0000, 0x0000000686800000)
  object space 30656K, 99% used [0x0000000681600000,0x00000006833cd548,0x00000006833f0000)
2576.290: [Full GC [PSYoungGen: 213086K->0K(1429504K)] [PSOldGen: 734767K->354158K(934464K)] 947854K->354158K(2363968K) [PSPermGen: 30517K->20562K(28096K)], 0.4078460 secs] [Times: user=0.41 sys=0.00, real=0.41 secs] 
Heap after GC invocations=132 (full 19):
 PSYoungGen      total 1429504K, used 0K [0x00000007822b0000, 0x00000007fcb40000, 0x0000000800000000)
  eden space 867648K, 0% used [0x00000007822b0000,0x00000007822b0000,0x00000007b7200000)
  from space 561856K, 0% used [0x00000007b7200000,0x00000007b7200000,0x00000007d96b0000)
  to   space 533696K, 0% used [0x00000007dc210000,0x00000007dc210000,0x00000007fcb40000)
 PSOldGen        total 934464K, used 354158K [0x0000000686800000, 0x00000006bf890000, 0x00000007822b0000)
  object space 934464K, 37% used [0x0000000686800000,0x000000069c1dbac0,0x00000006bf890000)
 PSPermGen       total 28096K, used 20562K [0x0000000681600000, 0x0000000683170000, 0x0000000686800000)
  object space 28096K, 73% used [0x0000000681600000,0x0000000682a14b38,0x0000000683170000)
}
Total time for which application threads were stopped: 0.5622230 seconds
Application time: 184.3694280 seconds
{Heap before GC invocations=133 (full 19):
 PSYoungGen      total 1429504K, used 867648K [0x00000007822b0000, 0x00000007fcb40000, 0x0000000800000000)
  eden space 867648K, 100% used [0x00000007822b0000,0x00000007b7200000,0x00000007b7200000)
  from space 561856K, 0% used [0x00000007b7200000,0x00000007b7200000,0x00000007d96b0000)
  to   space 533696K, 0% used [0x00000007dc210000,0x00000007dc210000,0x00000007fcb40000)
 PSOldGen        total 934464K, used 354158K [0x0000000686800000, 0x00000006bf890000, 0x00000007822b0000)
  object space 934464K, 37% used [0x0000000686800000,0x000000069c1dbac0,0x00000006bf890000)
 PSPermGen       total 28096K, used 21262K [0x0000000681600000, 0x0000000683170000, 0x0000000686800000)
  object space 28096K, 75% used [0x0000000681600000,0x0000000682ac3a38,0x0000000683170000)
2761.069: [GC [PSYoungGen: 867648K->452124K(1423616K)] 1221806K->806283K(2358080K), 0.1285330 secs] [Times: user=0.94 sys=0.01, real=0.13 secs] 
Heap after GC invocations=133 (full 19):
 PSYoungGen      total 1423616K, used 452124K [0x00000007822b0000, 0x0000000800000000, 0x0000000800000000)
  eden space 889920K, 0% used [0x00000007822b0000,0x00000007822b0000,0x00000007b87c0000)
  from space 533696K, 84% used [0x00000007dc210000,0x00000007f7b971b0,0x00000007fcb40000)
  to   space 584000K, 0% used [0x00000007b87c0000,0x00000007b87c0000,0x00000007dc210000)
 PSOldGen        total 934464K, used 354158K [0x0000000686800000, 0x00000006bf890000, 0x00000007822b0000)
  object space 934464K, 37% used [0x0000000686800000,0x000000069c1dbac0,0x00000006bf890000)
 PSPermGen       total 28096K, used 21262K [0x0000000681600000, 0x0000000683170000, 0x0000000686800000)
  object space 28096K, 75% used [0x0000000681600000,0x0000000682ac3a38,0x0000000683170000)
}
Total time for which application threads were stopped: 0.1297040 seconds
Application time: 2.8937440 seconds
{Heap before GC invocations=134 (full 19):
 PSYoungGen      total 1423616K, used 1342044K [0x00000007822b0000, 0x0000000800000000, 0x0000000800000000)
  eden space 889920K, 100% used [0x00000007822b0000,0x00000007b87c0000,0x00000007b87c0000)
  from space 533696K, 84% used [0x00000007dc210000,0x00000007f7b971b0,0x00000007fcb40000)
  to   space 584000K, 0% used [0x00000007b87c0000,0x00000007b87c0000,0x00000007dc210000)
 PSOldGen        total 934464K, used 354158K [0x0000000686800000, 0x00000006bf890000, 0x00000007822b0000)
  object space 934464K, 37% used [0x0000000686800000,0x000000069c1dbac0,0x00000006bf890000)
 PSPermGen       total 28096K, used 21390K [0x0000000681600000, 0x0000000683170000, 0x0000000686800000)
  object space 28096K, 76% used [0x0000000681600000,0x0000000682ae38f8,0x0000000683170000)
2764.092: [GC [PSYoungGen: 1342044K->60161K(1473920K)] 1696203K->453325K(2408384K), 0.2036250 secs] [Times: user=1.25 sys=0.00, real=0.21 secs] 
Heap after GC invocations=134 (full 19):
 PSYoungGen      total 1473920K, used 60161K [0x00000007822b0000, 0x0000000800000000, 0x0000000800000000)
  eden space 889920K, 0% used [0x00000007822b0000,0x00000007822b0000,0x00000007b87c0000)
  from space 584000K, 10% used [0x00000007b87c0000,0x00000007bc2807a0,0x00000007dc210000)
  to   space 584832K, 0% used [0x00000007dc4e0000,0x00000007dc4e0000,0x0000000800000000)
 PSOldGen        total 934464K, used 393163K [0x0000000686800000, 0x00000006bf890000, 0x00000007822b0000)
  object space 934464K, 42% used [0x0000000686800000,0x000000069e7f2ea0,0x00000006bf890000)
 PSPermGen       total 28096K, used 21390K [0x0000000681600000, 0x0000000683170000, 0x0000000686800000)
  object space 28096K, 76% used [0x0000000681600000,0x0000000682ae38f8,0x0000000683170000)
}
Total time for which application threads were stopped: 0.2045790 seconds
Application time: 1.5808790 seconds
{Heap before GC invocations=135 (full 19):
 PSYoungGen      total 1473920K, used 950081K [0x00000007822b0000, 0x0000000800000000, 0x0000000800000000)
  eden space 889920K, 100% used [0x00000007822b0000,0x00000007b87c0000,0x00000007b87c0000)
  from space 584000K, 10% used [0x00000007b87c0000,0x00000007bc2807a0,0x00000007dc210000)
  to   space 584832K, 0% used [0x00000007dc4e0000,0x00000007dc4e0000,0x0000000800000000)
 PSOldGen        total 934464K, used 393163K [0x0000000686800000, 0x00000006bf890000, 0x00000007822b0000)
  object space 934464K, 42% used [0x0000000686800000,0x000000069e7f2ea0,0x00000006bf890000)
 PSPermGen       total 28096K, used 22209K [0x0000000681600000, 0x0000000683170000, 0x0000000686800000)
  object space 28096K, 79% used [0x0000000681600000,0x0000000682bb05b8,0x0000000683170000)
2765.879: [GC [PSYoungGen: 950081K->523591K(1334592K)] 1343245K->926851K(2269056K), 0.1159180 secs] [Times: user=0.89 sys=0.00, real=0.12 secs] 
Heap after GC invocations=135 (full 19):
 PSYoungGen      total 1334592K, used 523591K [0x00000007822b0000, 0x0000000800000000, 0x0000000800000000)
  eden space 749760K, 0% used [0x00000007822b0000,0x00000007822b0000,0x00000007afee0000)
  from space 584832K, 89% used [0x00000007dc4e0000,0x00000007fc431d60,0x0000000800000000)
  to   space 655936K, 0% used [0x00000007afee0000,0x00000007afee0000,0x00000007d7f70000)
 PSOldGen        total 934464K, used 403259K [0x0000000686800000, 0x00000006bf890000, 0x00000007822b0000)
  object space 934464K, 43% used [0x0000000686800000,0x000000069f1cefc0,0x00000006bf890000)
 PSPermGen       total 28096K, used 22209K [0x0000000681600000, 0x0000000683170000, 0x0000000686800000)
  object space 28096K, 79% used [0x0000000681600000,0x0000000682bb05b8,0x0000000683170000)
}
Total time for which application threads were stopped: 0.1182500 seconds
Application time: 2.5191060 seconds
{Heap before GC invocations=136 (full 19):
 PSYoungGen      total 1334592K, used 1273351K [0x00000007822b0000, 0x0000000800000000, 0x0000000800000000)
  eden space 749760K, 100% used [0x00000007822b0000,0x00000007afee0000,0x00000007afee0000)
  from space 584832K, 89% used [0x00000007dc4e0000,0x00000007fc431d60,0x0000000800000000)
  to   space 655936K, 0% used [0x00000007afee0000,0x00000007afee0000,0x00000007d7f70000)
 PSOldGen        total 934464K, used 403259K [0x0000000686800000, 0x00000006bf890000, 0x00000007822b0000)
  object space 934464K, 43% used [0x0000000686800000,0x000000069f1cefc0,0x00000006bf890000)
 PSPermGen       total 28096K, used 22227K [0x0000000681600000, 0x0000000683170000, 0x0000000686800000)
  object space 28096K, 79% used [0x0000000681600000,0x0000000682bb4f38,0x0000000683170000)
2768.515: [GC [PSYoungGen: 1273351K->25113K(774912K)] 1676611K->529257K(1709376K), 0.1776940 secs] [Times: user=1.15 sys=0.00, real=0.17 secs] 
Heap after GC invocations=136 (full 19):
 PSYoungGen      total 774912K, used 25113K [0x00000007822b0000, 0x0000000800000000, 0x0000000800000000)
  eden space 749760K, 0% used [0x00000007822b0000,0x00000007822b0000,0x00000007afee0000)
  from space 25152K, 99% used [0x00000007afee0000,0x00000007b17667c0,0x00000007b1770000)
  to   space 657984K, 0% used [0x00000007d7d70000,0x00000007d7d70000,0x0000000800000000)
 PSOldGen        total 934464K, used 504144K [0x0000000686800000, 0x00000006bf890000, 0x00000007822b0000)
  object space 934464K, 53% used [0x0000000686800000,0x00000006a5454030,0x00000006bf890000)
 PSPermGen       total 28096K, used 22227K [0x0000000681600000, 0x0000000683170000, 0x0000000686800000)
  object space 28096K, 79% used [0x0000000681600000,0x0000000682bb4f38,0x0000000683170000)
}
Total time for which application threads were stopped: 0.1785610 seconds
Application time: 1.3415490 seconds
{Heap before GC invocations=137 (full 19):
 PSYoungGen      total 774912K, used 774873K [0x00000007822b0000, 0x0000000800000000, 0x0000000800000000)
  eden space 749760K, 100% used [0x00000007822b0000,0x00000007afee0000,0x00000007afee0000)
  from space 25152K, 99% used [0x00000007afee0000,0x00000007b17667c0,0x00000007b1770000)
  to   space 657984K, 0% used [0x00000007d7d70000,0x00000007d7d70000,0x0000000800000000)
 PSOldGen        total 934464K, used 504144K [0x0000000686800000, 0x00000006bf890000, 0x00000007822b0000)
  object space 934464K, 53% used [0x0000000686800000,0x00000006a5454030,0x00000006bf890000)
 PSPermGen       total 28096K, used 23058K [0x0000000681600000, 0x0000000683170000, 0x0000000686800000)
  object space 28096K, 82% used [0x0000000681600000,0x0000000682c848f8,0x0000000683170000)
2770.036: [GC [PSYoungGen: 774873K->535462K(1345280K)] 1279017K->1040477K(2279744K), 0.0974990 secs] [Times: user=0.82 sys=0.01, real=0.09 secs] 
Heap after GC invocations=137 (full 19):
 PSYoungGen      total 1345280K, used 535462K [0x00000007822b0000, 0x0000000800000000, 0x0000000800000000)
  eden space 687296K, 0% used [0x00000007822b0000,0x00000007822b0000,0x00000007ac1e0000)
  from space 657984K, 81% used [0x00000007d7d70000,0x00000007f8859800,0x0000000800000000)
  to   space 687168K, 0% used [0x00000007ac1e0000,0x00000007ac1e0000,0x00000007d60f0000)
 PSOldGen        total 934464K, used 505015K [0x0000000686800000, 0x00000006bf890000, 0x00000007822b0000)
  object space 934464K, 54% used [0x0000000686800000,0x00000006a552df40,0x00000006bf890000)
 PSPermGen       total 28096K, used 23058K [0x0000000681600000, 0x0000000683170000, 0x0000000686800000)
  object space 28096K, 82% used [0x0000000681600000,0x0000000682c848f8,0x0000000683170000)
}
Total time for which application threads were stopped: 0.0994250 seconds
Application time: 2.2910920 seconds
{Heap before GC invocations=138 (full 19):
 PSYoungGen      total 1345280K, used 1222758K [0x00000007822b0000, 0x0000000800000000, 0x0000000800000000)
  eden space 687296K, 100% used [0x00000007822b0000,0x00000007ac1e0000,0x00000007ac1e0000)
  from space 657984K, 81% used [0x00000007d7d70000,0x00000007f8859800,0x0000000800000000)
  to   space 687168K, 0% used [0x00000007ac1e0000,0x00000007ac1e0000,0x00000007d60f0000)
 PSOldGen        total 934464K, used 505015K [0x0000000686800000, 0x00000006bf890000, 0x00000007822b0000)
  object space 934464K, 54% used [0x0000000686800000,0x00000006a552df40,0x00000006bf890000)
 PSPermGen       total 28096K, used 23093K [0x0000000681600000, 0x0000000683170000, 0x0000000686800000)
  object space 28096K, 82% used [0x0000000681600000,0x0000000682c8d478,0x0000000683170000)
2772.425: [GC [PSYoungGen: 1222758K->29708K(1374464K)] 1727773K->833206K(2308928K), 0.1532060 secs] [Times: user=0.95 sys=0.02, real=0.15 secs] 
Heap after GC invocations=138 (full 19):
 PSYoungGen      total 1374464K, used 29708K [0x00000007822b0000, 0x0000000800000000, 0x0000000800000000)
  eden space 687296K, 0% used [0x00000007822b0000,0x00000007822b0000,0x00000007ac1e0000)
  from space 687168K, 4% used [0x00000007ac1e0000,0x00000007adee3010,0x00000007d60f0000)
  to   space 687168K, 0% used [0x00000007d60f0000,0x00000007d60f0000,0x0000000800000000)
 PSOldGen        total 934464K, used 803498K [0x0000000686800000, 0x00000006bf890000, 0x00000007822b0000)
  object space 934464K, 85% used [0x0000000686800000,0x00000006b78aaa90,0x00000006bf890000)
 PSPermGen       total 28096K, used 23093K [0x0000000681600000, 0x0000000683170000, 0x0000000686800000)
  object space 28096K, 82% used [0x0000000681600000,0x0000000682c8d478,0x0000000683170000)
}
{Heap before GC invocations=139 (full 20):
 PSYoungGen      total 1374464K, used 29708K [0x00000007822b0000, 0x0000000800000000, 0x0000000800000000)
  eden space 687296K, 0% used [0x00000007822b0000,0x00000007822b0000,0x00000007ac1e0000)
  from space 687168K, 4% used [0x00000007ac1e0000,0x00000007adee3010,0x00000007d60f0000)
  to   space 687168K, 0% used [0x00000007d60f0000,0x00000007d60f0000,0x0000000800000000)
 PSOldGen        total 934464K, used 803498K [0x0000000686800000, 0x00000006bf890000, 0x00000007822b0000)
  object space 934464K, 85% used [0x0000000686800000,0x00000006b78aaa90,0x00000006bf890000)
 PSPermGen       total 28096K, used 23093K [0x0000000681600000, 0x0000000683170000, 0x0000000686800000)
  object space 28096K, 82% used [0x0000000681600000,0x0000000682c8d478,0x0000000683170000)
2772.579: [Full GC [PSYoungGen: 29708K->0K(1374464K)] [PSOldGen: 803498K->348841K(993856K)] 833206K->348841K(2368320K) [PSPermGen: 23093K->20548K(27584K)], 0.4013200 secs] [Times: user=0.40 sys=0.00, real=0.40 secs] 
Heap after GC invocations=139 (full 20):
 PSYoungGen      total 1374464K, used 0K [0x00000007822b0000, 0x0000000800000000, 0x0000000800000000)
  eden space 687296K, 0% used [0x00000007822b0000,0x00000007822b0000,0x00000007ac1e0000)
  from space 687168K, 0% used [0x00000007ac1e0000,0x00000007ac1e0000,0x00000007d60f0000)
  to   space 687168K, 0% used [0x00000007d60f0000,0x00000007d60f0000,0x0000000800000000)
 PSOldGen        total 993856K, used 348841K [0x0000000686800000, 0x00000006c3290000, 0x00000007822b0000)
  object space 993856K, 35% used [0x0000000686800000,0x000000069bcaa5e8,0x00000006c3290000)
 PSPermGen       total 27584K, used 20548K [0x0000000681600000, 0x00000006830f0000, 0x0000000686800000)
  object space 27584K, 74% used [0x0000000681600000,0x0000000682a11178,0x00000006830f0000)
}
Total time for which application threads were stopped: 0.5555150 seconds
Application time: 3.1289220 seconds
{Heap before GC invocations=140 (full 20):
 PSYoungGen      total 1374464K, used 687296K [0x00000007822b0000, 0x0000000800000000, 0x0000000800000000)
  eden space 687296K, 100% used [0x00000007822b0000,0x00000007ac1e0000,0x00000007ac1e0000)
  from space 687168K, 0% used [0x00000007ac1e0000,0x00000007ac1e0000,0x00000007d60f0000)
  to   space 687168K, 0% used [0x00000007d60f0000,0x00000007d60f0000,0x0000000800000000)
 PSOldGen        total 993856K, used 348841K [0x0000000686800000, 0x00000006c3290000, 0x00000007822b0000)
  object space 993856K, 35% used [0x0000000686800000,0x000000069bcaa5e8,0x00000006c3290000)
 PSPermGen       total 27584K, used 21097K [0x0000000681600000, 0x00000006830f0000, 0x0000000686800000)
  object space 27584K, 76% used [0x0000000681600000,0x0000000682a9a4b8,0x00000006830f0000)
2776.110: [GC [PSYoungGen: 687296K->362218K(1374464K)] 1036137K->711060K(2368320K), 0.0989960 secs] [Times: user=0.76 sys=0.00, real=0.10 secs] 
Heap after GC invocations=140 (full 20):
 PSYoungGen      total 1374464K, used 362218K [0x00000007822b0000, 0x0000000800000000, 0x0000000800000000)
  eden space 687296K, 0% used [0x00000007822b0000,0x00000007822b0000,0x00000007ac1e0000)
  from space 687168K, 52% used [0x00000007d60f0000,0x00000007ec2aabf0,0x0000000800000000)
  to   space 687168K, 0% used [0x00000007ac1e0000,0x00000007ac1e0000,0x00000007d60f0000)
 PSOldGen        total 993856K, used 348841K [0x0000000686800000, 0x00000006c3290000, 0x00000007822b0000)
  object space 993856K, 35% used [0x0000000686800000,0x000000069bcaa5e8,0x00000006c3290000)
 PSPermGen       total 27584K, used 21097K [0x0000000681600000, 0x00000006830f0000, 0x0000000686800000)
  object space 27584K, 76% used [0x0000000681600000,0x0000000682a9a4b8,0x00000006830f0000)
}
Total time for which application threads were stopped: 0.1000550 seconds
Application time: 1.9964590 seconds
{Heap before GC invocations=141 (full 20):
 PSYoungGen      total 1374464K, used 1049514K [0x00000007822b0000, 0x0000000800000000, 0x0000000800000000)
  eden space 687296K, 100% used [0x00000007822b0000,0x00000007ac1e0000,0x00000007ac1e0000)
  from space 687168K, 52% used [0x00000007d60f0000,0x00000007ec2aabf0,0x0000000800000000)
  to   space 687168K, 0% used [0x00000007ac1e0000,0x00000007ac1e0000,0x00000007d60f0000)
 PSOldGen        total 993856K, used 348841K [0x0000000686800000, 0x00000006c3290000, 0x00000007822b0000)
  object space 993856K, 35% used [0x0000000686800000,0x000000069bcaa5e8,0x00000006c3290000)
 PSPermGen       total 27584K, used 21270K [0x0000000681600000, 0x00000006830f0000, 0x0000000686800000)
  object space 27584K, 77% used [0x0000000681600000,0x0000000682ac58f8,0x00000006830f0000)
2778.207: [GC [PSYoungGen: 1049514K->64755K(1374464K)] 1398356K->641736K(2368320K), 0.1571550 secs] [Times: user=1.11 sys=0.01, real=0.16 secs] 
Heap after GC invocations=141 (full 20):
 PSYoungGen      total 1374464K, used 64755K [0x00000007822b0000, 0x0000000800000000, 0x0000000800000000)
  eden space 687296K, 0% used [0x00000007822b0000,0x00000007822b0000,0x00000007ac1e0000)
  from space 687168K, 9% used [0x00000007ac1e0000,0x00000007b011ce90,0x00000007d60f0000)
  to   space 687168K, 0% used [0x00000007d60f0000,0x00000007d60f0000,0x0000000800000000)
 PSOldGen        total 993856K, used 576980K [0x0000000686800000, 0x00000006c3290000, 0x00000007822b0000)
  object space 993856K, 58% used [0x0000000686800000,0x00000006a9b75368,0x00000006c3290000)
 PSPermGen       total 27584K, used 21270K [0x0000000681600000, 0x00000006830f0000, 0x0000000686800000)
  object space 27584K, 77% used [0x0000000681600000,0x0000000682ac58f8,0x00000006830f0000)
}
Total time for which application threads were stopped: 0.1585250 seconds
Application time: 2.7462390 seconds
{Heap before GC invocations=142 (full 20):
 PSYoungGen      total 1374464K, used 752051K [0x00000007822b0000, 0x0000000800000000, 0x0000000800000000)
  eden space 687296K, 100% used [0x00000007822b0000,0x00000007ac1e0000,0x00000007ac1e0000)
  from space 687168K, 9% used [0x00000007ac1e0000,0x00000007b011ce90,0x00000007d60f0000)
  to   space 687168K, 0% used [0x00000007d60f0000,0x00000007d60f0000,0x0000000800000000)
 PSOldGen        total 993856K, used 576980K [0x0000000686800000, 0x00000006c3290000, 0x00000007822b0000)
  object space 993856K, 58% used [0x0000000686800000,0x00000006a9b75368,0x00000006c3290000)
 PSPermGen       total 27584K, used 21672K [0x0000000681600000, 0x00000006830f0000, 0x0000000686800000)
  object space 27584K, 78% used [0x0000000681600000,0x0000000682b2a338,0x00000006830f0000)
2781.114: [GC [PSYoungGen: 752051K->211396K(1323136K)] 1329032K->797325K(2316992K), 0.1146300 secs] [Times: user=0.79 sys=0.00, real=0.12 secs] 
Heap after GC invocations=142 (full 20):
 PSYoungGen      total 1323136K, used 211396K [0x00000007822b0000, 0x00000007fcde0000, 0x0000000800000000)
  eden space 687296K, 0% used [0x00000007822b0000,0x00000007822b0000,0x00000007ac1e0000)
  from space 635840K, 33% used [0x00000007d60f0000,0x00000007e2f613a0,0x00000007fcde0000)
  to   space 661504K, 0% used [0x00000007ac1e0000,0x00000007ac1e0000,0x00000007d47e0000)
 PSOldGen        total 993856K, used 585928K [0x0000000686800000, 0x00000006c3290000, 0x00000007822b0000)
  object space 993856K, 58% used [0x0000000686800000,0x00000006aa432148,0x00000006c3290000)
 PSPermGen       total 27584K, used 21672K [0x0000000681600000, 0x00000006830f0000, 0x0000000686800000)
  object space 27584K, 78% used [0x0000000681600000,0x0000000682b2a338,0x00000006830f0000)
}
Total time for which application threads were stopped: 0.1182950 seconds
Application time: 1.5931190 seconds
{Heap before GC invocations=143 (full 20):
 PSYoungGen      total 1323136K, used 898692K [0x00000007822b0000, 0x00000007fcde0000, 0x0000000800000000)
  eden space 687296K, 100% used [0x00000007822b0000,0x00000007ac1e0000,0x00000007ac1e0000)
  from space 635840K, 33% used [0x00000007d60f0000,0x00000007e2f613a0,0x00000007fcde0000)
  to   space 661504K, 0% used [0x00000007ac1e0000,0x00000007ac1e0000,0x00000007d47e0000)
 PSOldGen        total 993856K, used 585928K [0x0000000686800000, 0x00000006c3290000, 0x00000007822b0000)
  object space 993856K, 58% used [0x0000000686800000,0x00000006aa432148,0x00000006c3290000)
 PSPermGen       total 27584K, used 22039K [0x0000000681600000, 0x00000006830f0000, 0x0000000686800000)
  object space 27584K, 79% used [0x0000000681600000,0x0000000682b85fb8,0x00000006830f0000)
2782.823: [GC [PSYoungGen: 898692K->229114K(1348800K)] 1484621K->981985K(2342656K), 0.1323300 secs] [Times: user=1.03 sys=0.00, real=0.14 secs] 
Heap after GC invocations=143 (full 20):
 PSYoungGen      total 1348800K, used 229114K [0x00000007822b0000, 0x00000007fc890000, 0x0000000800000000)
  eden space 687296K, 0% used [0x00000007822b0000,0x00000007822b0000,0x00000007ac1e0000)
  from space 661504K, 34% used [0x00000007ac1e0000,0x00000007ba19eb90,0x00000007d47e0000)
  to   space 620288K, 0% used [0x00000007d6ad0000,0x00000007d6ad0000,0x00000007fc890000)
 PSOldGen        total 993856K, used 752870K [0x0000000686800000, 0x00000006c3290000, 0x00000007822b0000)
  object space 993856K, 75% used [0x0000000686800000,0x00000006b47398d8,0x00000006c3290000)
 PSPermGen       total 27584K, used 22039K [0x0000000681600000, 0x00000006830f0000, 0x0000000686800000)
  object space 27584K, 79% used [0x0000000681600000,0x0000000682b85fb8,0x00000006830f0000)
}
{Heap before GC invocations=144 (full 21):
 PSYoungGen      total 1348800K, used 229114K [0x00000007822b0000, 0x00000007fc890000, 0x0000000800000000)
  eden space 687296K, 0% used [0x00000007822b0000,0x00000007822b0000,0x00000007ac1e0000)
  from space 661504K, 34% used [0x00000007ac1e0000,0x00000007ba19eb90,0x00000007d47e0000)
  to   space 620288K, 0% used [0x00000007d6ad0000,0x00000007d6ad0000,0x00000007fc890000)
 PSOldGen        total 993856K, used 752870K [0x0000000686800000, 0x00000006c3290000, 0x00000007822b0000)
  object space 993856K, 75% used [0x0000000686800000,0x00000006b47398d8,0x00000006c3290000)
 PSPermGen       total 27584K, used 22039K [0x0000000681600000, 0x00000006830f0000, 0x0000000686800000)
  object space 27584K, 79% used [0x0000000681600000,0x0000000682b85fb8,0x00000006830f0000)
2782.956: [Full GC [PSYoungGen: 229114K->0K(1348800K)] [PSOldGen: 752870K->462136K(1162496K)] 981985K->462136K(2511296K) [PSPermGen: 22039K->22039K(28160K)], 0.4335180 secs] [Times: user=0.43 sys=0.00, real=0.43 secs] 
Heap after GC invocations=144 (full 21):
 PSYoungGen      total 1348800K, used 0K [0x00000007822b0000, 0x00000007fc890000, 0x0000000800000000)
  eden space 687296K, 0% used [0x00000007822b0000,0x00000007822b0000,0x00000007ac1e0000)
  from space 661504K, 0% used [0x00000007ac1e0000,0x00000007ac1e0000,0x00000007d47e0000)
  to   space 620288K, 0% used [0x00000007d6ad0000,0x00000007d6ad0000,0x00000007fc890000)
 PSOldGen        total 1162496K, used 462136K [0x0000000686800000, 0x00000006cd740000, 0x00000007822b0000)
  object space 1162496K, 39% used [0x0000000686800000,0x00000006a2b4e038,0x00000006cd740000)
 PSPermGen       total 28160K, used 22039K [0x0000000681600000, 0x0000000683180000, 0x0000000686800000)
  object space 28160K, 78% used [0x0000000681600000,0x0000000682b85fb8,0x0000000683180000)
}
Total time for which application threads were stopped: 0.5676060 seconds
Application time: 184.5788400 seconds
{Heap before GC invocations=145 (full 21):
 PSYoungGen      total 1348800K, used 687296K [0x00000007822b0000, 0x00000007fc890000, 0x0000000800000000)
  eden space 687296K, 100% used [0x00000007822b0000,0x00000007ac1e0000,0x00000007ac1e0000)
  from space 661504K, 0% used [0x00000007ac1e0000,0x00000007ac1e0000,0x00000007d47e0000)
  to   space 620288K, 0% used [0x00000007d6ad0000,0x00000007d6ad0000,0x00000007fc890000)
 PSOldGen        total 1162496K, used 462136K [0x0000000686800000, 0x00000006cd740000, 0x00000007822b0000)
  object space 1162496K, 39% used [0x0000000686800000,0x00000006a2b4e038,0x00000006cd740000)
 PSPermGen       total 28160K, used 22234K [0x0000000681600000, 0x0000000683180000, 0x0000000686800000)
  object space 28160K, 78% used [0x0000000681600000,0x0000000682bb68b8,0x0000000683180000)
2967.969: [GC [PSYoungGen: 687296K->58013K(1391872K)] 1149432K->520149K(2554368K), 0.1376440 secs] [Times: user=0.89 sys=0.01, real=0.14 secs] 
Heap after GC invocations=145 (full 21):
 PSYoungGen      total 1391872K, used 58013K [0x00000007822b0000, 0x00000007fc7a0000, 0x0000000800000000)
  eden space 772544K, 0% used [0x00000007822b0000,0x00000007822b0000,0x00000007b1520000)
  from space 619328K, 9% used [0x00000007d6ad0000,0x00000007da377620,0x00000007fc7a0000)
  to   space 612032K, 0% used [0x00000007b1520000,0x00000007b1520000,0x00000007d6ad0000)
 PSOldGen        total 1162496K, used 462136K [0x0000000686800000, 0x00000006cd740000, 0x00000007822b0000)
  object space 1162496K, 39% used [0x0000000686800000,0x00000006a2b4e038,0x00000006cd740000)
 PSPermGen       total 28160K, used 22234K [0x0000000681600000, 0x0000000683180000, 0x0000000686800000)
  object space 28160K, 78% used [0x0000000681600000,0x0000000682bb68b8,0x0000000683180000)
}
Total time for which application threads were stopped: 0.1386240 seconds
Application time: 1.4540800 seconds
{Heap before GC invocations=146 (full 21):
 PSYoungGen      total 1391872K, used 830557K [0x00000007822b0000, 0x00000007fc7a0000, 0x0000000800000000)
  eden space 772544K, 100% used [0x00000007822b0000,0x00000007b1520000,0x00000007b1520000)
  from space 619328K, 9% used [0x00000007d6ad0000,0x00000007da377620,0x00000007fc7a0000)
  to   space 612032K, 0% used [0x00000007b1520000,0x00000007b1520000,0x00000007d6ad0000)
 PSOldGen        total 1162496K, used 462136K [0x0000000686800000, 0x00000006cd740000, 0x00000007822b0000)
  object space 1162496K, 39% used [0x0000000686800000,0x00000006a2b4e038,0x00000006cd740000)
 PSPermGen       total 28160K, used 22846K [0x0000000681600000, 0x0000000683180000, 0x0000000686800000)
  object space 28160K, 81% used [0x0000000681600000,0x0000000682c4faf8,0x0000000683180000)
2969.562: [GC [PSYoungGen: 830557K->405438K(1384576K)] 1292693K->906807K(2547072K), 0.1060030 secs] [Times: user=0.79 sys=0.00, real=0.11 secs] 
Heap after GC invocations=146 (full 21):
 PSYoungGen      total 1384576K, used 405438K [0x00000007822b0000, 0x0000000800000000, 0x0000000800000000)
  eden space 772544K, 0% used [0x00000007822b0000,0x00000007822b0000,0x00000007b1520000)
  from space 612032K, 66% used [0x00000007b1520000,0x00000007ca10fb10,0x00000007d6ad0000)
  to   space 641984K, 0% used [0x00000007d8d10000,0x00000007d8d10000,0x0000000800000000)
 PSOldGen        total 1162496K, used 501368K [0x0000000686800000, 0x00000006cd740000, 0x00000007822b0000)
  object space 1162496K, 43% used [0x0000000686800000,0x00000006a519e258,0x00000006cd740000)
 PSPermGen       total 28160K, used 22846K [0x0000000681600000, 0x0000000683180000, 0x0000000686800000)
  object space 28160K, 81% used [0x0000000681600000,0x0000000682c4faf8,0x0000000683180000)
}
Total time for which application threads were stopped: 0.1070490 seconds
Application time: 3.6798870 seconds
{Heap before GC invocations=147 (full 21):
 PSYoungGen      total 1384576K, used 1177982K [0x00000007822b0000, 0x0000000800000000, 0x0000000800000000)
  eden space 772544K, 100% used [0x00000007822b0000,0x00000007b1520000,0x00000007b1520000)
  from space 612032K, 66% used [0x00000007b1520000,0x00000007ca10fb10,0x00000007d6ad0000)
  to   space 641984K, 0% used [0x00000007d8d10000,0x00000007d8d10000,0x0000000800000000)
 PSOldGen        total 1162496K, used 501368K [0x0000000686800000, 0x00000006cd740000, 0x00000007822b0000)
  object space 1162496K, 43% used [0x0000000686800000,0x00000006a519e258,0x00000006cd740000)
 PSPermGen       total 28160K, used 23022K [0x0000000681600000, 0x0000000683180000, 0x0000000686800000)
  object space 28160K, 81% used [0x0000000681600000,0x0000000682c7ba78,0x0000000683180000)
2973.349: [GC [PSYoungGen: 1177982K->100395K(1432256K)] 1679351K->626685K(2594752K), 0.1588640 secs] [Times: user=1.00 sys=0.02, real=0.16 secs] 
Heap after GC invocations=147 (full 21):
 PSYoungGen      total 1432256K, used 100395K [0x00000007822b0000, 0x00000007ffb60000, 0x0000000800000000)
  eden space 795008K, 0% used [0x00000007822b0000,0x00000007822b0000,0x00000007b2b10000)
  from space 637248K, 15% used [0x00000007d8d10000,0x00000007def1ae70,0x00000007ffb60000)
  to   space 624640K, 0% used [0x00000007b2b10000,0x00000007b2b10000,0x00000007d8d10000)
 PSOldGen        total 1162496K, used 526289K [0x0000000686800000, 0x00000006cd740000, 0x00000007822b0000)
  object space 1162496K, 45% used [0x0000000686800000,0x00000006a69f47d8,0x00000006cd740000)
 PSPermGen       total 28160K, used 23022K [0x0000000681600000, 0x0000000683180000, 0x0000000686800000)
  object space 28160K, 81% used [0x0000000681600000,0x0000000682c7ba78,0x0000000683180000)
}
Total time for which application threads were stopped: 0.1597620 seconds
Application time: 1.7118000 seconds
{Heap before GC invocations=148 (full 21):
 PSYoungGen      total 1432256K, used 895403K [0x00000007822b0000, 0x00000007ffb60000, 0x0000000800000000)
  eden space 795008K, 100% used [0x00000007822b0000,0x00000007b2b10000,0x00000007b2b10000)
  from space 637248K, 15% used [0x00000007d8d10000,0x00000007def1ae70,0x00000007ffb60000)
  to   space 624640K, 0% used [0x00000007b2b10000,0x00000007b2b10000,0x00000007d8d10000)
 PSOldGen        total 1162496K, used 526289K [0x0000000686800000, 0x00000006cd740000, 0x00000007822b0000)
  object space 1162496K, 45% used [0x0000000686800000,0x00000006a69f47d8,0x00000006cd740000)
 PSPermGen       total 28160K, used 23535K [0x0000000681600000, 0x0000000683180000, 0x0000000686800000)
  object space 28160K, 83% used [0x0000000681600000,0x0000000682cfbcf8,0x0000000683180000)
2975.221: [GC [PSYoungGen: 895403K->329241K(1419648K)] 1421693K->929173K(2582144K), 0.1296660 secs] [Times: user=0.95 sys=0.00, real=0.13 secs] 
Heap after GC invocations=148 (full 21):
 PSYoungGen      total 1419648K, used 329241K [0x00000007822b0000, 0x00000007ff210000, 0x0000000800000000)
  eden space 795008K, 0% used [0x00000007822b0000,0x00000007822b0000,0x00000007b2b10000)
  from space 624640K, 52% used [0x00000007b2b10000,0x00000007c6c96450,0x00000007d8d10000)
  to   space 623808K, 0% used [0x00000007d90e0000,0x00000007d90e0000,0x00000007ff210000)
 PSOldGen        total 1162496K, used 599932K [0x0000000686800000, 0x00000006cd740000, 0x00000007822b0000)
  object space 1162496K, 51% used [0x0000000686800000,0x00000006ab1df218,0x00000006cd740000)
 PSPermGen       total 28160K, used 23535K [0x0000000681600000, 0x0000000683180000, 0x0000000686800000)
  object space 28160K, 83% used [0x0000000681600000,0x0000000682cfbcf8,0x0000000683180000)
}
Total time for which application threads were stopped: 0.1310130 seconds
Application time: 3.6781530 seconds
{Heap before GC invocations=149 (full 21):
 PSYoungGen      total 1419648K, used 1124249K [0x00000007822b0000, 0x00000007ff210000, 0x0000000800000000)
  eden space 795008K, 100% used [0x00000007822b0000,0x00000007b2b10000,0x00000007b2b10000)
  from space 624640K, 52% used [0x00000007b2b10000,0x00000007c6c96450,0x00000007d8d10000)
  to   space 623808K, 0% used [0x00000007d90e0000,0x00000007d90e0000,0x00000007ff210000)
 PSOldGen        total 1162496K, used 599932K [0x0000000686800000, 0x00000006cd740000, 0x00000007822b0000)
  object space 1162496K, 51% used [0x0000000686800000,0x00000006ab1df218,0x00000006cd740000)
 PSPermGen       total 28160K, used 23867K [0x0000000681600000, 0x0000000683180000, 0x0000000686800000)
  object space 28160K, 84% used [0x0000000681600000,0x0000000682d4ed38,0x0000000683180000)
2979.030: [GC [PSYoungGen: 1124249K->132677K(1406784K)] 1724181K->740302K(2569280K), 0.1440860 secs] [Times: user=0.96 sys=0.00, real=0.15 secs] 
Heap after GC invocations=149 (full 21):
 PSYoungGen      total 1406784K, used 132677K [0x00000007822b0000, 0x00000007fd490000, 0x0000000800000000)
  eden space 813184K, 0% used [0x00000007822b0000,0x00000007822b0000,0x00000007b3cd0000)
  from space 593600K, 22% used [0x00000007d90e0000,0x00000007e1271700,0x00000007fd490000)
  to   space 601984K, 0% used [0x00000007b3cd0000,0x00000007b3cd0000,0x00000007d88b0000)
 PSOldGen        total 1162496K, used 607624K [0x0000000686800000, 0x00000006cd740000, 0x00000007822b0000)
  object space 1162496K, 52% used [0x0000000686800000,0x00000006ab962258,0x00000006cd740000)
 PSPermGen       total 28160K, used 23867K [0x0000000681600000, 0x0000000683180000, 0x0000000686800000)
  object space 28160K, 84% used [0x0000000681600000,0x0000000682d4ed38,0x0000000683180000)
}
Total time for which application threads were stopped: 0.1456190 seconds
Application time: 1.8435860 seconds
{Heap before GC invocations=150 (full 21):
 PSYoungGen      total 1406784K, used 945861K [0x00000007822b0000, 0x00000007fd490000, 0x0000000800000000)
  eden space 813184K, 100% used [0x00000007822b0000,0x00000007b3cd0000,0x00000007b3cd0000)
  from space 593600K, 22% used [0x00000007d90e0000,0x00000007e1271700,0x00000007fd490000)
  to   space 601984K, 0% used [0x00000007b3cd0000,0x00000007b3cd0000,0x00000007d88b0000)
 PSOldGen        total 1162496K, used 607624K [0x0000000686800000, 0x00000006cd740000, 0x00000007822b0000)
  object space 1162496K, 52% used [0x0000000686800000,0x00000006ab962258,0x00000006cd740000)
 PSPermGen       total 28160K, used 24337K [0x0000000681600000, 0x0000000683180000, 0x0000000686800000)
  object space 28160K, 86% used [0x0000000681600000,0x0000000682dc46f8,0x0000000683180000)
2981.019: [GC [PSYoungGen: 945861K->304589K(1415168K)] 1553486K->1006639K(2577664K), 0.1180110 secs] [Times: user=0.72 sys=0.01, real=0.12 secs] 
Heap after GC invocations=150 (full 21):
 PSYoungGen      total 1415168K, used 304589K [0x00000007822b0000, 0x00000007ff8d0000, 0x0000000800000000)
  eden space 813184K, 0% used [0x00000007822b0000,0x00000007822b0000,0x00000007b3cd0000)
  from space 601984K, 50% used [0x00000007b3cd0000,0x00000007c6643580,0x00000007d88b0000)
  to   space 594112K, 0% used [0x00000007db4a0000,0x00000007db4a0000,0x00000007ff8d0000)
 PSOldGen        total 1162496K, used 702049K [0x0000000686800000, 0x00000006cd740000, 0x00000007822b0000)
  object space 1162496K, 60% used [0x0000000686800000,0x00000006b15986a8,0x00000006cd740000)
 PSPermGen       total 28160K, used 24337K [0x0000000681600000, 0x0000000683180000, 0x0000000686800000)
  object space 28160K, 86% used [0x0000000681600000,0x0000000682dc46f8,0x0000000683180000)
}
Total time for which application threads were stopped: 0.1190830 seconds
Application time: 3.8795360 seconds
{Heap before GC invocations=151 (full 21):
 PSYoungGen      total 1415168K, used 1117773K [0x00000007822b0000, 0x00000007ff8d0000, 0x0000000800000000)
  eden space 813184K, 100% used [0x00000007822b0000,0x00000007b3cd0000,0x00000007b3cd0000)
  from space 601984K, 50% used [0x00000007b3cd0000,0x00000007c6643580,0x00000007d88b0000)
  to   space 594112K, 0% used [0x00000007db4a0000,0x00000007db4a0000,0x00000007ff8d0000)
 PSOldGen        total 1162496K, used 702049K [0x0000000686800000, 0x00000006cd740000, 0x00000007822b0000)
  object space 1162496K, 60% used [0x0000000686800000,0x00000006b15986a8,0x00000006cd740000)
 PSPermGen       total 28160K, used 24735K [0x0000000681600000, 0x0000000683180000, 0x0000000686800000)
  object space 28160K, 87% used [0x0000000681600000,0x0000000682e27f38,0x0000000683180000)
2985.018: [GC [PSYoungGen: 1117773K->157489K(1411904K)] 1819823K->860771K(2574400K), 0.1342880 secs] [Times: user=0.85 sys=0.00, real=0.13 secs] 
Heap after GC invocations=151 (full 21):
 PSYoungGen      total 1411904K, used 157489K [0x00000007822b0000, 0x00000007fca30000, 0x0000000800000000)
  eden space 865536K, 0% used [0x00000007822b0000,0x00000007822b0000,0x00000007b6ff0000)
  from space 546368K, 28% used [0x00000007db4a0000,0x00000007e4e6c4d0,0x00000007fca30000)
  to   space 570496K, 0% used [0x00000007b6ff0000,0x00000007b6ff0000,0x00000007d9d10000)
 PSOldGen        total 1162496K, used 703282K [0x0000000686800000, 0x00000006cd740000, 0x00000007822b0000)
  object space 1162496K, 60% used [0x0000000686800000,0x00000006b16cca78,0x00000006cd740000)
 PSPermGen       total 28160K, used 24735K [0x0000000681600000, 0x0000000683180000, 0x0000000686800000)
  object space 28160K, 87% used [0x0000000681600000,0x0000000682e27f38,0x0000000683180000)
}
Total time for which application threads were stopped: 0.1353750 seconds
Application time: 2.0298230 seconds
{Heap before GC invocations=152 (full 21):
 PSYoungGen      total 1411904K, used 1023025K [0x00000007822b0000, 0x00000007fca30000, 0x0000000800000000)
  eden space 865536K, 100% used [0x00000007822b0000,0x00000007b6ff0000,0x00000007b6ff0000)
  from space 546368K, 28% used [0x00000007db4a0000,0x00000007e4e6c4d0,0x00000007fca30000)
  to   space 570496K, 0% used [0x00000007b6ff0000,0x00000007b6ff0000,0x00000007d9d10000)
 PSOldGen        total 1162496K, used 703282K [0x0000000686800000, 0x00000006cd740000, 0x00000007822b0000)
  object space 1162496K, 60% used [0x0000000686800000,0x00000006b16cca78,0x00000006cd740000)
 PSPermGen       total 28160K, used 25202K [0x0000000681600000, 0x0000000683180000, 0x0000000686800000)
  object space 28160K, 89% used [0x0000000681600000,0x0000000682e9c878,0x0000000683180000)
2987.183: [GC [PSYoungGen: 1023025K->296248K(1436032K)] 1726307K->1100820K(2598528K), 0.1295540 secs] [Times: user=0.80 sys=0.00, real=0.13 secs] 
Heap after GC invocations=152 (full 21):
 PSYoungGen      total 1436032K, used 296248K [0x00000007822b0000, 0x0000000800000000, 0x0000000800000000)
  eden space 865536K, 0% used [0x00000007822b0000,0x00000007822b0000,0x00000007b6ff0000)
  from space 570496K, 51% used [0x00000007b6ff0000,0x00000007c913e090,0x00000007d9d10000)
  to   space 562496K, 0% used [0x00000007ddab0000,0x00000007ddab0000,0x0000000800000000)
 PSOldGen        total 1162496K, used 804572K [0x0000000686800000, 0x00000006cd740000, 0x00000007822b0000)
  object space 1162496K, 69% used [0x0000000686800000,0x00000006b79b7168,0x00000006cd740000)
 PSPermGen       total 28160K, used 25202K [0x0000000681600000, 0x0000000683180000, 0x0000000686800000)
  object space 28160K, 89% used [0x0000000681600000,0x0000000682e9c878,0x0000000683180000)
}
Total time for which application threads were stopped: 0.1305510 seconds
Application time: 3.4254790 seconds
{Heap before GC invocations=153 (full 21):
 PSYoungGen      total 1436032K, used 1161784K [0x00000007822b0000, 0x0000000800000000, 0x0000000800000000)
  eden space 865536K, 100% used [0x00000007822b0000,0x00000007b6ff0000,0x00000007b6ff0000)
  from space 570496K, 51% used [0x00000007b6ff0000,0x00000007c913e090,0x00000007d9d10000)
  to   space 562496K, 0% used [0x00000007ddab0000,0x00000007ddab0000,0x0000000800000000)
 PSOldGen        total 1162496K, used 804572K [0x0000000686800000, 0x00000006cd740000, 0x00000007822b0000)
  object space 1162496K, 69% used [0x0000000686800000,0x00000006b79b7168,0x00000006cd740000)
 PSPermGen       total 28160K, used 25737K [0x0000000681600000, 0x0000000683180000, 0x0000000686800000)
  object space 28160K, 91% used [0x0000000681600000,0x0000000682f22438,0x0000000683180000)
2990.740: [GC [PSYoungGen: 1161784K->257124K(1435904K)] 1966356K->1070458K(2598400K), 0.1290450 secs] [Times: user=0.82 sys=0.00, real=0.13 secs] 
Heap after GC invocations=153 (full 21):
 PSYoungGen      total 1435904K, used 257124K [0x00000007822b0000, 0x00000007fca10000, 0x0000000800000000)
  eden space 928640K, 0% used [0x00000007822b0000,0x00000007822b0000,0x00000007bad90000)
  from space 507264K, 50% used [0x00000007ddab0000,0x00000007ed5c9090,0x00000007fca10000)
  to   space 538880K, 0% used [0x00000007bad90000,0x00000007bad90000,0x00000007dbbd0000)
 PSOldGen        total 1162496K, used 813334K [0x0000000686800000, 0x00000006cd740000, 0x00000007822b0000)
  object space 1162496K, 69% used [0x0000000686800000,0x00000006b8245b68,0x00000006cd740000)
 PSPermGen       total 28160K, used 25737K [0x0000000681600000, 0x0000000683180000, 0x0000000686800000)
  object space 28160K, 91% used [0x0000000681600000,0x0000000682f22438,0x0000000683180000)
}
Total time for which application threads were stopped: 0.1312220 seconds
Application time: 2.9118620 seconds
{Heap before GC invocations=154 (full 21):
 PSYoungGen      total 1435904K, used 1185764K [0x00000007822b0000, 0x00000007fca10000, 0x0000000800000000)
  eden space 928640K, 100% used [0x00000007822b0000,0x00000007bad90000,0x00000007bad90000)
  from space 507264K, 50% used [0x00000007ddab0000,0x00000007ed5c9090,0x00000007fca10000)
  to   space 538880K, 0% used [0x00000007bad90000,0x00000007bad90000,0x00000007dbbd0000)
 PSOldGen        total 1162496K, used 813334K [0x0000000686800000, 0x00000006cd740000, 0x00000007822b0000)
  object space 1162496K, 69% used [0x0000000686800000,0x00000006b8245b68,0x00000006cd740000)
 PSPermGen       total 28160K, used 26033K [0x0000000681600000, 0x0000000683180000, 0x0000000686800000)
  object space 28160K, 92% used [0x0000000681600000,0x0000000682f6c478,0x0000000683180000)
2993.783: [GC [PSYoungGen: 1185764K->45467K(1467520K)] 1999098K->877415K(2630016K), 0.1847750 secs] [Times: user=1.22 sys=0.00, real=0.19 secs] 
Heap after GC invocations=154 (full 21):
 PSYoungGen      total 1467520K, used 45467K [0x00000007822b0000, 0x0000000800000000, 0x0000000800000000)
  eden space 928640K, 0% used [0x00000007822b0000,0x00000007822b0000,0x00000007bad90000)
  from space 538880K, 8% used [0x00000007bad90000,0x00000007bd9f6c30,0x00000007dbbd0000)
  to   space 540416K, 0% used [0x00000007df040000,0x00000007df040000,0x0000000800000000)
 PSOldGen        total 1162496K, used 831948K [0x0000000686800000, 0x00000006cd740000, 0x00000007822b0000)
  object space 1162496K, 71% used [0x0000000686800000,0x00000006b9473178,0x00000006cd740000)
 PSPermGen       total 28160K, used 26033K [0x0000000681600000, 0x0000000683180000, 0x0000000686800000)
  object space 28160K, 92% used [0x0000000681600000,0x0000000682f6c478,0x0000000683180000)
}
Total time for which application threads were stopped: 0.1864250 seconds
Application time: 60.3730580 seconds
Total time for which application threads were stopped: 0.0006130 seconds
Application time: 0.0002350 seconds
Total time for which application threads were stopped: 0.0003010 seconds
Application time: 0.0000780 seconds
Total time for which application threads were stopped: 0.0003120 seconds
Application time: 0.0000580 seconds
Total time for which application threads were stopped: 0.0003480 seconds
Application time: 0.0006750 seconds
Total time for which application threads were stopped: 0.0008910 seconds
Application time: 124.1823060 seconds
{Heap before GC invocations=155 (full 21):
 PSYoungGen      total 1467520K, used 974107K [0x00000007822b0000, 0x0000000800000000, 0x0000000800000000)
  eden space 928640K, 100% used [0x00000007822b0000,0x00000007bad90000,0x00000007bad90000)
  from space 538880K, 8% used [0x00000007bad90000,0x00000007bd9f6c30,0x00000007dbbd0000)
  to   space 540416K, 0% used [0x00000007df040000,0x00000007df040000,0x0000000800000000)
 PSOldGen        total 1162496K, used 831948K [0x0000000686800000, 0x00000006cd740000, 0x00000007822b0000)
  object space 1162496K, 71% used [0x0000000686800000,0x00000006b9473178,0x00000006cd740000)
 PSPermGen       total 28160K, used 26910K [0x0000000681600000, 0x0000000683180000, 0x0000000686800000)
  object space 28160K, 95% used [0x0000000681600000,0x00000006830478f8,0x0000000683180000)
3178.527: [GC [PSYoungGen: 974107K->540407K(1340608K)] 1806055K->1379047K(2503104K), 0.1210220 secs] [Times: user=0.90 sys=0.07, real=0.12 secs] 
Heap after GC invocations=155 (full 21):
 PSYoungGen      total 1340608K, used 540407K [0x00000007822b0000, 0x0000000800000000, 0x0000000800000000)
  eden space 800192K, 0% used [0x00000007822b0000,0x00000007822b0000,0x00000007b3020000)
  from space 540416K, 99% used [0x00000007df040000,0x00000007ffffddc0,0x0000000800000000)
  to   space 630720K, 0% used [0x00000007b3020000,0x00000007b3020000,0x00000007d9810000)
 PSOldGen        total 1162496K, used 838640K [0x0000000686800000, 0x00000006cd740000, 0x00000007822b0000)
  object space 1162496K, 72% used [0x0000000686800000,0x00000006b9afc068,0x00000006cd740000)
 PSPermGen       total 28160K, used 26910K [0x0000000681600000, 0x0000000683180000, 0x0000000686800000)
  object space 28160K, 95% used [0x0000000681600000,0x00000006830478f8,0x0000000683180000)
}
Total time for which application threads were stopped: 0.1221450 seconds
Application time: 2.7668780 seconds
{Heap before GC invocations=156 (full 21):
 PSYoungGen      total 1340608K, used 1340599K [0x00000007822b0000, 0x0000000800000000, 0x0000000800000000)
  eden space 800192K, 100% used [0x00000007822b0000,0x00000007b3020000,0x00000007b3020000)
  from space 540416K, 99% used [0x00000007df040000,0x00000007ffffddc0,0x0000000800000000)
  to   space 630720K, 0% used [0x00000007b3020000,0x00000007b3020000,0x00000007d9810000)
 PSOldGen        total 1162496K, used 838640K [0x0000000686800000, 0x00000006cd740000, 0x00000007822b0000)
  object space 1162496K, 72% used [0x0000000686800000,0x00000006b9afc068,0x00000006cd740000)
 PSPermGen       total 28160K, used 26915K [0x0000000681600000, 0x0000000683180000, 0x0000000686800000)
  object space 28160K, 95% used [0x0000000681600000,0x0000000683048f78,0x0000000683180000)
3181.416: [GC [PSYoungGen: 1340599K->24134K(1430912K)] 2179239K->938008K(2593408K), 0.1828520 secs] [Times: user=1.07 sys=0.08, real=0.18 secs] 
Heap after GC invocations=156 (full 21):
 PSYoungGen      total 1430912K, used 24134K [0x00000007822b0000, 0x0000000800000000, 0x0000000800000000)
  eden space 800192K, 0% used [0x00000007822b0000,0x00000007822b0000,0x00000007b3020000)
  from space 630720K, 3% used [0x00000007b3020000,0x00000007b47b1900,0x00000007d9810000)
  to   space 630592K, 0% used [0x00000007d9830000,0x00000007d9830000,0x0000000800000000)
 PSOldGen        total 1162496K, used 913873K [0x0000000686800000, 0x00000006cd740000, 0x00000007822b0000)
  object space 1162496K, 78% used [0x0000000686800000,0x00000006be474718,0x00000006cd740000)
 PSPermGen       total 28160K, used 26915K [0x0000000681600000, 0x0000000683180000, 0x0000000686800000)
  object space 28160K, 95% used [0x0000000681600000,0x0000000683048f78,0x0000000683180000)
}
Total time for which application threads were stopped: 0.1837750 seconds
Application time: 2.3928610 seconds
{Heap before GC invocations=157 (full 21):
 PSYoungGen      total 1430912K, used 824326K [0x00000007822b0000, 0x0000000800000000, 0x0000000800000000)
  eden space 800192K, 100% used [0x00000007822b0000,0x00000007b3020000,0x00000007b3020000)
  from space 630720K, 3% used [0x00000007b3020000,0x00000007b47b1900,0x00000007d9810000)
  to   space 630592K, 0% used [0x00000007d9830000,0x00000007d9830000,0x0000000800000000)
 PSOldGen        total 1162496K, used 913873K [0x0000000686800000, 0x00000006cd740000, 0x00000007822b0000)
  object space 1162496K, 78% used [0x0000000686800000,0x00000006be474718,0x00000006cd740000)
 PSPermGen       total 28160K, used 27785K [0x0000000681600000, 0x0000000683180000, 0x0000000686800000)
  object space 28160K, 98% used [0x0000000681600000,0x00000006831227b8,0x0000000683180000)
3183.993: [GC [PSYoungGen: 824326K->560718K(1317888K)] 1738200K->1474841K(2480384K), 0.1019000 secs] [Times: user=0.89 sys=0.01, real=0.10 secs] 
Heap after GC invocations=157 (full 21):
 PSYoungGen      total 1317888K, used 560718K [0x00000007822b0000, 0x0000000800000000, 0x0000000800000000)
  eden space 687296K, 0% used [0x00000007822b0000,0x00000007822b0000,0x00000007ac1e0000)
  from space 630592K, 88% used [0x00000007d9830000,0x00000007fbbc3b50,0x0000000800000000)
  to   space 687168K, 0% used [0x00000007ac1e0000,0x00000007ac1e0000,0x00000007d60f0000)
 PSOldGen        total 1162496K, used 914122K [0x0000000686800000, 0x00000006cd740000, 0x00000007822b0000)
  object space 1162496K, 78% used [0x0000000686800000,0x00000006be4b2b88,0x00000006cd740000)
 PSPermGen       total 28160K, used 27785K [0x0000000681600000, 0x0000000683180000, 0x0000000686800000)
  object space 28160K, 98% used [0x0000000681600000,0x00000006831227b8,0x0000000683180000)
}
Total time for which application threads were stopped: 0.1030530 seconds
Application time: 2.3778720 seconds
{Heap before GC invocations=158 (full 21):
 PSYoungGen      total 1317888K, used 1248014K [0x00000007822b0000, 0x0000000800000000, 0x0000000800000000)
  eden space 687296K, 100% used [0x00000007822b0000,0x00000007ac1e0000,0x00000007ac1e0000)
  from space 630592K, 88% used [0x00000007d9830000,0x00000007fbbc3b50,0x0000000800000000)
  to   space 687168K, 0% used [0x00000007ac1e0000,0x00000007ac1e0000,0x00000007d60f0000)
 PSOldGen        total 1162496K, used 914122K [0x0000000686800000, 0x00000006cd740000, 0x00000007822b0000)
  object space 1162496K, 78% used [0x0000000686800000,0x00000006be4b2b88,0x00000006cd740000)
 PSPermGen       total 28160K, used 27792K [0x0000000681600000, 0x0000000683180000, 0x0000000686800000)
  object space 28160K, 98% used [0x0000000681600000,0x0000000683124378,0x0000000683180000)
3186.474: [GC [PSYoungGen: 1248014K->22196K(1374464K)] 2162137K->1185067K(2538688K), 0.1776830 secs] [Times: user=0.92 sys=0.30, real=0.17 secs] 
Heap after GC invocations=158 (full 21):
 PSYoungGen      total 1374464K, used 22196K [0x00000007822b0000, 0x0000000800000000, 0x0000000800000000)
  eden space 687296K, 0% used [0x00000007822b0000,0x00000007822b0000,0x00000007ac1e0000)
  from space 687168K, 3% used [0x00000007ac1e0000,0x00000007ad78d2a0,0x00000007d60f0000)
  to   space 687168K, 0% used [0x00000007d60f0000,0x00000007d60f0000,0x0000000800000000)
 PSOldGen        total 1164224K, used 1162870K [0x0000000686800000, 0x00000006cd8f0000, 0x00000007822b0000)
  object space 1164224K, 99% used [0x0000000686800000,0x00000006cd79db08,0x00000006cd8f0000)
 PSPermGen       total 28160K, used 27792K [0x0000000681600000, 0x0000000683180000, 0x0000000686800000)
  object space 28160K, 98% used [0x0000000681600000,0x0000000683124378,0x0000000683180000)
}
{Heap before GC invocations=159 (full 22):
 PSYoungGen      total 1374464K, used 22196K [0x00000007822b0000, 0x0000000800000000, 0x0000000800000000)
  eden space 687296K, 0% used [0x00000007822b0000,0x00000007822b0000,0x00000007ac1e0000)
  from space 687168K, 3% used [0x00000007ac1e0000,0x00000007ad78d2a0,0x00000007d60f0000)
  to   space 687168K, 0% used [0x00000007d60f0000,0x00000007d60f0000,0x0000000800000000)
 PSOldGen        total 1164224K, used 1162870K [0x0000000686800000, 0x00000006cd8f0000, 0x00000007822b0000)
  object space 1164224K, 99% used [0x0000000686800000,0x00000006cd79db08,0x00000006cd8f0000)
 PSPermGen       total 28160K, used 27792K [0x0000000681600000, 0x0000000683180000, 0x0000000686800000)
  object space 28160K, 98% used [0x0000000681600000,0x0000000683124378,0x0000000683180000)
3186.652: [Full GC [PSYoungGen: 22196K->0K(1374464K)] [PSOldGen: 1162870K->285918K(952256K)] 1185067K->285918K(2326720K) [PSPermGen: 27792K->26026K(33920K)], 0.3772110 secs] [Times: user=0.37 sys=0.01, real=0.38 secs] 
Heap after GC invocations=159 (full 22):
 PSYoungGen      total 1374464K, used 0K [0x00000007822b0000, 0x0000000800000000, 0x0000000800000000)
  eden space 687296K, 0% used [0x00000007822b0000,0x00000007822b0000,0x00000007ac1e0000)
  from space 687168K, 0% used [0x00000007ac1e0000,0x00000007ac1e0000,0x00000007d60f0000)
  to   space 687168K, 0% used [0x00000007d60f0000,0x00000007d60f0000,0x0000000800000000)
 PSOldGen        total 952256K, used 285918K [0x0000000686800000, 0x00000006c09f0000, 0x00000007822b0000)
  object space 952256K, 30% used [0x0000000686800000,0x0000000697f37af0,0x00000006c09f0000)
 PSPermGen       total 33920K, used 26026K [0x0000000681600000, 0x0000000683720000, 0x0000000686800000)
  object space 33920K, 76% used [0x0000000681600000,0x0000000682f6ab38,0x0000000683720000)
}
Total time for which application threads were stopped: 0.5557960 seconds
Application time: 1.6722340 seconds
{Heap before GC invocations=160 (full 22):
 PSYoungGen      total 1374464K, used 687296K [0x00000007822b0000, 0x0000000800000000, 0x0000000800000000)
  eden space 687296K, 100% used [0x00000007822b0000,0x00000007ac1e0000,0x00000007ac1e0000)
  from space 687168K, 0% used [0x00000007ac1e0000,0x00000007ac1e0000,0x00000007d60f0000)
  to   space 687168K, 0% used [0x00000007d60f0000,0x00000007d60f0000,0x0000000800000000)
 PSOldGen        total 952256K, used 285918K [0x0000000686800000, 0x00000006c09f0000, 0x00000007822b0000)
  object space 952256K, 30% used [0x0000000686800000,0x0000000697f37af0,0x00000006c09f0000)
 PSPermGen       total 33920K, used 26656K [0x0000000681600000, 0x0000000683720000, 0x0000000686800000)
  object space 33920K, 78% used [0x0000000681600000,0x0000000683008338,0x0000000683720000)
3188.702: [GC [PSYoungGen: 687296K->414389K(1374464K)] 973214K->700307K(2326720K), 0.0933140 secs] [Times: user=0.72 sys=0.01, real=0.10 secs] 
Heap after GC invocations=160 (full 22):
 PSYoungGen      total 1374464K, used 414389K [0x00000007822b0000, 0x0000000800000000, 0x0000000800000000)
  eden space 687296K, 0% used [0x00000007822b0000,0x00000007822b0000,0x00000007ac1e0000)
  from space 687168K, 60% used [0x00000007d60f0000,0x00000007ef59d4d0,0x0000000800000000)
  to   space 687168K, 0% used [0x00000007ac1e0000,0x00000007ac1e0000,0x00000007d60f0000)
 PSOldGen        total 952256K, used 285918K [0x0000000686800000, 0x00000006c09f0000, 0x00000007822b0000)
  object space 952256K, 30% used [0x0000000686800000,0x0000000697f37af0,0x00000006c09f0000)
 PSPermGen       total 33920K, used 26656K [0x0000000681600000, 0x0000000683720000, 0x0000000686800000)
  object space 33920K, 78% used [0x0000000681600000,0x0000000683008338,0x0000000683720000)
}
Total time for which application threads were stopped: 0.0944370 seconds
Application time: 2.2046780 seconds
{Heap before GC invocations=161 (full 22):
 PSYoungGen      total 1374464K, used 1101685K [0x00000007822b0000, 0x0000000800000000, 0x0000000800000000)
  eden space 687296K, 100% used [0x00000007822b0000,0x00000007ac1e0000,0x00000007ac1e0000)
  from space 687168K, 60% used [0x00000007d60f0000,0x00000007ef59d4d0,0x0000000800000000)
  to   space 687168K, 0% used [0x00000007ac1e0000,0x00000007ac1e0000,0x00000007d60f0000)
 PSOldGen        total 952256K, used 285918K [0x0000000686800000, 0x00000006c09f0000, 0x00000007822b0000)
  object space 952256K, 30% used [0x0000000686800000,0x0000000697f37af0,0x00000006c09f0000)
 PSPermGen       total 33920K, used 26710K [0x0000000681600000, 0x0000000683720000, 0x0000000686800000)
  object space 33920K, 78% used [0x0000000681600000,0x0000000683015b38,0x0000000683720000)
3191.004: [GC [PSYoungGen: 1101685K->29064K(1374464K)] 1387603K->436619K(2326720K), 0.1480170 secs] [Times: user=0.90 sys=0.00, real=0.14 secs] 
Heap after GC invocations=161 (full 22):
 PSYoungGen      total 1374464K, used 29064K [0x00000007822b0000, 0x0000000800000000, 0x0000000800000000)
  eden space 687296K, 0% used [0x00000007822b0000,0x00000007822b0000,0x00000007ac1e0000)
  from space 687168K, 4% used [0x00000007ac1e0000,0x00000007ade42180,0x00000007d60f0000)
  to   space 687168K, 0% used [0x00000007d60f0000,0x00000007d60f0000,0x0000000800000000)
 PSOldGen        total 952256K, used 407554K [0x0000000686800000, 0x00000006c09f0000, 0x00000007822b0000)
  object space 952256K, 42% used [0x0000000686800000,0x000000069f600b20,0x00000006c09f0000)
 PSPermGen       total 33920K, used 26710K [0x0000000681600000, 0x0000000683720000, 0x0000000686800000)
  object space 33920K, 78% used [0x0000000681600000,0x0000000683015b38,0x0000000683720000)
}
Total time for which application threads were stopped: 0.1518090 seconds
Application time: 1.0002460 seconds
Total time for which application threads were stopped: 0.0007370 seconds
Application time: 1.0060990 seconds
{Heap before GC invocations=162 (full 22):
 PSYoungGen      total 1374464K, used 716360K [0x00000007822b0000, 0x0000000800000000, 0x0000000800000000)
  eden space 687296K, 100% used [0x00000007822b0000,0x00000007ac1e0000,0x00000007ac1e0000)
  from space 687168K, 4% used [0x00000007ac1e0000,0x00000007ade42180,0x00000007d60f0000)
  to   space 687168K, 0% used [0x00000007d60f0000,0x00000007d60f0000,0x0000000800000000)
 PSOldGen        total 952256K, used 407554K [0x0000000686800000, 0x00000006c09f0000, 0x00000007822b0000)
  object space 952256K, 42% used [0x0000000686800000,0x000000069f600b20,0x00000006c09f0000)
 PSPermGen       total 33920K, used 27231K [0x0000000681600000, 0x0000000683720000, 0x0000000686800000)
  object space 33920K, 80% used [0x0000000681600000,0x0000000683097d98,0x0000000683720000)
3193.160: [GC [PSYoungGen: 716360K->294320K(1374464K)] 1123915K->703928K(2326720K), 0.0922360 secs] [Times: user=0.62 sys=0.00, real=0.09 secs] 
Heap after GC invocations=162 (full 22):
 PSYoungGen      total 1374464K, used 294320K [0x00000007822b0000, 0x0000000800000000, 0x0000000800000000)
  eden space 687296K, 0% used [0x00000007822b0000,0x00000007822b0000,0x00000007ac1e0000)
  from space 687168K, 42% used [0x00000007d60f0000,0x00000007e805c140,0x0000000800000000)
  to   space 687168K, 0% used [0x00000007ac1e0000,0x00000007ac1e0000,0x00000007d60f0000)
 PSOldGen        total 952256K, used 409608K [0x0000000686800000, 0x00000006c09f0000, 0x00000007822b0000)
  object space 952256K, 43% used [0x0000000686800000,0x000000069f8020b0,0x00000006c09f0000)
 PSPermGen       total 33920K, used 27231K [0x0000000681600000, 0x0000000683720000, 0x0000000686800000)
  object space 33920K, 80% used [0x0000000681600000,0x0000000683097d98,0x0000000683720000)
}
Total time for which application threads were stopped: 0.0931790 seconds
Application time: 1.7868670 seconds
{Heap before GC invocations=163 (full 22):
 PSYoungGen      total 1374464K, used 981616K [0x00000007822b0000, 0x0000000800000000, 0x0000000800000000)
  eden space 687296K, 100% used [0x00000007822b0000,0x00000007ac1e0000,0x00000007ac1e0000)
  from space 687168K, 42% used [0x00000007d60f0000,0x00000007e805c140,0x0000000800000000)
  to   space 687168K, 0% used [0x00000007ac1e0000,0x00000007ac1e0000,0x00000007d60f0000)
 PSOldGen        total 952256K, used 409608K [0x0000000686800000, 0x00000006c09f0000, 0x00000007822b0000)
  object space 952256K, 43% used [0x0000000686800000,0x000000069f8020b0,0x00000006c09f0000)
 PSPermGen       total 33920K, used 27505K [0x0000000681600000, 0x0000000683720000, 0x0000000686800000)
  object space 33920K, 81% used [0x0000000681600000,0x00000006830dc5b0,0x0000000683720000)
3195.040: [GC [PSYoungGen: 981616K->152026K(839360K)] 1391224K->794540K(1791616K), 0.1273740 secs] [Times: user=0.76 sys=0.00, real=0.13 secs] 
Heap after GC invocations=163 (full 22):
 PSYoungGen      total 839360K, used 152026K [0x00000007822b0000, 0x00000007fcf00000, 0x0000000800000000)
  eden space 687296K, 0% used [0x00000007822b0000,0x00000007822b0000,0x00000007ac1e0000)
  from space 152064K, 99% used [0x00000007ac1e0000,0x00000007b5656ba0,0x00000007b5660000)
  to   space 662080K, 0% used [0x00000007d4870000,0x00000007d4870000,0x00000007fcf00000)
 PSOldGen        total 952256K, used 642513K [0x0000000686800000, 0x00000006c09f0000, 0x00000007822b0000)
  object space 952256K, 67% used [0x0000000686800000,0x00000006adb747b0,0x00000006c09f0000)
 PSPermGen       total 33920K, used 27505K [0x0000000681600000, 0x0000000683720000, 0x0000000686800000)
  object space 33920K, 81% used [0x0000000681600000,0x00000006830dc5b0,0x0000000683720000)
}
Total time for which application threads were stopped: 0.1283000 seconds
Application time: 3.2048010 seconds
{Heap before GC invocations=164 (full 22):
 PSYoungGen      total 839360K, used 839319K [0x00000007822b0000, 0x00000007fcf00000, 0x0000000800000000)
  eden space 687296K, 99% used [0x00000007822b0000,0x00000007ac1df3b0,0x00000007ac1e0000)
  from space 152064K, 99% used [0x00000007ac1e0000,0x00000007b5656ba0,0x00000007b5660000)
  to   space 662080K, 0% used [0x00000007d4870000,0x00000007d4870000,0x00000007fcf00000)
 PSOldGen        total 952256K, used 642513K [0x0000000686800000, 0x00000006c09f0000, 0x00000007822b0000)
  object space 952256K, 67% used [0x0000000686800000,0x00000006adb747b0,0x00000006c09f0000)
 PSPermGen       total 33920K, used 27788K [0x0000000681600000, 0x0000000683720000, 0x0000000686800000)
  object space 33920K, 81% used [0x0000000681600000,0x0000000683123170,0x0000000683720000)
3198.373: [GC [PSYoungGen: 839319K->121391K(1374400K)] 1481833K->772637K(2326656K), 0.1205190 secs] [Times: user=0.72 sys=0.00, real=0.13 secs] 
Heap after GC invocations=164 (full 22):
 PSYoungGen      total 1374400K, used 121391K [0x00000007822b0000, 0x0000000800000000, 0x0000000800000000)
  eden space 712320K, 0% used [0x00000007822b0000,0x00000007822b0000,0x00000007ada50000)
  from space 662080K, 18% used [0x00000007d4870000,0x00000007dbefbfe0,0x00000007fcf00000)
  to   space 637056K, 0% used [0x00000007ada50000,0x00000007ada50000,0x00000007d4870000)
 PSOldGen        total 952256K, used 651245K [0x0000000686800000, 0x00000006c09f0000, 0x00000007822b0000)
  object space 952256K, 68% used [0x0000000686800000,0x00000006ae3fb770,0x00000006c09f0000)
 PSPermGen       total 33920K, used 27788K [0x0000000681600000, 0x0000000683720000, 0x0000000686800000)
  object space 33920K, 81% used [0x0000000681600000,0x0000000683123170,0x0000000683720000)
}
Total time for which application threads were stopped: 0.1215440 seconds
Application time: 1.4050050 seconds
{Heap before GC invocations=165 (full 22):
 PSYoungGen      total 1374400K, used 833711K [0x00000007822b0000, 0x0000000800000000, 0x0000000800000000)
  eden space 712320K, 100% used [0x00000007822b0000,0x00000007ada50000,0x00000007ada50000)
  from space 662080K, 18% used [0x00000007d4870000,0x00000007dbefbfe0,0x00000007fcf00000)
  to   space 637056K, 0% used [0x00000007ada50000,0x00000007ada50000,0x00000007d4870000)
 PSOldGen        total 952256K, used 651245K [0x0000000686800000, 0x00000006c09f0000, 0x00000007822b0000)
  object space 952256K, 68% used [0x0000000686800000,0x00000006ae3fb770,0x00000006c09f0000)
 PSPermGen       total 33920K, used 28307K [0x0000000681600000, 0x0000000683720000, 0x0000000686800000)
  object space 33920K, 83% used [0x0000000681600000,0x00000006831a4d70,0x0000000683720000)
3199.900: [GC [PSYoungGen: 833711K->344940K(1349376K)] 1484957K->1095534K(2301632K), 0.1075160 secs] [Times: user=0.72 sys=0.00, real=0.11 secs] 
Heap after GC invocations=165 (full 22):
 PSYoungGen      total 1349376K, used 344940K [0x00000007822b0000, 0x00000007ff150000, 0x0000000800000000)
  eden space 712320K, 0% used [0x00000007822b0000,0x00000007822b0000,0x00000007ada50000)
  from space 637056K, 54% used [0x00000007ada50000,0x00000007c2b2b2f0,0x00000007d4870000)
  to   space 642048K, 0% used [0x00000007d7e50000,0x00000007d7e50000,0x00000007ff150000)
 PSOldGen        total 952256K, used 750593K [0x0000000686800000, 0x00000006c09f0000, 0x00000007822b0000)
  object space 952256K, 78% used [0x0000000686800000,0x00000006b4500660,0x00000006c09f0000)
 PSPermGen       total 33920K, used 28307K [0x0000000681600000, 0x0000000683720000, 0x0000000686800000)
  object space 33920K, 83% used [0x0000000681600000,0x00000006831a4d70,0x0000000683720000)
}
{Heap before GC invocations=166 (full 23):
 PSYoungGen      total 1349376K, used 344940K [0x00000007822b0000, 0x00000007ff150000, 0x0000000800000000)
  eden space 712320K, 0% used [0x00000007822b0000,0x00000007822b0000,0x00000007ada50000)
  from space 637056K, 54% used [0x00000007ada50000,0x00000007c2b2b2f0,0x00000007d4870000)
  to   space 642048K, 0% used [0x00000007d7e50000,0x00000007d7e50000,0x00000007ff150000)
 PSOldGen        total 952256K, used 750593K [0x0000000686800000, 0x00000006c09f0000, 0x00000007822b0000)
  object space 952256K, 78% used [0x0000000686800000,0x00000006b4500660,0x00000006c09f0000)
 PSPermGen       total 33920K, used 28307K [0x0000000681600000, 0x0000000683720000, 0x0000000686800000)
  object space 33920K, 83% used [0x0000000681600000,0x00000006831a4d70,0x0000000683720000)
3200.008: [Full GC [PSYoungGen: 344940K->0K(1349376K)] [PSOldGen: 750593K->491037K(1196160K)] 1095534K->491037K(2545536K) [PSPermGen: 28307K->27511K(34496K)], 0.4633660 secs] [Times: user=0.46 sys=0.00, real=0.46 secs] 
Heap after GC invocations=166 (full 23):
 PSYoungGen      total 1349376K, used 0K [0x00000007822b0000, 0x00000007ff150000, 0x0000000800000000)
  eden space 712320K, 0% used [0x00000007822b0000,0x00000007822b0000,0x00000007ada50000)
  from space 637056K, 0% used [0x00000007ada50000,0x00000007ada50000,0x00000007d4870000)
  to   space 642048K, 0% used [0x00000007d7e50000,0x00000007d7e50000,0x00000007ff150000)
 PSOldGen        total 1196160K, used 491037K [0x0000000686800000, 0x00000006cf820000, 0x00000007822b0000)
  object space 1196160K, 41% used [0x0000000686800000,0x00000006a4787798,0x00000006cf820000)
 PSPermGen       total 34496K, used 27511K [0x0000000681600000, 0x00000006837b0000, 0x0000000686800000)
  object space 34496K, 79% used [0x0000000681600000,0x00000006830dded8,0x00000006837b0000)
}
Total time for which application threads were stopped: 0.5721430 seconds
Application time: 185.0856070 seconds
{Heap before GC invocations=167 (full 23):
 PSYoungGen      total 1349376K, used 712320K [0x00000007822b0000, 0x00000007ff150000, 0x0000000800000000)
  eden space 712320K, 100% used [0x00000007822b0000,0x00000007ada50000,0x00000007ada50000)
  from space 637056K, 0% used [0x00000007ada50000,0x00000007ada50000,0x00000007d4870000)
  to   space 642048K, 0% used [0x00000007d7e50000,0x00000007d7e50000,0x00000007ff150000)
 PSOldGen        total 1196160K, used 491037K [0x0000000686800000, 0x00000006cf820000, 0x00000007822b0000)
  object space 1196160K, 41% used [0x0000000686800000,0x00000006a4787798,0x00000006cf820000)
 PSPermGen       total 34496K, used 27608K [0x0000000681600000, 0x00000006837b0000, 0x0000000686800000)
  object space 34496K, 80% used [0x0000000681600000,0x00000006830f6118,0x00000006837b0000)
3385.558: [GC [PSYoungGen: 712320K->36018K(1412544K)] 1203357K->527055K(2608704K), 0.1580790 secs] [Times: user=1.02 sys=0.01, real=0.16 secs] 
Heap after GC invocations=167 (full 23):
 PSYoungGen      total 1412544K, used 36018K [0x00000007822b0000, 0x00000007ff540000, 0x0000000800000000)
  eden space 770496K, 0% used [0x00000007822b0000,0x00000007822b0000,0x00000007b1320000)
  from space 642048K, 5% used [0x00000007d7e50000,0x00000007da17c850,0x00000007ff150000)
  to   space 634048K, 0% used [0x00000007b1320000,0x00000007b1320000,0x00000007d7e50000)
 PSOldGen        total 1196160K, used 491037K [0x0000000686800000, 0x00000006cf820000, 0x00000007822b0000)
  object space 1196160K, 41% used [0x0000000686800000,0x00000006a4787798,0x00000006cf820000)
 PSPermGen       total 34496K, used 27608K [0x0000000681600000, 0x00000006837b0000, 0x0000000686800000)
  object space 34496K, 80% used [0x0000000681600000,0x00000006830f6118,0x00000006837b0000)
}
Total time for which application threads were stopped: 0.1591030 seconds
Application time: 1.4709880 seconds
{Heap before GC invocations=168 (full 23):
 PSYoungGen      total 1412544K, used 806514K [0x00000007822b0000, 0x00000007ff540000, 0x0000000800000000)
  eden space 770496K, 100% used [0x00000007822b0000,0x00000007b1320000,0x00000007b1320000)
  from space 642048K, 5% used [0x00000007d7e50000,0x00000007da17c850,0x00000007ff150000)
  to   space 634048K, 0% used [0x00000007b1320000,0x00000007b1320000,0x00000007d7e50000)
 PSOldGen        total 1196160K, used 491037K [0x0000000686800000, 0x00000006cf820000, 0x00000007822b0000)
  object space 1196160K, 41% used [0x0000000686800000,0x00000006a4787798,0x00000006cf820000)
 PSPermGen       total 34496K, used 28199K [0x0000000681600000, 0x00000006837b0000, 0x0000000686800000)
  object space 34496K, 81% used [0x0000000681600000,0x0000000683189dd8,0x00000006837b0000)
3387.189: [GC [PSYoungGen: 806514K->380599K(1404544K)] 1297551K->887794K(2600704K), 0.1010910 secs] [Times: user=0.67 sys=0.00, real=0.10 secs] 
Heap after GC invocations=168 (full 23):
 PSYoungGen      total 1404544K, used 380599K [0x00000007822b0000, 0x0000000800000000, 0x0000000800000000)
  eden space 770496K, 0% used [0x00000007822b0000,0x00000007822b0000,0x00000007b1320000)
  from space 634048K, 60% used [0x00000007b1320000,0x00000007c86cdfb0,0x00000007d7e50000)
  to   space 654400K, 0% used [0x00000007d80f0000,0x00000007d80f0000,0x0000000800000000)
 PSOldGen        total 1196160K, used 507194K [0x0000000686800000, 0x00000006cf820000, 0x00000007822b0000)
  object space 1196160K, 42% used [0x0000000686800000,0x00000006a574eac8,0x00000006cf820000)
 PSPermGen       total 34496K, used 28199K [0x0000000681600000, 0x00000006837b0000, 0x0000000686800000)
  object space 34496K, 81% used [0x0000000681600000,0x0000000683189dd8,0x00000006837b0000)
}
Total time for which application threads were stopped: 0.1032020 seconds
Application time: 2.4500700 seconds
{Heap before GC invocations=169 (full 23):
 PSYoungGen      total 1404544K, used 1151095K [0x00000007822b0000, 0x0000000800000000, 0x0000000800000000)
  eden space 770496K, 100% used [0x00000007822b0000,0x00000007b1320000,0x00000007b1320000)
  from space 634048K, 60% used [0x00000007b1320000,0x00000007c86cdfb0,0x00000007d7e50000)
  to   space 654400K, 0% used [0x00000007d80f0000,0x00000007d80f0000,0x0000000800000000)
 PSOldGen        total 1196160K, used 507194K [0x0000000686800000, 0x00000006cf820000, 0x00000007822b0000)
  object space 1196160K, 42% used [0x0000000686800000,0x00000006a574eac8,0x00000006cf820000)
 PSPermGen       total 34496K, used 28396K [0x0000000681600000, 0x00000006837b0000, 0x0000000686800000)
  object space 34496K, 82% used [0x0000000681600000,0x00000006831bb2b8,0x00000006837b0000)
3389.741: [GC [PSYoungGen: 1151095K->41300K(1416768K)] 1658290K->558075K(2612928K), 0.1556960 secs] [Times: user=0.98 sys=0.02, real=0.16 secs] 
Heap after GC invocations=169 (full 23):
 PSYoungGen      total 1416768K, used 41300K [0x00000007822b0000, 0x00000007ffec0000, 0x0000000800000000)
  eden space 763648K, 0% used [0x00000007822b0000,0x00000007822b0000,0x00000007b0c70000)
  from space 653120K, 6% used [0x00000007d80f0000,0x00000007da9451e0,0x00000007ffec0000)
  to   space 643584K, 0% used [0x00000007b0c70000,0x00000007b0c70000,0x00000007d80f0000)
 PSOldGen        total 1196160K, used 516774K [0x0000000686800000, 0x00000006cf820000, 0x00000007822b0000)
  object space 1196160K, 43% used [0x0000000686800000,0x00000006a60a9af8,0x00000006cf820000)
 PSPermGen       total 34496K, used 28396K [0x0000000681600000, 0x00000006837b0000, 0x0000000686800000)
  object space 34496K, 82% used [0x0000000681600000,0x00000006831bb2b8,0x00000006837b0000)
}
Total time for which application threads were stopped: 0.1567890 seconds
Application time: 1.8523460 seconds
{Heap before GC invocations=170 (full 23):
 PSYoungGen      total 1416768K, used 804948K [0x00000007822b0000, 0x00000007ffec0000, 0x0000000800000000)
  eden space 763648K, 100% used [0x00000007822b0000,0x00000007b0c70000,0x00000007b0c70000)
  from space 653120K, 6% used [0x00000007d80f0000,0x00000007da9451e0,0x00000007ffec0000)
  to   space 643584K, 0% used [0x00000007b0c70000,0x00000007b0c70000,0x00000007d80f0000)
 PSOldGen        total 1196160K, used 516774K [0x0000000686800000, 0x00000006cf820000, 0x00000007822b0000)
  object space 1196160K, 43% used [0x0000000686800000,0x00000006a60a9af8,0x00000006cf820000)
 PSPermGen       total 34496K, used 29255K [0x0000000681600000, 0x00000006837b0000, 0x0000000686800000)
  object space 34496K, 84% used [0x0000000681600000,0x0000000683291f38,0x00000006837b0000)
3391.751: [GC [PSYoungGen: 804948K->553082K(1316736K)] 1321723K->1088073K(2512896K), 0.0965620 secs] [Times: user=0.90 sys=0.00, real=0.10 secs] 
Heap after GC invocations=170 (full 23):
 PSYoungGen      total 1316736K, used 553082K [0x00000007822b0000, 0x0000000800000000, 0x0000000800000000)
  eden space 763648K, 0% used [0x00000007822b0000,0x00000007822b0000,0x00000007b0c70000)
  from space 553088K, 99% used [0x00000007b0c70000,0x00000007d288e890,0x00000007d2890000)
  to   space 687168K, 0% used [0x00000007d60f0000,0x00000007d60f0000,0x0000000800000000)
 PSOldGen        total 1196160K, used 534990K [0x0000000686800000, 0x00000006cf820000, 0x00000007822b0000)
  object space 1196160K, 44% used [0x0000000686800000,0x00000006a7273b98,0x00000006cf820000)
 PSPermGen       total 34496K, used 29255K [0x0000000681600000, 0x00000006837b0000, 0x0000000686800000)
  object space 34496K, 84% used [0x0000000681600000,0x0000000683291f38,0x00000006837b0000)
}
Total time for which application threads were stopped: 0.0984990 seconds
Application time: 2.5944220 seconds
{Heap before GC invocations=171 (full 23):
 PSYoungGen      total 1316736K, used 1316730K [0x00000007822b0000, 0x0000000800000000, 0x0000000800000000)
  eden space 763648K, 100% used [0x00000007822b0000,0x00000007b0c70000,0x00000007b0c70000)
  from space 553088K, 99% used [0x00000007b0c70000,0x00000007d288e890,0x00000007d2890000)
  to   space 687168K, 0% used [0x00000007d60f0000,0x00000007d60f0000,0x0000000800000000)
 PSOldGen        total 1196160K, used 534990K [0x0000000686800000, 0x00000006cf820000, 0x00000007822b0000)
  object space 1196160K, 44% used [0x0000000686800000,0x00000006a7273b98,0x00000006cf820000)
 PSPermGen       total 34496K, used 29257K [0x0000000681600000, 0x00000006837b0000, 0x0000000686800000)
  object space 34496K, 84% used [0x0000000681600000,0x00000006832925f8,0x00000006837b0000)
3394.443: [GC [PSYoungGen: 1316730K->22979K(1374464K)] 1851721K->717632K(2570624K), 0.1869270 secs] [Times: user=1.14 sys=0.00, real=0.19 secs] 
Heap after GC invocations=171 (full 23):
 PSYoungGen      total 1374464K, used 22979K [0x00000007822b0000, 0x0000000800000000, 0x0000000800000000)
  eden space 687296K, 0% used [0x00000007822b0000,0x00000007822b0000,0x00000007ac1e0000)
  from space 687168K, 3% used [0x00000007d60f0000,0x00000007d7760c80,0x0000000800000000)
  to   space 687168K, 0% used [0x00000007ac1e0000,0x00000007ac1e0000,0x00000007d60f0000)
 PSOldGen        total 1196160K, used 694653K [0x0000000686800000, 0x00000006cf820000, 0x00000007822b0000)
  object space 1196160K, 58% used [0x0000000686800000,0x00000006b0e5f608,0x00000006cf820000)
 PSPermGen       total 34496K, used 29257K [0x0000000681600000, 0x00000006837b0000, 0x0000000686800000)
  object space 34496K, 84% used [0x0000000681600000,0x00000006832925f8,0x00000006837b0000)
}
Total time for which application threads were stopped: 0.1878280 seconds
Application time: 1.4860910 seconds
{Heap before GC invocations=172 (full 23):
 PSYoungGen      total 1374464K, used 710267K [0x00000007822b0000, 0x0000000800000000, 0x0000000800000000)
  eden space 687296K, 99% used [0x00000007822b0000,0x00000007ac1de118,0x00000007ac1e0000)
  from space 687168K, 3% used [0x00000007d60f0000,0x00000007d7760c80,0x0000000800000000)
  to   space 687168K, 0% used [0x00000007ac1e0000,0x00000007ac1e0000,0x00000007d60f0000)
 PSOldGen        total 1196160K, used 694653K [0x0000000686800000, 0x00000006cf820000, 0x00000007822b0000)
  object space 1196160K, 58% used [0x0000000686800000,0x00000006b0e5f608,0x00000006cf820000)
 PSPermGen       total 34496K, used 30002K [0x0000000681600000, 0x00000006837b0000, 0x0000000686800000)
  object space 34496K, 86% used [0x0000000681600000,0x000000068334c838,0x00000006837b0000)
3396.117: [GC [PSYoungGen: 710267K->487533K(1374464K)] 1404920K->1182330K(2570624K), 0.0861750 secs] [Times: user=0.79 sys=0.00, real=0.08 secs] 
Heap after GC invocations=172 (full 23):
 PSYoungGen      total 1374464K, used 487533K [0x00000007822b0000, 0x0000000800000000, 0x0000000800000000)
  eden space 687296K, 0% used [0x00000007822b0000,0x00000007822b0000,0x00000007ac1e0000)
  from space 687168K, 70% used [0x00000007ac1e0000,0x00000007c9dfb410,0x00000007d60f0000)
  to   space 687168K, 0% used [0x00000007d60f0000,0x00000007d60f0000,0x0000000800000000)
 PSOldGen        total 1196160K, used 694797K [0x0000000686800000, 0x00000006cf820000, 0x00000007822b0000)
  object space 1196160K, 58% used [0x0000000686800000,0x00000006b0e83608,0x00000006cf820000)
 PSPermGen       total 34496K, used 30002K [0x0000000681600000, 0x00000006837b0000, 0x0000000686800000)
  object space 34496K, 86% used [0x0000000681600000,0x000000068334c838,0x00000006837b0000)
}
Total time for which application threads were stopped: 0.0873910 seconds
Application time: 2.2009710 seconds
{Heap before GC invocations=173 (full 23):
 PSYoungGen      total 1374464K, used 1174829K [0x00000007822b0000, 0x0000000800000000, 0x0000000800000000)
  eden space 687296K, 100% used [0x00000007822b0000,0x00000007ac1e0000,0x00000007ac1e0000)
  from space 687168K, 70% used [0x00000007ac1e0000,0x00000007c9dfb410,0x00000007d60f0000)
  to   space 687168K, 0% used [0x00000007d60f0000,0x00000007d60f0000,0x0000000800000000)
 PSOldGen        total 1196160K, used 694797K [0x0000000686800000, 0x00000006cf820000, 0x00000007822b0000)
  object space 1196160K, 58% used [0x0000000686800000,0x00000006b0e83608,0x00000006cf820000)
 PSPermGen       total 34496K, used 30090K [0x0000000681600000, 0x00000006837b0000, 0x0000000686800000)
  object space 34496K, 87% used [0x0000000681600000,0x0000000683362978,0x00000006837b0000)
3398.406: [GC [PSYoungGen: 1174829K->58864K(1374464K)] 1869626K->1109762K(2570624K), 0.1407490 secs] [Times: user=0.74 sys=0.11, real=0.14 secs] 
Heap after GC invocations=173 (full 23):
 PSYoungGen      total 1374464K, used 58864K [0x00000007822b0000, 0x0000000800000000, 0x0000000800000000)
  eden space 687296K, 0% used [0x00000007822b0000,0x00000007822b0000,0x00000007ac1e0000)
  from space 687168K, 8% used [0x00000007d60f0000,0x00000007d9a6c0b0,0x0000000800000000)
  to   space 687168K, 0% used [0x00000007ac1e0000,0x00000007ac1e0000,0x00000007d60f0000)
 PSOldGen        total 1196160K, used 1050898K [0x0000000686800000, 0x00000006cf820000, 0x00000007822b0000)
  object space 1196160K, 87% used [0x0000000686800000,0x00000006c6a44918,0x00000006cf820000)
 PSPermGen       total 34496K, used 30090K [0x0000000681600000, 0x00000006837b0000, 0x0000000686800000)
  object space 34496K, 87% used [0x0000000681600000,0x0000000683362978,0x00000006837b0000)
}
{Heap before GC invocations=174 (full 24):
 PSYoungGen      total 1374464K, used 58864K [0x00000007822b0000, 0x0000000800000000, 0x0000000800000000)
  eden space 687296K, 0% used [0x00000007822b0000,0x00000007822b0000,0x00000007ac1e0000)
  from space 687168K, 8% used [0x00000007d60f0000,0x00000007d9a6c0b0,0x0000000800000000)
  to   space 687168K, 0% used [0x00000007ac1e0000,0x00000007ac1e0000,0x00000007d60f0000)
 PSOldGen        total 1196160K, used 1050898K [0x0000000686800000, 0x00000006cf820000, 0x00000007822b0000)
  object space 1196160K, 87% used [0x0000000686800000,0x00000006c6a44918,0x00000006cf820000)
 PSPermGen       total 34496K, used 30090K [0x0000000681600000, 0x00000006837b0000, 0x0000000686800000)
  object space 34496K, 87% used [0x0000000681600000,0x0000000683362978,0x00000006837b0000)
3398.547: [Full GC [PSYoungGen: 58864K->0K(1374464K)] [PSOldGen: 1050898K->430394K(1220672K)] 1109762K->430394K(2595136K) [PSPermGen: 30090K->20688K(27264K)], 0.4656680 secs] [Times: user=0.46 sys=0.00, real=0.46 secs] 
Heap after GC invocations=174 (full 24):
 PSYoungGen      total 1374464K, used 0K [0x00000007822b0000, 0x0000000800000000, 0x0000000800000000)
  eden space 687296K, 0% used [0x00000007822b0000,0x00000007822b0000,0x00000007ac1e0000)
  from space 687168K, 0% used [0x00000007d60f0000,0x00000007d60f0000,0x0000000800000000)
  to   space 687168K, 0% used [0x00000007ac1e0000,0x00000007ac1e0000,0x00000007d60f0000)
 PSOldGen        total 1220672K, used 430394K [0x0000000686800000, 0x00000006d1010000, 0x00000007822b0000)
  object space 1220672K, 35% used [0x0000000686800000,0x00000006a0c4eb28,0x00000006d1010000)
 PSPermGen       total 27264K, used 20688K [0x0000000681600000, 0x00000006830a0000, 0x0000000686800000)
  object space 27264K, 75% used [0x0000000681600000,0x0000000682a34318,0x00000006830a0000)
}
Total time for which application threads were stopped: 0.6086170 seconds
Application time: 3.1493930 seconds
{Heap before GC invocations=175 (full 24):
 PSYoungGen      total 1374464K, used 687296K [0x00000007822b0000, 0x0000000800000000, 0x0000000800000000)
  eden space 687296K, 100% used [0x00000007822b0000,0x00000007ac1e0000,0x00000007ac1e0000)
  from space 687168K, 0% used [0x00000007d60f0000,0x00000007d60f0000,0x0000000800000000)
  to   space 687168K, 0% used [0x00000007ac1e0000,0x00000007ac1e0000,0x00000007d60f0000)
 PSOldGen        total 1220672K, used 430394K [0x0000000686800000, 0x00000006d1010000, 0x00000007822b0000)
  object space 1220672K, 35% used [0x0000000686800000,0x00000006a0c4eb28,0x00000006d1010000)
 PSPermGen       total 27264K, used 21182K [0x0000000681600000, 0x00000006830a0000, 0x0000000686800000)
  object space 27264K, 77% used [0x0000000681600000,0x0000000682aafb58,0x00000006830a0000)
3402.164: [GC [PSYoungGen: 687296K->325616K(1374464K)] 1117690K->756011K(2595136K), 0.0958970 secs] [Times: user=0.65 sys=0.00, real=0.10 secs] 
Heap after GC invocations=175 (full 24):
 PSYoungGen      total 1374464K, used 325616K [0x00000007822b0000, 0x0000000800000000, 0x0000000800000000)
  eden space 687296K, 0% used [0x00000007822b0000,0x00000007822b0000,0x00000007ac1e0000)
  from space 687168K, 47% used [0x00000007ac1e0000,0x00000007bffdc120,0x00000007d60f0000)
  to   space 687168K, 0% used [0x00000007d60f0000,0x00000007d60f0000,0x0000000800000000)
 PSOldGen        total 1220672K, used 430394K [0x0000000686800000, 0x00000006d1010000, 0x00000007822b0000)
  object space 1220672K, 35% used [0x0000000686800000,0x00000006a0c4eb28,0x00000006d1010000)
 PSPermGen       total 27264K, used 21182K [0x0000000681600000, 0x00000006830a0000, 0x0000000686800000)
  object space 27264K, 77% used [0x0000000681600000,0x0000000682aafb58,0x00000006830a0000)
}
Total time for which application threads were stopped: 0.0970920 seconds
Application time: 1.9834680 seconds
{Heap before GC invocations=176 (full 24):
 PSYoungGen      total 1374464K, used 1012912K [0x00000007822b0000, 0x0000000800000000, 0x0000000800000000)
  eden space 687296K, 100% used [0x00000007822b0000,0x00000007ac1e0000,0x00000007ac1e0000)
  from space 687168K, 47% used [0x00000007ac1e0000,0x00000007bffdc120,0x00000007d60f0000)
  to   space 687168K, 0% used [0x00000007d60f0000,0x00000007d60f0000,0x0000000800000000)
 PSOldGen        total 1220672K, used 430394K [0x0000000686800000, 0x00000006d1010000, 0x00000007822b0000)
  object space 1220672K, 35% used [0x0000000686800000,0x00000006a0c4eb28,0x00000006d1010000)
 PSPermGen       total 27264K, used 21375K [0x0000000681600000, 0x00000006830a0000, 0x0000000686800000)
  object space 27264K, 78% used [0x0000000681600000,0x0000000682adfe58,0x00000006830a0000)
3404.244: [GC [PSYoungGen: 1012912K->99155K(1374464K)] 1443307K->768731K(2595136K), 0.1294490 secs] [Times: user=0.79 sys=0.00, real=0.12 secs] 
Heap after GC invocations=176 (full 24):
 PSYoungGen      total 1374464K, used 99155K [0x00000007822b0000, 0x0000000800000000, 0x0000000800000000)
  eden space 687296K, 0% used [0x00000007822b0000,0x00000007822b0000,0x00000007ac1e0000)
  from space 687168K, 14% used [0x00000007d60f0000,0x00000007dc1c4fe0,0x0000000800000000)
  to   space 687168K, 0% used [0x00000007ac1e0000,0x00000007ac1e0000,0x00000007d60f0000)
 PSOldGen        total 1220672K, used 669575K [0x0000000686800000, 0x00000006d1010000, 0x00000007822b0000)
  object space 1220672K, 54% used [0x0000000686800000,0x00000006af5e1da8,0x00000006d1010000)
 PSPermGen       total 27264K, used 21375K [0x0000000681600000, 0x00000006830a0000, 0x0000000686800000)
  object space 27264K, 78% used [0x0000000681600000,0x0000000682adfe58,0x00000006830a0000)
}
Total time for which application threads were stopped: 0.1304220 seconds
Application time: 2.6983930 seconds
{Heap before GC invocations=177 (full 24):
 PSYoungGen      total 1374464K, used 786451K [0x00000007822b0000, 0x0000000800000000, 0x0000000800000000)
  eden space 687296K, 100% used [0x00000007822b0000,0x00000007ac1e0000,0x00000007ac1e0000)
  from space 687168K, 14% used [0x00000007d60f0000,0x00000007dc1c4fe0,0x0000000800000000)
  to   space 687168K, 0% used [0x00000007ac1e0000,0x00000007ac1e0000,0x00000007d60f0000)
 PSOldGen        total 1220672K, used 669575K [0x0000000686800000, 0x00000006d1010000, 0x00000007822b0000)
  object space 1220672K, 54% used [0x0000000686800000,0x00000006af5e1da8,0x00000006d1010000)
 PSPermGen       total 27264K, used 21765K [0x0000000681600000, 0x00000006830a0000, 0x0000000686800000)
  object space 27264K, 79% used [0x0000000681600000,0x0000000682b417d8,0x00000006830a0000)
3407.073: [GC [PSYoungGen: 786451K->182480K(869824K)] 1456027K->858172K(2090496K), 0.1090970 secs] [Times: user=0.68 sys=0.00, real=0.11 secs] 
Heap after GC invocations=177 (full 24):
 PSYoungGen      total 869824K, used 182480K [0x00000007822b0000, 0x00000007fd260000, 0x0000000800000000)
  eden space 687296K, 0% used [0x00000007822b0000,0x00000007822b0000,0x00000007ac1e0000)
  from space 182528K, 99% used [0x00000007ac1e0000,0x00000007b74140e0,0x00000007b7420000)
  to   space 663808K, 0% used [0x00000007d4a20000,0x00000007d4a20000,0x00000007fd260000)
 PSOldGen        total 1220672K, used 675691K [0x0000000686800000, 0x00000006d1010000, 0x00000007822b0000)
  object space 1220672K, 55% used [0x0000000686800000,0x00000006afbdaf28,0x00000006d1010000)
 PSPermGen       total 27264K, used 21765K [0x0000000681600000, 0x00000006830a0000, 0x0000000686800000)
  object space 27264K, 79% used [0x0000000681600000,0x0000000682b417d8,0x00000006830a0000)
}
Total time for which application threads were stopped: 0.1102280 seconds
Application time: 1.5033320 seconds
{Heap before GC invocations=178 (full 24):
 PSYoungGen      total 869824K, used 869776K [0x00000007822b0000, 0x00000007fd260000, 0x0000000800000000)
  eden space 687296K, 100% used [0x00000007822b0000,0x00000007ac1e0000,0x00000007ac1e0000)
  from space 182528K, 99% used [0x00000007ac1e0000,0x00000007b74140e0,0x00000007b7420000)
  to   space 663808K, 0% used [0x00000007d4a20000,0x00000007d4a20000,0x00000007fd260000)
 PSOldGen        total 1220672K, used 675691K [0x0000000686800000, 0x00000006d1010000, 0x00000007822b0000)
  object space 1220672K, 55% used [0x0000000686800000,0x00000006afbdaf28,0x00000006d1010000)
 PSPermGen       total 27264K, used 22187K [0x0000000681600000, 0x00000006830a0000, 0x0000000686800000)
  object space 27264K, 81% used [0x0000000681600000,0x0000000682baac58,0x00000006830a0000)
3408.686: [GC [PSYoungGen: 869776K->279732K(1373568K)] 1545468K->1114207K(2594240K), 0.1221990 secs] [Times: user=0.90 sys=0.02, real=0.12 secs] 
Heap after GC invocations=178 (full 24):
 PSYoungGen      total 1373568K, used 279732K [0x00000007822b0000, 0x0000000800000000, 0x0000000800000000)
  eden space 709760K, 0% used [0x00000007822b0000,0x00000007822b0000,0x00000007ad7d0000)
  from space 663808K, 42% used [0x00000007d4a20000,0x00000007e5b4d2f0,0x00000007fd260000)
  to   space 641344K, 0% used [0x00000007ad7d0000,0x00000007ad7d0000,0x00000007d4a20000)
 PSOldGen        total 1220672K, used 834474K [0x0000000686800000, 0x00000006d1010000, 0x00000007822b0000)
  object space 1220672K, 68% used [0x0000000686800000,0x00000006b96ea998,0x00000006d1010000)
 PSPermGen       total 27264K, used 22187K [0x0000000681600000, 0x00000006830a0000, 0x0000000686800000)
  object space 27264K, 81% used [0x0000000681600000,0x0000000682baac58,0x00000006830a0000)
}
Total time for which application threads were stopped: 0.1232250 seconds
Application time: 183.7173570 seconds
{Heap before GC invocations=179 (full 24):
 PSYoungGen      total 1373568K, used 989492K [0x00000007822b0000, 0x0000000800000000, 0x0000000800000000)
  eden space 709760K, 100% used [0x00000007822b0000,0x00000007ad7d0000,0x00000007ad7d0000)
  from space 663808K, 42% used [0x00000007d4a20000,0x00000007e5b4d2f0,0x00000007fd260000)
  to   space 641344K, 0% used [0x00000007ad7d0000,0x00000007ad7d0000,0x00000007d4a20000)
 PSOldGen        total 1220672K, used 834474K [0x0000000686800000, 0x00000006d1010000, 0x00000007822b0000)
  object space 1220672K, 68% used [0x0000000686800000,0x00000006b96ea998,0x00000006d1010000)
 PSPermGen       total 27264K, used 22330K [0x0000000681600000, 0x00000006830a0000, 0x0000000686800000)
  object space 27264K, 81% used [0x0000000681600000,0x0000000682bce898,0x00000006830a0000)
3592.527: [GC [PSYoungGen: 989492K->36008K(1351104K)] 1823967K->874651K(2571776K), 0.1494120 secs] [Times: user=0.95 sys=0.01, real=0.15 secs] 
Heap after GC invocations=179 (full 24):
 PSYoungGen      total 1351104K, used 36008K [0x00000007822b0000, 0x00000007fd870000, 0x0000000800000000)
  eden space 709760K, 0% used [0x00000007822b0000,0x00000007822b0000,0x00000007ad7d0000)
  from space 641344K, 5% used [0x00000007ad7d0000,0x00000007afafa200,0x00000007d4a20000)
  to   space 632320K, 0% used [0x00000007d6ef0000,0x00000007d6ef0000,0x00000007fd870000)
 PSOldGen        total 1220672K, used 838643K [0x0000000686800000, 0x00000006d1010000, 0x00000007822b0000)
  object space 1220672K, 68% used [0x0000000686800000,0x00000006b9afcd28,0x00000006d1010000)
 PSPermGen       total 27264K, used 22330K [0x0000000681600000, 0x00000006830a0000, 0x0000000686800000)
  object space 27264K, 81% used [0x0000000681600000,0x0000000682bce898,0x00000006830a0000)
}
Total time for which application threads were stopped: 0.1503940 seconds
Application time: 1.2364870 seconds
{Heap before GC invocations=180 (full 24):
 PSYoungGen      total 1351104K, used 745768K [0x00000007822b0000, 0x00000007fd870000, 0x0000000800000000)
  eden space 709760K, 100% used [0x00000007822b0000,0x00000007ad7d0000,0x00000007ad7d0000)
  from space 641344K, 5% used [0x00000007ad7d0000,0x00000007afafa200,0x00000007d4a20000)
  to   space 632320K, 0% used [0x00000007d6ef0000,0x00000007d6ef0000,0x00000007fd870000)
 PSOldGen        total 1220672K, used 838643K [0x0000000686800000, 0x00000006d1010000, 0x00000007822b0000)
  object space 1220672K, 68% used [0x0000000686800000,0x00000006b9afcd28,0x00000006d1010000)
 PSPermGen       total 27264K, used 22938K [0x0000000681600000, 0x00000006830a0000, 0x0000000686800000)
  object space 27264K, 84% used [0x0000000681600000,0x0000000682c66bd8,0x00000006830a0000)
3593.914: [GC [PSYoungGen: 745768K->392793K(1362752K)] 1584411K->1248109K(2583424K), 0.0946810 secs] [Times: user=0.65 sys=0.00, real=0.10 secs] 
Heap after GC invocations=180 (full 24):
 PSYoungGen      total 1362752K, used 392793K [0x00000007822b0000, 0x0000000800000000, 0x0000000800000000)
  eden space 730432K, 0% used [0x00000007822b0000,0x00000007822b0000,0x00000007aec00000)
  from space 632320K, 62% used [0x00000007d6ef0000,0x00000007eee86600,0x00000007fd870000)
  to   space 658368K, 0% used [0x00000007aec00000,0x00000007aec00000,0x00000007d6ef0000)
 PSOldGen        total 1220672K, used 855315K [0x0000000686800000, 0x00000006d1010000, 0x00000007822b0000)
  object space 1220672K, 70% used [0x0000000686800000,0x00000006bab44f88,0x00000006d1010000)
 PSPermGen       total 27264K, used 22938K [0x0000000681600000, 0x00000006830a0000, 0x0000000686800000)
  object space 27264K, 84% used [0x0000000681600000,0x0000000682c66bd8,0x00000006830a0000)
}
Total time for which application threads were stopped: 0.0958800 seconds
Application time: 2.1205660 seconds
{Heap before GC invocations=181 (full 24):
 PSYoungGen      total 1362752K, used 1123225K [0x00000007822b0000, 0x0000000800000000, 0x0000000800000000)
  eden space 730432K, 100% used [0x00000007822b0000,0x00000007aec00000,0x00000007aec00000)
  from space 632320K, 62% used [0x00000007d6ef0000,0x00000007eee86600,0x00000007fd870000)
  to   space 658368K, 0% used [0x00000007aec00000,0x00000007aec00000,0x00000007d6ef0000)
 PSOldGen        total 1220672K, used 855315K [0x0000000686800000, 0x00000006d1010000, 0x00000007822b0000)
  object space 1220672K, 70% used [0x0000000686800000,0x00000006bab44f88,0x00000006d1010000)
 PSPermGen       total 27264K, used 23172K [0x0000000681600000, 0x00000006830a0000, 0x0000000686800000)
  object space 27264K, 84% used [0x0000000681600000,0x0000000682ca1370,0x00000006830a0000)
3596.130: [GC [PSYoungGen: 1123225K->160650K(1388800K)] 1978541K->1045754K(2609472K), 0.1383180 secs] [Times: user=0.88 sys=0.00, real=0.14 secs] 
Heap after GC invocations=181 (full 24):
 PSYoungGen      total 1388800K, used 160650K [0x00000007822b0000, 0x00000007fdab0000, 0x0000000800000000)
  eden space 730432K, 0% used [0x00000007822b0000,0x00000007822b0000,0x00000007aec00000)
  from space 658368K, 24% used [0x00000007aec00000,0x00000007b88e2b20,0x00000007d6ef0000)
  to   space 626240K, 0% used [0x00000007d7720000,0x00000007d7720000,0x00000007fdab0000)
 PSOldGen        total 1220672K, used 885103K [0x0000000686800000, 0x00000006d1010000, 0x00000007822b0000)
  object space 1220672K, 72% used [0x0000000686800000,0x00000006bc85bf48,0x00000006d1010000)
 PSPermGen       total 27264K, used 23172K [0x0000000681600000, 0x00000006830a0000, 0x0000000686800000)
  object space 27264K, 84% used [0x0000000681600000,0x0000000682ca1370,0x00000006830a0000)
}
Total time for which application threads were stopped: 0.1392770 seconds
Application time: 1.1974200 seconds
{Heap before GC invocations=182 (full 24):
 PSYoungGen      total 1388800K, used 891082K [0x00000007822b0000, 0x00000007fdab0000, 0x0000000800000000)
  eden space 730432K, 100% used [0x00000007822b0000,0x00000007aec00000,0x00000007aec00000)
  from space 658368K, 24% used [0x00000007aec00000,0x00000007b88e2b20,0x00000007d6ef0000)
  to   space 626240K, 0% used [0x00000007d7720000,0x00000007d7720000,0x00000007fdab0000)
 PSOldGen        total 1220672K, used 885103K [0x0000000686800000, 0x00000006d1010000, 0x00000007822b0000)
  object space 1220672K, 72% used [0x0000000686800000,0x00000006bc85bf48,0x00000006d1010000)
 PSPermGen       total 27264K, used 23888K [0x0000000681600000, 0x00000006830a0000, 0x0000000686800000)
  object space 27264K, 87% used [0x0000000681600000,0x0000000682d54230,0x00000006830a0000)
3597.467: [GC [PSYoungGen: 891082K->468072K(1332864K)] 1776186K->1368594K(2553536K), 0.0961970 secs] [Times: user=0.80 sys=0.00, real=0.10 secs] 
Heap after GC invocations=182 (full 24):
 PSYoungGen      total 1332864K, used 468072K [0x00000007822b0000, 0x0000000800000000, 0x0000000800000000)
  eden space 706624K, 0% used [0x00000007822b0000,0x00000007822b0000,0x00000007ad4c0000)
  from space 626240K, 74% used [0x00000007d7720000,0x00000007f403a2d0,0x00000007fdab0000)
  to   space 677504K, 0% used [0x00000007ad4c0000,0x00000007ad4c0000,0x00000007d6a60000)
 PSOldGen        total 1220672K, used 900521K [0x0000000686800000, 0x00000006d1010000, 0x00000007822b0000)
  object space 1220672K, 73% used [0x0000000686800000,0x00000006bd76a598,0x00000006d1010000)
 PSPermGen       total 27264K, used 23888K [0x0000000681600000, 0x00000006830a0000, 0x0000000686800000)
  object space 27264K, 87% used [0x0000000681600000,0x0000000682d54230,0x00000006830a0000)
}
Total time for which application threads were stopped: 0.0974380 seconds
Application time: 2.3727630 seconds
{Heap before GC invocations=183 (full 24):
 PSYoungGen      total 1332864K, used 1174696K [0x00000007822b0000, 0x0000000800000000, 0x0000000800000000)
  eden space 706624K, 100% used [0x00000007822b0000,0x00000007ad4c0000,0x00000007ad4c0000)
  from space 626240K, 74% used [0x00000007d7720000,0x00000007f403a2d0,0x00000007fdab0000)
  to   space 677504K, 0% used [0x00000007ad4c0000,0x00000007ad4c0000,0x00000007d6a60000)
 PSOldGen        total 1220672K, used 900521K [0x0000000686800000, 0x00000006d1010000, 0x00000007822b0000)
  object space 1220672K, 73% used [0x0000000686800000,0x00000006bd76a598,0x00000006d1010000)
 PSPermGen       total 27264K, used 23972K [0x0000000681600000, 0x00000006830a0000, 0x0000000686800000)
  object space 27264K, 87% used [0x0000000681600000,0x0000000682d690b0,0x00000006830a0000)
3599.938: [GC [PSYoungGen: 1174696K->65376K(1384128K)] 2075218K->1364025K(2683712K), 0.1780250 secs] [Times: user=0.87 sys=0.32, real=0.18 secs] 
Heap after GC invocations=183 (full 24):
 PSYoungGen      total 1384128K, used 65376K [0x00000007822b0000, 0x0000000800000000, 0x0000000800000000)
  eden space 706624K, 0% used [0x00000007822b0000,0x00000007822b0000,0x00000007ad4c0000)
  from space 677504K, 9% used [0x00000007ad4c0000,0x00000007b14981c0,0x00000007d6a60000)
  to   space 664640K, 0% used [0x00000007d76f0000,0x00000007d76f0000,0x0000000800000000)
 PSOldGen        total 1299584K, used 1298649K [0x0000000686800000, 0x00000006d5d20000, 0x00000007822b0000)
  object space 1299584K, 99% used [0x0000000686800000,0x00000006d5c36568,0x00000006d5d20000)
 PSPermGen       total 27264K, used 23972K [0x0000000681600000, 0x00000006830a0000, 0x0000000686800000)
  object space 27264K, 87% used [0x0000000681600000,0x0000000682d690b0,0x00000006830a0000)
}
{Heap before GC invocations=184 (full 25):
 PSYoungGen      total 1384128K, used 65376K [0x00000007822b0000, 0x0000000800000000, 0x0000000800000000)
  eden space 706624K, 0% used [0x00000007822b0000,0x00000007822b0000,0x00000007ad4c0000)
  from space 677504K, 9% used [0x00000007ad4c0000,0x00000007b14981c0,0x00000007d6a60000)
  to   space 664640K, 0% used [0x00000007d76f0000,0x00000007d76f0000,0x0000000800000000)
 PSOldGen        total 1299584K, used 1298649K [0x0000000686800000, 0x00000006d5d20000, 0x00000007822b0000)
  object space 1299584K, 99% used [0x0000000686800000,0x00000006d5c36568,0x00000006d5d20000)
 PSPermGen       total 27264K, used 23972K [0x0000000681600000, 0x00000006830a0000, 0x0000000686800000)
  object space 27264K, 87% used [0x0000000681600000,0x0000000682d690b0,0x00000006830a0000)
3600.116: [Full GC [PSYoungGen: 65376K->0K(1384128K)] [PSOldGen: 1298649K->553504K(1419264K)] 1364025K->553504K(2803392K) [PSPermGen: 23972K->23972K(29888K)], 0.5228300 secs] [Times: user=0.52 sys=0.00, real=0.52 secs] 
Heap after GC invocations=184 (full 25):
 PSYoungGen      total 1384128K, used 0K [0x00000007822b0000, 0x0000000800000000, 0x0000000800000000)
  eden space 706624K, 0% used [0x00000007822b0000,0x00000007822b0000,0x00000007ad4c0000)
  from space 677504K, 0% used [0x00000007ad4c0000,0x00000007ad4c0000,0x00000007d6a60000)
  to   space 664640K, 0% used [0x00000007d76f0000,0x00000007d76f0000,0x0000000800000000)
 PSOldGen        total 1419264K, used 553504K [0x0000000686800000, 0x00000006dd200000, 0x00000007822b0000)
  object space 1419264K, 38% used [0x0000000686800000,0x00000006a84881d8,0x00000006dd200000)
 PSPermGen       total 29888K, used 23972K [0x0000000681600000, 0x0000000683330000, 0x0000000686800000)
  object space 29888K, 80% used [0x0000000681600000,0x0000000682d690b0,0x0000000683330000)
}
Total time for which application threads were stopped: 0.7022200 seconds
Application time: 2.6240460 seconds
{Heap before GC invocations=185 (full 25):
 PSYoungGen      total 1384128K, used 706624K [0x00000007822b0000, 0x0000000800000000, 0x0000000800000000)
  eden space 706624K, 100% used [0x00000007822b0000,0x00000007ad4c0000,0x00000007ad4c0000)
  from space 677504K, 0% used [0x00000007ad4c0000,0x00000007ad4c0000,0x00000007d6a60000)
  to   space 664640K, 0% used [0x00000007d76f0000,0x00000007d76f0000,0x0000000800000000)
 PSOldGen        total 1419264K, used 553504K [0x0000000686800000, 0x00000006dd200000, 0x00000007822b0000)
  object space 1419264K, 38% used [0x0000000686800000,0x00000006a84881d8,0x00000006dd200000)
 PSPermGen       total 29888K, used 24604K [0x0000000681600000, 0x0000000683330000, 0x0000000686800000)
  object space 29888K, 82% used [0x0000000681600000,0x0000000682e071b0,0x0000000683330000)
3603.266: [GC [PSYoungGen: 706624K->415736K(1351936K)] 1260128K->969240K(2771200K), 0.0979640 secs] [Times: user=0.80 sys=0.01, real=0.09 secs] 
Heap after GC invocations=185 (full 25):
 PSYoungGen      total 1351936K, used 415736K [0x00000007822b0000, 0x0000000800000000, 0x0000000800000000)
  eden space 687296K, 0% used [0x00000007822b0000,0x00000007822b0000,0x00000007ac1e0000)
  from space 664640K, 62% used [0x00000007d76f0000,0x00000007f0cee000,0x0000000800000000)
  to   space 687168K, 0% used [0x00000007ac1e0000,0x00000007ac1e0000,0x00000007d60f0000)
 PSOldGen        total 1419264K, used 553504K [0x0000000686800000, 0x00000006dd200000, 0x00000007822b0000)
  object space 1419264K, 38% used [0x0000000686800000,0x00000006a84881d8,0x00000006dd200000)
 PSPermGen       total 29888K, used 24604K [0x0000000681600000, 0x0000000683330000, 0x0000000686800000)
  object space 29888K, 82% used [0x0000000681600000,0x0000000682e071b0,0x0000000683330000)
}
Total time for which application threads were stopped: 0.1013930 seconds
Application time: 2.2906270 seconds
{Heap before GC invocations=186 (full 25):
 PSYoungGen      total 1351936K, used 1103032K [0x00000007822b0000, 0x0000000800000000, 0x0000000800000000)
  eden space 687296K, 100% used [0x00000007822b0000,0x00000007ac1e0000,0x00000007ac1e0000)
  from space 664640K, 62% used [0x00000007d76f0000,0x00000007f0cee000,0x0000000800000000)
  to   space 687168K, 0% used [0x00000007ac1e0000,0x00000007ac1e0000,0x00000007d60f0000)
 PSOldGen        total 1419264K, used 553504K [0x0000000686800000, 0x00000006dd200000, 0x00000007822b0000)
  object space 1419264K, 38% used [0x0000000686800000,0x00000006a84881d8,0x00000006dd200000)
 PSPermGen       total 29888K, used 24699K [0x0000000681600000, 0x0000000683330000, 0x0000000686800000)
  object space 29888K, 82% used [0x0000000681600000,0x0000000682e1ed30,0x0000000683330000)
3605.656: [GC [PSYoungGen: 1103032K->71420K(1374464K)] 1656536K->951279K(2793728K), 0.1688070 secs] [Times: user=1.20 sys=0.02, real=0.17 secs] 
Heap after GC invocations=186 (full 25):
 PSYoungGen      total 1374464K, used 71420K [0x00000007822b0000, 0x0000000800000000, 0x0000000800000000)
  eden space 687296K, 0% used [0x00000007822b0000,0x00000007822b0000,0x00000007ac1e0000)
  from space 687168K, 10% used [0x00000007ac1e0000,0x00000007b079f3f0,0x00000007d60f0000)
  to   space 675904K, 0% used [0x00000007d6bf0000,0x00000007d6bf0000,0x0000000800000000)
 PSOldGen        total 1419264K, used 879858K [0x0000000686800000, 0x00000006dd200000, 0x00000007822b0000)
  object space 1419264K, 61% used [0x0000000686800000,0x00000006bc33c8e8,0x00000006dd200000)
 PSPermGen       total 29888K, used 24699K [0x0000000681600000, 0x0000000683330000, 0x0000000686800000)
  object space 29888K, 82% used [0x0000000681600000,0x0000000682e1ed30,0x0000000683330000)
}
Total time for which application threads were stopped: 0.1697060 seconds
Application time: 2.0985460 seconds
{Heap before GC invocations=187 (full 25):
 PSYoungGen      total 1374464K, used 758716K [0x00000007822b0000, 0x0000000800000000, 0x0000000800000000)
  eden space 687296K, 100% used [0x00000007822b0000,0x00000007ac1e0000,0x00000007ac1e0000)
  from space 687168K, 10% used [0x00000007ac1e0000,0x00000007b079f3f0,0x00000007d60f0000)
  to   space 675904K, 0% used [0x00000007d6bf0000,0x00000007d6bf0000,0x0000000800000000)
 PSOldGen        total 1419264K, used 879858K [0x0000000686800000, 0x00000006dd200000, 0x00000007822b0000)
  object space 1419264K, 61% used [0x0000000686800000,0x00000006bc33c8e8,0x00000006dd200000)
 PSPermGen       total 29888K, used 25159K [0x0000000681600000, 0x0000000683330000, 0x0000000686800000)
  object space 29888K, 84% used [0x0000000681600000,0x0000000682e91c30,0x0000000683330000)
3607.924: [GC [PSYoungGen: 758716K->268230K(1303424K)] 1638575K->1157842K(2722688K), 0.1103050 secs] [Times: user=0.78 sys=0.01, real=0.11 secs] 
Heap after GC invocations=187 (full 25):
 PSYoungGen      total 1303424K, used 268230K [0x00000007822b0000, 0x00000007fbaa0000, 0x0000000800000000)
  eden space 698560K, 0% used [0x00000007822b0000,0x00000007822b0000,0x00000007acce0000)
  from space 604864K, 44% used [0x00000007d6bf0000,0x00000007e71e1ba0,0x00000007fbaa0000)
  to   space 646016K, 0% used [0x00000007acce0000,0x00000007acce0000,0x00000007d43c0000)
 PSOldGen        total 1419264K, used 889611K [0x0000000686800000, 0x00000006dd200000, 0x00000007822b0000)
  object space 1419264K, 62% used [0x0000000686800000,0x00000006bccc2d38,0x00000006dd200000)
 PSPermGen       total 29888K, used 25159K [0x0000000681600000, 0x0000000683330000, 0x0000000686800000)
  object space 29888K, 84% used [0x0000000681600000,0x0000000682e91c30,0x0000000683330000)
}
Total time for which application threads were stopped: 0.1115390 seconds
Application time: 1.9664040 seconds
{Heap before GC invocations=188 (full 25):
 PSYoungGen      total 1303424K, used 966790K [0x00000007822b0000, 0x00000007fbaa0000, 0x0000000800000000)
  eden space 698560K, 100% used [0x00000007822b0000,0x00000007acce0000,0x00000007acce0000)
  from space 604864K, 44% used [0x00000007d6bf0000,0x00000007e71e1ba0,0x00000007fbaa0000)
  to   space 646016K, 0% used [0x00000007acce0000,0x00000007acce0000,0x00000007d43c0000)
 PSOldGen        total 1419264K, used 889611K [0x0000000686800000, 0x00000006dd200000, 0x00000007822b0000)
  object space 1419264K, 62% used [0x0000000686800000,0x00000006bccc2d38,0x00000006dd200000)
 PSPermGen       total 29888K, used 25388K [0x0000000681600000, 0x0000000683330000, 0x0000000686800000)
  object space 29888K, 84% used [0x0000000681600000,0x0000000682ecb0b0,0x0000000683330000)
3610.002: [GC [PSYoungGen: 966790K->157586K(1344576K)] 1856402K->1272762K(2763840K), 0.1481120 secs] [Times: user=1.05 sys=0.01, real=0.15 secs] 
Heap after GC invocations=188 (full 25):
 PSYoungGen      total 1344576K, used 157586K [0x00000007822b0000, 0x00000007ff010000, 0x0000000800000000)
  eden space 698560K, 0% used [0x00000007822b0000,0x00000007822b0000,0x00000007acce0000)
  from space 646016K, 24% used [0x00000007acce0000,0x00000007b66c4970,0x00000007d43c0000)
  to   space 617280K, 0% used [0x00000007d9540000,0x00000007d9540000,0x00000007ff010000)
 PSOldGen        total 1419264K, used 1115176K [0x0000000686800000, 0x00000006dd200000, 0x00000007822b0000)
  object space 1419264K, 78% used [0x0000000686800000,0x00000006ca90a138,0x00000006dd200000)
 PSPermGen       total 29888K, used 25388K [0x0000000681600000, 0x0000000683330000, 0x0000000686800000)
  object space 29888K, 84% used [0x0000000681600000,0x0000000682ecb0b0,0x0000000683330000)
}
{Heap before GC invocations=189 (full 26):
 PSYoungGen      total 1344576K, used 157586K [0x00000007822b0000, 0x00000007ff010000, 0x0000000800000000)
  eden space 698560K, 0% used [0x00000007822b0000,0x00000007822b0000,0x00000007acce0000)
  from space 646016K, 24% used [0x00000007acce0000,0x00000007b66c4970,0x00000007d43c0000)
  to   space 617280K, 0% used [0x00000007d9540000,0x00000007d9540000,0x00000007ff010000)
 PSOldGen        total 1419264K, used 1115176K [0x0000000686800000, 0x00000006dd200000, 0x00000007822b0000)
  object space 1419264K, 78% used [0x0000000686800000,0x00000006ca90a138,0x00000006dd200000)
 PSPermGen       total 29888K, used 25388K [0x0000000681600000, 0x0000000683330000, 0x0000000686800000)
  object space 29888K, 84% used [0x0000000681600000,0x0000000682ecb0b0,0x0000000683330000)
3610.150: [Full GC [PSYoungGen: 157586K->0K(1344576K)] [PSOldGen: 1115176K->475866K(1412032K)] 1272762K->475866K(2756608K) [PSPermGen: 25388K->25388K(31424K)], 0.4512000 secs] [Times: user=0.45 sys=0.00, real=0.45 secs] 
Heap after GC invocations=189 (full 26):
 PSYoungGen      total 1344576K, used 0K [0x00000007822b0000, 0x00000007ff010000, 0x0000000800000000)
  eden space 698560K, 0% used [0x00000007822b0000,0x00000007822b0000,0x00000007acce0000)
  from space 646016K, 0% used [0x00000007acce0000,0x00000007acce0000,0x00000007d43c0000)
  to   space 617280K, 0% used [0x00000007d9540000,0x00000007d9540000,0x00000007ff010000)
 PSOldGen        total 1412032K, used 475866K [0x0000000686800000, 0x00000006dcaf0000, 0x00000007822b0000)
  object space 1412032K, 33% used [0x0000000686800000,0x00000006a38b6b10,0x00000006dcaf0000)
 PSPermGen       total 31424K, used 25388K [0x0000000681600000, 0x00000006834b0000, 0x0000000686800000)
  object space 31424K, 80% used [0x0000000681600000,0x0000000682ecb0b0,0x00000006834b0000)
}
Total time for which application threads were stopped: 0.6003600 seconds
Application time: 3.7338140 seconds
{Heap before GC invocations=190 (full 26):
 PSYoungGen      total 1344576K, used 698560K [0x00000007822b0000, 0x00000007ff010000, 0x0000000800000000)
  eden space 698560K, 100% used [0x00000007822b0000,0x00000007acce0000,0x00000007acce0000)
  from space 646016K, 0% used [0x00000007acce0000,0x00000007acce0000,0x00000007d43c0000)
  to   space 617280K, 0% used [0x00000007d9540000,0x00000007d9540000,0x00000007ff010000)
 PSOldGen        total 1412032K, used 475866K [0x0000000686800000, 0x00000006dcaf0000, 0x00000007822b0000)
  object space 1412032K, 33% used [0x0000000686800000,0x00000006a38b6b10,0x00000006dcaf0000)
 PSPermGen       total 31424K, used 25750K [0x0000000681600000, 0x00000006834b0000, 0x0000000686800000)
  object space 31424K, 81% used [0x0000000681600000,0x0000000682f25830,0x00000006834b0000)
3614.336: [GC [PSYoungGen: 698560K->226197K(1325248K)] 1174426K->702064K(2737280K), 0.1272990 secs] [Times: user=0.89 sys=0.01, real=0.13 secs] 
Heap after GC invocations=190 (full 26):
 PSYoungGen      total 1325248K, used 226197K [0x00000007822b0000, 0x00000007f9810000, 0x0000000800000000)
  eden space 798080K, 0% used [0x00000007822b0000,0x00000007822b0000,0x00000007b2e10000)
  from space 527168K, 42% used [0x00000007d9540000,0x00000007e72255b0,0x00000007f9810000)
  to   space 578560K, 0% used [0x00000007b2e10000,0x00000007b2e10000,0x00000007d6310000)
 PSOldGen        total 1412032K, used 475866K [0x0000000686800000, 0x00000006dcaf0000, 0x00000007822b0000)
  object space 1412032K, 33% used [0x0000000686800000,0x00000006a38b6b10,0x00000006dcaf0000)
 PSPermGen       total 31424K, used 25750K [0x0000000681600000, 0x00000006834b0000, 0x0000000686800000)
  object space 31424K, 81% used [0x0000000681600000,0x0000000682f25830,0x00000006834b0000)
}
Total time for which application threads were stopped: 0.1283640 seconds
Application time: 2.1972890 seconds
{Heap before GC invocations=191 (full 26):
 PSYoungGen      total 1325248K, used 1024277K [0x00000007822b0000, 0x00000007f9810000, 0x0000000800000000)
  eden space 798080K, 100% used [0x00000007822b0000,0x00000007b2e10000,0x00000007b2e10000)
  from space 527168K, 42% used [0x00000007d9540000,0x00000007e72255b0,0x00000007f9810000)
  to   space 578560K, 0% used [0x00000007b2e10000,0x00000007b2e10000,0x00000007d6310000)
 PSOldGen        total 1412032K, used 475866K [0x0000000686800000, 0x00000006dcaf0000, 0x00000007822b0000)
  object space 1412032K, 33% used [0x0000000686800000,0x00000006a38b6b10,0x00000006dcaf0000)
 PSPermGen       total 31424K, used 26032K [0x0000000681600000, 0x00000006834b0000, 0x0000000686800000)
  object space 31424K, 82% used [0x0000000681600000,0x0000000682f6c030,0x00000006834b0000)
3616.662: [GC [PSYoungGen: 1024277K->110593K(1376640K)] 1500144K->730698K(2788672K), 0.1633390 secs] [Times: user=1.17 sys=0.00, real=0.16 secs] 
Heap after GC invocations=191 (full 26):
 PSYoungGen      total 1376640K, used 110593K [0x00000007822b0000, 0x00000007fea90000, 0x0000000800000000)
  eden space 798080K, 0% used [0x00000007822b0000,0x00000007822b0000,0x00000007b2e10000)
  from space 578560K, 19% used [0x00000007b2e10000,0x00000007b9a10550,0x00000007d6310000)
  to   space 562624K, 0% used [0x00000007dc520000,0x00000007dc520000,0x00000007fea90000)
 PSOldGen        total 1412032K, used 620105K [0x0000000686800000, 0x00000006dcaf0000, 0x00000007822b0000)
  object space 1412032K, 43% used [0x0000000686800000,0x00000006ac592550,0x00000006dcaf0000)
 PSPermGen       total 31424K, used 26032K [0x0000000681600000, 0x00000006834b0000, 0x0000000686800000)
  object space 31424K, 82% used [0x0000000681600000,0x0000000682f6c030,0x00000006834b0000)
}
Total time for which application threads were stopped: 0.1643410 seconds
Application time: 183.3502210 seconds
{Heap before GC invocations=192 (full 26):
 PSYoungGen      total 1376640K, used 908673K [0x00000007822b0000, 0x00000007fea90000, 0x0000000800000000)
  eden space 798080K, 100% used [0x00000007822b0000,0x00000007b2e10000,0x00000007b2e10000)
  from space 578560K, 19% used [0x00000007b2e10000,0x00000007b9a10550,0x00000007d6310000)
  to   space 562624K, 0% used [0x00000007dc520000,0x00000007dc520000,0x00000007fea90000)
 PSOldGen        total 1412032K, used 620105K [0x0000000686800000, 0x00000006dcaf0000, 0x00000007822b0000)
  object space 1412032K, 43% used [0x0000000686800000,0x00000006ac592550,0x00000006dcaf0000)
 PSPermGen       total 31424K, used 26603K [0x0000000681600000, 0x00000006834b0000, 0x0000000686800000)
  object space 31424K, 84% used [0x0000000681600000,0x0000000682ffafd0,0x00000006834b0000)
3800.176: [GC [PSYoungGen: 908673K->267269K(1428032K)] 1528778K->889415K(2840064K), 0.1175730 secs] [Times: user=0.83 sys=0.01, real=0.12 secs] 
Heap after GC invocations=192 (full 26):
 PSYoungGen      total 1428032K, used 267269K [0x00000007822b0000, 0x00000007fc400000, 0x0000000800000000)
  eden space 904896K, 0% used [0x00000007822b0000,0x00000007822b0000,0x00000007b9660000)
  from space 523136K, 51% used [0x00000007dc520000,0x00000007eca216f0,0x00000007fc400000)
  to   space 547648K, 0% used [0x00000007b9660000,0x00000007b9660000,0x00000007dad30000)
 PSOldGen        total 1412032K, used 622145K [0x0000000686800000, 0x00000006dcaf0000, 0x00000007822b0000)
  object space 1412032K, 44% used [0x0000000686800000,0x00000006ac790670,0x00000006dcaf0000)
 PSPermGen       total 31424K, used 26603K [0x0000000681600000, 0x00000006834b0000, 0x0000000686800000)
  object space 31424K, 84% used [0x0000000681600000,0x0000000682ffafd0,0x00000006834b0000)
}
Total time for which application threads were stopped: 0.1187200 seconds
Application time: 2.9080510 seconds
{Heap before GC invocations=193 (full 26):
 PSYoungGen      total 1428032K, used 1172165K [0x00000007822b0000, 0x00000007fc400000, 0x0000000800000000)
  eden space 904896K, 100% used [0x00000007822b0000,0x00000007b9660000,0x00000007b9660000)
  from space 523136K, 51% used [0x00000007dc520000,0x00000007eca216f0,0x00000007fc400000)
  to   space 547648K, 0% used [0x00000007b9660000,0x00000007b9660000,0x00000007dad30000)
 PSOldGen        total 1412032K, used 622145K [0x0000000686800000, 0x00000006dcaf0000, 0x00000007822b0000)
  object space 1412032K, 44% used [0x0000000686800000,0x00000006ac790670,0x00000006dcaf0000)
 PSPermGen       total 31424K, used 26866K [0x0000000681600000, 0x00000006834b0000, 0x0000000686800000)
  object space 31424K, 85% used [0x0000000681600000,0x000000068303c8f0,0x00000006834b0000)
3803.204: [GC [PSYoungGen: 1172165K->41126K(1452544K)] 1794311K->687188K(2864576K), 0.1737870 secs]