Application time: 0.4717390 seconds
{Heap before GC invocations=1 (full 0):
 PSYoungGen      total 305856K, used 15756K [0x00000007d6560000, 0x00000007ebab0000, 0x0000000800000000)
  eden space 262208K, 6% used [0x00000007d6560000,0x00000007d74c32b0,0x00000007e6570000)
  from space 43648K, 0% used [0x00000007e9010000,0x00000007e9010000,0x00000007ebab0000)
  to   space 43648K, 0% used [0x00000007e6570000,0x00000007e6570000,0x00000007e9010000)
 PSOldGen        total 699072K, used 0K [0x0000000783000000, 0x00000007adab0000, 0x00000007d6560000)
  object space 699072K, 0% used [0x0000000783000000,0x0000000783000000,0x00000007adab0000)
 PSPermGen       total 21248K, used 9677K [0x000000077de00000, 0x000000077f2c0000, 0x0000000783000000)
  object space 21248K, 45% used [0x000000077de00000,0x000000077e773420,0x000000077f2c0000)
0.522: [GC [PSYoungGen: 15756K->1584K(305856K)] 15756K->1584K(1004928K), 0.0147390 secs] [Times: user=0.05 sys=0.00, real=0.02 secs] 
Heap after GC invocations=1 (full 0):
 PSYoungGen      total 305856K, used 1584K [0x00000007d6560000, 0x00000007ebab0000, 0x0000000800000000)
  eden space 262208K, 0% used [0x00000007d6560000,0x00000007d6560000,0x00000007e6570000)
  from space 43648K, 3% used [0x00000007e6570000,0x00000007e66fc020,0x00000007e9010000)
  to   space 43648K, 0% used [0x00000007e9010000,0x00000007e9010000,0x00000007ebab0000)
 PSOldGen        total 699072K, used 0K [0x0000000783000000, 0x00000007adab0000, 0x00000007d6560000)
  object space 699072K, 0% used [0x0000000783000000,0x0000000783000000,0x00000007adab0000)
 PSPermGen       total 21248K, used 9677K [0x000000077de00000, 0x000000077f2c0000, 0x0000000783000000)
  object space 21248K, 45% used [0x000000077de00000,0x000000077e773420,0x000000077f2c0000)
}
{Heap before GC invocations=2 (full 1):
 PSYoungGen      total 305856K, used 1584K [0x00000007d6560000, 0x00000007ebab0000, 0x0000000800000000)
  eden space 262208K, 0% used [0x00000007d6560000,0x00000007d6560000,0x00000007e6570000)
  from space 43648K, 3% used [0x00000007e6570000,0x00000007e66fc020,0x00000007e9010000)
  to   space 43648K, 0% used [0x00000007e9010000,0x00000007e9010000,0x00000007ebab0000)
 PSOldGen        total 699072K, used 0K [0x0000000783000000, 0x00000007adab0000, 0x00000007d6560000)
  object space 699072K, 0% used [0x0000000783000000,0x0000000783000000,0x00000007adab0000)
 PSPermGen       total 21248K, used 9677K [0x000000077de00000, 0x000000077f2c0000, 0x0000000783000000)
  object space 21248K, 45% used [0x000000077de00000,0x000000077e773420,0x000000077f2c0000)
0.537: [Full GC (System) [PSYoungGen: 1584K->0K(305856K)] [PSOldGen: 0K->1523K(699072K)] 1584K->1523K(1004928K) [PSPermGen: 9677K->9677K(21248K)], 0.0250320 secs] [Times: user=0.04 sys=0.00, real=0.02 secs] 
Heap after GC invocations=2 (full 1):
 PSYoungGen      total 305856K, used 0K [0x00000007d6560000, 0x00000007ebab0000, 0x0000000800000000)
  eden space 262208K, 0% used [0x00000007d6560000,0x00000007d6560000,0x00000007e6570000)
  from space 43648K, 0% used [0x00000007e6570000,0x00000007e6570000,0x00000007e9010000)
  to   space 43648K, 0% used [0x00000007e9010000,0x00000007e9010000,0x00000007ebab0000)
 PSOldGen        total 699072K, used 1523K [0x0000000783000000, 0x00000007adab0000, 0x00000007d6560000)
  object space 699072K, 0% used [0x0000000783000000,0x000000078317cdc8,0x00000007adab0000)
 PSPermGen       total 21248K, used 9677K [0x000000077de00000, 0x000000077f2c0000, 0x0000000783000000)
  object space 21248K, 45% used [0x000000077de00000,0x000000077e773420,0x000000077f2c0000)
}
Total time for which application threads were stopped: 0.0401000 seconds
Application time: 0.0037260 seconds
Total time for which application threads were stopped: 0.0000510 seconds
Application time: 0.6893340 seconds
Total time for which application threads were stopped: 0.0002340 seconds
Application time: 1.0001220 seconds
Total time for which application threads were stopped: 0.0001370 seconds
Application time: 1.8031320 seconds
Total time for which application threads were stopped: 0.0003660 seconds
Application time: 67.5675060 seconds
Total time for which application threads were stopped: 0.0001360 seconds
Application time: 0.0001340 seconds
Total time for which application threads were stopped: 0.0000980 seconds
Application time: 0.0002130 seconds
Total time for which application threads were stopped: 0.0001760 seconds
Application time: 0.0027830 seconds
Total time for which application threads were stopped: 0.0000780 seconds
Application time: 0.0008140 seconds
Total time for which application threads were stopped: 0.0002690 seconds
Application time: 0.0002600 seconds
Total time for which application threads were stopped: 0.0002810 seconds
Application time: 0.0003590 seconds
Total time for which application threads were stopped: 0.0006640 seconds
Application time: 0.0002610 seconds
Total time for which application threads were stopped: 0.0001670 seconds
Application time: 0.0001790 seconds
Total time for which application threads were stopped: 0.0000680 seconds
Application time: 0.0003020 seconds
Total time for which application threads were stopped: 0.0003490 seconds
Application time: 0.0003220 seconds
Total time for which application threads were stopped: 0.0003110 seconds
Application time: 0.0005110 seconds
Total time for which application threads were stopped: 0.0001140 seconds
Application time: 0.0001330 seconds
Total time for which application threads were stopped: 0.0000520 seconds
Application time: 0.0007580 seconds
Total time for which application threads were stopped: 0.0000640 seconds
Application time: 0.0004580 seconds
Total time for which application threads were stopped: 0.0000900 seconds
Application time: 0.0003910 seconds
Total time for which application threads were stopped: 0.0000510 seconds
Application time: 0.0004900 seconds
Total time for which application threads were stopped: 0.0000940 seconds
Application time: 0.0003960 seconds
Total time for which application threads were stopped: 0.0000480 seconds
Application time: 0.0003360 seconds
Total time for which application threads were stopped: 0.0000500 seconds
Application time: 0.0005540 seconds
Total time for which application threads were stopped: 0.0000510 seconds
Application time: 0.0005180 seconds
Total time for which application threads were stopped: 0.0000780 seconds
Application time: 0.0002680 seconds
Total time for which application threads were stopped: 0.0000700 seconds
Application time: 0.0003540 seconds
Total time for which application threads were stopped: 0.0001860 seconds
Application time: 0.0003270 seconds
Total time for which application threads were stopped: 0.0003000 seconds
Application time: 0.0003300 seconds
Total time for which application threads were stopped: 0.0002430 seconds
Application time: 0.0003150 seconds
Total time for which application threads were stopped: 0.0001020 seconds
Application time: 0.0003890 seconds
Total time for which application threads were stopped: 0.0000990 seconds
Application time: 0.0001500 seconds
Total time for which application threads were stopped: 0.0001310 seconds
Application time: 0.0004180 seconds
Total time for which application threads were stopped: 0.0000880 seconds
Application time: 0.0005570 seconds
Total time for which application threads were stopped: 0.0000720 seconds
Application time: 0.0004090 seconds
Total time for which application threads were stopped: 0.0002760 seconds
Application time: 0.0021810 seconds
Total time for which application threads were stopped: 0.0002740 seconds
Application time: 0.0040260 seconds
{Heap before GC invocations=3 (full 1):
 PSYoungGen      total 305856K, used 262208K [0x00000007d6560000, 0x00000007ebab0000, 0x0000000800000000)
  eden space 262208K, 100% used [0x00000007d6560000,0x00000007e6570000,0x00000007e6570000)
  from space 43648K, 0% used [0x00000007e6570000,0x00000007e6570000,0x00000007e9010000)
  to   space 43648K, 0% used [0x00000007e9010000,0x00000007e9010000,0x00000007ebab0000)
 PSOldGen        total 699072K, used 1523K [0x0000000783000000, 0x00000007adab0000, 0x00000007d6560000)
  object space 699072K, 0% used [0x0000000783000000,0x000000078317cdc8,0x00000007adab0000)
 PSPermGen       total 21248K, used 17257K [0x000000077de00000, 0x000000077f2c0000, 0x0000000783000000)
  object space 21248K, 81% used [0x000000077de00000,0x000000077eeda680,0x000000077f2c0000)
71.653: [GC [PSYoungGen: 262208K->4224K(305856K)] 263731K->5747K(1004928K), 0.0096910 secs] [Times: user=0.07 sys=0.00, real=0.01 secs] 
Heap after GC invocations=3 (full 1):
 PSYoungGen      total 305856K, used 4224K [0x00000007d6560000, 0x00000007ebab0000, 0x0000000800000000)
  eden space 262208K, 0% used [0x00000007d6560000,0x00000007d6560000,0x00000007e6570000)
  from space 43648K, 9% used [0x00000007e9010000,0x00000007e9430050,0x00000007ebab0000)
  to   space 43648K, 0% used [0x00000007e6570000,0x00000007e6570000,0x00000007e9010000)
 PSOldGen        total 699072K, used 1523K [0x0000000783000000, 0x00000007adab0000, 0x00000007d6560000)
  object space 699072K, 0% used [0x0000000783000000,0x000000078317cdc8,0x00000007adab0000)
 PSPermGen       total 21248K, used 17257K [0x000000077de00000, 0x000000077f2c0000, 0x0000000783000000)
  object space 21248K, 81% used [0x000000077de00000,0x000000077eeda680,0x000000077f2c0000)
}
Total time for which application threads were stopped: 0.0099080 seconds
Application time: 0.0128710 seconds
Total time for which application threads were stopped: 0.0003990 seconds
Application time: 0.0683350 seconds
Total time for which application threads were stopped: 0.0004320 seconds
Application time: 0.0100990 seconds
Total time for which application threads were stopped: 0.0002360 seconds
Application time: 0.0354650 seconds
Total time for which application threads were stopped: 0.0001550 seconds
Application time: 0.0132340 seconds
Total time for which application threads were stopped: 0.0001660 seconds
Application time: 0.0001560 seconds
Total time for which application threads were stopped: 0.0001270 seconds
Application time: 0.0001070 seconds
Total time for which application threads were stopped: 0.0001340 seconds
Application time: 0.0001400 seconds
Total time for which application threads were stopped: 0.0001330 seconds
Application time: 0.0000880 seconds
Total time for which application threads were stopped: 0.0051730 seconds
Application time: 0.0002230 seconds
Total time for which application threads were stopped: 0.0001680 seconds
Application time: 0.0001440 seconds
Total time for which application threads were stopped: 0.0001360 seconds
Application time: 0.0000640 seconds
Total time for which application threads were stopped: 0.0000860 seconds
Application time: 0.0012030 seconds
Total time for which application threads were stopped: 0.0002730 seconds
Application time: 0.0005580 seconds
Total time for which application threads were stopped: 0.0002040 seconds
Application time: 0.0008820 seconds
Total time for which application threads were stopped: 0.0006210 seconds
Application time: 0.0006170 seconds
Total time for which application threads were stopped: 0.0002980 seconds
Application time: 0.0014510 seconds
Total time for which application threads were stopped: 0.0005310 seconds
Application time: 0.0102960 seconds
Total time for which application threads were stopped: 0.0002940 seconds
Application time: 0.0024000 seconds
Total time for which application threads were stopped: 0.0005590 seconds
Application time: 0.0035890 seconds
Total time for which application threads were stopped: 0.0006710 seconds
Application time: 1.0422120 seconds
Total time for which application threads were stopped: 0.0004460 seconds
Application time: 0.0269050 seconds
{Heap before GC invocations=4 (full 1):
 PSYoungGen      total 305856K, used 266432K [0x00000007d6560000, 0x00000007ebab0000, 0x0000000800000000)
  eden space 262208K, 100% used [0x00000007d6560000,0x00000007e6570000,0x00000007e6570000)
  from space 43648K, 9% used [0x00000007e9010000,0x00000007e9430050,0x00000007ebab0000)
  to   space 43648K, 0% used [0x00000007e6570000,0x00000007e6570000,0x00000007e9010000)
 PSOldGen        total 699072K, used 1523K [0x0000000783000000, 0x00000007adab0000, 0x00000007d6560000)
  object space 699072K, 0% used [0x0000000783000000,0x000000078317cdc8,0x00000007adab0000)
 PSPermGen       total 21248K, used 20078K [0x000000077de00000, 0x000000077f2c0000, 0x0000000783000000)
  object space 21248K, 94% used [0x000000077de00000,0x000000077f19b9c8,0x000000077f2c0000)
72.906: [GC [PSYoungGen: 266432K->43645K(305856K)] 267955K->152170K(1004928K), 0.0437170 secs] [Times: user=0.31 sys=0.10, real=0.04 secs] 
Heap after GC invocations=4 (full 1):
 PSYoungGen      total 305856K, used 43645K [0x00000007d6560000, 0x00000007fbac0000, 0x0000000800000000)
  eden space 262208K, 0% used [0x00000007d6560000,0x00000007d6560000,0x00000007e6570000)
  from space 43648K, 99% used [0x00000007e6570000,0x00000007e900f550,0x00000007e9010000)
  to   space 43648K, 0% used [0x00000007f9020000,0x00000007f9020000,0x00000007fbac0000)
 PSOldGen        total 699072K, used 108525K [0x0000000783000000, 0x00000007adab0000, 0x00000007d6560000)
  object space 699072K, 15% used [0x0000000783000000,0x00000007899fb648,0x00000007adab0000)
 PSPermGen       total 21248K, used 20078K [0x000000077de00000, 0x000000077f2c0000, 0x0000000783000000)
  object space 21248K, 94% used [0x000000077de00000,0x000000077f19b9c8,0x000000077f2c0000)
}
Total time for which application threads were stopped: 0.0445520 seconds
Application time: 0.0001170 seconds
Total time for which application threads were stopped: 0.0002200 seconds
Application time: 0.0079350 seconds
Total time for which application threads were stopped: 0.0002280 seconds
Application time: 0.0022550 seconds
Total time for which application threads were stopped: 0.0002900 seconds
Application time: 0.0000480 seconds
Total time for which application threads were stopped: 0.0000870 seconds
Application time: 0.0021780 seconds
Total time for which application threads were stopped: 0.0002980 seconds
Application time: 0.0007740 seconds
Total time for which application threads were stopped: 0.0001760 seconds
Application time: 0.0000530 seconds
Total time for which application threads were stopped: 0.0001290 seconds
Application time: 0.0000320 seconds
Total time for which application threads were stopped: 0.0000690 seconds
Application time: 0.0036980 seconds
Total time for which application threads were stopped: 0.0002220 seconds
Application time: 0.0000370 seconds
Total time for which application threads were stopped: 0.0000870 seconds
Application time: 0.0155510 seconds
Total time for which application threads were stopped: 0.0003470 seconds
Application time: 0.0000470 seconds
Total time for which application threads were stopped: 0.0001030 seconds
Application time: 0.0000390 seconds
Total time for which application threads were stopped: 0.0001210 seconds
Application time: 0.0000310 seconds
Total time for which application threads were stopped: 0.0001480 seconds
Application time: 0.0000330 seconds
Total time for which application threads were stopped: 0.0001040 seconds
Application time: 0.0000340 seconds
Total time for which application threads were stopped: 0.0001120 seconds
Application time: 0.0000300 seconds
Total time for which application threads were stopped: 0.0001210 seconds
Application time: 0.0000300 seconds
Total time for which application threads were stopped: 0.0000970 seconds
Application time: 0.0000270 seconds
Total time for which application threads were stopped: 0.0001020 seconds
Application time: 0.0000320 seconds
Total time for which application threads were stopped: 0.0005000 seconds
Application time: 0.0000390 seconds
Total time for which application threads were stopped: 0.0001170 seconds
Application time: 0.0017830 seconds
Total time for which application threads were stopped: 0.0002470 seconds
Application time: 0.0000380 seconds
Total time for which application threads were stopped: 0.0001370 seconds
Application time: 0.0014770 seconds
Total time for which application threads were stopped: 0.0002580 seconds
Application time: 0.0000420 seconds
Total time for which application threads were stopped: 0.0001160 seconds
Application time: 0.0000340 seconds
Total time for which application threads were stopped: 0.0001200 seconds
Application time: 0.0000310 seconds
Total time for which application threads were stopped: 0.0000740 seconds
Application time: 0.0000290 seconds
Total time for which application threads were stopped: 0.0001020 seconds
Application time: 0.0001730 seconds
Total time for which application threads were stopped: 0.0001550 seconds
Application time: 0.0000280 seconds
Total time for which application threads were stopped: 0.0001020 seconds
Application time: 0.0000330 seconds
Total time for which application threads were stopped: 0.0001180 seconds
Application time: 0.0000310 seconds
Total time for which application threads were stopped: 0.0001320 seconds
Application time: 0.0000370 seconds
Total time for which application threads were stopped: 0.0000990 seconds
Application time: 0.0023310 seconds
Total time for which application threads were stopped: 0.0006530 seconds
Application time: 0.0000510 seconds
Total time for which application threads were stopped: 0.0000550 seconds
Application time: 0.0000460 seconds
Total time for which application threads were stopped: 0.0000630 seconds
Application time: 0.0000430 seconds
Total time for which application threads were stopped: 0.0001110 seconds
Application time: 0.0000360 seconds
Total time for which application threads were stopped: 0.0001160 seconds
Application time: 0.0000400 seconds
Total time for which application threads were stopped: 0.0001160 seconds
Application time: 0.0013970 seconds
Total time for which application threads were stopped: 0.0005870 seconds
Application time: 0.0265340 seconds
Total time for which application threads were stopped: 0.0003040 seconds
Application time: 0.0069130 seconds
Total time for which application threads were stopped: 0.0002900 seconds
Application time: 0.0001000 seconds
Total time for which application threads were stopped: 0.0001230 seconds
Application time: 0.0000280 seconds
Total time for which application threads were stopped: 0.0000910 seconds
Application time: 0.9579850 seconds
{Heap before GC invocations=5 (full 1):
 PSYoungGen      total 305856K, used 305853K [0x00000007d6560000, 0x00000007fbac0000, 0x0000000800000000)
  eden space 262208K, 100% used [0x00000007d6560000,0x00000007e6570000,0x00000007e6570000)
  from space 43648K, 99% used [0x00000007e6570000,0x00000007e900f550,0x00000007e9010000)
  to   space 43648K, 0% used [0x00000007f9020000,0x00000007f9020000,0x00000007fbac0000)
 PSOldGen        total 699072K, used 108525K [0x0000000783000000, 0x00000007adab0000, 0x00000007d6560000)
  object space 699072K, 15% used [0x0000000783000000,0x00000007899fb648,0x00000007adab0000)
 PSPermGen       total 21248K, used 20293K [0x000000077de00000, 0x000000077f2c0000, 0x0000000783000000)
  object space 21248K, 95% used [0x000000077de00000,0x000000077f1d16a8,0x000000077f2c0000)
73.991: [GC [PSYoungGen: 305853K->43631K(568064K)] 414378K->279415K(1267136K), 0.0342260 secs] [Times: user=0.26 sys=0.22, real=0.04 secs] 
Heap after GC invocations=5 (full 1):
 PSYoungGen      total 568064K, used 43631K [0x00000007d6560000, 0x00000007fbac0000, 0x0000000800000000)
  eden space 524416K, 0% used [0x00000007d6560000,0x00000007d6560000,0x00000007f6580000)
  from space 43648K, 99% used [0x00000007f9020000,0x00000007fbabbe00,0x00000007fbac0000)
  to   space 43648K, 0% used [0x00000007f6580000,0x00000007f6580000,0x00000007f9020000)
 PSOldGen        total 699072K, used 235783K [0x0000000783000000, 0x00000007adab0000, 0x00000007d6560000)
  object space 699072K, 33% used [0x0000000783000000,0x0000000791641e30,0x00000007adab0000)
 PSPermGen       total 21248K, used 20293K [0x000000077de00000, 0x000000077f2c0000, 0x0000000783000000)
  object space 21248K, 95% used [0x000000077de00000,0x000000077f1d16a8,0x000000077f2c0000)
}
Total time for which application threads were stopped: 0.0349300 seconds
Application time: 1.0000720 seconds
Total time for which application threads were stopped: 0.0004680 seconds
Application time: 0.4553170 seconds
{Heap before GC invocations=6 (full 1):
 PSYoungGen      total 568064K, used 568047K [0x00000007d6560000, 0x00000007fbac0000, 0x0000000800000000)
  eden space 524416K, 100% used [0x00000007d6560000,0x00000007f6580000,0x00000007f6580000)
  from space 43648K, 99% used [0x00000007f9020000,0x00000007fbabbe00,0x00000007fbac0000)
  to   space 43648K, 0% used [0x00000007f6580000,0x00000007f6580000,0x00000007f9020000)
 PSOldGen        total 699072K, used 235783K [0x0000000783000000, 0x00000007adab0000, 0x00000007d6560000)
  object space 699072K, 33% used [0x0000000783000000,0x0000000791641e30,0x00000007adab0000)
 PSPermGen       total 21248K, used 20620K [0x000000077de00000, 0x000000077f2c0000, 0x0000000783000000)
  object space 21248K, 97% used [0x000000077de00000,0x000000077f223190,0x000000077f2c0000)
75.482: [GC [PSYoungGen: 568047K->43633K(568064K)] 803831K->437485K(1267136K), 0.0690610 secs] [Times: user=0.69 sys=0.20, real=0.07 secs] 
Heap after GC invocations=6 (full 1):
 PSYoungGen      total 568064K, used 43633K [0x00000007d6560000, 0x0000000800000000, 0x0000000800000000)
  eden space 524416K, 0% used [0x00000007d6560000,0x00000007d6560000,0x00000007f6580000)
  from space 43648K, 99% used [0x00000007f6580000,0x00000007f901c410,0x00000007f9020000)
  to   space 43648K, 0% used [0x00000007fd560000,0x00000007fd560000,0x0000000800000000)
 PSOldGen        total 699072K, used 393852K [0x0000000783000000, 0x00000007adab0000, 0x00000007d6560000)
  object space 699072K, 56% used [0x0000000783000000,0x000000079b09f180,0x00000007adab0000)
 PSPermGen       total 21248K, used 20620K [0x000000077de00000, 0x000000077f2c0000, 0x0000000783000000)
  object space 21248K, 97% used [0x000000077de00000,0x000000077f223190,0x000000077f2c0000)
}
Total time for which application threads were stopped: 0.0701250 seconds
Application time: 0.5789990 seconds
Total time for which application threads were stopped: 0.0003140 seconds
Application time: 0.0051700 seconds
Total time for which application threads were stopped: 0.0002460 seconds
Application time: 0.0016820 seconds
Total time for which application threads were stopped: 0.0001770 seconds
Application time: 0.0002100 seconds
Total time for which application threads were stopped: 0.0000900 seconds
Application time: 0.0001500 seconds
Total time for which application threads were stopped: 0.0002230 seconds
Application time: 0.0002110 seconds
Total time for which application threads were stopped: 0.0001780 seconds
Application time: 0.0001960 seconds
Total time for which application threads were stopped: 0.0001910 seconds
Application time: 0.0001640 seconds
Total time for which application threads were stopped: 0.0001520 seconds
Application time: 0.0001950 seconds
Total time for which application threads were stopped: 0.0001530 seconds
Application time: 0.0001560 seconds
Total time for which application threads were stopped: 0.0002090 seconds
Application time: 0.0001540 seconds
Total time for which application threads were stopped: 0.0001270 seconds
Application time: 0.0020910 seconds
Total time for which application threads were stopped: 0.0004110 seconds
Application time: 0.0002230 seconds
Total time for which application threads were stopped: 0.0001770 seconds
Application time: 0.0001710 seconds
Total time for which application threads were stopped: 0.0002900 seconds
Application time: 0.0185460 seconds
Total time for which application threads were stopped: 0.0004200 seconds
Application time: 0.0006800 seconds
Total time for which application threads were stopped: 0.0002800 seconds
Application time: 0.0001570 seconds
Total time for which application threads were stopped: 0.0001250 seconds
Application time: 0.0000990 seconds
Total time for which application threads were stopped: 0.0001290 seconds
Application time: 0.0044840 seconds
Total time for which application threads were stopped: 0.0003310 seconds
Application time: 0.0001220 seconds
Total time for which application threads were stopped: 0.0006700 seconds
Application time: 1.0000740 seconds
Total time for which application threads were stopped: 0.0009050 seconds
Application time: 0.0626470 seconds
{Heap before GC invocations=7 (full 1):
 PSYoungGen      total 568064K, used 568049K [0x00000007d6560000, 0x0000000800000000, 0x0000000800000000)
  eden space 524416K, 100% used [0x00000007d6560000,0x00000007f6580000,0x00000007f6580000)
  from space 43648K, 99% used [0x00000007f6580000,0x00000007f901c410,0x00000007f9020000)
  to   space 43648K, 0% used [0x00000007fd560000,0x00000007fd560000,0x0000000800000000)
 PSOldGen        total 699072K, used 393852K [0x0000000783000000, 0x00000007adab0000, 0x00000007d6560000)
  object space 699072K, 56% used [0x0000000783000000,0x000000079b09f180,0x00000007adab0000)
 PSPermGen       total 21248K, used 20643K [0x000000077de00000, 0x000000077f2c0000, 0x0000000783000000)
  object space 21248K, 97% used [0x000000077de00000,0x000000077f228f60,0x000000077f2c0000)
77.234: [GC [PSYoungGen: 568049K->43646K(271232K)] 961901K->458189K(970304K), 0.1262080 secs] [Times: user=1.54 sys=0.06, real=0.12 secs] 
Heap after GC invocations=7 (full 1):
 PSYoungGen      total 271232K, used 43646K [0x00000007d6560000, 0x0000000800000000, 0x0000000800000000)
  eden space 227584K, 0% used [0x00000007d6560000,0x00000007d6560000,0x00000007e43a0000)
  from space 43648K, 99% used [0x00000007fd560000,0x00000007fffffba0,0x0000000800000000)
  to   space 227520K, 0% used [0x00000007e43a0000,0x00000007e43a0000,0x00000007f21d0000)
 PSOldGen        total 699072K, used 414542K [0x0000000783000000, 0x00000007adab0000, 0x00000007d6560000)
  object space 699072K, 59% used [0x0000000783000000,0x000000079c4d3bf0,0x00000007adab0000)
 PSPermGen       total 21248K, used 20643K [0x000000077de00000, 0x000000077f2c0000, 0x0000000783000000)
  object space 21248K, 97% used [0x000000077de00000,0x000000077f228f60,0x000000077f2c0000)
}
Total time for which application threads were stopped: 0.1266780 seconds
Application time: 1.0001420 seconds
Total time for which application threads were stopped: 0.0004380 seconds
Application time: 1.5420160 seconds
{Heap before GC invocations=8 (full 1):
 PSYoungGen      total 271232K, used 271230K [0x00000007d6560000, 0x0000000800000000, 0x0000000800000000)
  eden space 227584K, 100% used [0x00000007d6560000,0x00000007e43a0000,0x00000007e43a0000)
  from space 43648K, 99% used [0x00000007fd560000,0x00000007fffffba0,0x0000000800000000)
  to   space 227520K, 0% used [0x00000007e43a0000,0x00000007e43a0000,0x00000007f21d0000)
 PSOldGen        total 699072K, used 414542K [0x0000000783000000, 0x00000007adab0000, 0x00000007d6560000)
  object space 699072K, 59% used [0x0000000783000000,0x000000079c4d3bf0,0x00000007adab0000)
 PSPermGen       total 21248K, used 20667K [0x000000077de00000, 0x000000077f2c0000, 0x0000000783000000)
  object space 21248K, 97% used [0x000000077de00000,0x000000077f22ef68,0x000000077f2c0000)
79.904: [GC [PSYoungGen: 271230K->50152K(455104K)] 685773K->464695K(1154176K), 0.0551790 secs] [Times: user=0.40 sys=0.00, real=0.05 secs] 
Heap after GC invocations=8 (full 1):
 PSYoungGen      total 455104K, used 50152K [0x00000007d6560000, 0x0000000800000000, 0x0000000800000000)
  eden space 227584K, 0% used [0x00000007d6560000,0x00000007d6560000,0x00000007e43a0000)
  from space 227520K, 22% used [0x00000007e43a0000,0x00000007e749a350,0x00000007f21d0000)
  to   space 227520K, 0% used [0x00000007f21d0000,0x00000007f21d0000,0x0000000800000000)
 PSOldGen        total 699072K, used 414542K [0x0000000783000000, 0x00000007adab0000, 0x00000007d6560000)
  object space 699072K, 59% used [0x0000000783000000,0x000000079c4d3bf0,0x00000007adab0000)
 PSPermGen       total 21248K, used 20667K [0x000000077de00000, 0x000000077f2c0000, 0x0000000783000000)
  object space 21248K, 97% used [0x000000077de00000,0x000000077f22ef68,0x000000077f2c0000)
}
Total time for which application threads were stopped: 0.0558500 seconds
Application time: 0.8657270 seconds
{Heap before GC invocations=9 (full 1):
 PSYoungGen      total 455104K, used 277736K [0x00000007d6560000, 0x0000000800000000, 0x0000000800000000)
  eden space 227584K, 100% used [0x00000007d6560000,0x00000007e43a0000,0x00000007e43a0000)
  from space 227520K, 22% used [0x00000007e43a0000,0x00000007e749a350,0x00000007f21d0000)
  to   space 227520K, 0% used [0x00000007f21d0000,0x00000007f21d0000,0x0000000800000000)
 PSOldGen        total 699072K, used 414542K [0x0000000783000000, 0x00000007adab0000, 0x00000007d6560000)
  object space 699072K, 59% used [0x0000000783000000,0x000000079c4d3bf0,0x00000007adab0000)
 PSPermGen       total 21248K, used 20668K [0x000000077de00000, 0x000000077f2c0000, 0x0000000783000000)
  object space 21248K, 97% used [0x000000077de00000,0x000000077f22f178,0x000000077f2c0000)
80.825: [GC [PSYoungGen: 277736K->35976K(455104K)] 692279K->461826K(1154176K), 0.0568270 secs] [Times: user=0.41 sys=0.01, real=0.05 secs] 
Heap after GC invocations=9 (full 1):
 PSYoungGen      total 455104K, used 35976K [0x00000007d6560000, 0x0000000800000000, 0x0000000800000000)
  eden space 227584K, 0% used [0x00000007d6560000,0x00000007d6560000,0x00000007e43a0000)
  from space 227520K, 15% used [0x00000007f21d0000,0x00000007f44f23b0,0x0000000800000000)
  to   space 227520K, 0% used [0x00000007e43a0000,0x00000007e43a0000,0x00000007f21d0000)
 PSOldGen        total 699072K, used 425849K [0x0000000783000000, 0x00000007adab0000, 0x00000007d6560000)
  object space 699072K, 60% used [0x0000000783000000,0x000000079cfde598,0x00000007adab0000)
 PSPermGen       total 21248K, used 20668K [0x000000077de00000, 0x000000077f2c0000, 0x0000000783000000)
  object space 21248K, 97% used [0x000000077de00000,0x000000077f22f178,0x000000077f2c0000)
}
Total time for which application threads were stopped: 0.0573360 seconds
Application time: 0.8687770 seconds
{Heap before GC invocations=10 (full 1):
 PSYoungGen      total 455104K, used 263560K [0x00000007d6560000, 0x0000000800000000, 0x0000000800000000)
  eden space 227584K, 100% used [0x00000007d6560000,0x00000007e43a0000,0x00000007e43a0000)
  from space 227520K, 15% used [0x00000007f21d0000,0x00000007f44f23b0,0x0000000800000000)
  to   space 227520K, 0% used [0x00000007e43a0000,0x00000007e43a0000,0x00000007f21d0000)
 PSOldGen        total 699072K, used 425849K [0x0000000783000000, 0x00000007adab0000, 0x00000007d6560000)
  object space 699072K, 60% used [0x0000000783000000,0x000000079cfde598,0x00000007adab0000)
 PSPermGen       total 21248K, used 20669K [0x000000077de00000, 0x000000077f2c0000, 0x0000000783000000)
  object space 21248K, 97% used [0x000000077de00000,0x000000077f22f758,0x000000077f2c0000)
81.751: [GC [PSYoungGen: 263560K->11142K(455104K)] 689410K->456460K(1154176K), 0.0526470 secs] [Times: user=0.32 sys=0.05, real=0.06 secs] 
Heap after GC invocations=10 (full 1):
 PSYoungGen      total 455104K, used 11142K [0x00000007d6560000, 0x0000000800000000, 0x0000000800000000)
  eden space 227584K, 0% used [0x00000007d6560000,0x00000007d6560000,0x00000007e43a0000)
  from space 227520K, 4% used [0x00000007e43a0000,0x00000007e4e81b50,0x00000007f21d0000)
  to   space 227520K, 0% used [0x00000007f21d0000,0x00000007f21d0000,0x0000000800000000)
 PSOldGen        total 699072K, used 445317K [0x0000000783000000, 0x00000007adab0000, 0x00000007d6560000)
  object space 699072K, 63% used [0x0000000783000000,0x000000079e2e1568,0x00000007adab0000)
 PSPermGen       total 21248K, used 20669K [0x000000077de00000, 0x000000077f2c0000, 0x0000000783000000)
  object space 21248K, 97% used [0x000000077de00000,0x000000077f22f758,0x000000077f2c0000)
}
Total time for which application threads were stopped: 0.0532760 seconds
Application time: 0.8864680 seconds
{Heap before GC invocations=11 (full 1):
 PSYoungGen      total 455104K, used 238726K [0x00000007d6560000, 0x0000000800000000, 0x0000000800000000)
  eden space 227584K, 100% used [0x00000007d6560000,0x00000007e43a0000,0x00000007e43a0000)
  from space 227520K, 4% used [0x00000007e43a0000,0x00000007e4e81b50,0x00000007f21d0000)
  to   space 227520K, 0% used [0x00000007f21d0000,0x00000007f21d0000,0x0000000800000000)
 PSOldGen        total 699072K, used 445317K [0x0000000783000000, 0x00000007adab0000, 0x00000007d6560000)
  object space 699072K, 63% used [0x0000000783000000,0x000000079e2e1568,0x00000007adab0000)
 PSPermGen       total 21248K, used 20669K [0x000000077de00000, 0x000000077f2c0000, 0x0000000783000000)
  object space 21248K, 97% used [0x000000077de00000,0x000000077f22f758,0x000000077f2c0000)
82.691: [GC [PSYoungGen: 238726K->6976K(455104K)] 684044K->456394K(1154176K), 0.0510670 secs] [Times: user=0.36 sys=0.00, real=0.05 secs] 
Heap after GC invocations=11 (full 1):
 PSYoungGen      total 455104K, used 6976K [0x00000007d6560000, 0x0000000800000000, 0x0000000800000000)
  eden space 227584K, 0% used [0x00000007d6560000,0x00000007d6560000,0x00000007e43a0000)
  from space 227520K, 3% used [0x00000007f21d0000,0x00000007f28a0000,0x0000000800000000)
  to   space 227520K, 0% used [0x00000007e43a0000,0x00000007e43a0000,0x00000007f21d0000)
 PSOldGen        total 699072K, used 449418K [0x0000000783000000, 0x00000007adab0000, 0x00000007d6560000)
  object space 699072K, 64% used [0x0000000783000000,0x000000079e6e2bc8,0x00000007adab0000)
 PSPermGen       total 21248K, used 20669K [0x000000077de00000, 0x000000077f2c0000, 0x0000000783000000)
  object space 21248K, 97% used [0x000000077de00000,0x000000077f22f758,0x000000077f2c0000)
}
Total time for which application threads were stopped: 0.0516460 seconds
Application time: 0.8933950 seconds
{Heap before GC invocations=12 (full 1):
 PSYoungGen      total 455104K, used 234560K [0x00000007d6560000, 0x0000000800000000, 0x0000000800000000)
  eden space 227584K, 100% used [0x00000007d6560000,0x00000007e43a0000,0x00000007e43a0000)
  from space 227520K, 3% used [0x00000007f21d0000,0x00000007f28a0000,0x0000000800000000)
  to   space 227520K, 0% used [0x00000007e43a0000,0x00000007e43a0000,0x00000007f21d0000)
 PSOldGen        total 699072K, used 449418K [0x0000000783000000, 0x00000007adab0000, 0x00000007d6560000)
  object space 699072K, 64% used [0x0000000783000000,0x000000079e6e2bc8,0x00000007adab0000)
 PSPermGen       total 21248K, used 20669K [0x000000077de00000, 0x000000077f2c0000, 0x0000000783000000)
  object space 21248K, 97% used [0x000000077de00000,0x000000077f22f758,0x000000077f2c0000)
83.636: [GC [PSYoungGen: 234560K->6976K(234560K)] 683978K->456394K(933632K), 0.0506920 secs] [Times: user=0.34 sys=0.01, real=0.05 secs] 
Heap after GC invocations=12 (full 1):
 PSYoungGen      total 234560K, used 6976K [0x00000007d6560000, 0x00000007fff20000, 0x0000000800000000)
  eden space 227584K, 0% used [0x00000007d6560000,0x00000007d6560000,0x00000007e43a0000)
  from space 6976K, 100% used [0x00000007e43a0000,0x00000007e4a70000,0x00000007e4a70000)
  to   space 227072K, 0% used [0x00000007f2160000,0x00000007f2160000,0x00000007fff20000)
 PSOldGen        total 699072K, used 449418K [0x0000000783000000, 0x00000007adab0000, 0x00000007d6560000)
  object space 699072K, 64% used [0x0000000783000000,0x000000079e6e2bc8,0x00000007adab0000)
 PSPermGen       total 21248K, used 20669K [0x000000077de00000, 0x000000077f2c0000, 0x0000000783000000)
  object space 21248K, 97% used [0x000000077de00000,0x000000077f22f758,0x000000077f2c0000)
}
Total time for which application threads were stopped: 0.0512120 seconds
Application time: 1.0000770 seconds
Total time for which application threads were stopped: 0.0004610 seconds
Application time: 0.2954780 seconds
{Heap before GC invocations=13 (full 1):
 PSYoungGen      total 234560K, used 234560K [0x00000007d6560000, 0x00000007fff20000, 0x0000000800000000)
  eden space 227584K, 100% used [0x00000007d6560000,0x00000007e43a0000,0x00000007e43a0000)
  from space 6976K, 100% used [0x00000007e43a0000,0x00000007e4a70000,0x00000007e4a70000)
  to   space 227072K, 0% used [0x00000007f2160000,0x00000007f2160000,0x00000007fff20000)
 PSOldGen        total 699072K, used 449418K [0x0000000783000000, 0x00000007adab0000, 0x00000007d6560000)
  object space 699072K, 64% used [0x0000000783000000,0x000000079e6e2bc8,0x00000007adab0000)
 PSPermGen       total 21248K, used 20671K [0x000000077de00000, 0x000000077f2c0000, 0x0000000783000000)
  object space 21248K, 97% used [0x000000077de00000,0x000000077f22fd68,0x000000077f2c0000)
84.983: [GC [PSYoungGen: 234560K->7040K(461312K)] 683978K->456466K(1160384K), 0.0501020 secs] [Times: user=0.35 sys=0.00, real=0.05 secs] 
Heap after GC invocations=13 (full 1):
 PSYoungGen      total 461312K, used 7040K [0x00000007d6560000, 0x0000000800000000, 0x0000000800000000)
  eden space 234240K, 0% used [0x00000007d6560000,0x00000007d6560000,0x00000007e4a20000)
  from space 227072K, 3% used [0x00000007f2160000,0x00000007f2840000,0x00000007fff20000)
  to   space 220416K, 0% used [0x00000007e4a20000,0x00000007e4a20000,0x00000007f2160000)
 PSOldGen        total 699072K, used 449426K [0x0000000783000000, 0x00000007adab0000, 0x00000007d6560000)
  object space 699072K, 64% used [0x0000000783000000,0x000000079e6e4bc8,0x00000007adab0000)
 PSPermGen       total 21248K, used 20671K [0x000000077de00000, 0x000000077f2c0000, 0x0000000783000000)
  object space 21248K, 97% used [0x000000077de00000,0x000000077f22fd68,0x000000077f2c0000)
}
Total time for which application threads were stopped: 0.0505010 seconds
Application time: 0.8365960 seconds
{Heap before GC invocations=14 (full 1):
 PSYoungGen      total 461312K, used 241280K [0x00000007d6560000, 0x0000000800000000, 0x0000000800000000)
  eden space 234240K, 100% used [0x00000007d6560000,0x00000007e4a20000,0x00000007e4a20000)
  from space 227072K, 3% used [0x00000007f2160000,0x00000007f2840000,0x00000007fff20000)
  to   space 220416K, 0% used [0x00000007e4a20000,0x00000007e4a20000,0x00000007f2160000)
 PSOldGen        total 699072K, used 449426K [0x0000000783000000, 0x00000007adab0000, 0x00000007d6560000)
  object space 699072K, 64% used [0x0000000783000000,0x000000079e6e4bc8,0x00000007adab0000)
 PSPermGen       total 21248K, used 20673K [0x000000077de00000, 0x000000077f2c0000, 0x0000000783000000)
  object space 21248K, 97% used [0x000000077de00000,0x000000077f230778,0x000000077f2c0000)
85.870: [GC [PSYoungGen: 241280K->8645K(242944K)] 690706K->458080K(942016K), 0.0537530 secs] [Times: user=0.37 sys=0.00, real=0.05 secs] 
Heap after GC invocations=14 (full 1):
 PSYoungGen      total 242944K, used 8645K [0x00000007d6560000, 0x00000007fea40000, 0x0000000800000000)
  eden space 234240K, 0% used [0x00000007d6560000,0x00000007d6560000,0x00000007e4a20000)
  from space 8704K, 99% used [0x00000007e4a20000,0x00000007e5291520,0x00000007e52a0000)
  to   space 212608K, 0% used [0x00000007f1aa0000,0x00000007f1aa0000,0x00000007fea40000)
 PSOldGen        total 699072K, used 449434K [0x0000000783000000, 0x00000007adab0000, 0x00000007d6560000)
  object space 699072K, 64% used [0x0000000783000000,0x000000079e6e6bc8,0x00000007adab0000)
 PSPermGen       total 21248K, used 20673K [0x000000077de00000, 0x000000077f2c0000, 0x0000000783000000)
  object space 21248K, 97% used [0x000000077de00000,0x000000077f230778,0x000000077f2c0000)
}
Total time for which application threads were stopped: 0.0544010 seconds
Application time: 0.8452290 seconds
{Heap before GC invocations=15 (full 1):
 PSYoungGen      total 242944K, used 242885K [0x00000007d6560000, 0x00000007fea40000, 0x0000000800000000)
  eden space 234240K, 100% used [0x00000007d6560000,0x00000007e4a20000,0x00000007e4a20000)
  from space 8704K, 99% used [0x00000007e4a20000,0x00000007e5291520,0x00000007e52a0000)
  to   space 212608K, 0% used [0x00000007f1aa0000,0x00000007f1aa0000,0x00000007fea40000)
 PSOldGen        total 699072K, used 449434K [0x0000000783000000, 0x00000007adab0000, 0x00000007d6560000)
  object space 699072K, 64% used [0x0000000783000000,0x000000079e6e6bc8,0x00000007adab0000)
 PSPermGen       total 21248K, used 20674K [0x000000077de00000, 0x000000077f2c0000, 0x0000000783000000)
  object space 21248K, 97% used [0x000000077de00000,0x000000077f230830,0x000000077f2c0000)
86.770: [GC [PSYoungGen: 242885K->7281K(455872K)] 692320K->458123K(1154944K), 0.0524230 secs] [Times: user=0.36 sys=0.00, real=0.05 secs] 
Heap after GC invocations=15 (full 1):
 PSYoungGen      total 455872K, used 7281K [0x00000007d6560000, 0x0000000800000000, 0x0000000800000000)
  eden space 243264K, 0% used [0x00000007d6560000,0x00000007d6560000,0x00000007e52f0000)
  from space 212608K, 3% used [0x00000007f1aa0000,0x00000007f21bc430,0x00000007fea40000)
  to   space 204480K, 0% used [0x00000007e52f0000,0x00000007e52f0000,0x00000007f1aa0000)
 PSOldGen        total 699072K, used 450842K [0x0000000783000000, 0x00000007adab0000, 0x00000007d6560000)
  object space 699072K, 64% used [0x0000000783000000,0x000000079e8469e8,0x00000007adab0000)
 PSPermGen       total 21248K, used 20674K [0x000000077de00000, 0x000000077f2c0000, 0x0000000783000000)
  object space 21248K, 97% used [0x000000077de00000,0x000000077f230830,0x000000077f2c0000)
}
Total time for which application threads were stopped: 0.0530700 seconds
Application time: 0.8849000 seconds
{Heap before GC invocations=16 (full 1):
 PSYoungGen      total 455872K, used 250545K [0x00000007d6560000, 0x0000000800000000, 0x0000000800000000)
  eden space 243264K, 100% used [0x00000007d6560000,0x00000007e52f0000,0x00000007e52f0000)
  from space 212608K, 3% used [0x00000007f1aa0000,0x00000007f21bc430,0x00000007fea40000)
  to   space 204480K, 0% used [0x00000007e52f0000,0x00000007e52f0000,0x00000007f1aa0000)
 PSOldGen        total 699072K, used 450842K [0x0000000783000000, 0x00000007adab0000, 0x00000007d6560000)
  object space 699072K, 64% used [0x0000000783000000,0x000000079e8469e8,0x00000007adab0000)
 PSPermGen       total 21248K, used 20674K [0x000000077de00000, 0x000000077f2c0000, 0x0000000783000000)
  object space 21248K, 97% used [0x000000077de00000,0x000000077f230830,0x000000077f2c0000)
87.708: [GC [PSYoungGen: 250545K->7552K(447744K)] 701387K->458523K(1146816K), 0.0564420 secs] [Times: user=0.38 sys=0.00, real=0.06 secs] 
Heap after GC invocations=16 (full 1):
 PSYoungGen      total 447744K, used 7552K [0x00000007d6560000, 0x00000007fe750000, 0x0000000800000000)
  eden space 243264K, 0% used [0x00000007d6560000,0x00000007d6560000,0x00000007e52f0000)
  from space 204480K, 3% used [0x00000007e52f0000,0x00000007e5a50000,0x00000007f1aa0000)
  to   space 195904K, 0% used [0x00000007f2800000,0x00000007f2800000,0x00000007fe750000)
 PSOldGen        total 699072K, used 450971K [0x0000000783000000, 0x00000007adab0000, 0x00000007d6560000)
  object space 699072K, 64% used [0x0000000783000000,0x000000079e866e58,0x00000007adab0000)
 PSPermGen       total 21248K, used 20674K [0x000000077de00000, 0x000000077f2c0000, 0x0000000783000000)
  object space 21248K, 97% used [0x000000077de00000,0x000000077f230830,0x000000077f2c0000)
}
Total time for which application threads were stopped: 0.0573550 seconds
Application time: 0.8704170 seconds
{Heap before GC invocations=17 (full 1):
 PSYoungGen      total 447744K, used 250816K [0x00000007d6560000, 0x00000007fe750000, 0x0000000800000000)
  eden space 243264K, 100% used [0x00000007d6560000,0x00000007e52f0000,0x00000007e52f0000)
  from space 204480K, 3% used [0x00000007e52f0000,0x00000007e5a50000,0x00000007f1aa0000)
  to   space 195904K, 0% used [0x00000007f2800000,0x00000007f2800000,0x00000007fe750000)
 PSOldGen        total 699072K, used 450971K [0x0000000783000000, 0x00000007adab0000, 0x00000007d6560000)
  object space 699072K, 64% used [0x0000000783000000,0x000000079e866e58,0x00000007adab0000)
 PSPermGen       total 21248K, used 20676K [0x000000077de00000, 0x000000077f2c0000, 0x0000000783000000)
  object space 21248K, 97% used [0x000000077de00000,0x000000077f231350,0x000000077f2c0000)
88.636: [GC [PSYoungGen: 250816K->8970K(469056K)] 701787K->459957K(1168128K), 0.0533070 secs] [Times: user=0.34 sys=0.01, real=0.05 secs] 
Heap after GC invocations=17 (full 1):
 PSYoungGen      total 469056K, used 8970K [0x00000007d6560000, 0x00000007fe5e0000, 0x0000000800000000)
  eden space 274624K, 0% used [0x00000007d6560000,0x00000007d6560000,0x00000007e7190000)
  from space 194432K, 4% used [0x00000007f2800000,0x00000007f30c2980,0x00000007fe5e0000)
  to   space 186816K, 0% used [0x00000007e7190000,0x00000007e7190000,0x00000007f2800000)
 PSOldGen        total 699072K, used 450987K [0x0000000783000000, 0x00000007adab0000, 0x00000007d6560000)
  object space 699072K, 64% used [0x0000000783000000,0x000000079e86ae58,0x00000007adab0000)
 PSPermGen       total 21248K, used 20676K [0x000000077de00000, 0x000000077f2c0000, 0x0000000783000000)
  object space 21248K, 97% used [0x000000077de00000,0x000000077f231350,0x000000077f2c0000)
}
Total time for which application threads were stopped: 0.0538270 seconds
Application time: 0.0476800 seconds
Total time for which application threads were stopped: 0.0002580 seconds
Application time: 0.0009080 seconds
Total time for which application threads were stopped: 0.0002580 seconds
Application time: 0.0006040 seconds
Total time for which application threads were stopped: 0.0001810 seconds
Application time: 0.0002880 seconds
Total time for which application threads were stopped: 0.0002820 seconds
Application time: 0.0008600 seconds
Total time for which application threads were stopped: 0.0002090 seconds
Application time: 0.0008890 seconds
Total time for which application threads were stopped: 0.0001520 seconds
Application time: 0.0004440 seconds
Total time for which application threads were stopped: 0.0001920 seconds
Application time: 0.0013210 seconds
Total time for which application threads were stopped: 0.0001300 seconds
Application time: 1.6480680 seconds
{Heap before GC invocations=18 (full 1):
 PSYoungGen      total 469056K, used 283594K [0x00000007d6560000, 0x00000007fe5e0000, 0x0000000800000000)
  eden space 274624K, 100% used [0x00000007d6560000,0x00000007e7190000,0x00000007e7190000)
  from space 194432K, 4% used [0x00000007f2800000,0x00000007f30c2980,0x00000007fe5e0000)
  to   space 186816K, 0% used [0x00000007e7190000,0x00000007e7190000,0x00000007f2800000)
 PSOldGen        total 699072K, used 450987K [0x0000000783000000, 0x00000007adab0000, 0x00000007d6560000)
  object space 699072K, 64% used [0x0000000783000000,0x000000079e86ae58,0x00000007adab0000)
 PSPermGen       total 21248K, used 20676K [0x000000077de00000, 0x000000077f2c0000, 0x0000000783000000)
  object space 21248K, 97% used [0x000000077de00000,0x000000077f231350,0x000000077f2c0000)
90.392: [GC [PSYoungGen: 283594K->8448K(461440K)] 734581K->460228K(1160512K), 0.0633060 secs] [Times: user=0.42 sys=0.00, real=0.07 secs] 
Heap after GC invocations=18 (full 1):
 PSYoungGen      total 461440K, used 8448K [0x00000007d6560000, 0x00000007fe6d0000, 0x0000000800000000)
  eden space 274624K, 0% used [0x00000007d6560000,0x00000007d6560000,0x00000007e7190000)
  from space 186816K, 4% used [0x00000007e7190000,0x00000007e79d0000,0x00000007f2800000)
  to   space 177728K, 0% used [0x00000007f3940000,0x00000007f3940000,0x00000007fe6d0000)
 PSOldGen        total 699072K, used 451780K [0x0000000783000000, 0x00000007adab0000, 0x00000007d6560000)
  object space 699072K, 64% used [0x0000000783000000,0x000000079e9311d8,0x00000007adab0000)
 PSPermGen       total 21248K, used 20676K [0x000000077de00000, 0x000000077f2c0000, 0x0000000783000000)
  object space 21248K, 97% used [0x000000077de00000,0x000000077f231350,0x000000077f2c0000)
}
Total time for which application threads were stopped: 0.0637930 seconds
Application time: 0.8815480 seconds
{Heap before GC invocations=19 (full 1):
 PSYoungGen      total 461440K, used 283072K [0x00000007d6560000, 0x00000007fe6d0000, 0x0000000800000000)
  eden space 274624K, 100% used [0x00000007d6560000,0x00000007e7190000,0x00000007e7190000)
  from space 186816K, 4% used [0x00000007e7190000,0x00000007e79d0000,0x00000007f2800000)
  to   space 177728K, 0% used [0x00000007f3940000,0x00000007f3940000,0x00000007fe6d0000)
 PSOldGen        total 699072K, used 451780K [0x0000000783000000, 0x00000007adab0000, 0x00000007d6560000)
  object space 699072K, 64% used [0x0000000783000000,0x000000079e9311d8,0x00000007adab0000)
 PSPermGen       total 21248K, used 20690K [0x000000077de00000, 0x000000077f2c0000, 0x0000000783000000)
  object space 21248K, 97% used [0x000000077de00000,0x000000077f2349f0,0x000000077f2c0000)
91.338: [GC [PSYoungGen: 283072K->15821K(485568K)] 734852K->467618K(1184640K), 0.0600360 secs] [Times: user=0.40 sys=0.00, real=0.06 secs] 
Heap after GC invocations=19 (full 1):
 PSYoungGen      total 485568K, used 15821K [0x00000007d6560000, 0x00000007fe320000, 0x0000000800000000)
  eden space 311616K, 0% used [0x00000007d6560000,0x00000007d6560000,0x00000007e95b0000)
  from space 173952K, 9% used [0x00000007f3940000,0x00000007f48b37d0,0x00000007fe320000)
  to   space 167488K, 0% used [0x00000007e95b0000,0x00000007e95b0000,0x00000007f3940000)
 PSOldGen        total 699072K, used 451796K [0x0000000783000000, 0x00000007adab0000, 0x00000007d6560000)
  object space 699072K, 64% used [0x0000000783000000,0x000000079e9351d8,0x00000007adab0000)
 PSPermGen       total 21248K, used 20690K [0x000000077de00000, 0x000000077f2c0000, 0x0000000783000000)
  object space 21248K, 97% used [0x000000077de00000,0x000000077f2349f0,0x000000077f2c0000)
}
Total time for which application threads were stopped: 0.0606900 seconds
Application time: 1.0469010 seconds
{Heap before GC invocations=20 (full 1):
 PSYoungGen      total 485568K, used 327437K [0x00000007d6560000, 0x00000007fe320000, 0x0000000800000000)
  eden space 311616K, 100% used [0x00000007d6560000,0x00000007e95b0000,0x00000007e95b0000)
  from space 173952K, 9% used [0x00000007f3940000,0x00000007f48b37d0,0x00000007fe320000)
  to   space 167488K, 0% used [0x00000007e95b0000,0x00000007e95b0000,0x00000007f3940000)
 PSOldGen        total 699072K, used 451796K [0x0000000783000000, 0x00000007adab0000, 0x00000007d6560000)
  object space 699072K, 64% used [0x0000000783000000,0x000000079e9351d8,0x00000007adab0000)
 PSPermGen       total 21248K, used 20690K [0x000000077de00000, 0x000000077f2c0000, 0x0000000783000000)
  object space 21248K, 97% used [0x000000077de00000,0x000000077f2349f0,0x000000077f2c0000)
92.445: [GC [PSYoungGen: 327437K->9536K(479104K)] 779234K->468608K(1178176K), 0.0697320 secs] [Times: user=0.45 sys=0.00, real=0.07 secs] 
Heap after GC invocations=20 (full 1):
 PSYoungGen      total 479104K, used 9536K [0x00000007d6560000, 0x00000007fe890000, 0x0000000800000000)
  eden space 311616K, 0% used [0x00000007d6560000,0x00000007d6560000,0x00000007e95b0000)
  from space 167488K, 5% used [0x00000007e95b0000,0x00000007e9f00000,0x00000007f3940000)
  to   space 158720K, 0% used [0x00000007f4d90000,0x00000007f4d90000,0x00000007fe890000)
 PSOldGen        total 699072K, used 459072K [0x0000000783000000, 0x00000007adab0000, 0x00000007d6560000)
  object space 699072K, 65% used [0x0000000783000000,0x000000079f050318,0x00000007adab0000)
 PSPermGen       total 21248K, used 20690K [0x000000077de00000, 0x000000077f2c0000, 0x0000000783000000)
  object space 21248K, 97% used [0x000000077de00000,0x000000077f2349f0,0x000000077f2c0000)
}
Total time for which application threads were stopped: 0.0702320 seconds
Application time: 0.7747260 seconds
Total time for which application threads were stopped: 0.0003220 seconds
Application time: 0.0009500 seconds
Total time for which application threads were stopped: 0.0001930 seconds
Application time: 0.0016940 seconds
Total time for which application threads were stopped: 0.0001810 seconds
Application time: 0.0017020 seconds
Total time for which application threads were stopped: 0.0002700 seconds
Application time: 0.0053860 seconds
Total time for which application threads were stopped: 0.0001370 seconds
Application time: 0.0109300 seconds
Total time for which application threads were stopped: 0.0001590 seconds
Application time: 0.0026430 seconds
Total time for which application threads were stopped: 0.0001110 seconds
Application time: 0.0057380 seconds
Total time for which application threads were stopped: 0.0002030 seconds
Application time: 0.0013050 seconds
Total time for which application threads were stopped: 0.0001530 seconds
Application time: 0.0006190 seconds
Total time for which application threads were stopped: 0.0001420 seconds
Application time: 0.0013870 seconds
Total time for which application threads were stopped: 0.0001520 seconds
Application time: 0.0002680 seconds
Total time for which application threads were stopped: 0.0006230 seconds
Application time: 1.3614850 seconds
{Heap before GC invocations=21 (full 1):
 PSYoungGen      total 479104K, used 321152K [0x00000007d6560000, 0x00000007fe890000, 0x0000000800000000)
  eden space 311616K, 100% used [0x00000007d6560000,0x00000007e95b0000,0x00000007e95b0000)
  from space 167488K, 5% used [0x00000007e95b0000,0x00000007e9f00000,0x00000007f3940000)
  to   space 158720K, 0% used [0x00000007f4d90000,0x00000007f4d90000,0x00000007fe890000)
 PSOldGen        total 699072K, used 459072K [0x0000000783000000, 0x00000007adab0000, 0x00000007d6560000)
  object space 699072K, 65% used [0x0000000783000000,0x000000079f050318,0x00000007adab0000)
 PSPermGen       total 21248K, used 20693K [0x000000077de00000, 0x000000077f2c0000, 0x0000000783000000)
  object space 21248K, 97% used [0x000000077de00000,0x000000077f235400,0x000000077f2c0000)
94.687: [GC [PSYoungGen: 321152K->10921K(506304K)] 780224K->470002K(1205376K), 0.0716720 secs] [Times: user=0.45 sys=0.02, real=0.07 secs] 
Heap after GC invocations=21 (full 1):
 PSYoungGen      total 506304K, used 10921K [0x00000007d6560000, 0x00000007fe630000, 0x0000000800000000)
  eden space 350016K, 0% used [0x00000007d6560000,0x00000007d6560000,0x00000007ebb30000)
  from space 156288K, 6% used [0x00000007f4d90000,0x00000007f583a580,0x00000007fe630000)
  to   space 149888K, 0% used [0x00000007ebb30000,0x00000007ebb30000,0x00000007f4d90000)
 PSOldGen        total 699072K, used 459080K [0x0000000783000000, 0x00000007adab0000, 0x00000007d6560000)
  object space 699072K, 65% used [0x0000000783000000,0x000000079f052318,0x00000007adab0000)
 PSPermGen       total 21248K, used 20693K [0x000000077de00000, 0x000000077f2c0000, 0x0000000783000000)
  object space 21248K, 97% used [0x000000077de00000,0x000000077f235400,0x000000077f2c0000)
}
Total time for which application threads were stopped: 0.0721610 seconds
Application time: 1.0596250 seconds
{Heap before GC invocations=22 (full 1):
 PSYoungGen      total 506304K, used 360937K [0x00000007d6560000, 0x00000007fe630000, 0x0000000800000000)
  eden space 350016K, 100% used [0x00000007d6560000,0x00000007ebb30000,0x00000007ebb30000)
  from space 156288K, 6% used [0x00000007f4d90000,0x00000007f583a580,0x00000007fe630000)
  to   space 149888K, 0% used [0x00000007ebb30000,0x00000007ebb30000,0x00000007f4d90000)
 PSOldGen        total 699072K, used 459080K [0x0000000783000000, 0x00000007adab0000, 0x00000007d6560000)
  object space 699072K, 65% used [0x0000000783000000,0x000000079f052318,0x00000007adab0000)
 PSPermGen       total 21248K, used 20727K [0x000000077de00000, 0x000000077f2c0000, 0x0000000783000000)
  object space 21248K, 97% used [0x000000077de00000,0x000000077f23dd80,0x000000077f2c0000)
95.819: [GC [PSYoungGen: 360937K->28645K(499904K)] 820018K->489109K(1198976K), 0.0749530 secs] [Times: user=0.48 sys=0.01, real=0.08 secs] 
Heap after GC invocations=22 (full 1):
 PSYoungGen      total 499904K, used 28645K [0x00000007d6560000, 0x00000007fe320000, 0x0000000800000000)
  eden space 350016K, 0% used [0x00000007d6560000,0x00000007d6560000,0x00000007ebb30000)
  from space 149888K, 19% used [0x00000007ebb30000,0x00000007ed729520,0x00000007f4d90000)
  to   space 138304K, 0% used [0x00000007f5c10000,0x00000007f5c10000,0x00000007fe320000)
 PSOldGen        total 699072K, used 460464K [0x0000000783000000, 0x00000007adab0000, 0x00000007d6560000)
  object space 699072K, 65% used [0x0000000783000000,0x000000079f1ac138,0x00000007adab0000)
 PSPermGen       total 21248K, used 20727K [0x000000077de00000, 0x000000077f2c0000, 0x0000000783000000)
  object space 21248K, 97% used [0x000000077de00000,0x000000077f23dd80,0x000000077f2c0000)
}
Total time for which application threads were stopped: 0.0754900 seconds
Application time: 1.0946090 seconds
{Heap before GC invocations=23 (full 1):
 PSYoungGen      total 499904K, used 378661K [0x00000007d6560000, 0x00000007fe320000, 0x0000000800000000)
  eden space 350016K, 100% used [0x00000007d6560000,0x00000007ebb30000,0x00000007ebb30000)
  from space 149888K, 19% used [0x00000007ebb30000,0x00000007ed729520,0x00000007f4d90000)
  to   space 138304K, 0% used [0x00000007f5c10000,0x00000007f5c10000,0x00000007fe320000)
 PSOldGen        total 699072K, used 460464K [0x0000000783000000, 0x00000007adab0000, 0x00000007d6560000)
  object space 699072K, 65% used [0x0000000783000000,0x000000079f1ac138,0x00000007adab0000)
 PSPermGen       total 21248K, used 20742K [0x000000077de00000, 0x000000077f2c0000, 0x0000000783000000)
  object space 21248K, 97% used [0x000000077de00000,0x000000077f241a98,0x000000077f2c0000)
96.989: [GC [PSYoungGen: 378661K->18995K(523584K)] 839125K->497489K(1222656K), 0.0808620 secs] [Times: user=0.49 sys=0.04, real=0.08 secs] 
Heap after GC invocations=23 (full 1):
 PSYoungGen      total 523584K, used 18995K [0x00000007d6560000, 0x00000007fe370000, 0x0000000800000000)
  eden space 385280K, 0% used [0x00000007d6560000,0x00000007d6560000,0x00000007edda0000)
  from space 138304K, 13% used [0x00000007f5c10000,0x00000007f6e9ccf0,0x00000007fe320000)
  to   space 129472K, 0% used [0x00000007edda0000,0x00000007edda0000,0x00000007f5c10000)
 PSOldGen        total 699072K, used 478493K [0x0000000783000000, 0x00000007adab0000, 0x00000007d6560000)
  object space 699072K, 68% used [0x0000000783000000,0x00000007a03477c8,0x00000007adab0000)
 PSPermGen       total 21248K, used 20742K [0x000000077de00000, 0x000000077f2c0000, 0x0000000783000000)
  object space 21248K, 97% used [0x000000077de00000,0x000000077f241a98,0x000000077f2c0000)
}
Total time for which application threads were stopped: 0.0813540 seconds
Application time: 1.0001840 seconds
Total time for which application threads were stopped: 0.0003930 seconds
Application time: 62.0115950 seconds
Total time for which application threads were stopped: 0.0002530 seconds
Application time: 0.0010080 seconds
Total time for which application threads were stopped: 0.0001080 seconds
Application time: 0.0012500 seconds
Total time for which application threads were stopped: 0.0001070 seconds
Application time: 0.0007970 seconds
Total time for which application threads were stopped: 0.0001180 seconds
Application time: 0.0005500 seconds
Total time for which application threads were stopped: 0.0001100 seconds
Application time: 0.0001000 seconds
Total time for which application threads were stopped: 0.0001500 seconds
Application time: 0.0001500 seconds
Total time for which application threads were stopped: 0.0001340 seconds
Application time: 0.0000860 seconds
Total time for which application threads were stopped: 0.0001660 seconds
Application time: 0.0001030 seconds
Total time for which application threads were stopped: 0.0001700 seconds
Application time: 0.0001380 seconds
Total time for which application threads were stopped: 0.0001630 seconds
Application time: 0.0001870 seconds
Total time for which application threads were stopped: 0.0001960 seconds
Application time: 0.0000390 seconds
Total time for which application threads were stopped: 0.0001850 seconds
Application time: 0.0000620 seconds
Total time for which application threads were stopped: 0.0001020 seconds
Application time: 0.0001750 seconds
Total time for which application threads were stopped: 0.0005830 seconds
Application time: 11.1777710 seconds
Total time for which application threads were stopped: 0.0001490 seconds
Application time: 0.0001740 seconds
Total time for which application threads were stopped: 0.0000800 seconds
Application time: 0.0001680 seconds
Total time for which application threads were stopped: 0.0000800 seconds
Application time: 110.5959900 seconds
{Heap before GC invocations=24 (full 1):
 PSYoungGen      total 523584K, used 404275K [0x00000007d6560000, 0x00000007fe370000, 0x0000000800000000)
  eden space 385280K, 100% used [0x00000007d6560000,0x00000007edda0000,0x00000007edda0000)
  from space 138304K, 13% used [0x00000007f5c10000,0x00000007f6e9ccf0,0x00000007fe320000)
  to   space 129472K, 0% used [0x00000007edda0000,0x00000007edda0000,0x00000007f5c10000)
 PSOldGen        total 699072K, used 478493K [0x0000000783000000, 0x00000007adab0000, 0x00000007d6560000)
  object space 699072K, 68% used [0x0000000783000000,0x00000007a03477c8,0x00000007adab0000)
 PSPermGen       total 21248K, used 20759K [0x000000077de00000, 0x000000077f2c0000, 0x0000000783000000)
  object space 21248K, 97% used [0x000000077de00000,0x000000077f245e60,0x000000077f2c0000)
281.865: [GC [PSYoungGen: 404275K->19330K(514752K)] 882769K->499321K(1213824K), 0.0850760 secs] [Times: user=0.53 sys=0.01, real=0.08 secs] 
Heap after GC invocations=24 (full 1):
 PSYoungGen      total 514752K, used 19330K [0x00000007d6560000, 0x00000007fe720000, 0x0000000800000000)
  eden space 385280K, 0% used [0x00000007d6560000,0x00000007d6560000,0x00000007edda0000)
  from space 129472K, 14% used [0x00000007edda0000,0x00000007ef080ab0,0x00000007f5c10000)
  to   space 121152K, 0% used [0x00000007f70d0000,0x00000007f70d0000,0x00000007fe720000)
 PSOldGen        total 699072K, used 479990K [0x0000000783000000, 0x00000007adab0000, 0x00000007d6560000)
  object space 699072K, 68% used [0x0000000783000000,0x00000007a04bda58,0x00000007adab0000)
 PSPermGen       total 21248K, used 20759K [0x000000077de00000, 0x000000077f2c0000, 0x0000000783000000)
  object space 21248K, 97% used [0x000000077de00000,0x000000077f245e60,0x000000077f2c0000)
}
Total time for which application threads were stopped: 0.0856210 seconds
Application time: 1.0000730 seconds
Total time for which application threads were stopped: 0.0003130 seconds
Application time: 0.1506520 seconds
{Heap before GC invocations=25 (full 1):
 PSYoungGen      total 514752K, used 404610K [0x00000007d6560000, 0x00000007fe720000, 0x0000000800000000)
  eden space 385280K, 100% used [0x00000007d6560000,0x00000007edda0000,0x00000007edda0000)
  from space 129472K, 14% used [0x00000007edda0000,0x00000007ef080ab0,0x00000007f5c10000)
  to   space 121152K, 0% used [0x00000007f70d0000,0x00000007f70d0000,0x00000007fe720000)
 PSOldGen        total 699072K, used 479990K [0x0000000783000000, 0x00000007adab0000, 0x00000007d6560000)
  object space 699072K, 68% used [0x0000000783000000,0x00000007a04bda58,0x00000007adab0000)
 PSPermGen       total 21248K, used 20826K [0x000000077de00000, 0x000000077f2c0000, 0x0000000783000000)
  object space 21248K, 98% used [0x000000077de00000,0x000000077f2569e0,0x000000077f2c0000)
283.102: [GC [PSYoungGen: 404610K->48153K(537920K)] 884601K->535651K(1236992K), 0.0784190 secs] [Times: user=0.49 sys=0.02, real=0.08 secs] 
Heap after GC invocations=25 (full 1):
 PSYoungGen      total 537920K, used 48153K [0x00000007d6560000, 0x00000007ff420000, 0x0000000800000000)
  eden space 416768K, 0% used [0x00000007d6560000,0x00000007d6560000,0x00000007efc60000)
  from space 121152K, 39% used [0x00000007f70d0000,0x00000007f9fd6470,0x00000007fe720000)
  to   space 119232K, 0% used [0x00000007efc60000,0x00000007efc60000,0x00000007f70d0000)
 PSOldGen        total 699072K, used 487497K [0x0000000783000000, 0x00000007adab0000, 0x00000007d6560000)
  object space 699072K, 69% used [0x0000000783000000,0x00000007a0c127b8,0x00000007adab0000)
 PSPermGen       total 21248K, used 20826K [0x000000077de00000, 0x000000077f2c0000, 0x0000000783000000)
  object space 21248K, 98% used [0x000000077de00000,0x000000077f2569e0,0x000000077f2c0000)
}
Total time for which application threads were stopped: 0.0799560 seconds
Application time: 1.0001170 seconds
Total time for which application threads were stopped: 0.0004190 seconds
Application time: 0.2129840 seconds
{Heap before GC invocations=26 (full 1):
 PSYoungGen      total 537920K, used 464921K [0x00000007d6560000, 0x00000007ff420000, 0x0000000800000000)
  eden space 416768K, 100% used [0x00000007d6560000,0x00000007efc60000,0x00000007efc60000)
  from space 121152K, 39% used [0x00000007f70d0000,0x00000007f9fd6470,0x00000007fe720000)
  to   space 119232K, 0% used [0x00000007efc60000,0x00000007efc60000,0x00000007f70d0000)
 PSOldGen        total 699072K, used 487497K [0x0000000783000000, 0x00000007adab0000, 0x00000007d6560000)
  object space 699072K, 69% used [0x0000000783000000,0x00000007a0c127b8,0x00000007adab0000)
 PSPermGen       total 21248K, used 20908K [0x000000077de00000, 0x000000077f2c0000, 0x0000000783000000)
  object space 21248K, 98% used [0x000000077de00000,0x000000077f26b3c8,0x000000077f2c0000)
284.395: [GC [PSYoungGen: 464921K->65239K(536000K)] 952419K->589199K(1235072K), 0.0869410 secs] [Times: user=0.54 sys=0.04, real=0.08 secs] 
Heap after GC invocations=26 (full 1):
 PSYoungGen      total 536000K, used 65239K [0x00000007d6560000, 0x0000000800000000, 0x0000000800000000)
  eden space 416768K, 0% used [0x00000007d6560000,0x00000007d6560000,0x00000007efc60000)
  from space 119232K, 54% used [0x00000007efc60000,0x00000007f3c15e50,0x00000007f70d0000)
  to   space 123264K, 0% used [0x00000007f87a0000,0x00000007f87a0000,0x0000000800000000)
 PSOldGen        total 699072K, used 523959K [0x0000000783000000, 0x00000007adab0000, 0x00000007d6560000)
  object space 699072K, 74% used [0x0000000783000000,0x00000007a2fade68,0x00000007adab0000)
 PSPermGen       total 21248K, used 20908K [0x000000077de00000, 0x000000077f2c0000, 0x0000000783000000)
  object space 21248K, 98% used [0x000000077de00000,0x000000077f26b3c8,0x000000077f2c0000)
}
Total time for which application threads were stopped: 0.0873240 seconds
Application time: 3.8919040 seconds
{Heap before GC invocations=27 (full 1):
 PSYoungGen      total 536000K, used 482007K [0x00000007d6560000, 0x0000000800000000, 0x0000000800000000)
  eden space 416768K, 100% used [0x00000007d6560000,0x00000007efc60000,0x00000007efc60000)
  from space 119232K, 54% used [0x00000007efc60000,0x00000007f3c15e50,0x00000007f70d0000)
  to   space 123264K, 0% used [0x00000007f87a0000,0x00000007f87a0000,0x0000000800000000)
 PSOldGen        total 699072K, used 523959K [0x0000000783000000, 0x00000007adab0000, 0x00000007d6560000)
  object space 699072K, 74% used [0x0000000783000000,0x00000007a2fade68,0x00000007adab0000)
 PSPermGen       total 21248K, used 20967K [0x000000077de00000, 0x000000077f2c0000, 0x0000000783000000)
  object space 21248K, 98% used [0x000000077de00000,0x000000077f279d28,0x000000077f2c0000)
288.374: [GC [PSYoungGen: 482007K->18215K(554880K)] 1005967K->551751K(1253952K), 0.0888690 secs] [Times: user=0.56 sys=0.01, real=0.08 secs] 
Heap after GC invocations=27 (full 1):
 PSYoungGen      total 554880K, used 18215K [0x00000007d6560000, 0x00000007ff7b0000, 0x0000000800000000)
  eden space 440128K, 0% used [0x00000007d6560000,0x00000007d6560000,0x00000007f1330000)
  from space 114752K, 15% used [0x00000007f87a0000,0x00000007f9969d60,0x00000007ff7b0000)
  to   space 116992K, 0% used [0x00000007f1330000,0x00000007f1330000,0x00000007f8570000)
 PSOldGen        total 699072K, used 533535K [0x0000000783000000, 0x00000007adab0000, 0x00000007d6560000)
  object space 699072K, 76% used [0x0000000783000000,0x00000007a3907f38,0x00000007adab0000)
 PSPermGen       total 21248K, used 20967K [0x000000077de00000, 0x000000077f2c0000, 0x0000000783000000)
  object space 21248K, 98% used [0x000000077de00000,0x000000077f279d28,0x000000077f2c0000)
}
Total time for which application threads were stopped: 0.0895980 seconds
Application time: 1.2271290 seconds
{Heap before GC invocations=28 (full 1):
 PSYoungGen      total 554880K, used 458343K [0x00000007d6560000, 0x00000007ff7b0000, 0x0000000800000000)
  eden space 440128K, 100% used [0x00000007d6560000,0x00000007f1330000,0x00000007f1330000)
  from space 114752K, 15% used [0x00000007f87a0000,0x00000007f9969d60,0x00000007ff7b0000)
  to   space 116992K, 0% used [0x00000007f1330000,0x00000007f1330000,0x00000007f8570000)
 PSOldGen        total 699072K, used 533535K [0x0000000783000000, 0x00000007adab0000, 0x00000007d6560000)
  object space 699072K, 76% used [0x0000000783000000,0x00000007a3907f38,0x00000007adab0000)
 PSPermGen       total 21248K, used 21075K [0x000000077de00000, 0x000000077f2c0000, 0x0000000783000000)
  object space 21248K, 99% used [0x000000077de00000,0x000000077f294c90,0x000000077f2c0000)
289.691: [GC [PSYoungGen: 458343K->76351K(557120K)] 991879K->616181K(1256192K), 0.0866730 secs] [Times: user=0.53 sys=0.02, real=0.09 secs] 
Heap after GC invocations=28 (full 1):
 PSYoungGen      total 557120K, used 76351K [0x00000007d6560000, 0x0000000800000000, 0x0000000800000000)
  eden space 440128K, 0% used [0x00000007d6560000,0x00000007d6560000,0x00000007f1330000)
  from space 116992K, 65% used [0x00000007f1330000,0x00000007f5dbfc00,0x00000007f8570000)
  to   space 124800K, 0% used [0x00000007f8620000,0x00000007f8620000,0x0000000800000000)
 PSOldGen        total 699072K, used 539830K [0x0000000783000000, 0x00000007adab0000, 0x00000007d6560000)
  object space 699072K, 77% used [0x0000000783000000,0x00000007a3f2d898,0x00000007adab0000)
 PSPermGen       total 21248K, used 21075K [0x000000077de00000, 0x000000077f2c0000, 0x0000000783000000)
  object space 21248K, 99% used [0x000000077de00000,0x000000077f294c90,0x000000077f2c0000)
}
Total time for which application threads were stopped: 0.0872900 seconds
Application time: 1.2175870 seconds
{Heap before GC invocations=29 (full 1):
 PSYoungGen      total 557120K, used 516479K [0x00000007d6560000, 0x0000000800000000, 0x0000000800000000)
  eden space 440128K, 100% used [0x00000007d6560000,0x00000007f1330000,0x00000007f1330000)
  from space 116992K, 65% used [0x00000007f1330000,0x00000007f5dbfc00,0x00000007f8570000)
  to   space 124800K, 0% used [0x00000007f8620000,0x00000007f8620000,0x0000000800000000)
 PSOldGen        total 699072K, used 539830K [0x0000000783000000, 0x00000007adab0000, 0x00000007d6560000)
  object space 699072K, 77% used [0x0000000783000000,0x00000007a3f2d898,0x00000007adab0000)
 PSPermGen       total 21248K, used 21183K [0x000000077de00000, 0x000000077f2c0000, 0x0000000783000000)
  object space 21248K, 99% used [0x000000077de00000,0x000000077f2afeb0,0x000000077f2c0000)
290.996: [GC [PSYoungGen: 516479K->82867K(541184K)] 1056309K->685425K(1240256K), 0.0906140 secs] [Times: user=0.48 sys=0.11, real=0.09 secs] 
Heap after GC invocations=29 (full 1):
 PSYoungGen      total 541184K, used 82867K [0x00000007d6560000, 0x0000000800000000, 0x0000000800000000)
  eden space 416384K, 0% used [0x00000007d6560000,0x00000007d6560000,0x00000007efc00000)
  from space 124800K, 66% used [0x00000007f8620000,0x00000007fd70cd50,0x0000000800000000)
  to   space 133120K, 0% used [0x00000007efc00000,0x00000007efc00000,0x00000007f7e00000)
 PSOldGen        total 699072K, used 602557K [0x0000000783000000, 0x00000007adab0000, 0x00000007d6560000)
  object space 699072K, 86% used [0x0000000783000000,0x00000007a7c6f738,0x00000007adab0000)
 PSPermGen       total 21248K, used 21183K [0x000000077de00000, 0x000000077f2c0000, 0x0000000783000000)
  object space 21248K, 99% used [0x000000077de00000,0x000000077f2afeb0,0x000000077f2c0000)
}
Total time for which application threads were stopped: 0.0914420 seconds
Application time: 3.8766370 seconds
{Heap before GC invocations=30 (full 1):
 PSYoungGen      total 541184K, used 499251K [0x00000007d6560000, 0x0000000800000000, 0x0000000800000000)
  eden space 416384K, 100% used [0x00000007d6560000,0x00000007efc00000,0x00000007efc00000)
  from space 124800K, 66% used [0x00000007f8620000,0x00000007fd70cd50,0x0000000800000000)
  to   space 133120K, 0% used [0x00000007efc00000,0x00000007efc00000,0x00000007f7e00000)
 PSOldGen        total 699072K, used 602557K [0x0000000783000000, 0x00000007adab0000, 0x00000007d6560000)
  object space 699072K, 86% used [0x0000000783000000,0x00000007a7c6f738,0x00000007adab0000)
 PSPermGen       total 21248K, used 21239K [0x000000077de00000, 0x000000077f2c0000, 0x0000000783000000)
  object space 21248K, 99% used [0x000000077de00000,0x000000077f2bdd08,0x000000077f2c0000)
294.964: [GC [PSYoungGen: 499251K->18394K(549504K)] 1101809K->631302K(1248576K), 0.0880710 secs] [Times: user=0.52 sys=0.00, real=0.08 secs] 
Heap after GC invocations=30 (full 1):
 PSYoungGen      total 549504K, used 18394K [0x00000007d6560000, 0x00000007ffdc0000, 0x0000000800000000)
  eden space 416384K, 0% used [0x00000007d6560000,0x00000007d6560000,0x00000007efc00000)
  from space 133120K, 13% used [0x00000007efc00000,0x00000007f0df6800,0x00000007f7e00000)
  to   space 127808K, 0% used [0x00000007f80f0000,0x00000007f80f0000,0x00000007ffdc0000)
 PSOldGen        total 699072K, used 612908K [0x0000000783000000, 0x00000007adab0000, 0x00000007d6560000)
  object space 699072K, 87% used [0x0000000783000000,0x00000007a868b018,0x00000007adab0000)
 PSPermGen       total 21248K, used 21239K [0x000000077de00000, 0x000000077f2c0000, 0x0000000783000000)
  object space 21248K, 99% used [0x000000077de00000,0x000000077f2bdd08,0x000000077f2c0000)
}
Total time for which application threads were stopped: 0.0887300 seconds
Application time: 1.0993520 seconds
{Heap before GC invocations=31 (full 1):
 PSYoungGen      total 549504K, used 434778K [0x00000007d6560000, 0x00000007ffdc0000, 0x0000000800000000)
  eden space 416384K, 100% used [0x00000007d6560000,0x00000007efc00000,0x00000007efc00000)
  from space 133120K, 13% used [0x00000007efc00000,0x00000007f0df6800,0x00000007f7e00000)
  to   space 127808K, 0% used [0x00000007f80f0000,0x00000007f80f0000,0x00000007ffdc0000)
 PSOldGen        total 699072K, used 612908K [0x0000000783000000, 0x00000007adab0000, 0x00000007d6560000)
  object space 699072K, 87% used [0x0000000783000000,0x00000007a868b018,0x00000007adab0000)
 PSPermGen       total 21440K, used 21361K [0x000000077de00000, 0x000000077f2f0000, 0x0000000783000000)
  object space 21440K, 99% used [0x000000077de00000,0x000000077f2dc6a8,0x000000077f2f0000)
296.153: [GC [PSYoungGen: 434778K->85824K(537920K)] 1047686K->705455K(1236992K), 0.0797880 secs] [Times: user=0.53 sys=0.00, real=0.08 secs] 
Heap after GC invocations=31 (full 1):
 PSYoungGen      total 537920K, used 85824K [0x00000007d6560000, 0x0000000800000000, 0x0000000800000000)
  eden space 410112K, 0% used [0x00000007d6560000,0x00000007d6560000,0x00000007ef5e0000)
  from space 127808K, 67% used [0x00000007f80f0000,0x00000007fd4c03b0,0x00000007ffdc0000)
  to   space 136256K, 0% used [0x00000007ef5e0000,0x00000007ef5e0000,0x00000007f7af0000)
 PSOldGen        total 699072K, used 619630K [0x0000000783000000, 0x00000007adab0000, 0x00000007d6560000)
  object space 699072K, 88% used [0x0000000783000000,0x00000007a8d1bae8,0x00000007adab0000)
 PSPermGen       total 21440K, used 21361K [0x000000077de00000, 0x000000077f2f0000, 0x0000000783000000)
  object space 21440K, 99% used [0x000000077de00000,0x000000077f2dc6a8,0x000000077f2f0000)
}
Total time for which application threads were stopped: 0.0814670 seconds
Application time: 1.0675560 seconds
{Heap before GC invocations=32 (full 1):
 PSYoungGen      total 537920K, used 495936K [0x00000007d6560000, 0x0000000800000000, 0x0000000800000000)
  eden space 410112K, 100% used [0x00000007d6560000,0x00000007ef5e0000,0x00000007ef5e0000)
  from space 127808K, 67% used [0x00000007f80f0000,0x00000007fd4c03b0,0x00000007ffdc0000)
  to   space 136256K, 0% used [0x00000007ef5e0000,0x00000007ef5e0000,0x00000007f7af0000)
 PSOldGen        total 699072K, used 619630K [0x0000000783000000, 0x00000007adab0000, 0x00000007d6560000)
  object space 699072K, 88% used [0x0000000783000000,0x00000007a8d1bae8,0x00000007adab0000)
 PSPermGen       total 21632K, used 21500K [0x000000077de00000, 0x000000077f320000, 0x0000000783000000)
  object space 21632K, 99% used [0x000000077de00000,0x000000077f2ff240,0x000000077f320000)
297.301: [GC [PSYoungGen: 495936K->101542K(511680K)] 1115567K->793713K(1210752K), 0.0842180 secs] [Times: user=0.54 sys=0.05, real=0.09 secs] 
Heap after GC invocations=32 (full 1):
 PSYoungGen      total 511680K, used 101542K [0x00000007d6560000, 0x0000000800000000, 0x0000000800000000)
  eden space 410112K, 0% used [0x00000007d6560000,0x00000007d6560000,0x00000007ef5e0000)
  from space 101568K, 99% used [0x00000007ef5e0000,0x00000007f5909a40,0x00000007f5910000)
  to   space 148416K, 0% used [0x00000007f6f10000,0x00000007f6f10000,0x0000000800000000)
 PSOldGen        total 699072K, used 692171K [0x0000000783000000, 0x00000007adab0000, 0x00000007d6560000)
  object space 699072K, 99% used [0x0000000783000000,0x00000007ad3f2d88,0x00000007adab0000)
 PSPermGen       total 21632K, used 21500K [0x000000077de00000, 0x000000077f320000, 0x0000000783000000)
  object space 21632K, 99% used [0x000000077de00000,0x000000077f2ff240,0x000000077f320000)
}
{Heap before GC invocations=33 (full 2):
 PSYoungGen      total 511680K, used 101542K [0x00000007d6560000, 0x0000000800000000, 0x0000000800000000)
  eden space 410112K, 0% used [0x00000007d6560000,0x00000007d6560000,0x00000007ef5e0000)
  from space 101568K, 99% used [0x00000007ef5e0000,0x00000007f5909a40,0x00000007f5910000)
  to   space 148416K, 0% used [0x00000007f6f10000,0x00000007f6f10000,0x0000000800000000)
 PSOldGen        total 699072K, used 692171K [0x0000000783000000, 0x00000007adab0000, 0x00000007d6560000)
  object space 699072K, 99% used [0x0000000783000000,0x00000007ad3f2d88,0x00000007adab0000)
 PSPermGen       total 21632K, used 21500K [0x000000077de00000, 0x000000077f320000, 0x0000000783000000)
  object space 21632K, 99% used [0x000000077de00000,0x000000077f2ff240,0x000000077f320000)
297.386: [Full GC [PSYoungGen: 101542K->0K(511680K)] [PSOldGen: 692171K->266782K(699072K)] 793713K->266782K(1210752K) [PSPermGen: 21500K->21500K(33920K)], 0.3994870 secs] [Times: user=0.40 sys=0.00, real=0.40 secs] 
Heap after GC invocations=33 (full 2):
 PSYoungGen      total 511680K, used 0K [0x00000007d6560000, 0x0000000800000000, 0x0000000800000000)
  eden space 410112K, 0% used [0x00000007d6560000,0x00000007d6560000,0x00000007ef5e0000)
  from space 101568K, 0% used [0x00000007ef5e0000,0x00000007ef5e0000,0x00000007f5910000)
  to   space 148416K, 0% used [0x00000007f6f10000,0x00000007f6f10000,0x0000000800000000)
 PSOldGen        total 699072K, used 266782K [0x0000000783000000, 0x00000007adab0000, 0x00000007d6560000)
  object space 699072K, 38% used [0x0000000783000000,0x0000000793487938,0x00000007adab0000)
 PSPermGen       total 33920K, used 21500K [0x000000077de00000, 0x000000077ff20000, 0x0000000783000000)
  object space 33920K, 63% used [0x000000077de00000,0x000000077f2ff240,0x000000077ff20000)
}
Total time for which application threads were stopped: 0.4845820 seconds
Application time: 3.8122610 seconds
{Heap before GC invocations=34 (full 2):
 PSYoungGen      total 511680K, used 410112K [0x00000007d6560000, 0x0000000800000000, 0x0000000800000000)
  eden space 410112K, 100% used [0x00000007d6560000,0x00000007ef5e0000,0x00000007ef5e0000)
  from space 101568K, 0% used [0x00000007ef5e0000,0x00000007ef5e0000,0x00000007f5910000)
  to   space 148416K, 0% used [0x00000007f6f10000,0x00000007f6f10000,0x0000000800000000)
 PSOldGen        total 699072K, used 266782K [0x0000000783000000, 0x00000007adab0000, 0x00000007d6560000)
  object space 699072K, 38% used [0x0000000783000000,0x0000000793487938,0x00000007adab0000)
 PSPermGen       total 33920K, used 21530K [0x000000077de00000, 0x000000077ff20000, 0x0000000783000000)
  object space 33920K, 63% used [0x000000077de00000,0x000000077f306a48,0x000000077ff20000)
301.598: [GC [PSYoungGen: 410112K->16395K(538496K)] 676894K->283177K(1237568K), 0.0951100 secs] [Times: user=0.61 sys=0.01, real=0.09 secs] 
Heap after GC invocations=34 (full 2):
 PSYoungGen      total 538496K, used 16395K [0x00000007d6560000, 0x0000000800000000, 0x0000000800000000)
  eden space 390080K, 0% used [0x00000007d6560000,0x00000007d6560000,0x00000007ee250000)
  from space 148416K, 11% used [0x00000007f6f10000,0x00000007f7f12da0,0x0000000800000000)
  to   space 144128K, 0% used [0x00000007ee250000,0x00000007ee250000,0x00000007f6f10000)
 PSOldGen        total 699072K, used 266782K [0x0000000783000000, 0x00000007adab0000, 0x00000007d6560000)
  object space 699072K, 38% used [0x0000000783000000,0x0000000793487938,0x00000007adab0000)
 PSPermGen       total 33920K, used 21530K [0x000000077de00000, 0x000000077ff20000, 0x0000000783000000)
  object space 33920K, 63% used [0x000000077de00000,0x000000077f306a48,0x000000077ff20000)
}
Total time for which application threads were stopped: 0.0959890 seconds
Application time: 0.9860700 seconds
{Heap before GC invocations=35 (full 2):
 PSYoungGen      total 538496K, used 406475K [0x00000007d6560000, 0x0000000800000000, 0x0000000800000000)
  eden space 390080K, 100% used [0x00000007d6560000,0x00000007ee250000,0x00000007ee250000)
  from space 148416K, 11% used [0x00000007f6f10000,0x00000007f7f12da0,0x0000000800000000)
  to   space 144128K, 0% used [0x00000007ee250000,0x00000007ee250000,0x00000007f6f10000)
 PSOldGen        total 699072K, used 266782K [0x0000000783000000, 0x00000007adab0000, 0x00000007d6560000)
  object space 699072K, 38% used [0x0000000783000000,0x0000000793487938,0x00000007adab0000)
 PSPermGen       total 33920K, used 21692K [0x000000077de00000, 0x000000077ff20000, 0x0000000783000000)
  object space 33920K, 63% used [0x000000077de00000,0x000000077f32f350,0x000000077ff20000)
302.680: [GC [PSYoungGen: 406475K->110646K(500736K)] 673257K->381928K(1199808K), 0.0668480 secs] [Times: user=0.36 sys=0.00, real=0.07 secs] 
Heap after GC invocations=35 (full 2):
 PSYoungGen      total 500736K, used 110646K [0x00000007d6560000, 0x0000000800000000, 0x0000000800000000)
  eden space 390080K, 0% used [0x00000007d6560000,0x00000007d6560000,0x00000007ee250000)
  from space 110656K, 99% used [0x00000007ee250000,0x00000007f4e5db40,0x00000007f4e60000)
  to   space 158208K, 0% used [0x00000007f6580000,0x00000007f6580000,0x0000000800000000)
 PSOldGen        total 699072K, used 271281K [0x0000000783000000, 0x00000007adab0000, 0x00000007d6560000)
  object space 699072K, 38% used [0x0000000783000000,0x00000007938ec578,0x00000007adab0000)
 PSPermGen       total 33920K, used 21692K [0x000000077de00000, 0x000000077ff20000, 0x0000000783000000)
  object space 33920K, 63% used [0x000000077de00000,0x000000077f32f350,0x000000077ff20000)
}
Total time for which application threads were stopped: 0.0674470 seconds
Application time: 0.9599720 seconds
{Heap before GC invocations=36 (full 2):
 PSYoungGen      total 500736K, used 500726K [0x00000007d6560000, 0x0000000800000000, 0x0000000800000000)
  eden space 390080K, 100% used [0x00000007d6560000,0x00000007ee250000,0x00000007ee250000)
  from space 110656K, 99% used [0x00000007ee250000,0x00000007f4e5db40,0x00000007f4e60000)
  to   space 158208K, 0% used [0x00000007f6580000,0x00000007f6580000,0x0000000800000000)
 PSOldGen        total 699072K, used 271281K [0x0000000783000000, 0x00000007adab0000, 0x00000007d6560000)
  object space 699072K, 38% used [0x0000000783000000,0x00000007938ec578,0x00000007adab0000)
 PSPermGen       total 33920K, used 21879K [0x000000077de00000, 0x000000077ff20000, 0x0000000783000000)
  object space 33920K, 64% used [0x000000077de00000,0x000000077f35dde0,0x000000077ff20000)
303.707: [GC [PSYoungGen: 500726K->126930K(490496K)] 772008K->495341K(1189568K), 0.0752270 secs] [Times: user=0.54 sys=0.01, real=0.07 secs] 
Heap after GC invocations=36 (full 2):
 PSYoungGen      total 490496K, used 126930K [0x00000007d6560000, 0x0000000800000000, 0x0000000800000000)
  eden space 332288K, 0% used [0x00000007d6560000,0x00000007d6560000,0x00000007ea9e0000)
  from space 158208K, 80% used [0x00000007f6580000,0x00000007fe174b20,0x0000000800000000)
  to   space 175168K, 0% used [0x00000007ea9e0000,0x00000007ea9e0000,0x00000007f54f0000)
 PSOldGen        total 699072K, used 368410K [0x0000000783000000, 0x00000007adab0000, 0x00000007d6560000)
  object space 699072K, 52% used [0x0000000783000000,0x00000007997c6a18,0x00000007adab0000)
 PSPermGen       total 33920K, used 21879K [0x000000077de00000, 0x000000077ff20000, 0x0000000783000000)
  object space 33920K, 64% used [0x000000077de00000,0x000000077f35dde0,0x000000077ff20000)
}
Total time for which application threads were stopped: 0.0757760 seconds
Application time: 0.9400000 seconds
{Heap before GC invocations=37 (full 2):
 PSYoungGen      total 490496K, used 459218K [0x00000007d6560000, 0x0000000800000000, 0x0000000800000000)
  eden space 332288K, 100% used [0x00000007d6560000,0x00000007ea9e0000,0x00000007ea9e0000)
  from space 158208K, 80% used [0x00000007f6580000,0x00000007fe174b20,0x0000000800000000)
  to   space 175168K, 0% used [0x00000007ea9e0000,0x00000007ea9e0000,0x00000007f54f0000)
 PSOldGen        total 699072K, used 368410K [0x0000000783000000, 0x00000007adab0000, 0x00000007d6560000)
  object space 699072K, 52% used [0x0000000783000000,0x00000007997c6a18,0x00000007adab0000)
 PSPermGen       total 33920K, used 21963K [0x000000077de00000, 0x000000077ff20000, 0x0000000783000000)
  object space 33920K, 64% used [0x000000077de00000,0x000000077f372de0,0x000000077ff20000)
304.723: [GC [PSYoungGen: 459218K->54177K(507456K)] 827629K->512020K(1206528K), 0.0744340 secs] [Times: user=0.55 sys=0.00, real=0.08 secs] 
Heap after GC invocations=37 (full 2):
 PSYoungGen      total 507456K, used 54177K [0x00000007d6560000, 0x00000007ffbf0000, 0x0000000800000000)
  eden space 332288K, 0% used [0x00000007d6560000,0x00000007d6560000,0x00000007ea9e0000)
  from space 175168K, 30% used [0x00000007ea9e0000,0x00000007edec8510,0x00000007f54f0000)
  to   space 164608K, 0% used [0x00000007f5b30000,0x00000007f5b30000,0x00000007ffbf0000)
 PSOldGen        total 699072K, used 457843K [0x0000000783000000, 0x00000007adab0000, 0x00000007d6560000)
  object space 699072K, 65% used [0x0000000783000000,0x000000079ef1cd58,0x00000007adab0000)
 PSPermGen       total 33920K, used 21963K [0x000000077de00000, 0x000000077ff20000, 0x0000000783000000)
  object space 33920K, 64% used [0x000000077de00000,0x000000077f372de0,0x000000077ff20000)
}
Total time for which application threads were stopped: 0.0749280 seconds
Application time: 3.8821850 seconds
{Heap before GC invocations=38 (full 2):
 PSYoungGen      total 507456K, used 386465K [0x00000007d6560000, 0x00000007ffbf0000, 0x0000000800000000)
  eden space 332288K, 100% used [0x00000007d6560000,0x00000007ea9e0000,0x00000007ea9e0000)
  from space 175168K, 30% used [0x00000007ea9e0000,0x00000007edec8510,0x00000007f54f0000)
  to   space 164608K, 0% used [0x00000007f5b30000,0x00000007f5b30000,0x00000007ffbf0000)
 PSOldGen        total 699072K, used 457843K [0x0000000783000000, 0x00000007adab0000, 0x00000007d6560000)
  object space 699072K, 65% used [0x0000000783000000,0x000000079ef1cd58,0x00000007adab0000)
 PSPermGen       total 33920K, used 22004K [0x000000077de00000, 0x000000077ff20000, 0x0000000783000000)
  object space 33920K, 64% used [0x000000077de00000,0x000000077f37d160,0x000000077ff20000)
308.680: [GC [PSYoungGen: 386465K->30863K(489792K)] 844308K->491413K(1188864K), 0.0738160 secs] [Times: user=0.50 sys=0.00, real=0.07 secs] 
Heap after GC invocations=38 (full 2):
 PSYoungGen      total 489792K, used 30863K [0x00000007d6560000, 0x00000007feab0000, 0x0000000800000000)
  eden space 342848K, 0% used [0x00000007d6560000,0x00000007d6560000,0x00000007eb430000)
  from space 146944K, 21% used [0x00000007f5b30000,0x00000007f7953dc0,0x00000007feab0000)
  to   space 158976K, 0% used [0x00000007eb430000,0x00000007eb430000,0x00000007f4f70000)
 PSOldGen        total 699072K, used 460549K [0x0000000783000000, 0x00000007adab0000, 0x00000007d6560000)
  object space 699072K, 65% used [0x0000000783000000,0x000000079f1c17e8,0x00000007adab0000)
 PSPermGen       total 33920K, used 22004K [0x000000077de00000, 0x000000077ff20000, 0x0000000783000000)
  object space 33920K, 64% used [0x000000077de00000,0x000000077f37d160,0x000000077ff20000)
}
Total time for which application threads were stopped: 0.0744010 seconds
Application time: 0.8006530 seconds
{Heap before GC invocations=39 (full 2):
 PSYoungGen      total 489792K, used 373711K [0x00000007d6560000, 0x00000007feab0000, 0x0000000800000000)
  eden space 342848K, 100% used [0x00000007d6560000,0x00000007eb430000,0x00000007eb430000)
  from space 146944K, 21% used [0x00000007f5b30000,0x00000007f7953dc0,0x00000007feab0000)
  to   space 158976K, 0% used [0x00000007eb430000,0x00000007eb430000,0x00000007f4f70000)
 PSOldGen        total 699072K, used 460549K [0x0000000783000000, 0x00000007adab0000, 0x00000007d6560000)
  object space 699072K, 65% used [0x0000000783000000,0x000000079f1c17e8,0x00000007adab0000)
 PSPermGen       total 33920K, used 22167K [0x000000077de00000, 0x000000077ff20000, 0x0000000783000000)
  object space 33920K, 65% used [0x000000077de00000,0x000000077f3a5cb8,0x000000077ff20000)
309.555: [GC [PSYoungGen: 373711K->109085K(501824K)] 834261K->590374K(1200896K), 0.0588410 secs] [Times: user=0.39 sys=0.00, real=0.06 secs] 
Heap after GC invocations=39 (full 2):
 PSYoungGen      total 501824K, used 109085K [0x00000007d6560000, 0x0000000800000000, 0x0000000800000000)
  eden space 342848K, 0% used [0x00000007d6560000,0x00000007d6560000,0x00000007eb430000)
  from space 158976K, 68% used [0x00000007eb430000,0x00000007f1eb7650,0x00000007f4f70000)
  to   space 168192K, 0% used [0x00000007f5bc0000,0x00000007f5bc0000,0x0000000800000000)
 PSOldGen        total 699072K, used 481288K [0x0000000783000000, 0x00000007adab0000, 0x00000007d6560000)
  object space 699072K, 68% used [0x0000000783000000,0x00000007a06022c8,0x00000007adab0000)
 PSPermGen       total 33920K, used 22167K [0x000000077de00000, 0x000000077ff20000, 0x0000000783000000)
  object space 33920K, 65% used [0x000000077de00000,0x000000077f3a5cb8,0x000000077ff20000)
}
Total time for which application threads were stopped: 0.0594450 seconds
Application time: 0.8251190 seconds
{Heap before GC invocations=40 (full 2):
 PSYoungGen      total 501824K, used 451933K [0x00000007d6560000, 0x0000000800000000, 0x0000000800000000)
  eden space 342848K, 100% used [0x00000007d6560000,0x00000007eb430000,0x00000007eb430000)
  from space 158976K, 68% used [0x00000007eb430000,0x00000007f1eb7650,0x00000007f4f70000)
  to   space 168192K, 0% used [0x00000007f5bc0000,0x00000007f5bc0000,0x0000000800000000)
 PSOldGen        total 699072K, used 481288K [0x0000000783000000, 0x00000007adab0000, 0x00000007d6560000)
  object space 699072K, 68% used [0x0000000783000000,0x00000007a06022c8,0x00000007adab0000)
 PSPermGen       total 33920K, used 22328K [0x000000077de00000, 0x000000077ff20000, 0x0000000783000000)
  object space 33920K, 65% used [0x000000077de00000,0x000000077f3ce098,0x000000077ff20000)
310.440: [GC [PSYoungGen: 451933K->109808K(500224K)] 933222K->687599K(1199296K), 0.0585490 secs] [Times: user=0.40 sys=0.00, real=0.06 secs] 
Heap after GC invocations=40 (full 2):
 PSYoungGen      total 500224K, used 109808K [0x00000007d6560000, 0x0000000800000000, 0x0000000800000000)
  eden space 332032K, 0% used [0x00000007d6560000,0x00000007d6560000,0x00000007ea9a0000)
  from space 168192K, 65% used [0x00000007f5bc0000,0x00000007fc6fc250,0x0000000800000000)
  to   space 175296K, 0% used [0x00000007ea9a0000,0x00000007ea9a0000,0x00000007f54d0000)
 PSOldGen        total 699072K, used 577790K [0x0000000783000000, 0x00000007adab0000, 0x00000007d6560000)
  object space 699072K, 82% used [0x0000000783000000,0x00000007a643fb98,0x00000007adab0000)
 PSPermGen       total 33920K, used 22328K [0x000000077de00000, 0x000000077ff20000, 0x0000000783000000)
  object space 33920K, 65% used [0x000000077de00000,0x000000077f3ce098,0x000000077ff20000)
}
{Heap before GC invocations=41 (full 3):
 PSYoungGen      total 500224K, used 109808K [0x00000007d6560000, 0x0000000800000000, 0x0000000800000000)
  eden space 332032K, 0% used [0x00000007d6560000,0x00000007d6560000,0x00000007ea9a0000)
  from space 168192K, 65% used [0x00000007f5bc0000,0x00000007fc6fc250,0x0000000800000000)
  to   space 175296K, 0% used [0x00000007ea9a0000,0x00000007ea9a0000,0x00000007f54d0000)
 PSOldGen        total 699072K, used 577790K [0x0000000783000000, 0x00000007adab0000, 0x00000007d6560000)
  object space 699072K, 82% used [0x0000000783000000,0x00000007a643fb98,0x00000007adab0000)
 PSPermGen       total 33920K, used 22328K [0x000000077de00000, 0x000000077ff20000, 0x0000000783000000)
  object space 33920K, 65% used [0x000000077de00000,0x000000077f3ce098,0x000000077ff20000)
310.499: [Full GC [PSYoungGen: 109808K->0K(500224K)] [PSOldGen: 577790K->287568K(729280K)] 687599K->287568K(1229504K) [PSPermGen: 22328K->22328K(37504K)], 0.2939760 secs] [Times: user=0.29 sys=0.00, real=0.29 secs] 
Heap after GC invocations=41 (full 3):
 PSYoungGen      total 500224K, used 0K [0x00000007d6560000, 0x0000000800000000, 0x0000000800000000)
  eden space 332032K, 0% used [0x00000007d6560000,0x00000007d6560000,0x00000007ea9a0000)
  from space 168192K, 0% used [0x00000007f5bc0000,0x00000007f5bc0000,0x0000000800000000)
  to   space 175296K, 0% used [0x00000007ea9a0000,0x00000007ea9a0000,0x00000007f54d0000)
 PSOldGen        total 729280K, used 287568K [0x0000000783000000, 0x00000007af830000, 0x00000007d6560000)
  object space 729280K, 39% used [0x0000000783000000,0x00000007948d4128,0x00000007af830000)
 PSPermGen       total 37504K, used 22328K [0x000000077de00000, 0x00000007802a0000, 0x0000000783000000)
  object space 37504K, 59% used [0x000000077de00000,0x000000077f3ce098,0x00000007802a0000)
}
Total time for which application threads were stopped: 0.3532100 seconds
Application time: 1.0289550 seconds
{Heap before GC invocations=42 (full 3):
 PSYoungGen      total 500224K, used 332032K [0x00000007d6560000, 0x0000000800000000, 0x0000000800000000)
  eden space 332032K, 100% used [0x00000007d6560000,0x00000007ea9a0000,0x00000007ea9a0000)
  from space 168192K, 0% used [0x00000007f5bc0000,0x00000007f5bc0000,0x0000000800000000)
  to   space 175296K, 0% used [0x00000007ea9a0000,0x00000007ea9a0000,0x00000007f54d0000)
 PSOldGen        total 729280K, used 287568K [0x0000000783000000, 0x00000007af830000, 0x00000007d6560000)
  object space 729280K, 39% used [0x0000000783000000,0x00000007948d4128,0x00000007af830000)
 PSPermGen       total 37504K, used 22360K [0x000000077de00000, 0x00000007802a0000, 0x0000000783000000)
  object space 37504K, 59% used [0x000000077de00000,0x000000077f3d6258,0x00000007802a0000)
311.822: [GC [PSYoungGen: 332032K->14780K(507328K)] 619600K->302348K(1236608K), 0.0731850 secs] [Times: user=0.51 sys=0.00, real=0.08 secs] 
Heap after GC invocations=42 (full 3):
 PSYoungGen      total 507328K, used 14780K [0x00000007d6560000, 0x0000000800000000, 0x0000000800000000)
  eden space 332032K, 0% used [0x00000007d6560000,0x00000007d6560000,0x00000007ea9a0000)
  from space 175296K, 8% used [0x00000007ea9a0000,0x00000007eb80f250,0x00000007f54d0000)
  to   space 173248K, 0% used [0x00000007f56d0000,0x00000007f56d0000,0x0000000800000000)
 PSOldGen        total 729280K, used 287568K [0x0000000783000000, 0x00000007af830000, 0x00000007d6560000)
  object space 729280K, 39% used [0x0000000783000000,0x00000007948d4128,0x00000007af830000)
 PSPermGen       total 37504K, used 22360K [0x000000077de00000, 0x00000007802a0000, 0x0000000783000000)
  object space 37504K, 59% used [0x000000077de00000,0x000000077f3d6258,0x00000007802a0000)
}
Total time for which application threads were stopped: 0.0738680 seconds
Application time: 184.1138590 seconds
{Heap before GC invocations=43 (full 3):
 PSYoungGen      total 507328K, used 346812K [0x00000007d6560000, 0x0000000800000000, 0x0000000800000000)
  eden space 332032K, 100% used [0x00000007d6560000,0x00000007ea9a0000,0x00000007ea9a0000)
  from space 175296K, 8% used [0x00000007ea9a0000,0x00000007eb80f250,0x00000007f54d0000)
  to   space 173248K, 0% used [0x00000007f56d0000,0x00000007f56d0000,0x0000000800000000)
 PSOldGen        total 729280K, used 287568K [0x0000000783000000, 0x00000007af830000, 0x00000007d6560000)
  object space 729280K, 39% used [0x0000000783000000,0x00000007948d4128,0x00000007af830000)
 PSPermGen       total 37504K, used 22449K [0x000000077de00000, 0x00000007802a0000, 0x0000000783000000)
  object space 37504K, 59% used [0x000000077de00000,0x000000077f3ec548,0x00000007802a0000)
496.010: [GC [PSYoungGen: 346812K->51312K(486336K)] 634380K->339719K(1215616K), 0.0649140 secs] [Times: user=0.42 sys=0.00, real=0.07 secs] 
Heap after GC invocations=43 (full 3):
 PSYoungGen      total 486336K, used 51312K [0x00000007d6560000, 0x00000007feb80000, 0x0000000800000000)
  eden space 334080K, 0% used [0x00000007d6560000,0x00000007d6560000,0x00000007eaba0000)
  from space 152256K, 33% used [0x00000007f56d0000,0x00000007f88ec200,0x00000007feb80000)
  to   space 163776K, 0% used [0x00000007eaba0000,0x00000007eaba0000,0x00000007f4b90000)
 PSOldGen        total 729280K, used 288407K [0x0000000783000000, 0x00000007af830000, 0x00000007d6560000)
  object space 729280K, 39% used [0x0000000783000000,0x00000007949a5ce8,0x00000007af830000)
 PSPermGen       total 37504K, used 22449K [0x000000077de00000, 0x00000007802a0000, 0x0000000783000000)
  object space 37504K, 59% used [0x000000077de00000,0x000000077f3ec548,0x00000007802a0000)
}
Total time for which application threads were stopped: 0.0655640 seconds
Application time: 0.7387380 seconds
{Heap before GC invocations=44 (full 3):
 PSYoungGen      total 486336K, used 385392K [0x00000007d6560000, 0x00000007feb80000, 0x0000000800000000)
  eden space 334080K, 100% used [0x00000007d6560000,0x00000007eaba0000,0x00000007eaba0000)
  from space 152256K, 33% used [0x00000007f56d0000,0x00000007f88ec200,0x00000007feb80000)
  to   space 163776K, 0% used [0x00000007eaba0000,0x00000007eaba0000,0x00000007f4b90000)
 PSOldGen        total 729280K, used 288407K [0x0000000783000000, 0x00000007af830000, 0x00000007d6560000)
  object space 729280K, 39% used [0x0000000783000000,0x00000007949a5ce8,0x00000007af830000)
 PSPermGen       total 37504K, used 22647K [0x000000077de00000, 0x00000007802a0000, 0x0000000783000000)
  object space 37504K, 60% used [0x000000077de00000,0x000000077f41dec8,0x00000007802a0000)
496.814: [GC [PSYoungGen: 385392K->135837K(497856K)] 673799K->464632K(1227136K), 0.0474600 secs] [Times: user=0.31 sys=0.00, real=0.04 secs] 
Heap after GC invocations=44 (full 3):
 PSYoungGen      total 497856K, used 135837K [0x00000007d6560000, 0x0000000800000000, 0x0000000800000000)
  eden space 334080K, 0% used [0x00000007d6560000,0x00000007d6560000,0x00000007eaba0000)
  from space 163776K, 82% used [0x00000007eaba0000,0x00000007f3047540,0x00000007f4b90000)
  to   space 181376K, 0% used [0x00000007f4ee0000,0x00000007f4ee0000,0x0000000800000000)
 PSOldGen        total 729280K, used 328794K [0x0000000783000000, 0x00000007af830000, 0x00000007d6560000)
  object space 729280K, 45% used [0x0000000783000000,0x0000000797116b58,0x00000007af830000)
 PSPermGen       total 37504K, used 22647K [0x000000077de00000, 0x00000007802a0000, 0x0000000783000000)
  object space 37504K, 60% used [0x000000077de00000,0x000000077f41dec8,0x00000007802a0000)
}
Total time for which application threads were stopped: 0.0480430 seconds
Application time: 0.8000930 seconds
{Heap before GC invocations=45 (full 3):
 PSYoungGen      total 497856K, used 469917K [0x00000007d6560000, 0x0000000800000000, 0x0000000800000000)
  eden space 334080K, 100% used [0x00000007d6560000,0x00000007eaba0000,0x00000007eaba0000)
  from space 163776K, 82% used [0x00000007eaba0000,0x00000007f3047540,0x00000007f4b90000)
  to   space 181376K, 0% used [0x00000007f4ee0000,0x00000007f4ee0000,0x0000000800000000)
 PSOldGen        total 729280K, used 328794K [0x0000000783000000, 0x00000007af830000, 0x00000007d6560000)
  object space 729280K, 45% used [0x0000000783000000,0x0000000797116b58,0x00000007af830000)
 PSPermGen       total 37504K, used 22821K [0x000000077de00000, 0x00000007802a0000, 0x0000000783000000)
  object space 37504K, 60% used [0x000000077de00000,0x000000077f449488,0x00000007802a0000)
497.662: [GC [PSYoungGen: 469917K->120115K(485376K)] 798712K->567941K(1214656K), 0.0583600 secs] [Times: user=0.43 sys=0.00, real=0.06 secs] 
Heap after GC invocations=45 (full 3):
 PSYoungGen      total 485376K, used 120115K [0x00000007d6560000, 0x0000000800000000, 0x0000000800000000)
  eden space 304000K, 0% used [0x00000007d6560000,0x00000007d6560000,0x00000007e8e40000)
  from space 181376K, 66% used [0x00000007f4ee0000,0x00000007fc42cc50,0x0000000800000000)
  to   space 189312K, 0% used [0x00000007e8e40000,0x00000007e8e40000,0x00000007f4720000)
 PSOldGen        total 729280K, used 447826K [0x0000000783000000, 0x00000007af830000, 0x00000007d6560000)
  object space 729280K, 61% used [0x0000000783000000,0x000000079e554978,0x00000007af830000)
 PSPermGen       total 37504K, used 22821K [0x000000077de00000, 0x00000007802a0000, 0x0000000783000000)
  object space 37504K, 60% used [0x000000077de00000,0x000000077f449488,0x00000007802a0000)
}
Total time for which application threads were stopped: 0.0589250 seconds
Application time: 0.8456340 seconds
{Heap before GC invocations=46 (full 3):
 PSYoungGen      total 485376K, used 424115K [0x00000007d6560000, 0x0000000800000000, 0x0000000800000000)
  eden space 304000K, 100% used [0x00000007d6560000,0x00000007e8e40000,0x00000007e8e40000)
  from space 181376K, 66% used [0x00000007f4ee0000,0x00000007fc42cc50,0x0000000800000000)
  to   space 189312K, 0% used [0x00000007e8e40000,0x00000007e8e40000,0x00000007f4720000)
 PSOldGen        total 729280K, used 447826K [0x0000000783000000, 0x00000007af830000, 0x00000007d6560000)
  object space 729280K, 61% used [0x0000000783000000,0x000000079e554978,0x00000007af830000)
 PSPermGen       total 37504K, used 22922K [0x000000077de00000, 0x00000007802a0000, 0x0000000783000000)
  object space 37504K, 61% used [0x000000077de00000,0x000000077f462b08,0x00000007802a0000)
498.567: [GC [PSYoungGen: 424115K->73337K(377344K)] 871941K->617933K(1106624K), 0.0565330 secs] [Times: user=0.36 sys=0.01, real=0.06 secs] 
Heap after GC invocations=46 (full 3):
 PSYoungGen      total 377344K, used 73337K [0x00000007d6560000, 0x00000007ff120000, 0x0000000800000000)
  eden space 304000K, 0% used [0x00000007d6560000,0x00000007d6560000,0x00000007e8e40000)
  from space 73344K, 99% used [0x00000007e8e40000,0x00000007ed5de790,0x00000007ed5e0000)
  to   space 177728K, 0% used [0x00000007f4390000,0x00000007f4390000,0x00000007ff120000)
 PSOldGen        total 729280K, used 544595K [0x0000000783000000, 0x00000007af830000, 0x00000007d6560000)
  object space 729280K, 74% used [0x0000000783000000,0x00000007a43d4c88,0x00000007af830000)
 PSPermGen       total 37504K, used 22922K [0x000000077de00000, 0x00000007802a0000, 0x0000000783000000)
  object space 37504K, 61% used [0x000000077de00000,0x000000077f462b08,0x00000007802a0000)
}
Total time for which application threads were stopped: 0.0571500 seconds
Application time: 2.6932720 seconds
{Heap before GC invocations=47 (full 3):
 PSYoungGen      total 377344K, used 377337K [0x00000007d6560000, 0x00000007ff120000, 0x0000000800000000)
  eden space 304000K, 100% used [0x00000007d6560000,0x00000007e8e40000,0x00000007e8e40000)
  from space 73344K, 99% used [0x00000007e8e40000,0x00000007ed5de790,0x00000007ed5e0000)
  to   space 177728K, 0% used [0x00000007f4390000,0x00000007f4390000,0x00000007ff120000)
 PSOldGen        total 729280K, used 544595K [0x0000000783000000, 0x00000007af830000, 0x00000007d6560000)
  object space 729280K, 74% used [0x0000000783000000,0x00000007a43d4c88,0x00000007af830000)
 PSPermGen       total 37504K, used 22922K [0x000000077de00000, 0x00000007802a0000, 0x0000000783000000)
  object space 37504K, 61% used [0x000000077de00000,0x000000077f462b08,0x00000007802a0000)
501.317: [GC [PSYoungGen: 377337K->9088K(489216K)] 921933K->555272K(1218496K), 0.0694790 secs] [Times: user=0.46 sys=0.01, real=0.07 secs] 
Heap after GC invocations=47 (full 3):
 PSYoungGen      total 489216K, used 9088K [0x00000007d6560000, 0x0000000800000000, 0x0000000800000000)
  eden space 311488K, 0% used [0x00000007d6560000,0x00000007d6560000,0x00000007e9590000)
  from space 177728K, 5% used [0x00000007f4390000,0x00000007f4c70000,0x00000007ff120000)
  to   space 178176K, 0% used [0x00000007e9590000,0x00000007e9590000,0x00000007f4390000)
 PSOldGen        total 729280K, used 546184K [0x0000000783000000, 0x00000007af830000, 0x00000007d6560000)
  object space 729280K, 74% used [0x0000000783000000,0x00000007a45623e8,0x00000007af830000)
 PSPermGen       total 37504K, used 22922K [0x000000077de00000, 0x00000007802a0000, 0x0000000783000000)
  object space 37504K, 61% used [0x000000077de00000,0x000000077f462b08,0x00000007802a0000)
}
Total time for which application threads were stopped: 0.0701350 seconds
Application time: 0.6808120 seconds
{Heap before GC invocations=48 (full 3):
 PSYoungGen      total 489216K, used 320576K [0x00000007d6560000, 0x0000000800000000, 0x0000000800000000)
  eden space 311488K, 100% used [0x00000007d6560000,0x00000007e9590000,0x00000007e9590000)
  from space 177728K, 5% used [0x00000007f4390000,0x00000007f4c70000,0x00000007ff120000)
  to   space 178176K, 0% used [0x00000007e9590000,0x00000007e9590000,0x00000007f4390000)
 PSOldGen        total 729280K, used 546184K [0x0000000783000000, 0x00000007af830000, 0x00000007d6560000)
  object space 729280K, 74% used [0x0000000783000000,0x00000007a45623e8,0x00000007af830000)
 PSPermGen       total 37504K, used 23095K [0x000000077de00000, 0x00000007802a0000, 0x0000000783000000)
  object space 37504K, 61% used [0x000000077de00000,0x000000077f48dde8,0x00000007802a0000)
502.068: [GC [PSYoungGen: 320576K->112071K(489664K)] 866760K->658360K(1218944K), 0.0464340 secs] [Times: user=0.31 sys=0.01, real=0.05 secs] 
Heap after GC invocations=48 (full 3):
 PSYoungGen      total 489664K, used 112071K [0x00000007d6560000, 0x0000000800000000, 0x0000000800000000)
  eden space 311488K, 0% used [0x00000007d6560000,0x00000007d6560000,0x00000007e9590000)
  from space 178176K, 62% used [0x00000007e9590000,0x00000007f0301ca0,0x00000007f4390000)
  to   space 183808K, 0% used [0x00000007f4c80000,0x00000007f4c80000,0x0000000800000000)
 PSOldGen        total 729280K, used 546288K [0x0000000783000000, 0x00000007af830000, 0x00000007d6560000)
  object space 729280K, 74% used [0x0000000783000000,0x00000007a457c3e8,0x00000007af830000)
 PSPermGen       total 37504K, used 23095K [0x000000077de00000, 0x00000007802a0000, 0x0000000783000000)
  object space 37504K, 61% used [0x000000077de00000,0x000000077f48dde8,0x00000007802a0000)
}
Total time for which application threads were stopped: 0.0469640 seconds
Application time: 0.7294370 seconds
{Heap before GC invocations=49 (full 3):
 PSYoungGen      total 489664K, used 423559K [0x00000007d6560000, 0x0000000800000000, 0x0000000800000000)
  eden space 311488K, 100% used [0x00000007d6560000,0x00000007e9590000,0x00000007e9590000)
  from space 178176K, 62% used [0x00000007e9590000,0x00000007f0301ca0,0x00000007f4390000)
  to   space 183808K, 0% used [0x00000007f4c80000,0x00000007f4c80000,0x0000000800000000)
 PSOldGen        total 729280K, used 546288K [0x0000000783000000, 0x00000007af830000, 0x00000007d6560000)
  object space 729280K, 74% used [0x0000000783000000,0x00000007a457c3e8,0x00000007af830000)
 PSPermGen       total 37504K, used 23252K [0x000000077de00000, 0x00000007802a0000, 0x0000000783000000)
  object space 37504K, 61% used [0x000000077de00000,0x000000077f4b5028,0x00000007802a0000)
502.845: [GC [PSYoungGen: 423559K->108759K(493568K)] 969848K->753109K(1222848K), 0.0523540 secs] [Times: user=0.37 sys=0.01, real=0.06 secs] 
Heap after GC invocations=49 (full 3):
 PSYoungGen      total 493568K, used 108759K [0x00000007d6560000, 0x0000000800000000, 0x0000000800000000)
  eden space 309760K, 0% used [0x00000007d6560000,0x00000007d6560000,0x00000007e93e0000)
  from space 183808K, 59% used [0x00000007f4c80000,0x00000007fb6b5db0,0x0000000800000000)
  to   space 186432K, 0% used [0x00000007e93e0000,0x00000007e93e0000,0x00000007f49f0000)
 PSOldGen        total 729280K, used 644350K [0x0000000783000000, 0x00000007af830000, 0x00000007d6560000)
  object space 729280K, 88% used [0x0000000783000000,0x00000007aa53f848,0x00000007af830000)
 PSPermGen       total 37504K, used 23252K [0x000000077de00000, 0x00000007802a0000, 0x0000000783000000)
  object space 37504K, 61% used [0x000000077de00000,0x000000077f4b5028,0x00000007802a0000)
}
{Heap before GC invocations=50 (full 4):
 PSYoungGen      total 493568K, used 108759K [0x00000007d6560000, 0x0000000800000000, 0x0000000800000000)
  eden space 309760K, 0% used [0x00000007d6560000,0x00000007d6560000,0x00000007e93e0000)
  from space 183808K, 59% used [0x00000007f4c80000,0x00000007fb6b5db0,0x0000000800000000)
  to   space 186432K, 0% used [0x00000007e93e0000,0x00000007e93e0000,0x00000007f49f0000)
 PSOldGen        total 729280K, used 644350K [0x0000000783000000, 0x00000007af830000, 0x00000007d6560000)
  object space 729280K, 88% used [0x0000000783000000,0x00000007aa53f848,0x00000007af830000)
 PSPermGen       total 37504K, used 23252K [0x000000077de00000, 0x00000007802a0000, 0x0000000783000000)
  object space 37504K, 61% used [0x000000077de00000,0x000000077f4b5028,0x00000007802a0000)
502.897: [Full GC [PSYoungGen: 108759K->0K(493568K)] [PSOldGen: 644350K->230276K(725568K)] 753109K->230276K(1219136K) [PSPermGen: 23252K->20360K(35904K)], 0.2881280 secs] [Times: user=0.29 sys=0.00, real=0.29 secs] 
Heap after GC invocations=50 (full 4):
 PSYoungGen      total 493568K, used 0K [0x00000007d6560000, 0x0000000800000000, 0x0000000800000000)
  eden space 309760K, 0% used [0x00000007d6560000,0x00000007d6560000,0x00000007e93e0000)
  from space 183808K, 0% used [0x00000007f4c80000,0x00000007f4c80000,0x0000000800000000)
  to   space 186432K, 0% used [0x00000007e93e0000,0x00000007e93e0000,0x00000007f49f0000)
 PSOldGen        total 725568K, used 230276K [0x0000000783000000, 0x00000007af490000, 0x00000007d6560000)
  object space 725568K, 31% used [0x0000000783000000,0x00000007910e10c0,0x00000007af490000)
 PSPermGen       total 35904K, used 20360K [0x000000077de00000, 0x0000000780110000, 0x0000000783000000)
  object space 35904K, 56% used [0x000000077de00000,0x000000077f1e2230,0x0000000780110000)
}
Total time for which application threads were stopped: 0.3412300 seconds
Application time: 0.7875590 seconds
{Heap before GC invocations=51 (full 4):
 PSYoungGen      total 493568K, used 309760K [0x00000007d6560000, 0x0000000800000000, 0x0000000800000000)
  eden space 309760K, 100% used [0x00000007d6560000,0x00000007e93e0000,0x00000007e93e0000)
  from space 183808K, 0% used [0x00000007f4c80000,0x00000007f4c80000,0x0000000800000000)
  to   space 186432K, 0% used [0x00000007e93e0000,0x00000007e93e0000,0x00000007f49f0000)
 PSOldGen        total 725568K, used 230276K [0x0000000783000000, 0x00000007af490000, 0x00000007d6560000)
  object space 725568K, 31% used [0x0000000783000000,0x00000007910e10c0,0x00000007af490000)
 PSPermGen       total 35904K, used 20501K [0x000000077de00000, 0x0000000780110000, 0x0000000783000000)
  object space 35904K, 57% used [0x000000077de00000,0x000000077f2057b0,0x0000000780110000)
503.974: [GC [PSYoungGen: 309760K->98696K(496192K)] 540036K->328972K(1221760K), 0.0526870 secs] [Times: user=0.37 sys=0.00, real=0.05 secs] 
Heap after GC invocations=51 (full 4):
 PSYoungGen      total 496192K, used 98696K [0x00000007d6560000, 0x00000007ffdf0000, 0x0000000800000000)
  eden space 309760K, 0% used [0x00000007d6560000,0x00000007d6560000,0x00000007e93e0000)
  from space 186432K, 52% used [0x00000007e93e0000,0x00000007ef442120,0x00000007f49f0000)
  to   space 184064K, 0% used [0x00000007f4a30000,0x00000007f4a30000,0x00000007ffdf0000)
 PSOldGen        total 725568K, used 230276K [0x0000000783000000, 0x00000007af490000, 0x00000007d6560000)
  object space 725568K, 31% used [0x0000000783000000,0x00000007910e10c0,0x00000007af490000)
 PSPermGen       total 35904K, used 20501K [0x000000077de00000, 0x0000000780110000, 0x0000000783000000)
  object space 35904K, 57% used [0x000000077de00000,0x000000077f2057b0,0x0000000780110000)
}
Total time for which application threads were stopped: 0.0533710 seconds
Application time: 1.9661870 seconds
{Heap before GC invocations=52 (full 4):
 PSYoungGen      total 496192K, used 408451K [0x00000007d6560000, 0x00000007ffdf0000, 0x0000000800000000)
  eden space 309760K, 99% used [0x00000007d6560000,0x00000007e93dee20,0x00000007e93e0000)
  from space 186432K, 52% used [0x00000007e93e0000,0x00000007ef442120,0x00000007f49f0000)
  to   space 184064K, 0% used [0x00000007f4a30000,0x00000007f4a30000,0x00000007ffdf0000)
 PSOldGen        total 725568K, used 230276K [0x0000000783000000, 0x00000007af490000, 0x00000007d6560000)
  object space 725568K, 31% used [0x0000000783000000,0x00000007910e10c0,0x00000007af490000)
 PSPermGen       total 35904K, used 20502K [0x000000077de00000, 0x0000000780110000, 0x0000000783000000)
  object space 35904K, 57% used [0x000000077de00000,0x000000077f2059f0,0x0000000780110000)
505.993: [GC [PSYoungGen: 408451K->9585K(495616K)] 638728K->240489K(1221184K), 0.0705940 secs] [Times: user=0.49 sys=0.00, real=0.07 secs] 
Heap after GC invocations=52 (full 4):
 PSYoungGen      total 495616K, used 9585K [0x00000007d6560000, 0x00000007fff50000, 0x0000000800000000)
  eden space 311552K, 0% used [0x00000007d6560000,0x00000007d6560000,0x00000007e95a0000)
  from space 184064K, 5% used [0x00000007f4a30000,0x00000007f538c430,0x00000007ffdf0000)
  to   space 184896K, 0% used [0x00000007e95a0000,0x00000007e95a0000,0x00000007f4a30000)
 PSOldGen        total 725568K, used 230904K [0x0000000783000000, 0x00000007af490000, 0x00000007d6560000)
  object space 725568K, 31% used [0x0000000783000000,0x000000079117e2e0,0x00000007af490000)
 PSPermGen       total 35904K, used 20502K [0x000000077de00000, 0x0000000780110000, 0x0000000783000000)
  object space 35904K, 57% used [0x000000077de00000,0x000000077f2059f0,0x0000000780110000)
}
Total time for which application threads were stopped: 0.0711850 seconds
Application time: 2.8493750 seconds
{Heap before GC invocations=53 (full 4):
 PSYoungGen      total 495616K, used 321137K [0x00000007d6560000, 0x00000007fff50000, 0x0000000800000000)
  eden space 311552K, 100% used [0x00000007d6560000,0x00000007e95a0000,0x00000007e95a0000)
  from space 184064K, 5% used [0x00000007f4a30000,0x00000007f538c430,0x00000007ffdf0000)
  to   space 184896K, 0% used [0x00000007e95a0000,0x00000007e95a0000,0x00000007f4a30000)
 PSOldGen        total 725568K, used 230904K [0x0000000783000000, 0x00000007af490000, 0x00000007d6560000)
  object space 725568K, 31% used [0x0000000783000000,0x000000079117e2e0,0x00000007af490000)
 PSPermGen       total 35904K, used 20633K [0x000000077de00000, 0x0000000780110000, 0x0000000783000000)
  object space 35904K, 57% used [0x000000077de00000,0x000000077f2267b0,0x0000000780110000)
508.914: [GC [PSYoungGen: 321137K->60562K(372160K)] 552041K->291749K(1097728K), 0.0534560 secs] [Times: user=0.37 sys=0.00, real=0.05 secs] 
Heap after GC invocations=53 (full 4):
 PSYoungGen      total 372160K, used 60562K [0x00000007d6560000, 0x00000007fedf0000, 0x0000000800000000)
  eden space 311552K, 0% used [0x00000007d6560000,0x00000007d6560000,0x00000007e95a0000)
  from space 60608K, 99% used [0x00000007e95a0000,0x00000007ed0c4990,0x00000007ed0d0000)
  to   space 175232K, 0% used [0x00000007f42d0000,0x00000007f42d0000,0x00000007fedf0000)
 PSOldGen        total 725568K, used 231186K [0x0000000783000000, 0x00000007af490000, 0x00000007d6560000)
  object space 725568K, 31% used [0x0000000783000000,0x00000007911c4bb0,0x00000007af490000)
 PSPermGen       total 35904K, used 20633K [0x000000077de00000, 0x0000000780110000, 0x0000000783000000)
  object space 35904K, 57% used [0x000000077de00000,0x000000077f2267b0,0x0000000780110000)
}
Total time for which application threads were stopped: 0.0540830 seconds
Application time: 0.6535220 seconds
{Heap before GC invocations=54 (full 4):
 PSYoungGen      total 372160K, used 372114K [0x00000007d6560000, 0x00000007fedf0000, 0x0000000800000000)
  eden space 311552K, 100% used [0x00000007d6560000,0x00000007e95a0000,0x00000007e95a0000)
  from space 60608K, 99% used [0x00000007e95a0000,0x00000007ed0c4990,0x00000007ed0d0000)
  to   space 175232K, 0% used [0x00000007f42d0000,0x00000007f42d0000,0x00000007fedf0000)
 PSOldGen        total 725568K, used 231186K [0x0000000783000000, 0x00000007af490000, 0x00000007d6560000)
  object space 725568K, 31% used [0x0000000783000000,0x00000007911c4bb0,0x00000007af490000)
 PSPermGen       total 35904K, used 20821K [0x000000077de00000, 0x0000000780110000, 0x0000000783000000)
  object space 35904K, 57% used [0x000000077de00000,0x000000077f2555b0,0x0000000780110000)
509.623: [GC [PSYoungGen: 372114K->127719K(478016K)] 603301K->408559K(1203584K), 0.0448860 secs] [Times: user=0.33 sys=0.00, real=0.05 secs] 
Heap after GC invocations=54 (full 4):
 PSYoungGen      total 478016K, used 127719K [0x00000007d6560000, 0x0000000800000000, 0x0000000800000000)
  eden space 302784K, 0% used [0x00000007d6560000,0x00000007d6560000,0x00000007e8d10000)
  from space 175232K, 72% used [0x00000007f42d0000,0x00000007fbf89e90,0x00000007fedf0000)
  to   space 186112K, 0% used [0x00000007e8d10000,0x00000007e8d10000,0x00000007f42d0000)
 PSOldGen        total 725568K, used 280840K [0x0000000783000000, 0x00000007af490000, 0x00000007d6560000)
  object space 725568K, 38% used [0x0000000783000000,0x0000000794242130,0x00000007af490000)
 PSPermGen       total 35904K, used 20821K [0x000000077de00000, 0x0000000780110000, 0x0000000783000000)
  object space 35904K, 57% used [0x000000077de00000,0x000000077f2555b0,0x0000000780110000)
}
Total time for which application threads were stopped: 0.0469820 seconds
Application time: 0.6507840 seconds
{Heap before GC invocations=55 (full 4):
 PSYoungGen      total 478016K, used 430503K [0x00000007d6560000, 0x0000000800000000, 0x0000000800000000)
  eden space 302784K, 100% used [0x00000007d6560000,0x00000007e8d10000,0x00000007e8d10000)
  from space 175232K, 72% used [0x00000007f42d0000,0x00000007fbf89e90,0x00000007fedf0000)
  to   space 186112K, 0% used [0x00000007e8d10000,0x00000007e8d10000,0x00000007f42d0000)
 PSOldGen        total 725568K, used 280840K [0x0000000783000000, 0x00000007af490000, 0x00000007d6560000)
  object space 725568K, 38% used [0x0000000783000000,0x0000000794242130,0x00000007af490000)
 PSPermGen       total 35904K, used 21007K [0x000000077de00000, 0x0000000780110000, 0x0000000783000000)
  object space 35904K, 58% used [0x000000077de00000,0x000000077f283e70,0x0000000780110000)
510.319: [GC [PSYoungGen: 430503K->126850K(429696K)] 711343K->520083K(1155264K), 0.0534280 secs] [Times: user=0.41 sys=0.01, real=0.05 secs] 
Heap after GC invocations=55 (full 4):
 PSYoungGen      total 429696K, used 126850K [0x00000007d6560000, 0x0000000800000000, 0x0000000800000000)
  eden space 302784K, 0% used [0x00000007d6560000,0x00000007d6560000,0x00000007e8d10000)
  from space 126912K, 99% used [0x00000007e8d10000,0x00000007f08f09f0,0x00000007f0900000)
  to   space 194112K, 0% used [0x00000007f4270000,0x00000007f4270000,0x0000000800000000)
 PSOldGen        total 725568K, used 393233K [0x0000000783000000, 0x00000007af490000, 0x00000007d6560000)
  object space 725568K, 54% used [0x0000000783000000,0x000000079b004560,0x00000007af490000)
 PSPermGen       total 35904K, used 21007K [0x000000077de00000, 0x0000000780110000, 0x0000000783000000)
  object space 35904K, 58% used [0x000000077de00000,0x000000077f283e70,0x0000000780110000)
}
Total time for which application threads were stopped: 0.0541430 seconds
Application time: 0.8110050 seconds
{Heap before GC invocations=56 (full 4):
 PSYoungGen      total 429696K, used 429634K [0x00000007d6560000, 0x0000000800000000, 0x0000000800000000)
  eden space 302784K, 100% used [0x00000007d6560000,0x00000007e8d10000,0x00000007e8d10000)
  from space 126912K, 99% used [0x00000007e8d10000,0x00000007f08f09f0,0x00000007f0900000)
  to   space 194112K, 0% used [0x00000007f4270000,0x00000007f4270000,0x0000000800000000)
 PSOldGen        total 725568K, used 393233K [0x0000000783000000, 0x00000007af490000, 0x00000007d6560000)
  object space 725568K, 54% used [0x0000000783000000,0x000000079b004560,0x00000007af490000)
 PSPermGen       total 35904K, used 21119K [0x000000077de00000, 0x0000000780110000, 0x0000000783000000)
  object space 35904K, 58% used [0x000000077de00000,0x000000077f29fe30,0x0000000780110000)
511.184: [GC [PSYoungGen: 429634K->79706K(499712K)] 822867K->579608K(1225280K), 0.0546510 secs] [Times: user=0.36 sys=0.00, real=0.06 secs] 
Heap after GC invocations=56 (full 4):
 PSYoungGen      total 499712K, used 79706K [0x00000007d6560000, 0x0000000800000000, 0x0000000800000000)
  eden space 305600K, 0% used [0x00000007d6560000,0x00000007d6560000,0x00000007e8fd0000)
  from space 194112K, 41% used [0x00000007f4270000,0x00000007f9046910,0x0000000800000000)
  to   space 182912K, 0% used [0x00000007e8fd0000,0x00000007e8fd0000,0x00000007f4270000)
 PSOldGen        total 725568K, used 499902K [0x0000000783000000, 0x00000007af490000, 0x00000007d6560000)
  object space 725568K, 68% used [0x0000000783000000,0x00000007a182f980,0x00000007af490000)
 PSPermGen       total 35904K, used 21119K [0x000000077de00000, 0x0000000780110000, 0x0000000783000000)
  object space 35904K, 58% used [0x000000077de00000,0x000000077f29fe30,0x0000000780110000)
}
Total time for which application threads were stopped: 0.0552900 seconds
Application time: 1.0000780 seconds
Total time for which application threads were stopped: 0.0005320 seconds
Application time: 0.0672580 seconds
{Heap before GC invocations=57 (full 4):
 PSYoungGen      total 499712K, used 385306K [0x00000007d6560000, 0x0000000800000000, 0x0000000800000000)
  eden space 305600K, 100% used [0x00000007d6560000,0x00000007e8fd0000,0x00000007e8fd0000)
  from space 194112K, 41% used [0x00000007f4270000,0x00000007f9046910,0x0000000800000000)
  to   space 182912K, 0% used [0x00000007e8fd0000,0x00000007e8fd0000,0x00000007f4270000)
 PSOldGen        total 725568K, used 499902K [0x0000000783000000, 0x00000007af490000, 0x00000007d6560000)
  object space 725568K, 68% used [0x0000000783000000,0x00000007a182f980,0x00000007af490000)
 PSPermGen       total 35904K, used 21124K [0x000000077de00000, 0x0000000780110000, 0x0000000783000000)
  object space 35904K, 58% used [0x000000077de00000,0x000000077f2a13f0,0x0000000780110000)
512.307: [GC [PSYoungGen: 385306K->9120K(488512K)] 885208K->511525K(1214080K), 0.0725060 secs] [Times: user=0.48 sys=0.02, real=0.07 secs] 
Heap after GC invocations=57 (full 4):
 PSYoungGen      total 488512K, used 9120K [0x00000007d6560000, 0x00000007ff8b0000, 0x0000000800000000)
  eden space 305600K, 0% used [0x00000007d6560000,0x00000007d6560000,0x00000007e8fd0000)
  from space 182912K, 4% used [0x00000007e8fd0000,0x00000007e98b8000,0x00000007f4270000)
  to   space 184768K, 0% used [0x00000007f4440000,0x00000007f4440000,0x00000007ff8b0000)
 PSOldGen        total 725568K, used 502405K [0x0000000783000000, 0x00000007af490000, 0x00000007d6560000)
  object space 725568K, 69% used [0x0000000783000000,0x00000007a1aa1520,0x00000007af490000)
 PSPermGen       total 35904K, used 21124K [0x000000077de00000, 0x0000000780110000, 0x0000000783000000)
  object space 35904K, 58% used [0x000000077de00000,0x000000077f2a13f0,0x0000000780110000)
}
Total time for which application threads were stopped: 0.0729490 seconds
Application time: 2.7087430 seconds
{Heap before GC invocations=58 (full 4):
 PSYoungGen      total 488512K, used 314720K [0x00000007d6560000, 0x00000007ff8b0000, 0x0000000800000000)
  eden space 305600K, 100% used [0x00000007d6560000,0x00000007e8fd0000,0x00000007e8fd0000)
  from space 182912K, 4% used [0x00000007e8fd0000,0x00000007e98b8000,0x00000007f4270000)
  to   space 184768K, 0% used [0x00000007f4440000,0x00000007f4440000,0x00000007ff8b0000)
 PSOldGen        total 725568K, used 502405K [0x0000000783000000, 0x00000007af490000, 0x00000007d6560000)
  object space 725568K, 69% used [0x0000000783000000,0x00000007a1aa1520,0x00000007af490000)
 PSPermGen       total 35904K, used 21262K [0x000000077de00000, 0x0000000780110000, 0x0000000783000000)
  object space 35904K, 59% used [0x000000077de00000,0x000000077f2c3a70,0x0000000780110000)
515.089: [GC [PSYoungGen: 314720K->90382K(494912K)] 817125K->592892K(1220480K), 0.0534390 secs] [Times: user=0.37 sys=0.00, real=0.05 secs] 
Heap after GC invocations=58 (full 4):
 PSYoungGen      total 494912K, used 90382K [0x00000007d6560000, 0x00000007ff870000, 0x0000000800000000)
  eden space 310400K, 0% used [0x00000007d6560000,0x00000007d6560000,0x00000007e9480000)
  from space 184512K, 48% used [0x00000007f4440000,0x00000007f9c83af0,0x00000007ff870000)
  to   space 179968K, 0% used [0x00000007e9480000,0x00000007e9480000,0x00000007f4440000)
 PSOldGen        total 725568K, used 502509K [0x0000000783000000, 0x00000007af490000, 0x00000007d6560000)
  object space 725568K, 69% used [0x0000000783000000,0x00000007a1abb520,0x00000007af490000)
 PSPermGen       total 35904K, used 21262K [0x000000077de00000, 0x0000000780110000, 0x0000000783000000)
  object space 35904K, 59% used [0x000000077de00000,0x000000077f2c3a70,0x0000000780110000)
}
Total time for which application threads were stopped: 0.0540370 seconds
Application time: 0.6445820 seconds
{Heap before GC invocations=59 (full 4):
 PSYoungGen      total 494912K, used 400782K [0x00000007d6560000, 0x00000007ff870000, 0x0000000800000000)
  eden space 310400K, 100% used [0x00000007d6560000,0x00000007e9480000,0x00000007e9480000)
  from space 184512K, 48% used [0x00000007f4440000,0x00000007f9c83af0,0x00000007ff870000)
  to   space 179968K, 0% used [0x00000007e9480000,0x00000007e9480000,0x00000007f4440000)
 PSOldGen        total 725568K, used 502509K [0x0000000783000000, 0x00000007af490000, 0x00000007d6560000)
  object space 725568K, 69% used [0x0000000783000000,0x00000007a1abb520,0x00000007af490000)
 PSPermGen       total 35904K, used 21453K [0x000000077de00000, 0x0000000780110000, 0x0000000783000000)
  object space 35904K, 59% used [0x000000077de00000,0x000000077f2f3530,0x0000000780110000)
515.788: [GC [PSYoungGen: 400782K->130773K(490368K)] 903292K->710728K(1215936K), 0.0502300 secs] [Times: user=0.38 sys=0.00, real=0.05 secs] 
Heap after GC invocations=59 (full 4):
 PSYoungGen      total 490368K, used 130773K [0x00000007d6560000, 0x0000000800000000, 0x0000000800000000)
  eden space 310400K, 0% used [0x00000007d6560000,0x00000007d6560000,0x00000007e9480000)
  from space 179968K, 72% used [0x00000007e9480000,0x00000007f1435640,0x00000007f4440000)
  to   space 190080K, 0% used [0x00000007f4660000,0x00000007f4660000,0x0000000800000000)
 PSOldGen        total 725568K, used 579955K [0x0000000783000000, 0x00000007af490000, 0x00000007d6560000)
  object space 725568K, 79% used [0x0000000783000000,0x00000007a665cdb0,0x00000007af490000)
 PSPermGen       total 35904K, used 21453K [0x000000077de00000, 0x0000000780110000, 0x0000000783000000)
  object space 35904K, 59% used [0x000000077de00000,0x000000077f2f3530,0x0000000780110000)
}
{Heap before GC invocations=60 (full 5):
 PSYoungGen      total 490368K, used 130773K [0x00000007d6560000, 0x0000000800000000, 0x0000000800000000)
  eden space 310400K, 0% used [0x00000007d6560000,0x00000007d6560000,0x00000007e9480000)
  from space 179968K, 72% used [0x00000007e9480000,0x00000007f1435640,0x00000007f4440000)
  to   space 190080K, 0% used [0x00000007f4660000,0x00000007f4660000,0x0000000800000000)
 PSOldGen        total 725568K, used 579955K [0x0000000783000000, 0x00000007af490000, 0x00000007d6560000)
  object space 725568K, 79% used [0x0000000783000000,0x00000007a665cdb0,0x00000007af490000)
 PSPermGen       total 35904K, used 21453K [0x000000077de00000, 0x0000000780110000, 0x0000000783000000)
  object space 35904K, 59% used [0x000000077de00000,0x000000077f2f3530,0x0000000780110000)
515.839: [Full GC [PSYoungGen: 130773K->0K(490368K)] [PSOldGen: 579955K->265952K(803264K)] 710728K->265952K(1293632K) [PSPermGen: 21453K->21453K(36480K)], 0.2723960 secs] [Times: user=0.27 sys=0.00, real=0.27 secs] 
Heap after GC invocations=60 (full 5):
 PSYoungGen      total 490368K, used 0K [0x00000007d6560000, 0x0000000800000000, 0x0000000800000000)
  eden space 310400K, 0% used [0x00000007d6560000,0x00000007d6560000,0x00000007e9480000)
  from space 179968K, 0% used [0x00000007e9480000,0x00000007e9480000,0x00000007f4440000)
  to   space 190080K, 0% used [0x00000007f4660000,0x00000007f4660000,0x0000000800000000)
 PSOldGen        total 803264K, used 265952K [0x0000000783000000, 0x00000007b4070000, 0x00000007d6560000)
  object space 803264K, 33% used [0x0000000783000000,0x00000007933b8248,0x00000007b4070000)
 PSPermGen       total 36480K, used 21453K [0x000000077de00000, 0x00000007801a0000, 0x0000000783000000)
  object space 36480K, 58% used [0x000000077de00000,0x000000077f2f3530,0x00000007801a0000)
}
Total time for which application threads were stopped: 0.3238170 seconds
Application time: 0.7244290 seconds
{Heap before GC invocations=61 (full 5):
 PSYoungGen      total 490368K, used 310400K [0x00000007d6560000, 0x0000000800000000, 0x0000000800000000)
  eden space 310400K, 100% used [0x00000007d6560000,0x00000007e9480000,0x00000007e9480000)
  from space 179968K, 0% used [0x00000007e9480000,0x00000007e9480000,0x00000007f4440000)
  to   space 190080K, 0% used [0x00000007f4660000,0x00000007f4660000,0x0000000800000000)
 PSOldGen        total 803264K, used 265952K [0x0000000783000000, 0x00000007b4070000, 0x00000007d6560000)
  object space 803264K, 33% used [0x0000000783000000,0x00000007933b8248,0x00000007b4070000)
 PSPermGen       total 36480K, used 21621K [0x000000077de00000, 0x00000007801a0000, 0x0000000783000000)
  object space 36480K, 59% used [0x000000077de00000,0x000000077f31d6b0,0x00000007801a0000)
516.837: [GC [PSYoungGen: 310400K->115856K(488320K)] 576352K->381809K(1291584K), 0.0482800 secs] [Times: user=0.31 sys=0.01, real=0.05 secs] 
Heap after GC invocations=61 (full 5):
 PSYoungGen      total 488320K, used 115856K [0x00000007d6560000, 0x0000000800000000, 0x0000000800000000)
  eden space 298240K, 0% used [0x00000007d6560000,0x00000007d6560000,0x00000007e88a0000)
  from space 190080K, 60% used [0x00000007f4660000,0x00000007fb784320,0x0000000800000000)
  to   space 192192K, 0% used [0x00000007e88a0000,0x00000007e88a0000,0x00000007f4450000)
 PSOldGen        total 803264K, used 265952K [0x0000000783000000, 0x00000007b4070000, 0x00000007d6560000)
  object space 803264K, 33% used [0x0000000783000000,0x00000007933b8248,0x00000007b4070000)
 PSPermGen       total 36480K, used 21621K [0x000000077de00000, 0x00000007801a0000, 0x0000000783000000)
  object space 36480K, 59% used [0x000000077de00000,0x000000077f31d6b0,0x00000007801a0000)
}
Total time for which application threads were stopped: 0.0493170 seconds
Application time: 1.0160200 seconds
{Heap before GC invocations=62 (full 5):
 PSYoungGen      total 488320K, used 414096K [0x00000007d6560000, 0x0000000800000000, 0x0000000800000000)
  eden space 298240K, 100% used [0x00000007d6560000,0x00000007e88a0000,0x00000007e88a0000)
  from space 190080K, 60% used [0x00000007f4660000,0x00000007fb784320,0x0000000800000000)
  to   space 192192K, 0% used [0x00000007e88a0000,0x00000007e88a0000,0x00000007f4450000)
 PSOldGen        total 803264K, used 265952K [0x0000000783000000, 0x00000007b4070000, 0x00000007d6560000)
  object space 803264K, 33% used [0x0000000783000000,0x00000007933b8248,0x00000007b4070000)
 PSPermGen       total 36480K, used 21621K [0x000000077de00000, 0x00000007801a0000, 0x0000000783000000)
  object space 36480K, 59% used [0x000000077de00000,0x000000077f31d6b0,0x00000007801a0000)
517.904: [GC [PSYoungGen: 414096K->8992K(307264K)] 680049K->295571K(1110528K), 0.0760890 secs] [Times: user=0.53 sys=0.00, real=0.08 secs] 
Heap after GC invocations=62 (full 5):
 PSYoungGen      total 307264K, used 8992K [0x00000007d6560000, 0x0000000800000000, 0x0000000800000000)
  eden space 298240K, 0% used [0x00000007d6560000,0x00000007d6560000,0x00000007e88a0000)
  from space 9024K, 99% used [0x00000007e88a0000,0x00000007e9168000,0x00000007e9170000)
  to   space 194176K, 0% used [0x00000007f4260000,0x00000007f4260000,0x0000000800000000)
 PSOldGen        total 803264K, used 286579K [0x0000000783000000, 0x00000007b4070000, 0x00000007d6560000)
  object space 803264K, 35% used [0x0000000783000000,0x00000007947dccb8,0x00000007b4070000)
 PSPermGen       total 36480K, used 21621K [0x000000077de00000, 0x00000007801a0000, 0x0000000783000000)
  object space 36480K, 59% used [0x000000077de00000,0x000000077f31d6b0,0x00000007801a0000)
}
Total time for which application threads were stopped: 0.0791500 seconds
Application time: 2.8249040 seconds
{Heap before GC invocations=63 (full 5):
 PSYoungGen      total 307264K, used 307232K [0x00000007d6560000, 0x0000000800000000, 0x0000000800000000)
  eden space 298240K, 100% used [0x00000007d6560000,0x00000007e88a0000,0x00000007e88a0000)
  from space 9024K, 99% used [0x00000007e88a0000,0x00000007e9168000,0x00000007e9170000)
  to   space 194176K, 0% used [0x00000007f4260000,0x00000007f4260000,0x0000000800000000)
 PSOldGen        total 803264K, used 286579K [0x0000000783000000, 0x00000007b4070000, 0x00000007d6560000)
  object space 803264K, 35% used [0x0000000783000000,0x00000007947dccb8,0x00000007b4070000)
 PSPermGen       total 36480K, used 21722K [0x000000077de00000, 0x00000007801a0000, 0x0000000783000000)
  object space 36480K, 59% used [0x000000077de00000,0x000000077f3368b0,0x00000007801a0000)
520.806: [GC [PSYoungGen: 307232K->40851K(494144K)] 593811K->327527K(1297408K), 0.0583180 secs] [Times: user=0.40 sys=0.01, real=0.06 secs] 
Heap after GC invocations=63 (full 5):
 PSYoungGen      total 494144K, used 40851K [0x00000007d6560000, 0x0000000800000000, 0x0000000800000000)
  eden space 299968K, 0% used [0x00000007d6560000,0x00000007d6560000,0x00000007e8a50000)
  from space 194176K, 21% used [0x00000007f4260000,0x00000007f6a44fb0,0x0000000800000000)
  to   space 188480K, 0% used [0x00000007e8a50000,0x00000007e8a50000,0x00000007f4260000)
 PSOldGen        total 803264K, used 286675K [0x0000000783000000, 0x00000007b4070000, 0x00000007d6560000)
  object space 803264K, 35% used [0x0000000783000000,0x00000007947f4cb8,0x00000007b4070000)
 PSPermGen       total 36480K, used 21722K [0x000000077de00000, 0x00000007801a0000, 0x0000000783000000)
  object space 36480K, 59% used [0x000000077de00000,0x000000077f3368b0,0x00000007801a0000)
}
Total time for which application threads were stopped: 0.0589570 seconds
Application time: 0.5639840 seconds
{Heap before GC invocations=64 (full 5):
 PSYoungGen      total 494144K, used 340819K [0x00000007d6560000, 0x0000000800000000, 0x0000000800000000)
  eden space 299968K, 100% used [0x00000007d6560000,0x00000007e8a50000,0x00000007e8a50000)
  from space 194176K, 21% used [0x00000007f4260000,0x00000007f6a44fb0,0x0000000800000000)
  to   space 188480K, 0% used [0x00000007e8a50000,0x00000007e8a50000,0x00000007f4260000)
 PSOldGen        total 803264K, used 286675K [0x0000000783000000, 0x00000007b4070000, 0x00000007d6560000)
  object space 803264K, 35% used [0x0000000783000000,0x00000007947f4cb8,0x00000007b4070000)
 PSPermGen       total 36480K, used 21933K [0x000000077de00000, 0x00000007801a0000, 0x0000000783000000)
  object space 36480K, 60% used [0x000000077de00000,0x000000077f36b5f0,0x00000007801a0000)
521.429: [GC [PSYoungGen: 340819K->142609K(442624K)] 627495K->460818K(1245888K), 0.0422320 secs] [Times: user=0.30 sys=0.01, real=0.04 secs] 
Heap after GC invocations=64 (full 5):
 PSYoungGen      total 442624K, used 142609K [0x00000007d6560000, 0x0000000800000000, 0x0000000800000000)
  eden space 299968K, 0% used [0x00000007d6560000,0x00000007d6560000,0x00000007e8a50000)
  from space 142656K, 99% used [0x00000007e8a50000,0x00000007f1594690,0x00000007f15a0000)
  to   space 202688K, 0% used [0x00000007f3a10000,0x00000007f3a10000,0x0000000800000000)
 PSOldGen        total 803264K, used 318209K [0x0000000783000000, 0x00000007b4070000, 0x00000007d6560000)
  object space 803264K, 39% used [0x0000000783000000,0x00000007966c04f8,0x00000007b4070000)
 PSPermGen       total 36480K, used 21933K [0x000000077de00000, 0x00000007801a0000, 0x0000000783000000)
  object space 36480K, 60% used [0x000000077de00000,0x000000077f36b5f0,0x00000007801a0000)
}
Total time for which application threads were stopped: 0.0428900 seconds
Application time: 0.6301800 seconds
{Heap before GC invocations=65 (full 5):
 PSYoungGen      total 442624K, used 442577K [0x00000007d6560000, 0x0000000800000000, 0x0000000800000000)
  eden space 299968K, 100% used [0x00000007d6560000,0x00000007e8a50000,0x00000007e8a50000)
  from space 142656K, 99% used [0x00000007e8a50000,0x00000007f1594690,0x00000007f15a0000)
  to   space 202688K, 0% used [0x00000007f3a10000,0x00000007f3a10000,0x0000000800000000)
 PSOldGen        total 803264K, used 318209K [0x0000000783000000, 0x00000007b4070000, 0x00000007d6560000)
  object space 803264K, 39% used [0x0000000783000000,0x00000007966c04f8,0x00000007b4070000)
 PSPermGen       total 36480K, used 22128K [0x000000077de00000, 0x00000007801a0000, 0x0000000783000000)
  object space 36480K, 60% used [0x000000077de00000,0x000000077f39c1f0,0x00000007801a0000)
522.102: [GC [PSYoungGen: 442577K->133194K(465088K)] 760786K->577145K(1268352K), 0.0561070 secs] [Times: user=0.50 sys=0.00, real=0.06 secs] 
Heap after GC invocations=65 (full 5):
 PSYoungGen      total 465088K, used 133194K [0x00000007d6560000, 0x0000000800000000, 0x0000000800000000)
  eden space 262400K, 0% used [0x00000007d6560000,0x00000007d6560000,0x00000007e65a0000)
  from space 202688K, 65% used [0x00000007f3a10000,0x00000007fbc22af0,0x0000000800000000)
  to   space 210112K, 0% used [0x00000007e65a0000,0x00000007e65a0000,0x00000007f32d0000)
 PSOldGen        total 803264K, used 443950K [0x0000000783000000, 0x00000007b4070000, 0x00000007d6560000)
  object space 803264K, 55% used [0x0000000783000000,0x000000079e18ba38,0x00000007b4070000)
 PSPermGen       total 36480K, used 22128K [0x000000077de00000, 0x00000007801a0000, 0x0000000783000000)
  object space 36480K, 60% used [0x000000077de00000,0x000000077f39c1f0,0x00000007801a0000)
}
Total time for which application threads were stopped: 0.0567920 seconds
Application time: 0.5277150 seconds
{Heap before GC invocations=66 (full 5):
 PSYoungGen      total 465088K, used 395594K [0x00000007d6560000, 0x0000000800000000, 0x0000000800000000)
  eden space 262400K, 100% used [0x00000007d6560000,0x00000007e65a0000,0x00000007e65a0000)
  from space 202688K, 65% used [0x00000007f3a10000,0x00000007fbc22af0,0x0000000800000000)
  to   space 210112K, 0% used [0x00000007e65a0000,0x00000007e65a0000,0x00000007f32d0000)
 PSOldGen        total 803264K, used 443950K [0x0000000783000000, 0x00000007b4070000, 0x00000007d6560000)
  object space 803264K, 55% used [0x0000000783000000,0x000000079e18ba38,0x00000007b4070000)
 PSPermGen       total 36480K, used 22315K [0x000000077de00000, 0x00000007801a0000, 0x0000000783000000)
  object space 36480K, 61% used [0x000000077de00000,0x000000077f3cae70,0x00000007801a0000)
522.686: [GC [PSYoungGen: 395594K->126968K(389376K)] 839545K->687883K(1192640K), 0.0510150 secs] [Times: user=0.44 sys=0.02, real=0.05 secs] 
Heap after GC invocations=66 (full 5):
 PSYoungGen      total 389376K, used 126968K [0x00000007d6560000, 0x0000000800000000, 0x0000000800000000)
  eden space 262400K, 0% used [0x00000007d6560000,0x00000007d6560000,0x00000007e65a0000)
  from space 126976K, 99% used [0x00000007e65a0000,0x00000007ee19e320,0x00000007ee1a0000)
  to   space 213056K, 0% used [0x00000007f2ff0000,0x00000007f2ff0000,0x0000000800000000)
 PSOldGen        total 803264K, used 560914K [0x0000000783000000, 0x00000007b4070000, 0x00000007d6560000)
  object space 803264K, 69% used [0x0000000783000000,0x00000007a53c4b18,0x00000007b4070000)
 PSPermGen       total 36480K, used 22315K [0x000000077de00000, 0x00000007801a0000, 0x0000000783000000)
  object space 36480K, 61% used [0x000000077de00000,0x000000077f3cae70,0x00000007801a0000)
}
Total time for which application threads were stopped: 0.0516950 seconds
Application time: 0.9071520 seconds
{Heap before GC invocations=67 (full 5):
 PSYoungGen      total 389376K, used 389368K [0x00000007d6560000, 0x0000000800000000, 0x0000000800000000)
  eden space 262400K, 100% used [0x00000007d6560000,0x00000007e65a0000,0x00000007e65a0000)
  from space 126976K, 99% used [0x00000007e65a0000,0x00000007ee19e320,0x00000007ee1a0000)
  to   space 213056K, 0% used [0x00000007f2ff0000,0x00000007f2ff0000,0x0000000800000000)
 PSOldGen        total 803264K, used 560914K [0x0000000783000000, 0x00000007b4070000, 0x00000007d6560000)
  object space 803264K, 69% used [0x0000000783000000,0x00000007a53c4b18,0x00000007b4070000)
 PSPermGen       total 36480K, used 22315K [0x000000077de00000, 0x00000007801a0000, 0x0000000783000000)
  object space 36480K, 61% used [0x000000077de00000,0x000000077f3cae70,0x00000007801a0000)
523.645: [GC [PSYoungGen: 389368K->8032K(466624K)] 950283K->681129K(1269888K), 0.0649550 secs] [Times: user=0.45 sys=0.00, real=0.06 secs] 
Heap after GC invocations=67 (full 5):
 PSYoungGen      total 466624K, used 8032K [0x00000007d6560000, 0x0000000800000000, 0x0000000800000000)
  eden space 253568K, 0% used [0x00000007d6560000,0x00000007d6560000,0x00000007e5d00000)
  from space 213056K, 3% used [0x00000007f2ff0000,0x00000007f37c8000,0x0000000800000000)
  to   space 214528K, 0% used [0x00000007e5d00000,0x00000007e5d00000,0x00000007f2e80000)
 PSOldGen        total 803264K, used 673097K [0x0000000783000000, 0x00000007b4070000, 0x00000007d6560000)
  object space 803264K, 83% used [0x0000000783000000,0x00000007ac152518,0x00000007b4070000)
 PSPermGen       total 36480K, used 22315K [0x000000077de00000, 0x00000007801a0000, 0x0000000783000000)
  object space 36480K, 61% used [0x000000077de00000,0x000000077f3cae70,0x00000007801a0000)
}
{Heap before GC invocations=68 (full 6):
 PSYoungGen      total 466624K, used 8032K [0x00000007d6560000, 0x0000000800000000, 0x0000000800000000)
  eden space 253568K, 0% used [0x00000007d6560000,0x00000007d6560000,0x00000007e5d00000)
  from space 213056K, 3% used [0x00000007f2ff0000,0x00000007f37c8000,0x0000000800000000)
  to   space 214528K, 0% used [0x00000007e5d00000,0x00000007e5d00000,0x00000007f2e80000)
 PSOldGen        total 803264K, used 673097K [0x0000000783000000, 0x00000007b4070000, 0x00000007d6560000)
  object space 803264K, 83% used [0x0000000783000000,0x00000007ac152518,0x00000007b4070000)
 PSPermGen       total 36480K, used 22315K [0x000000077de00000, 0x00000007801a0000, 0x0000000783000000)
  object space 36480K, 61% used [0x000000077de00000,0x000000077f3cae70,0x00000007801a0000)
523.710: [Full GC [PSYoungGen: 8032K->0K(466624K)] [PSOldGen: 673097K->406927K(1001472K)] 681129K->406927K(1468096K) [PSPermGen: 22315K->22315K(36480K)], 0.3662430 secs] [Times: user=0.37 sys=0.00, real=0.37 secs] 
Heap after GC invocations=68 (full 6):
 PSYoungGen      total 466624K, used 0K [0x00000007d6560000, 0x0000000800000000, 0x0000000800000000)
  eden space 253568K, 0% used [0x00000007d6560000,0x00000007d6560000,0x00000007e5d00000)
  from space 213056K, 0% used [0x00000007f2ff0000,0x00000007f2ff0000,0x0000000800000000)
  to   space 214528K, 0% used [0x00000007e5d00000,0x00000007e5d00000,0x00000007f2e80000)
 PSOldGen        total 1001472K, used 406927K [0x0000000783000000, 0x00000007c0200000, 0x00000007d6560000)
  object space 1001472K, 40% used [0x0000000783000000,0x000000079bd63ed8,0x00000007c0200000)
 PSPermGen       total 36480K, used 22315K [0x000000077de00000, 0x00000007801a0000, 0x0000000783000000)
  object space 36480K, 61% used [0x000000077de00000,0x000000077f3cae70,0x00000007801a0000)
}
Total time for which application threads were stopped: 0.4319770 seconds
Application time: 1.0936550 seconds
{Heap before GC invocations=69 (full 6):
 PSYoungGen      total 466624K, used 253568K [0x00000007d6560000, 0x0000000800000000, 0x0000000800000000)
  eden space 253568K, 100% used [0x00000007d6560000,0x00000007e5d00000,0x00000007e5d00000)
  from space 213056K, 0% used [0x00000007f2ff0000,0x00000007f2ff0000,0x0000000800000000)
  to   space 214528K, 0% used [0x00000007e5d00000,0x00000007e5d00000,0x00000007f2e80000)
 PSOldGen        total 1001472K, used 406927K [0x0000000783000000, 0x00000007c0200000, 0x00000007d6560000)
  object space 1001472K, 40% used [0x0000000783000000,0x000000079bd63ed8,0x00000007c0200000)
 PSPermGen       total 36480K, used 22315K [0x000000077de00000, 0x00000007801a0000, 0x0000000783000000)
  object space 36480K, 61% used [0x000000077de00000,0x000000077f3caeb8,0x00000007801a0000)
525.171: [GC [PSYoungGen: 253568K->7648K(468096K)] 660495K->414575K(1469568K), 0.0617780 secs] [Times: user=0.43 sys=0.01, real=0.06 secs] 
Heap after GC invocations=69 (full 6):
 PSYoungGen      total 468096K, used 7648K [0x00000007d6560000, 0x00000007ffff0000, 0x0000000800000000)
  eden space 253568K, 0% used [0x00000007d6560000,0x00000007d6560000,0x00000007e5d00000)
  from space 214528K, 3% used [0x00000007e5d00000,0x00000007e6478000,0x00000007f2e80000)
  to   space 213760K, 0% used [0x00000007f2f30000,0x00000007f2f30000,0x00000007ffff0000)
 PSOldGen        total 1001472K, used 406927K [0x0000000783000000, 0x00000007c0200000, 0x00000007d6560000)
  object space 1001472K, 40% used [0x0000000783000000,0x000000079bd63ed8,0x00000007c0200000)
 PSPermGen       total 36480K, used 22315K [0x000000077de00000, 0x00000007801a0000, 0x0000000783000000)
  object space 36480K, 61% used [0x000000077de00000,0x000000077f3caeb8,0x00000007801a0000)
}
Total time for which application threads were stopped: 0.0624380 seconds
Application time: 17.0011970 seconds
Total time for which application threads were stopped: 0.0003350 seconds
Application time: 165.6174190 seconds
{Heap before GC invocations=70 (full 6):
 PSYoungGen      total 468096K, used 261205K [0x00000007d6560000, 0x00000007ffff0000, 0x0000000800000000)
  eden space 253568K, 99% used [0x00000007d6560000,0x00000007e5cfd548,0x00000007e5d00000)
  from space 214528K, 3% used [0x00000007e5d00000,0x00000007e6478000,0x00000007f2e80000)
  to   space 213760K, 0% used [0x00000007f2f30000,0x00000007f2f30000,0x00000007ffff0000)
 PSOldGen        total 1001472K, used 406927K [0x0000000783000000, 0x00000007c0200000, 0x00000007d6560000)
  object space 1001472K, 40% used [0x0000000783000000,0x000000079bd63ed8,0x00000007c0200000)
 PSPermGen       total 36480K, used 22469K [0x000000077de00000, 0x00000007801a0000, 0x0000000783000000)
  object space 36480K, 61% used [0x000000077de00000,0x000000077f3f1660,0x00000007801a0000)
707.852: [GC [PSYoungGen: 261205K->98491K(457536K)] 668133K->505515K(1459008K), 0.0334580 secs] [Times: user=0.25 sys=0.00, real=0.04 secs] 
Heap after GC invocations=70 (full 6):
 PSYoungGen      total 457536K, used 98491K [0x00000007d6560000, 0x00000007ff5a0000, 0x0000000800000000)
  eden space 254336K, 0% used [0x00000007d6560000,0x00000007d6560000,0x00000007e5dc0000)
  from space 203200K, 48% used [0x00000007f2f30000,0x00000007f8f5eeb0,0x00000007ff5a0000)
  to   space 208832K, 0% used [0x00000007e5dc0000,0x00000007e5dc0000,0x00000007f29b0000)
 PSOldGen        total 1001472K, used 407023K [0x0000000783000000, 0x00000007c0200000, 0x00000007d6560000)
  object space 1001472K, 40% used [0x0000000783000000,0x000000079bd7bed8,0x00000007c0200000)
 PSPermGen       total 36480K, used 22469K [0x000000077de00000, 0x00000007801a0000, 0x0000000783000000)
  object space 36480K, 61% used [0x000000077de00000,0x000000077f3f1660,0x00000007801a0000)
}
Total time for which application threads were stopped: 0.0340930 seconds
Application time: 0.4610430 seconds
{Heap before GC invocations=71 (full 6):
 PSYoungGen      total 457536K, used 352827K [0x00000007d6560000, 0x00000007ff5a0000, 0x0000000800000000)
  eden space 254336K, 100% used [0x00000007d6560000,0x00000007e5dc0000,0x00000007e5dc0000)
  from space 203200K, 48% used [0x00000007f2f30000,0x00000007f8f5eeb0,0x00000007ff5a0000)
  to   space 208832K, 0% used [0x00000007e5dc0000,0x00000007e5dc0000,0x00000007f29b0000)
 PSOldGen        total 1001472K, used 407023K [0x0000000783000000, 0x00000007c0200000, 0x00000007d6560000)
  object space 1001472K, 40% used [0x0000000783000000,0x000000079bd7bed8,0x00000007c0200000)
 PSPermGen       total 36480K, used 22666K [0x000000077de00000, 0x00000007801a0000, 0x0000000783000000)
  object space 36480K, 62% used [0x000000077de00000,0x000000077f422aa0,0x00000007801a0000)
708.347: [GC [PSYoungGen: 352827K->132946K(463168K)] 759851K->627052K(1464640K), 0.0417610 secs] [Times: user=0.38 sys=0.00, real=0.04 secs] 
Heap after GC invocations=71 (full 6):
 PSYoungGen      total 463168K, used 132946K [0x00000007d6560000, 0x0000000800000000, 0x0000000800000000)
  eden space 254336K, 0% used [0x00000007d6560000,0x00000007d6560000,0x00000007e5dc0000)
  from space 208832K, 63% used [0x00000007e5dc0000,0x00000007edf94930,0x00000007f29b0000)
  to   space 216512K, 0% used [0x00000007f2c90000,0x00000007f2c90000,0x0000000800000000)
 PSOldGen        total 1001472K, used 494106K [0x0000000783000000, 0x00000007c0200000, 0x00000007d6560000)
  object space 1001472K, 49% used [0x0000000783000000,0x00000007a1286aa8,0x00000007c0200000)
 PSPermGen       total 36480K, used 22666K [0x000000077de00000, 0x00000007801a0000, 0x0000000783000000)
  object space 36480K, 62% used [0x000000077de00000,0x000000077f422aa0,0x00000007801a0000)
}
Total time for which application threads were stopped: 0.0423040 seconds
Application time: 0.4900890 seconds
{Heap before GC invocations=72 (full 6):
 PSYoungGen      total 463168K, used 387279K [0x00000007d6560000, 0x0000000800000000, 0x0000000800000000)
  eden space 254336K, 99% used [0x00000007d6560000,0x00000007e5dbf650,0x00000007e5dc0000)
  from space 208832K, 63% used [0x00000007e5dc0000,0x00000007edf94930,0x00000007f29b0000)
  to   space 216512K, 0% used [0x00000007f2c90000,0x00000007f2c90000,0x0000000800000000)
 PSOldGen        total 1001472K, used 494106K [0x0000000783000000, 0x00000007c0200000, 0x00000007d6560000)
  object space 1001472K, 49% used [0x0000000783000000,0x00000007a1286aa8,0x00000007c0200000)
 PSPermGen       total 36480K, used 22854K [0x000000077de00000, 0x00000007801a0000, 0x0000000783000000)
  object space 36480K, 62% used [0x000000077de00000,0x000000077f451ba0,0x00000007801a0000)
708.880: [GC [PSYoungGen: 387279K->127469K(459456K)] 881386K->739782K(1460928K), 0.0465480 secs] [Times: user=0.42 sys=0.01, real=0.05 secs] 
Heap after GC invocations=72 (full 6):
 PSYoungGen      total 459456K, used 127469K [0x00000007d6560000, 0x0000000800000000, 0x0000000800000000)
  eden space 242944K, 0% used [0x00000007d6560000,0x00000007d6560000,0x00000007e52a0000)
  from space 216512K, 58% used [0x00000007f2c90000,0x00000007fa90b660,0x0000000800000000)
  to   space 219840K, 0% used [0x00000007e52a0000,0x00000007e52a0000,0x00000007f2950000)
 PSOldGen        total 1001472K, used 612312K [0x0000000783000000, 0x00000007c0200000, 0x00000007d6560000)
  object space 1001472K, 61% used [0x0000000783000000,0x00000007a85f63c8,0x00000007c0200000)
 PSPermGen       total 36480K, used 22854K [0x000000077de00000, 0x00000007801a0000, 0x0000000783000000)
  object space 36480K, 62% used [0x000000077de00000,0x000000077f451ba0,0x00000007801a0000)
}
Total time for which application threads were stopped: 0.0471860 seconds
Application time: 0.4957790 seconds
{Heap before GC invocations=73 (full 6):
 PSYoungGen      total 459456K, used 370413K [0x00000007d6560000, 0x0000000800000000, 0x0000000800000000)
  eden space 242944K, 100% used [0x00000007d6560000,0x00000007e52a0000,0x00000007e52a0000)
  from space 216512K, 58% used [0x00000007f2c90000,0x00000007fa90b660,0x0000000800000000)
  to   space 219840K, 0% used [0x00000007e52a0000,0x00000007e52a0000,0x00000007f2950000)
 PSOldGen        total 1001472K, used 612312K [0x0000000783000000, 0x00000007c0200000, 0x00000007d6560000)
  object space 1001472K, 61% used [0x0000000783000000,0x00000007a85f63c8,0x00000007c0200000)
 PSPermGen       total 36480K, used 23027K [0x000000077de00000, 0x00000007801a0000, 0x0000000783000000)
  object space 36480K, 63% used [0x000000077de00000,0x000000077f47cce0,0x00000007801a0000)
709.423: [GC [PSYoungGen: 370413K->116720K(462784K)] 982726K->842403K(1464256K), 0.0478630 secs] [Times: user=0.47 sys=0.00, real=0.05 secs] 
Heap after GC invocations=73 (full 6):
 PSYoungGen      total 462784K, used 116720K [0x00000007d6560000, 0x00000007fff00000, 0x0000000800000000)
  eden space 242944K, 0% used [0x00000007d6560000,0x00000007d6560000,0x00000007e52a0000)
  from space 219840K, 53% used [0x00000007e52a0000,0x00000007ec49c020,0x00000007f2950000)
  to   space 217664K, 0% used [0x00000007f2a70000,0x00000007f2a70000,0x00000007fff00000)
 PSOldGen        total 1001472K, used 725683K [0x0000000783000000, 0x00000007c0200000, 0x00000007d6560000)
  object space 1001472K, 72% used [0x0000000783000000,0x00000007af4acc18,0x00000007c0200000)
 PSPermGen       total 36480K, used 23027K [0x000000077de00000, 0x00000007801a0000, 0x0000000783000000)
  object space 36480K, 63% used [0x000000077de00000,0x000000077f47cce0,0x00000007801a0000)
}
Total time for which application threads were stopped: 0.0484920 seconds
Application time: 0.8452920 seconds
{Heap before GC invocations=74 (full 6):
 PSYoungGen      total 462784K, used 359664K [0x00000007d6560000, 0x00000007fff00000, 0x0000000800000000)
  eden space 242944K, 100% used [0x00000007d6560000,0x00000007e52a0000,0x00000007e52a0000)
  from space 219840K, 53% used [0x00000007e52a0000,0x00000007ec49c020,0x00000007f2950000)
  to   space 217664K, 0% used [0x00000007f2a70000,0x00000007f2a70000,0x00000007fff00000)
 PSOldGen        total 1001472K, used 725683K [0x0000000783000000, 0x00000007c0200000, 0x00000007d6560000)
  object space 1001472K, 72% used [0x0000000783000000,0x00000007af4acc18,0x00000007c0200000)
 PSPermGen       total 36480K, used 23027K [0x000000077de00000, 0x00000007801a0000, 0x0000000783000000)
  object space 36480K, 63% used [0x000000077de00000,0x000000077f47cce0,0x00000007801a0000)
710.316: [GC [PSYoungGen: 359664K->7360K(462528K)] 1085347K->830944K(1464000K), 0.0582740 secs] [Times: user=0.21 sys=0.16, real=0.06 secs] 
Heap after GC invocations=74 (full 6):
 PSYoungGen      total 462528K, used 7360K [0x00000007d6560000, 0x0000000800000000, 0x0000000800000000)
  eden space 244864K, 0% used [0x00000007d6560000,0x00000007d6560000,0x00000007e5480000)
  from space 217664K, 3% used [0x00000007f2a70000,0x00000007f31a0000,0x00000007fff00000)
  to   space 218880K, 0% used [0x00000007e5480000,0x00000007e5480000,0x00000007f2a40000)
 PSOldGen        total 1001472K, used 823584K [0x0000000783000000, 0x00000007c0200000, 0x00000007d6560000)
  object space 1001472K, 82% used [0x0000000783000000,0x00000007b5448298,0x00000007c0200000)
 PSPermGen       total 36480K, used 23027K [0x000000077de00000, 0x00000007801a0000, 0x0000000783000000)
  object space 36480K, 63% used [0x000000077de00000,0x000000077f47cce0,0x00000007801a0000)
}
{Heap before GC invocations=75 (full 7):
 PSYoungGen      total 462528K, used 7360K [0x00000007d6560000, 0x0000000800000000, 0x0000000800000000)
  eden space 244864K, 0% used [0x00000007d6560000,0x00000007d6560000,0x00000007e5480000)
  from space 217664K, 3% used [0x00000007f2a70000,0x00000007f31a0000,0x00000007fff00000)
  to   space 218880K, 0% used [0x00000007e5480000,0x00000007e5480000,0x00000007f2a40000)
 PSOldGen        total 1001472K, used 823584K [0x0000000783000000, 0x00000007c0200000, 0x00000007d6560000)
  object space 1001472K, 82% used [0x0000000783000000,0x00000007b5448298,0x00000007c0200000)
 PSPermGen       total 36480K, used 23027K [0x000000077de00000, 0x00000007801a0000, 0x0000000783000000)
  object space 36480K, 63% used [0x000000077de00000,0x000000077f47cce0,0x00000007801a0000)
710.375: [Full GC [PSYoungGen: 7360K->0K(462528K)] [PSOldGen: 823584K->429579K(1067904K)] 830944K->429579K(1530432K) [PSPermGen: 23027K->23027K(35904K)], 0.3821470 secs] [Times: user=0.39 sys=0.00, real=0.38 secs] 
Heap after GC invocations=75 (full 7):
 PSYoungGen      total 462528K, used 0K [0x00000007d6560000, 0x0000000800000000, 0x0000000800000000)
  eden space 244864K, 0% used [0x00000007d6560000,0x00000007d6560000,0x00000007e5480000)
  from space 217664K, 0% used [0x00000007f2a70000,0x00000007f2a70000,0x00000007fff00000)
  to   space 218880K, 0% used [0x00000007e5480000,0x00000007e5480000,0x00000007f2a40000)
 PSOldGen        total 1067904K, used 429579K [0x0000000783000000, 0x00000007c42e0000, 0x00000007d6560000)
  object space 1067904K, 40% used [0x0000000783000000,0x000000079d382c08,0x00000007c42e0000)
 PSPermGen       total 35904K, used 23027K [0x000000077de00000, 0x0000000780110000, 0x0000000783000000)
  object space 35904K, 64% used [0x000000077de00000,0x000000077f47cce0,0x0000000780110000)
}
Total time for which application threads were stopped: 0.4411180 seconds
Application time: 0.8526330 seconds
{Heap before GC invocations=76 (full 7):
 PSYoungGen      total 462528K, used 244864K [0x00000007d6560000, 0x0000000800000000, 0x0000000800000000)
  eden space 244864K, 100% used [0x00000007d6560000,0x00000007e5480000,0x00000007e5480000)
  from space 217664K, 0% used [0x00000007f2a70000,0x00000007f2a70000,0x00000007fff00000)
  to   space 218880K, 0% used [0x00000007e5480000,0x00000007e5480000,0x00000007f2a40000)
 PSOldGen        total 1067904K, used 429579K [0x0000000783000000, 0x00000007c42e0000, 0x00000007d6560000)
  object space 1067904K, 40% used [0x0000000783000000,0x000000079d382c08,0x00000007c42e0000)
 PSPermGen       total 35904K, used 23027K [0x000000077de00000, 0x0000000780110000, 0x0000000783000000)
  object space 35904K, 64% used [0x000000077de00000,0x000000077f47cce0,0x0000000780110000)
711.610: [GC [PSYoungGen: 244864K->7232K(463744K)] 674443K->436811K(1531648K), 0.0544490 secs] [Times: user=0.38 sys=0.00, real=0.05 secs] 
Heap after GC invocations=76 (full 7):
 PSYoungGen      total 463744K, used 7232K [0x00000007d6560000, 0x00000007ffef0000, 0x0000000800000000)
  eden space 244864K, 0% used [0x00000007d6560000,0x00000007d6560000,0x00000007e5480000)
  from space 218880K, 3% used [0x00000007e5480000,0x00000007e5b90000,0x00000007f2a40000)
  to   space 217728K, 0% used [0x00000007f2a50000,0x00000007f2a50000,0x00000007ffef0000)
 PSOldGen        total 1067904K, used 429579K [0x0000000783000000, 0x00000007c42e0000, 0x00000007d6560000)
  object space 1067904K, 40% used [0x0000000783000000,0x000000079d382c08,0x00000007c42e0000)
 PSPermGen       total 35904K, used 23027K [0x000000077de00000, 0x0000000780110000, 0x0000000783000000)
  object space 35904K, 64% used [0x000000077de00000,0x000000077f47cce0,0x0000000780110000)
}
Total time for which application threads were stopped: 0.0550980 seconds
Application time: 1.7024650 seconds
{Heap before GC invocations=77 (full 7):
 PSYoungGen      total 463744K, used 252096K [0x00000007d6560000, 0x00000007ffef0000, 0x0000000800000000)
  eden space 244864K, 100% used [0x00000007d6560000,0x00000007e5480000,0x00000007e5480000)
  from space 218880K, 3% used [0x00000007e5480000,0x00000007e5b90000,0x00000007f2a40000)
  to   space 217728K, 0% used [0x00000007f2a50000,0x00000007f2a50000,0x00000007ffef0000)
 PSOldGen        total 1067904K, used 429579K [0x0000000783000000, 0x00000007c42e0000, 0x00000007d6560000)
  object space 1067904K, 40% used [0x0000000783000000,0x000000079d382c08,0x00000007c42e0000)
 PSPermGen       total 35904K, used 23153K [0x000000077de00000, 0x0000000780110000, 0x0000000783000000)
  object space 35904K, 64% used [0x000000077de00000,0x000000077f49c5a0,0x0000000780110000)
713.368: [GC [PSYoungGen: 252096K->81332K(440384K)] 681675K->511015K(1508288K), 0.0360710 secs] [Times: user=0.25 sys=0.00, real=0.04 secs] 
Heap after GC invocations=77 (full 7):
 PSYoungGen      total 440384K, used 81332K [0x00000007d6560000, 0x00000007fe820000, 0x0000000800000000)
  eden space 246016K, 0% used [0x00000007d6560000,0x00000007d6560000,0x00000007e55a0000)
  from space 194368K, 41% used [0x00000007f2a50000,0x00000007f79bd0f0,0x00000007fe820000)
  to   space 206080K, 0% used [0x00000007e55a0000,0x00000007e55a0000,0x00000007f1ee0000)
 PSOldGen        total 1067904K, used 429683K [0x0000000783000000, 0x00000007c42e0000, 0x00000007d6560000)
  object space 1067904K, 40% used [0x0000000783000000,0x000000079d39cc08,0x00000007c42e0000)
 PSPermGen       total 35904K, used 23153K [0x000000077de00000, 0x0000000780110000, 0x0000000783000000)
  object space 35904K, 64% used [0x000000077de00000,0x000000077f49c5a0,0x0000000780110000)
}
Total time for which application threads were stopped: 0.0367890 seconds
Application time: 0.4428340 seconds
{Heap before GC invocations=78 (full 7):
 PSYoungGen      total 440384K, used 327348K [0x00000007d6560000, 0x00000007fe820000, 0x0000000800000000)
  eden space 246016K, 100% used [0x00000007d6560000,0x00000007e55a0000,0x00000007e55a0000)
  from space 194368K, 41% used [0x00000007f2a50000,0x00000007f79bd0f0,0x00000007fe820000)
  to   space 206080K, 0% used [0x00000007e55a0000,0x00000007e55a0000,0x00000007f1ee0000)
 PSOldGen        total 1067904K, used 429683K [0x0000000783000000, 0x00000007c42e0000, 0x00000007d6560000)
  object space 1067904K, 40% used [0x0000000783000000,0x000000079d39cc08,0x00000007c42e0000)
 PSPermGen       total 35904K, used 23342K [0x000000077de00000, 0x0000000780110000, 0x0000000783000000)
  object space 35904K, 65% used [0x000000077de00000,0x000000077f4cba60,0x0000000780110000)
713.847: [GC [PSYoungGen: 327348K->127684K(452096K)] 757031K->628190K(1520000K), 0.0384240 secs] [Times: user=0.31 sys=0.03, real=0.04 secs] 
Heap after GC invocations=78 (full 7):
 PSYoungGen      total 452096K, used 127684K [0x00000007d6560000, 0x0000000800000000, 0x0000000800000000)
  eden space 246016K, 0% used [0x00000007d6560000,0x00000007d6560000,0x00000007e55a0000)
  from space 206080K, 61% used [0x00000007e55a0000,0x00000007ed251390,0x00000007f1ee0000)
  to   space 212544K, 0% used [0x00000007f3070000,0x00000007f3070000,0x0000000800000000)
 PSOldGen        total 1067904K, used 500505K [0x0000000783000000, 0x00000007c42e0000, 0x00000007d6560000)
  object space 1067904K, 46% used [0x0000000783000000,0x00000007a18c6658,0x00000007c42e0000)
 PSPermGen       total 35904K, used 23342K [0x000000077de00000, 0x0000000780110000, 0x0000000783000000)
  object space 35904K, 65% used [0x000000077de00000,0x000000077f4cba60,0x0000000780110000)
}
Total time for which application threads were stopped: 0.0390580 seconds
Application time: 0.4598140 seconds
{Heap before GC invocations=79 (full 7):
 PSYoungGen      total 452096K, used 373700K [0x00000007d6560000, 0x0000000800000000, 0x0000000800000000)
  eden space 246016K, 100% used [0x00000007d6560000,0x00000007e55a0000,0x00000007e55a0000)
  from space 206080K, 61% used [0x00000007e55a0000,0x00000007ed251390,0x00000007f1ee0000)
  to   space 212544K, 0% used [0x00000007f3070000,0x00000007f3070000,0x0000000800000000)
 PSOldGen        total 1067904K, used 500505K [0x0000000783000000, 0x00000007c42e0000, 0x00000007d6560000)
  object space 1067904K, 46% used [0x0000000783000000,0x00000007a18c6658,0x00000007c42e0000)
 PSPermGen       total 35904K, used 23529K [0x000000077de00000, 0x0000000780110000, 0x0000000783000000)
  object space 35904K, 65% used [0x000000077de00000,0x000000077f4fa560,0x0000000780110000)
714.347: [GC [PSYoungGen: 373700K->125561K(462912K)] 874206K->739742K(1530816K), 0.0463970 secs] [Times: user=0.42 sys=0.00, real=0.04 secs] 
Heap after GC invocations=79 (full 7):
 PSYoungGen      total 462912K, used 125561K [0x00000007d6560000, 0x0000000800000000, 0x0000000800000000)
  eden space 250368K, 0% used [0x00000007d6560000,0x00000007d6560000,0x00000007e59e0000)
  from space 212544K, 59% used [0x00000007f3070000,0x00000007fab0e440,0x0000000800000000)
  to   space 216128K, 0% used [0x00000007e59e0000,0x00000007e59e0000,0x00000007f2cf0000)
 PSOldGen        total 1067904K, used 614181K [0x0000000783000000, 0x00000007c42e0000, 0x00000007d6560000)
  object space 1067904K, 57% used [0x0000000783000000,0x00000007a87c9538,0x00000007c42e0000)
 PSPermGen       total 35904K, used 23529K [0x000000077de00000, 0x0000000780110000, 0x0000000783000000)
  object space 35904K, 65% used [0x000000077de00000,0x000000077f4fa560,0x0000000780110000)
}
Total time for which application threads were stopped: 0.0472080 seconds
Application time: 0.5219220 seconds
{Heap before GC invocations=80 (full 7):
 PSYoungGen      total 462912K, used 375929K [0x00000007d6560000, 0x0000000800000000, 0x0000000800000000)
  eden space 250368K, 100% used [0x00000007d6560000,0x00000007e59e0000,0x00000007e59e0000)
  from space 212544K, 59% used [0x00000007f3070000,0x00000007fab0e440,0x0000000800000000)
  to   space 216128K, 0% used [0x00000007e59e0000,0x00000007e59e0000,0x00000007f2cf0000)
 PSOldGen        total 1067904K, used 614181K [0x0000000783000000, 0x00000007c42e0000, 0x00000007d6560000)
  object space 1067904K, 57% used [0x0000000783000000,0x00000007a87c9538,0x00000007c42e0000)
 PSPermGen       total 35904K, used 23698K [0x000000077de00000, 0x0000000780110000, 0x0000000783000000)
  object space 35904K, 66% used [0x000000077de00000,0x000000077f524860,0x0000000780110000)
714.916: [GC [PSYoungGen: 375929K->114197K(466496K)] 990110K->840323K(1534400K), 0.0479790 secs] [Times: user=0.43 sys=0.00, real=0.05 secs] 
Heap after GC invocations=80 (full 7):
 PSYoungGen      total 466496K, used 114197K [0x00000007d6560000, 0x00000007fff40000, 0x0000000800000000)
  eden space 250368K, 0% used [0x00000007d6560000,0x00000007d6560000,0x00000007e59e0000)
  from space 216128K, 52% used [0x00000007e59e0000,0x00000007ec9656b0,0x00000007f2cf0000)
  to   space 213952K, 0% used [0x00000007f2e50000,0x00000007f2e50000,0x00000007fff40000)
 PSOldGen        total 1067904K, used 726125K [0x0000000783000000, 0x00000007c42e0000, 0x00000007d6560000)
  object space 1067904K, 67% used [0x0000000783000000,0x00000007af51b628,0x00000007c42e0000)
 PSPermGen       total 35904K, used 23698K [0x000000077de00000, 0x0000000780110000, 0x0000000783000000)
  object space 35904K, 66% used [0x000000077de00000,0x000000077f524860,0x0000000780110000)
}
Total time for which application threads were stopped: 0.0486860 seconds
Application time: 0.8536310 seconds
{Heap before GC invocations=81 (full 7):
 PSYoungGen      total 466496K, used 364565K [0x00000007d6560000, 0x00000007fff40000, 0x0000000800000000)
  eden space 250368K, 100% used [0x00000007d6560000,0x00000007e59e0000,0x00000007e59e0000)
  from space 216128K, 52% used [0x00000007e59e0000,0x00000007ec9656b0,0x00000007f2cf0000)
  to   space 213952K, 0% used [0x00000007f2e50000,0x00000007f2e50000,0x00000007fff40000)
 PSOldGen        total 1067904K, used 726125K [0x0000000783000000, 0x00000007c42e0000, 0x00000007d6560000)
  object space 1067904K, 67% used [0x0000000783000000,0x00000007af51b628,0x00000007c42e0000)
 PSPermGen       total 35904K, used 23698K [0x000000077de00000, 0x0000000780110000, 0x0000000783000000)
  object space 35904K, 66% used [0x000000077de00000,0x000000077f524860,0x0000000780110000)
715.818: [GC [PSYoungGen: 364565K->7616K(466496K)] 1090691K->825046K(1534400K), 0.0594140 secs] [Times: user=0.41 sys=0.01, real=0.06 secs] 
Heap after GC invocations=81 (full 7):
 PSYoungGen      total 466496K, used 7616K [0x00000007d6560000, 0x00000007fffc0000, 0x0000000800000000)
  eden space 252544K, 0% used [0x00000007d6560000,0x00000007d6560000,0x00000007e5c00000)
  from space 213952K, 3% used [0x00000007f2e50000,0x00000007f35c0000,0x00000007fff40000)
  to   space 214912K, 0% used [0x00000007e5c00000,0x00000007e5c00000,0x00000007f2de0000)
 PSOldGen        total 1067904K, used 817430K [0x0000000783000000, 0x00000007c42e0000, 0x00000007d6560000)
  object space 1067904K, 76% used [0x0000000783000000,0x00000007b4e45b98,0x00000007c42e0000)
 PSPermGen       total 35904K, used 23698K [0x000000077de00000, 0x0000000780110000, 0x0000000783000000)
  object space 35904K, 66% used [0x000000077de00000,0x000000077f524860,0x0000000780110000)
}
Total time for which application threads were stopped: 0.0602230 seconds
Application time: 1.3507980 seconds
{Heap before GC invocations=82 (full 7):
 PSYoungGen      total 466496K, used 260160K [0x00000007d6560000, 0x00000007fffc0000, 0x0000000800000000)
  eden space 252544K, 100% used [0x00000007d6560000,0x00000007e5c00000,0x00000007e5c00000)
  from space 213952K, 3% used [0x00000007f2e50000,0x00000007f35c0000,0x00000007fff40000)
  to   space 214912K, 0% used [0x00000007e5c00000,0x00000007e5c00000,0x00000007f2de0000)
 PSOldGen        total 1067904K, used 817430K [0x0000000783000000, 0x00000007c42e0000, 0x00000007d6560000)
  object space 1067904K, 76% used [0x0000000783000000,0x00000007b4e45b98,0x00000007c42e0000)
 PSPermGen       total 35904K, used 23698K [0x000000077de00000, 0x0000000780110000, 0x0000000783000000)
  object space 35904K, 66% used [0x000000077de00000,0x000000077f524860,0x0000000780110000)
717.229: [GC [PSYoungGen: 260160K->7520K(260096K)] 1077590K->825062K(1328000K), 0.0643330 secs] [Times: user=0.47 sys=0.01, real=0.07 secs] 
Heap after GC invocations=82 (full 7):
 PSYoungGen      total 260096K, used 7520K [0x00000007d6560000, 0x00000007ffe70000, 0x0000000800000000)
  eden space 252544K, 0% used [0x00000007d6560000,0x00000007d6560000,0x00000007e5c00000)
  from space 7552K, 99% used [0x00000007e5c00000,0x00000007e6358000,0x00000007e6360000)
  to   space 213632K, 0% used [0x00000007f2dd0000,0x00000007f2dd0000,0x00000007ffe70000)
 PSOldGen        total 1067904K, used 817542K [0x0000000783000000, 0x00000007c42e0000, 0x00000007d6560000)
  object space 1067904K, 76% used [0x0000000783000000,0x00000007b4e61b98,0x00000007c42e0000)
 PSPermGen       total 35904K, used 23698K [0x000000077de00000, 0x0000000780110000, 0x0000000783000000)
  object space 35904K, 66% used [0x000000077de00000,0x000000077f524860,0x0000000780110000)
}
Total time for which application threads were stopped: 0.0649810 seconds
Application time: 1.4167040 seconds
{Heap before GC invocations=83 (full 7):
 PSYoungGen      total 260096K, used 260064K [0x00000007d6560000, 0x00000007ffe70000, 0x0000000800000000)
  eden space 252544K, 100% used [0x00000007d6560000,0x00000007e5c00000,0x00000007e5c00000)
  from space 7552K, 99% used [0x00000007e5c00000,0x00000007e6358000,0x00000007e6360000)
  to   space 213632K, 0% used [0x00000007f2dd0000,0x00000007f2dd0000,0x00000007ffe70000)
 PSOldGen        total 1067904K, used 817542K [0x0000000783000000, 0x00000007c42e0000, 0x00000007d6560000)
  object space 1067904K, 76% used [0x0000000783000000,0x00000007b4e61b98,0x00000007c42e0000)
 PSPermGen       total 35904K, used 23816K [0x000000077de00000, 0x0000000780110000, 0x0000000783000000)
  object space 35904K, 66% used [0x000000077de00000,0x000000077f5421a0,0x0000000780110000)
718.711: [GC [PSYoungGen: 260064K->76213K(480128K)] 1077606K->893852K(1548032K), 0.0405700 secs] [Times: user=0.27 sys=0.00, real=0.04 secs] 
Heap after GC invocations=83 (full 7):
 PSYoungGen      total 480128K, used 76213K [0x00000007d6560000, 0x0000000800000000, 0x0000000800000000)
  eden space 266496K, 0% used [0x00000007d6560000,0x00000007d6560000,0x00000007e69a0000)
  from space 213632K, 35% used [0x00000007f2dd0000,0x00000007f783d720,0x00000007ffe70000)
  to   space 200896K, 0% used [0x00000007e69a0000,0x00000007e69a0000,0x00000007f2dd0000)
 PSOldGen        total 1067904K, used 817638K [0x0000000783000000, 0x00000007c42e0000, 0x00000007d6560000)
  object space 1067904K, 76% used [0x0000000783000000,0x00000007b4e79b98,0x00000007c42e0000)
 PSPermGen       total 35904K, used 23816K [0x000000077de00000, 0x0000000780110000, 0x0000000783000000)
  object space 35904K, 66% used [0x000000077de00000,0x000000077f5421a0,0x0000000780110000)
}
Total time for which application threads were stopped: 0.0412530 seconds
Application time: 0.4824630 seconds
{Heap before GC invocations=84 (full 7):
 PSYoungGen      total 480128K, used 342709K [0x00000007d6560000, 0x0000000800000000, 0x0000000800000000)
  eden space 266496K, 100% used [0x00000007d6560000,0x00000007e69a0000,0x00000007e69a0000)
  from space 213632K, 35% used [0x00000007f2dd0000,0x00000007f783d720,0x00000007ffe70000)
  to   space 200896K, 0% used [0x00000007e69a0000,0x00000007e69a0000,0x00000007f2dd0000)
 PSOldGen        total 1067904K, used 817638K [0x0000000783000000, 0x00000007c42e0000, 0x00000007d6560000)
  object space 1067904K, 76% used [0x0000000783000000,0x00000007b4e79b98,0x00000007c42e0000)
 PSPermGen       total 35904K, used 24021K [0x000000077de00000, 0x0000000780110000, 0x0000000783000000)
  object space 35904K, 66% used [0x000000077de00000,0x000000077f575620,0x0000000780110000)
719.234: [GC [PSYoungGen: 342709K->138239K(467392K)] 1160348K->1022044K(1535296K), 0.0435170 secs] [Times: user=0.35 sys=0.05, real=0.05 secs] 
Heap after GC invocations=84 (full 7):
 PSYoungGen      total 467392K, used 138239K [0x00000007d6560000, 0x0000000800000000, 0x0000000800000000)
  eden space 266496K, 0% used [0x00000007d6560000,0x00000007d6560000,0x00000007e69a0000)
  from space 200896K, 68% used [0x00000007e69a0000,0x00000007ef09ff70,0x00000007f2dd0000)
  to   space 212352K, 0% used [0x00000007f30a0000,0x00000007f30a0000,0x0000000800000000)
 PSOldGen        total 1067904K, used 883804K [0x0000000783000000, 0x00000007c42e0000, 0x00000007d6560000)
  object space 1067904K, 82% used [0x0000000783000000,0x00000007b8f172c8,0x00000007c42e0000)
 PSPermGen       total 35904K, used 24021K [0x000000077de00000, 0x0000000780110000, 0x0000000783000000)
  object space 35904K, 66% used [0x000000077de00000,0x000000077f575620,0x0000000780110000)
}
Total time for which application threads were stopped: 0.0442180 seconds
Application time: 0.4766720 seconds
{Heap before GC invocations=85 (full 7):
 PSYoungGen      total 467392K, used 404735K [0x00000007d6560000, 0x0000000800000000, 0x0000000800000000)
  eden space 266496K, 100% used [0x00000007d6560000,0x00000007e69a0000,0x00000007e69a0000)
  from space 200896K, 68% used [0x00000007e69a0000,0x00000007ef09ff70,0x00000007f2dd0000)
  to   space 212352K, 0% used [0x00000007f30a0000,0x00000007f30a0000,0x0000000800000000)
 PSOldGen        total 1067904K, used 883804K [0x0000000783000000, 0x00000007c42e0000, 0x00000007d6560000)
  object space 1067904K, 82% used [0x0000000783000000,0x00000007b8f172c8,0x00000007c42e0000)
 PSPermGen       total 35904K, used 24233K [0x000000077de00000, 0x0000000780110000, 0x0000000783000000)
  object space 35904K, 67% used [0x000000077de00000,0x000000077f5aa720,0x0000000780110000)
719.756: [GC [PSYoungGen: 404735K->142650K(450048K)] 1288540K->1149561K(1517952K), 0.0536570 secs] [Times: user=0.43 sys=0.09, real=0.05 secs] 
Heap after GC invocations=85 (full 7):
 PSYoungGen      total 450048K, used 142650K [0x00000007d6560000, 0x0000000800000000, 0x0000000800000000)
  eden space 237696K, 0% used [0x00000007d6560000,0x00000007d6560000,0x00000007e4d80000)
  from space 212352K, 67% used [0x00000007f30a0000,0x00000007fbbeeb40,0x0000000800000000)
  to   space 222464K, 0% used [0x00000007e4d80000,0x00000007e4d80000,0x00000007f26c0000)
 PSOldGen        total 1067904K, used 1006911K [0x0000000783000000, 0x00000007c42e0000, 0x00000007d6560000)
  object space 1067904K, 94% used [0x0000000783000000,0x00000007c074fc48,0x00000007c42e0000)
 PSPermGen       total 35904K, used 24233K [0x000000077de00000, 0x0000000780110000, 0x0000000783000000)
  object space 35904K, 67% used [0x000000077de00000,0x000000077f5aa720,0x0000000780110000)
}
{Heap before GC invocations=86 (full 8):
 PSYoungGen      total 450048K, used 142650K [0x00000007d6560000, 0x0000000800000000, 0x0000000800000000)
  eden space 237696K, 0% used [0x00000007d6560000,0x00000007d6560000,0x00000007e4d80000)
  from space 212352K, 67% used [0x00000007f30a0000,0x00000007fbbeeb40,0x0000000800000000)
  to   space 222464K, 0% used [0x00000007e4d80000,0x00000007e4d80000,0x00000007f26c0000)
 PSOldGen        total 1067904K, used 1006911K [0x0000000783000000, 0x00000007c42e0000, 0x00000007d6560000)
  object space 1067904K, 94% used [0x0000000783000000,0x00000007c074fc48,0x00000007c42e0000)
 PSPermGen       total 35904K, used 24233K [0x000000077de00000, 0x0000000780110000, 0x0000000783000000)
  object space 35904K, 67% used [0x000000077de00000,0x000000077f5aa720,0x0000000780110000)
719.809: [Full GC [PSYoungGen: 142650K->0K(450048K)] [PSOldGen: 1006911K->352555K(1016576K)] 1149561K->352555K(1466624K) [PSPermGen: 24233K->20572K(32704K)], 0.3746990 secs] [Times: user=0.37 sys=0.00, real=0.38 secs] 
Heap after GC invocations=86 (full 8):
 PSYoungGen      total 450048K, used 0K [0x00000007d6560000, 0x0000000800000000, 0x0000000800000000)
  eden space 237696K, 0% used [0x00000007d6560000,0x00000007d6560000,0x00000007e4d80000)
  from space 212352K, 0% used [0x00000007f30a0000,0x00000007f30a0000,0x0000000800000000)
  to   space 222464K, 0% used [0x00000007e4d80000,0x00000007e4d80000,0x00000007f26c0000)
 PSOldGen        total 1016576K, used 352555K [0x0000000783000000, 0x00000007c10c0000, 0x00000007d6560000)
  object space 1016576K, 34% used [0x0000000783000000,0x000000079884afd8,0x00000007c10c0000)
 PSPermGen       total 32704K, used 20572K [0x000000077de00000, 0x000000077fdf0000, 0x0000000783000000)
  object space 32704K, 62% used [0x000000077de00000,0x000000077f217098,0x000000077fdf0000)
}
Total time for which application threads were stopped: 0.4294560 seconds
Application time: 0.7515980 seconds
{Heap before GC invocations=87 (full 8):
 PSYoungGen      total 450048K, used 237696K [0x00000007d6560000, 0x0000000800000000, 0x0000000800000000)
  eden space 237696K, 100% used [0x00000007d6560000,0x00000007e4d80000,0x00000007e4d80000)
  from space 212352K, 0% used [0x00000007f30a0000,0x00000007f30a0000,0x0000000800000000)
  to   space 222464K, 0% used [0x00000007e4d80000,0x00000007e4d80000,0x00000007f26c0000)
 PSOldGen        total 1016576K, used 352555K [0x0000000783000000, 0x00000007c10c0000, 0x00000007d6560000)
  object space 1016576K, 34% used [0x0000000783000000,0x000000079884afd8,0x00000007c10c0000)
 PSPermGen       total 32704K, used 20600K [0x000000077de00000, 0x000000077fdf0000, 0x0000000783000000)
  object space 32704K, 62% used [0x000000077de00000,0x000000077f21e358,0x000000077fdf0000)
720.936: [GC [PSYoungGen: 237696K->23700K(460160K)] 590251K->376255K(1476736K), 0.0521570 secs] [Times: user=0.31 sys=0.02, real=0.05 secs] 
Heap after GC invocations=87 (full 8):
 PSYoungGen      total 460160K, used 23700K [0x00000007d6560000, 0x0000000800000000, 0x0000000800000000)
  eden space 237696K, 0% used [0x00000007d6560000,0x00000007d6560000,0x00000007e4d80000)
  from space 222464K, 10% used [0x00000007e4d80000,0x00000007e64a5000,0x00000007f26c0000)
  to   space 219328K, 0% used [0x00000007f29d0000,0x00000007f29d0000,0x0000000800000000)
 PSOldGen        total 1016576K, used 352555K [0x0000000783000000, 0x00000007c10c0000, 0x00000007d6560000)
  object space 1016576K, 34% used [0x0000000783000000,0x000000079884afd8,0x00000007c10c0000)
 PSPermGen       total 32704K, used 20600K [0x000000077de00000, 0x000000077fdf0000, 0x0000000783000000)
  object space 32704K, 62% used [0x000000077de00000,0x000000077f21e358,0x000000077fdf0000)
}
Total time for which application threads were stopped: 0.0527890 seconds
Application time: 1.0098840 seconds
{Heap before GC invocations=88 (full 8):
 PSYoungGen      total 460160K, used 261396K [0x00000007d6560000, 0x0000000800000000, 0x0000000800000000)
  eden space 237696K, 100% used [0x00000007d6560000,0x00000007e4d80000,0x00000007e4d80000)
  from space 222464K, 10% used [0x00000007e4d80000,0x00000007e64a5000,0x00000007f26c0000)
  to   space 219328K, 0% used [0x00000007f29d0000,0x00000007f29d0000,0x0000000800000000)
 PSOldGen        total 1016576K, used 352555K [0x0000000783000000, 0x00000007c10c0000, 0x00000007d6560000)
  object space 1016576K, 34% used [0x0000000783000000,0x000000079884afd8,0x00000007c10c0000)
 PSPermGen       total 32704K, used 20600K [0x000000077de00000, 0x000000077fdf0000, 0x0000000783000000)
  object space 32704K, 62% used [0x000000077de00000,0x000000077f21e358,0x000000077fdf0000)
721.999: [GC [PSYoungGen: 261396K->7168K(453568K)] 613951K->359974K(1470144K), 0.0566270 secs] [Times: user=0.36 sys=0.01, real=0.06 secs] 
Heap after GC invocations=88 (full 8):
 PSYoungGen      total 453568K, used 7168K [0x00000007d6560000, 0x00000007ff990000, 0x0000000800000000)
  eden space 240832K, 0% used [0x00000007d6560000,0x00000007d6560000,0x00000007e5090000)
  from space 212736K, 3% used [0x00000007f29d0000,0x00000007f30d0000,0x00000007ff990000)
  to   space 217600K, 0% used [0x00000007e5090000,0x00000007e5090000,0x00000007f2510000)
 PSOldGen        total 1016576K, used 352806K [0x0000000783000000, 0x00000007c10c0000, 0x00000007d6560000)
  object space 1016576K, 34% used [0x0000000783000000,0x0000000798889898,0x00000007c10c0000)
 PSPermGen       total 32704K, used 20600K [0x000000077de00000, 0x000000077fdf0000, 0x0000000783000000)
  object space 32704K, 62% used [0x000000077de00000,0x000000077f21e358,0x000000077fdf0000)
}
Total time for which application threads were stopped: 0.0573650 seconds
Application time: 1.2427070 seconds
{Heap before GC invocations=89 (full 8):
 PSYoungGen      total 453568K, used 248000K [0x00000007d6560000, 0x00000007ff990000, 0x0000000800000000)
  eden space 240832K, 100% used [0x00000007d6560000,0x00000007e5090000,0x00000007e5090000)
  from space 212736K, 3% used [0x00000007f29d0000,0x00000007f30d0000,0x00000007ff990000)
  to   space 217600K, 0% used [0x00000007e5090000,0x00000007e5090000,0x00000007f2510000)
 PSOldGen        total 1016576K, used 352806K [0x0000000783000000, 0x00000007c10c0000, 0x00000007d6560000)
  object space 1016576K, 34% used [0x0000000783000000,0x0000000798889898,0x00000007c10c0000)
 PSPermGen       total 32704K, used 20717K [0x000000077de00000, 0x000000077fdf0000, 0x0000000783000000)
  object space 32704K, 63% used [0x000000077de00000,0x000000077f23b698,0x000000077fdf0000)
723.299: [GC [PSYoungGen: 248000K->74089K(314944K)] 600806K->426991K(1331520K), 0.0377570 secs] [Times: user=0.23 sys=0.00, real=0.04 secs] 
Heap after GC invocations=89 (full 8):
 PSYoungGen      total 314944K, used 74089K [0x00000007d6560000, 0x00000007fe9c0000, 0x0000000800000000)
  eden space 240832K, 0% used [0x00000007d6560000,0x00000007d6560000,0x00000007e5090000)
  from space 74112K, 99% used [0x00000007e5090000,0x00000007e98ea730,0x00000007e98f0000)
  to   space 203776K, 0% used [0x00000007f22c0000,0x00000007f22c0000,0x00000007fe9c0000)
 PSOldGen        total 1016576K, used 352902K [0x0000000783000000, 0x00000007c10c0000, 0x00000007d6560000)
  object space 1016576K, 34% used [0x0000000783000000,0x00000007988a1898,0x00000007c10c0000)
 PSPermGen       total 32704K, used 20717K [0x000000077de00000, 0x000000077fdf0000, 0x0000000783000000)
  object space 32704K, 63% used [0x000000077de00000,0x000000077f23b698,0x000000077fdf0000)
}
Total time for which application threads were stopped: 0.0383460 seconds
Application time: 1.3038030 seconds
{Heap before GC invocations=90 (full 8):
 PSYoungGen      total 314944K, used 314921K [0x00000007d6560000, 0x00000007fe9c0000, 0x0000000800000000)
  eden space 240832K, 100% used [0x00000007d6560000,0x00000007e5090000,0x00000007e5090000)
  from space 74112K, 99% used [0x00000007e5090000,0x00000007e98ea730,0x00000007e98f0000)
  to   space 203776K, 0% used [0x00000007f22c0000,0x00000007f22c0000,0x00000007fe9c0000)
 PSOldGen        total 1016576K, used 352902K [0x0000000783000000, 0x00000007c10c0000, 0x00000007d6560000)
  object space 1016576K, 34% used [0x0000000783000000,0x00000007988a1898,0x00000007c10c0000)
 PSPermGen       total 32704K, used 20835K [0x000000077de00000, 0x000000077fdf0000, 0x0000000783000000)
  object space 32704K, 63% used [0x000000077de00000,0x000000077f258f18,0x000000077fdf0000)
724.642: [GC [PSYoungGen: 314921K->75223K(465664K)] 667823K->445146K(1482240K), 0.0402660 secs] [Times: user=0.24 sys=0.00, real=0.04 secs] 
Heap after GC invocations=90 (full 8):
 PSYoungGen      total 465664K, used 75223K [0x00000007d6560000, 0x00000007fe750000, 0x0000000800000000)
  eden space 264384K, 0% used [0x00000007d6560000,0x00000007d6560000,0x00000007e6790000)
  from space 201280K, 37% used [0x00000007f22c0000,0x00000007f6c35e00,0x00000007fe750000)
  to   space 191680K, 0% used [0x00000007e6790000,0x00000007e6790000,0x00000007f22c0000)
 PSOldGen        total 1016576K, used 369923K [0x0000000783000000, 0x00000007c10c0000, 0x00000007d6560000)
  object space 1016576K, 36% used [0x0000000783000000,0x0000000799940db8,0x00000007c10c0000)
 PSPermGen       total 32704K, used 20835K [0x000000077de00000, 0x000000077fdf0000, 0x0000000783000000)
  object space 32704K, 63% used [0x000000077de00000,0x000000077f258f18,0x000000077fdf0000)
}
Total time for which application threads were stopped: 0.0418190 seconds
Application time: 0.4634170 seconds
{Heap before GC invocations=91 (full 8):
 PSYoungGen      total 465664K, used 339599K [0x00000007d6560000, 0x00000007fe750000, 0x0000000800000000)
  eden space 264384K, 99% used [0x00000007d6560000,0x00000007e678e028,0x00000007e6790000)
  from space 201280K, 37% used [0x00000007f22c0000,0x00000007f6c35e00,0x00000007fe750000)
  to   space 191680K, 0% used [0x00000007e6790000,0x00000007e6790000,0x00000007f22c0000)
 PSOldGen        total 1016576K, used 369923K [0x0000000783000000, 0x00000007c10c0000, 0x00000007d6560000)
  object space 1016576K, 36% used [0x0000000783000000,0x0000000799940db8,0x00000007c10c0000)
 PSPermGen       total 32704K, used 21042K [0x000000077de00000, 0x000000077fdf0000, 0x0000000783000000)
  object space 32704K, 64% used [0x000000077de00000,0x000000077f28cbd8,0x000000077fdf0000)
725.147: [GC [PSYoungGen: 339599K->138505K(456064K)] 709522K->574626K(1472640K), 0.0399880 secs] [Times: user=0.33 sys=0.02, real=0.04 secs] 
Heap after GC invocations=91 (full 8):
 PSYoungGen      total 456064K, used 138505K [0x00000007d6560000, 0x0000000800000000, 0x0000000800000000)
  eden space 264384K, 0% used [0x00000007d6560000,0x00000007d6560000,0x00000007e6790000)
  from space 191680K, 72% used [0x00000007e6790000,0x00000007eeed25c0,0x00000007f22c0000)
  to   space 204160K, 0% used [0x00000007f38a0000,0x00000007f38a0000,0x0000000800000000)
 PSOldGen        total 1016576K, used 436121K [0x0000000783000000, 0x00000007c10c0000, 0x00000007d6560000)
  object space 1016576K, 42% used [0x0000000783000000,0x000000079d9e6508,0x00000007c10c0000)
 PSPermGen       total 32704K, used 21042K [0x000000077de00000, 0x000000077fdf0000, 0x0000000783000000)
  object space 32704K, 64% used [0x000000077de00000,0x000000077f28cbd8,0x000000077fdf0000)
}
Total time for which application threads were stopped: 0.0406540 seconds
Application time: 0.4734540 seconds
{Heap before GC invocations=92 (full 8):
 PSYoungGen      total 456064K, used 402889K [0x00000007d6560000, 0x0000000800000000, 0x0000000800000000)
  eden space 264384K, 100% used [0x00000007d6560000,0x00000007e6790000,0x00000007e6790000)
  from space 191680K, 72% used [0x00000007e6790000,0x00000007eeed25c0,0x00000007f22c0000)
  to   space 204160K, 0% used [0x00000007f38a0000,0x00000007f38a0000,0x0000000800000000)
 PSOldGen        total 1016576K, used 436121K [0x0000000783000000, 0x00000007c10c0000, 0x00000007d6560000)
  object space 1016576K, 42% used [0x0000000783000000,0x000000079d9e6508,0x00000007c10c0000)
 PSPermGen       total 32704K, used 21253K [0x000000077de00000, 0x000000077fdf0000, 0x0000000783000000)
  object space 32704K, 64% used [0x000000077de00000,0x000000077f2c16d8,0x000000077fdf0000)
725.661: [GC [PSYoungGen: 402889K->140845K(457856K)] 839010K->701727K(1474432K), 0.0478090 secs] [Times: user=0.46 sys=0.00, real=0.05 secs] 
Heap after GC invocations=92 (full 8):
 PSYoungGen      total 457856K, used 140845K [0x00000007d6560000, 0x0000000800000000, 0x0000000800000000)
  eden space 253696K, 0% used [0x00000007d6560000,0x00000007d6560000,0x00000007e5d20000)
  from space 204160K, 68% used [0x00000007f38a0000,0x00000007fc22b480,0x0000000800000000)
  to   space 214464K, 0% used [0x00000007e5d20000,0x00000007e5d20000,0x00000007f2e90000)
 PSOldGen        total 1016576K, used 560882K [0x0000000783000000, 0x00000007c10c0000, 0x00000007d6560000)
  object space 1016576K, 55% used [0x0000000783000000,0x00000007a53bcab8,0x00000007c10c0000)
 PSPermGen       total 32704K, used 21253K [0x000000077de00000, 0x000000077fdf0000, 0x0000000783000000)
  object space 32704K, 64% used [0x000000077de00000,0x000000077f2c16d8,0x000000077fdf0000)
}
Total time for which application threads were stopped: 0.0485530 seconds
Application time: 0.5465760 seconds
{Heap before GC invocations=93 (full 8):
 PSYoungGen      total 457856K, used 394541K [0x00000007d6560000, 0x0000000800000000, 0x0000000800000000)
  eden space 253696K, 100% used [0x00000007d6560000,0x00000007e5d20000,0x00000007e5d20000)
  from space 204160K, 68% used [0x00000007f38a0000,0x00000007fc22b480,0x0000000800000000)
  to   space 214464K, 0% used [0x00000007e5d20000,0x00000007e5d20000,0x00000007f2e90000)
 PSOldGen        total 1016576K, used 560882K [0x0000000783000000, 0x00000007c10c0000, 0x00000007d6560000)
  object space 1016576K, 55% used [0x0000000783000000,0x00000007a53bcab8,0x00000007c10c0000)
 PSPermGen       total 32704K, used 21413K [0x000000077de00000, 0x000000077fdf0000, 0x0000000783000000)
  object space 32704K, 65% used [0x000000077de00000,0x000000077f2e94f8,0x000000077fdf0000)
726.256: [GC [PSYoungGen: 394541K->108054K(468160K)] 955423K->796254K(1484736K), 0.0500960 secs] [Times: user=0.44 sys=0.01, real=0.05 secs] 
Heap after GC invocations=93 (full 8):
 PSYoungGen      total 468160K, used 108054K [0x00000007d6560000, 0x0000000800000000, 0x0000000800000000)
  eden space 253696K, 0% used [0x00000007d6560000,0x00000007d6560000,0x00000007e5d20000)
  from space 214464K, 50% used [0x00000007e5d20000,0x00000007ec6a5af0,0x00000007f2e90000)
  to   space 209920K, 0% used [0x00000007f3300000,0x00000007f3300000,0x0000000800000000)
 PSOldGen        total 1016576K, used 688200K [0x0000000783000000, 0x00000007c10c0000, 0x00000007d6560000)
  object space 1016576K, 67% used [0x0000000783000000,0x00000007ad0120f8,0x00000007c10c0000)
 PSPermGen       total 32704K, used 21413K [0x000000077de00000, 0x000000077fdf0000, 0x0000000783000000)
  object space 32704K, 65% used [0x000000077de00000,0x000000077f2e94f8,0x000000077fdf0000)
}
Total time for which application threads were stopped: 0.0508170 seconds
Application time: 0.8538740 seconds
{Heap before GC invocations=94 (full 8):
 PSYoungGen      total 468160K, used 361750K [0x00000007d6560000, 0x0000000800000000, 0x0000000800000000)
  eden space 253696K, 100% used [0x00000007d6560000,0x00000007e5d20000,0x00000007e5d20000)
  from space 214464K, 50% used [0x00000007e5d20000,0x00000007ec6a5af0,0x00000007f2e90000)
  to   space 209920K, 0% used [0x00000007f3300000,0x00000007f3300000,0x0000000800000000)
 PSOldGen        total 1016576K, used 688200K [0x0000000783000000, 0x00000007c10c0000, 0x00000007d6560000)
  object space 1016576K, 67% used [0x0000000783000000,0x00000007ad0120f8,0x00000007c10c0000)
 PSPermGen       total 32704K, used 21413K [0x000000077de00000, 0x000000077fdf0000, 0x0000000783000000)
  object space 32704K, 65% used [0x000000077de00000,0x000000077f2e94f8,0x000000077fdf0000)
727.160: [GC [PSYoungGen: 361750K->7744K(466432K)] 1049950K->779277K(1483008K), 0.0601540 secs] [Times: user=0.41 sys=0.00, real=0.06 secs] 
Heap after GC invocations=94 (full 8):
 PSYoungGen      total 466432K, used 7744K [0x00000007d6560000, 0x00000007ffe50000, 0x0000000800000000)
  eden space 258240K, 0% used [0x00000007d6560000,0x00000007d6560000,0x00000007e6190000)
  from space 208192K, 3% used [0x00000007f3300000,0x00000007f3a90000,0x00000007ffe50000)
  to   space 211328K, 0% used [0x00000007e6190000,0x00000007e6190000,0x00000007f2ff0000)
 PSOldGen        total 1016576K, used 771533K [0x0000000783000000, 0x00000007c10c0000, 0x00000007d6560000)
  object space 1016576K, 75% used [0x0000000783000000,0x00000007b2173558,0x00000007c10c0000)
 PSPermGen       total 32704K, used 21413K [0x000000077de00000, 0x000000077fdf0000, 0x0000000783000000)
  object space 32704K, 65% used [0x000000077de00000,0x000000077f2e94f8,0x000000077fdf0000)
}
Total time for which application threads were stopped: 0.0607230 seconds
Application time: 1.0153680 seconds
{Heap before GC invocations=95 (full 8):
 PSYoungGen      total 466432K, used 265984K [0x00000007d6560000, 0x00000007ffe50000, 0x0000000800000000)
  eden space 258240K, 100% used [0x00000007d6560000,0x00000007e6190000,0x00000007e6190000)
  from space 208192K, 3% used [0x00000007f3300000,0x00000007f3a90000,0x00000007ffe50000)
  to   space 211328K, 0% used [0x00000007e6190000,0x00000007e6190000,0x00000007f2ff0000)
 PSOldGen        total 1016576K, used 771533K [0x0000000783000000, 0x00000007c10c0000, 0x00000007d6560000)
  object space 1016576K, 75% used [0x0000000783000000,0x00000007b2173558,0x00000007c10c0000)
 PSPermGen       total 32704K, used 21413K [0x000000077de00000, 0x000000077fdf0000, 0x0000000783000000)
  object space 32704K, 65% used [0x000000077de00000,0x000000077f2e94f8,0x000000077fdf0000)
728.237: [GC [PSYoungGen: 265984K->7776K(469568K)] 1037517K->779365K(1486144K), 0.0645990 secs] [Times: user=0.45 sys=0.01, real=0.06 secs] 
Heap after GC invocations=95 (full 8):
 PSYoungGen      total 469568K, used 7776K [0x00000007d6560000, 0x0000000800000000, 0x0000000800000000)
  eden space 258240K, 0% used [0x00000007d6560000,0x00000007d6560000,0x00000007e6190000)
  from space 211328K, 3% used [0x00000007e6190000,0x00000007e6928000,0x00000007f2ff0000)
  to   space 210368K, 0% used [0x00000007f3290000,0x00000007f3290000,0x0000000800000000)
 PSOldGen        total 1016576K, used 771589K [0x0000000783000000, 0x00000007c10c0000, 0x00000007d6560000)
  object space 1016576K, 75% used [0x0000000783000000,0x00000007b2181558,0x00000007c10c0000)
 PSPermGen       total 32704K, used 21413K [0x000000077de00000, 0x000000077fdf0000, 0x0000000783000000)
  object space 32704K, 65% used [0x000000077de00000,0x000000077f2e94f8,0x000000077fdf0000)
}
Total time for which application threads were stopped: 0.0652530 seconds
Application time: 2.2930690 seconds
{Heap before GC invocations=96 (full 8):
 PSYoungGen      total 469568K, used 266016K [0x00000007d6560000, 0x0000000800000000, 0x0000000800000000)
  eden space 258240K, 100% used [0x00000007d6560000,0x00000007e6190000,0x00000007e6190000)
  from space 211328K, 3% used [0x00000007e6190000,0x00000007e6928000,0x00000007f2ff0000)
  to   space 210368K, 0% used [0x00000007f3290000,0x00000007f3290000,0x0000000800000000)
 PSOldGen        total 1016576K, used 771589K [0x0000000783000000, 0x00000007c10c0000, 0x00000007d6560000)
  object space 1016576K, 75% used [0x0000000783000000,0x00000007b2181558,0x00000007c10c0000)
 PSPermGen       total 32704K, used 21563K [0x000000077de00000, 0x000000077fdf0000, 0x0000000783000000)
  object space 32704K, 65% used [0x000000077de00000,0x000000077f30ef38,0x000000077fdf0000)
730.596: [GC [PSYoungGen: 266016K->97106K(460992K)] 1037605K->868791K(1477568K), 0.0414210 secs] [Times: user=0.31 sys=0.01, real=0.04 secs] 
Heap after GC invocations=96 (full 8):
 PSYoungGen      total 460992K, used 97106K [0x00000007d6560000, 0x00000007ff5f0000, 0x0000000800000000)
  eden space 260928K, 0% used [0x00000007d6560000,0x00000007d6560000,0x00000007e6430000)
  from space 200064K, 48% used [0x00000007f3290000,0x00000007f9164880,0x00000007ff5f0000)
  to   space 205696K, 0% used [0x00000007e6430000,0x00000007e6430000,0x00000007f2d10000)
 PSOldGen        total 1016576K, used 771685K [0x0000000783000000, 0x00000007c10c0000, 0x00000007d6560000)
  object space 1016576K, 75% used [0x0000000783000000,0x00000007b2199558,0x00000007c10c0000)
 PSPermGen       total 32704K, used 21563K [0x000000077de00000, 0x000000077fdf0000, 0x0000000783000000)
  object space 32704K, 65% used [0x000000077de00000,0x000000077f30ef38,0x000000077fdf0000)
}
Total time for which application threads were stopped: 0.0431730 seconds
Application time: 0.4348290 seconds
{Heap before GC invocations=97 (full 8):
 PSYoungGen      total 460992K, used 358034K [0x00000007d6560000, 0x00000007ff5f0000, 0x0000000800000000)
  eden space 260928K, 100% used [0x00000007d6560000,0x00000007e6430000,0x00000007e6430000)
  from space 200064K, 48% used [0x00000007f3290000,0x00000007f9164880,0x00000007ff5f0000)
  to   space 205696K, 0% used [0x00000007e6430000,0x00000007e6430000,0x00000007f2d10000)
 PSOldGen        total 1016576K, used 771685K [0x0000000783000000, 0x00000007c10c0000, 0x00000007d6560000)
  object space 1016576K, 75% used [0x0000000783000000,0x00000007b2199558,0x00000007c10c0000)
 PSPermGen       total 32704K, used 21775K [0x000000077de00000, 0x000000077fdf0000, 0x0000000783000000)
  object space 32704K, 66% used [0x000000077de00000,0x000000077f343c78,0x000000077fdf0000)
731.073: [GC [PSYoungGen: 358034K->141683K(402624K)] 1129719K->998938K(1419200K), 0.0437910 secs] [Times: user=0.41 sys=0.00, real=0.05 secs] 
Heap after GC invocations=97 (full 8):
 PSYoungGen      total 402624K, used 141683K [0x00000007d6560000, 0x0000000800000000, 0x0000000800000000)
  eden space 260928K, 0% used [0x00000007d6560000,0x00000007d6560000,0x00000007e6430000)
  from space 141696K, 99% used [0x00000007e6430000,0x00000007eee8cde0,0x00000007eee90000)
  to   space 217280K, 0% used [0x00000007f2bd0000,0x00000007f2bd0000,0x0000000800000000)
 PSOldGen        total 1016576K, used 857255K [0x0000000783000000, 0x00000007c10c0000, 0x00000007d6560000)
  object space 1016576K, 84% used [0x0000000783000000,0x00000007b7529d78,0x00000007c10c0000)
 PSPermGen       total 32704K, used 21775K [0x000000077de00000, 0x000000077fdf0000, 0x0000000783000000)
  object space 32704K, 66% used [0x000000077de00000,0x000000077f343c78,0x000000077fdf0000)
}
{Heap before GC invocations=98 (full 9):
 PSYoungGen      total 402624K, used 141683K [0x00000007d6560000, 0x0000000800000000, 0x0000000800000000)
  eden space 260928K, 0% used [0x00000007d6560000,0x00000007d6560000,0x00000007e6430000)
  from space 141696K, 99% used [0x00000007e6430000,0x00000007eee8cde0,0x00000007eee90000)
  to   space 217280K, 0% used [0x00000007f2bd0000,0x00000007f2bd0000,0x0000000800000000)
 PSOldGen        total 1016576K, used 857255K [0x0000000783000000, 0x00000007c10c0000, 0x00000007d6560000)
  object space 1016576K, 84% used [0x0000000783000000,0x00000007b7529d78,0x00000007c10c0000)
 PSPermGen       total 32704K, used 21775K [0x000000077de00000, 0x000000077fdf0000, 0x0000000783000000)
  object space 32704K, 66% used [0x000000077de00000,0x000000077f343c78,0x000000077fdf0000)
731.117: [Full GC [PSYoungGen: 141683K->0K(402624K)] [PSOldGen: 857255K->294947K(990016K)] 998938K->294947K(1392640K) [PSPermGen: 21775K->21775K(32704K)], 0.2956710 secs] [Times: user=0.28 sys=0.01, real=0.29 secs] 
Heap after GC invocations=98 (full 9):
 PSYoungGen      total 402624K, used 0K [0x00000007d6560000, 0x0000000800000000, 0x0000000800000000)
  eden space 260928K, 0% used [0x00000007d6560000,0x00000007d6560000,0x00000007e6430000)
  from space 141696K, 0% used [0x00000007e6430000,0x00000007e6430000,0x00000007eee90000)
  to   space 217280K, 0% used [0x00000007f2bd0000,0x00000007f2bd0000,0x0000000800000000)
 PSOldGen        total 990016K, used 294947K [0x0000000783000000, 0x00000007bf6d0000, 0x00000007d6560000)
  object space 990016K, 29% used [0x0000000783000000,0x0000000795008eb8,0x00000007bf6d0000)
 PSPermGen       total 32704K, used 21775K [0x000000077de00000, 0x000000077fdf0000, 0x0000000783000000)
  object space 32704K, 66% used [0x000000077de00000,0x000000077f343c78,0x000000077fdf0000)
}
Total time for which application threads were stopped: 0.3403080 seconds
Application time: 0.4657570 seconds
{Heap before GC invocations=99 (full 9):
 PSYoungGen      total 402624K, used 260928K [0x00000007d6560000, 0x0000000800000000, 0x0000000800000000)
  eden space 260928K, 100% used [0x00000007d6560000,0x00000007e6430000,0x00000007e6430000)
  from space 141696K, 0% used [0x00000007e6430000,0x00000007e6430000,0x00000007eee90000)
  to   space 217280K, 0% used [0x00000007f2bd0000,0x00000007f2bd0000,0x0000000800000000)
 PSOldGen        total 990016K, used 294947K [0x0000000783000000, 0x00000007bf6d0000, 0x00000007d6560000)
  object space 990016K, 29% used [0x0000000783000000,0x0000000795008eb8,0x00000007bf6d0000)
 PSPermGen       total 32704K, used 21983K [0x000000077de00000, 0x000000077fdf0000, 0x0000000783000000)
  object space 32704K, 67% used [0x000000077de00000,0x000000077f377c38,0x000000077fdf0000)
731.879: [GC [PSYoungGen: 260928K->140857K(448576K)] 555875K->435804K(1438592K), 0.0360290 secs] [Times: user=0.29 sys=0.01, real=0.04 secs] 
Heap after GC invocations=99 (full 9):
 PSYoungGen      total 448576K, used 140857K [0x00000007d6560000, 0x0000000800000000, 0x0000000800000000)
  eden space 231296K, 0% used [0x00000007d6560000,0x00000007d6560000,0x00000007e4740000)
  from space 217280K, 64% used [0x00000007f2bd0000,0x00000007fb55e400,0x0000000800000000)
  to   space 225664K, 0% used [0x00000007e4740000,0x00000007e4740000,0x00000007f23a0000)
 PSOldGen        total 990016K, used 294947K [0x0000000783000000, 0x00000007bf6d0000, 0x00000007d6560000)
  object space 990016K, 29% used [0x0000000783000000,0x0000000795008eb8,0x00000007bf6d0000)
 PSPermGen       total 32704K, used 21983K [0x000000077de00000, 0x000000077fdf0000, 0x0000000783000000)
  object space 32704K, 67% used [0x000000077de00000,0x000000077f377c38,0x000000077fdf0000)
}
Total time for which application threads were stopped: 0.0369170 seconds
Application time: 0.7552430 seconds
{Heap before GC invocations=100 (full 9):
 PSYoungGen      total 448576K, used 372153K [0x00000007d6560000, 0x0000000800000000, 0x0000000800000000)
  eden space 231296K, 100% used [0x00000007d6560000,0x00000007e4740000,0x00000007e4740000)
  from space 217280K, 64% used [0x00000007f2bd0000,0x00000007fb55e400,0x0000000800000000)
  to   space 225664K, 0% used [0x00000007e4740000,0x00000007e4740000,0x00000007f23a0000)
 PSOldGen        total 990016K, used 294947K [0x0000000783000000, 0x00000007bf6d0000, 0x00000007d6560000)
  object space 990016K, 29% used [0x0000000783000000,0x0000000795008eb8,0x00000007bf6d0000)
 PSPermGen       total 32704K, used 21995K [0x000000077de00000, 0x000000077fdf0000, 0x0000000783000000)
  object space 32704K, 67% used [0x000000077de00000,0x000000077f37aff8,0x000000077fdf0000)
732.672: [GC [PSYoungGen: 372153K->14962K(456960K)] 667100K->431391K(1446976K), 0.0504110 secs] [Times: user=0.33 sys=0.00, real=0.05 secs] 
Heap after GC invocations=100 (full 9):
 PSYoungGen      total 456960K, used 14962K [0x00000007d6560000, 0x0000000800000000, 0x0000000800000000)
  eden space 231296K, 0% used [0x00000007d6560000,0x00000007d6560000,0x00000007e4740000)
  from space 225664K, 6% used [0x00000007e4740000,0x00000007e55dcaa0,0x00000007f23a0000)
  to   space 224192K, 0% used [0x00000007f2510000,0x00000007f2510000,0x0000000800000000)
 PSOldGen        total 990016K, used 416429K [0x0000000783000000, 0x00000007bf6d0000, 0x00000007d6560000)
  object space 990016K, 42% used [0x0000000783000000,0x000000079c6ab4e8,0x00000007bf6d0000)
 PSPermGen       total 32704K, used 21995K [0x000000077de00000, 0x000000077fdf0000, 0x0000000783000000)
  object space 32704K, 67% used [0x000000077de00000,0x000000077f37aff8,0x000000077fdf0000)
}
Total time for which application threads were stopped: 0.0514290 seconds
Application time: 0.7888040 seconds
{Heap before GC invocations=101 (full 9):
 PSYoungGen      total 456960K, used 246258K [0x00000007d6560000, 0x0000000800000000, 0x0000000800000000)
  eden space 231296K, 100% used [0x00000007d6560000,0x00000007e4740000,0x00000007e4740000)
  from space 225664K, 6% used [0x00000007e4740000,0x00000007e55dcaa0,0x00000007f23a0000)
  to   space 224192K, 0% used [0x00000007f2510000,0x00000007f2510000,0x0000000800000000)
 PSOldGen        total 990016K, used 416429K [0x0000000783000000, 0x00000007bf6d0000, 0x00000007d6560000)
  object space 990016K, 42% used [0x0000000783000000,0x000000079c6ab4e8,0x00000007bf6d0000)
 PSPermGen       total 32704K, used 21995K [0x000000077de00000, 0x000000077fdf0000, 0x0000000783000000)
  object space 32704K, 67% used [0x000000077de00000,0x000000077f37aff8,0x000000077fdf0000)
733.512: [GC [PSYoungGen: 246258K->6976K(451648K)] 662687K->423971K(1441664K), 0.0531940 secs] [Times: user=0.39 sys=0.00, real=0.05 secs] 
Heap after GC invocations=101 (full 9):
 PSYoungGen      total 451648K, used 6976K [0x00000007d6560000, 0x00000007ffad0000, 0x0000000800000000)
  eden space 232768K, 0% used [0x00000007d6560000,0x00000007d6560000,0x00000007e48b0000)
  from space 218880K, 3% used [0x00000007f2510000,0x00000007f2be0000,0x00000007ffad0000)
  to   space 222272K, 0% used [0x00000007e48b0000,0x00000007e48b0000,0x00000007f21c0000)
 PSOldGen        total 990016K, used 416995K [0x0000000783000000, 0x00000007bf6d0000, 0x00000007d6560000)
  object space 990016K, 42% used [0x0000000783000000,0x000000079c738f38,0x00000007bf6d0000)
 PSPermGen       total 32704K, used 21995K [0x000000077de00000, 0x000000077fdf0000, 0x0000000783000000)
  object space 32704K, 67% used [0x000000077de00000,0x000000077f37aff8,0x000000077fdf0000)
}
Total time for which application threads were stopped: 0.0539490 seconds
Application time: 0.9962820 seconds
{Heap before GC invocations=102 (full 9):
 PSYoungGen      total 451648K, used 239744K [0x00000007d6560000, 0x00000007ffad0000, 0x0000000800000000)
  eden space 232768K, 100% used [0x00000007d6560000,0x00000007e48b0000,0x00000007e48b0000)
  from space 218880K, 3% used [0x00000007f2510000,0x00000007f2be0000,0x00000007ffad0000)
  to   space 222272K, 0% used [0x00000007e48b0000,0x00000007e48b0000,0x00000007f21c0000)
 PSOldGen        total 990016K, used 416995K [0x0000000783000000, 0x00000007bf6d0000, 0x00000007d6560000)
  object space 990016K, 42% used [0x0000000783000000,0x000000079c738f38,0x00000007bf6d0000)
 PSPermGen       total 32704K, used 22102K [0x000000077de00000, 0x000000077fdf0000, 0x0000000783000000)
  object space 32704K, 67% used [0x000000077de00000,0x000000077f395878,0x000000077fdf0000)
734.562: [GC [PSYoungGen: 239744K->67527K(300352K)] 656739K->484571K(1290368K), 0.0373440 secs] [Times: user=0.26 sys=0.00, real=0.04 secs] 
Heap after GC invocations=102 (full 9):
 PSYoungGen      total 300352K, used 67527K [0x00000007d6560000, 0x00000007fe7f0000, 0x0000000800000000)
  eden space 232768K, 0% used [0x00000007d6560000,0x00000007d6560000,0x00000007e48b0000)
  from space 67584K, 99% used [0x00000007e48b0000,0x00000007e8aa1eb0,0x00000007e8ab0000)
  to   space 208256K, 0% used [0x00000007f1c90000,0x00000007f1c90000,0x00000007fe7f0000)
 PSOldGen        total 990016K, used 417043K [0x0000000783000000, 0x00000007bf6d0000, 0x00000007d6560000)
  object space 990016K, 42% used [0x0000000783000000,0x000000079c744f38,0x00000007bf6d0000)
 PSPermGen       total 32704K, used 22102K [0x000000077de00000, 0x000000077fdf0000, 0x0000000783000000)
  object space 32704K, 67% used [0x000000077de00000,0x000000077f395878,0x000000077fdf0000)
}
Total time for which application threads were stopped: 0.0380610 seconds
Application time: 17.0007860 seconds
Total time for which application threads were stopped: 0.0004090 seconds
Application time: 160.0068530 seconds
Total time for which application threads were stopped: 0.0003220 seconds
Application time: 5.2565980 seconds
{Heap before GC invocations=103 (full 9):
 PSYoungGen      total 300352K, used 300295K [0x00000007d6560000, 0x00000007fe7f0000, 0x0000000800000000)
  eden space 232768K, 100% used [0x00000007d6560000,0x00000007e48b0000,0x00000007e48b0000)
  from space 67584K, 99% used [0x00000007e48b0000,0x00000007e8aa1eb0,0x00000007e8ab0000)
  to   space 208256K, 0% used [0x00000007f1c90000,0x00000007f1c90000,0x00000007fe7f0000)
 PSOldGen        total 990016K, used 417043K [0x0000000783000000, 0x00000007bf6d0000, 0x00000007d6560000)
  object space 990016K, 42% used [0x0000000783000000,0x000000079c744f38,0x00000007bf6d0000)
 PSPermGen       total 32704K, used 22235K [0x000000077de00000, 0x000000077fdf0000, 0x0000000783000000)
  object space 32704K, 67% used [0x000000077de00000,0x000000077f3b6e78,0x000000077fdf0000)
916.865: [GC [PSYoungGen: 300295K->85228K(458560K)] 717339K->520246K(1448576K), 0.0330400 secs] [Times: user=0.21 sys=0.01, real=0.03 secs] 
Heap after GC invocations=103 (full 9):
 PSYoungGen      total 458560K, used 85228K [0x00000007d6560000, 0x00000007feb60000, 0x0000000800000000)
  eden space 250304K, 0% used [0x00000007d6560000,0x00000007d6560000,0x00000007e59d0000)
  from space 208256K, 40% used [0x00000007f1c90000,0x00000007f6fcb1d0,0x00000007fe7f0000)
  to   space 199424K, 0% used [0x00000007e59d0000,0x00000007e59d0000,0x00000007f1c90000)
 PSOldGen        total 990016K, used 435017K [0x0000000783000000, 0x00000007bf6d0000, 0x00000007d6560000)
  object space 990016K, 43% used [0x0000000783000000,0x000000079d8d2738,0x00000007bf6d0000)
 PSPermGen       total 32704K, used 22235K [0x000000077de00000, 0x000000077fdf0000, 0x0000000783000000)
  object space 32704K, 67% used [0x000000077de00000,0x000000077f3b6e78,0x000000077fdf0000)
}
Total time for which application threads were stopped: 0.0338340 seconds
Application time: 0.4104300 seconds
{Heap before GC invocations=104 (full 9):
 PSYoungGen      total 458560K, used 335532K [0x00000007d6560000, 0x00000007feb60000, 0x0000000800000000)
  eden space 250304K, 100% used [0x00000007d6560000,0x00000007e59d0000,0x00000007e59d0000)
  from space 208256K, 40% used [0x00000007f1c90000,0x00000007f6fcb1d0,0x00000007fe7f0000)
  to   space 199424K, 0% used [0x00000007e59d0000,0x00000007e59d0000,0x00000007f1c90000)
 PSOldGen        total 990016K, used 435017K [0x0000000783000000, 0x00000007bf6d0000, 0x00000007d6560000)
  object space 990016K, 43% used [0x0000000783000000,0x000000079d8d2738,0x00000007bf6d0000)
 PSPermGen       total 32704K, used 22453K [0x000000077de00000, 0x000000077fdf0000, 0x0000000783000000)
  object space 32704K, 68% used [0x000000077de00000,0x000000077f3ed538,0x000000077fdf0000)
917.310: [GC [PSYoungGen: 335532K->145257K(449728K)] 770550K->655812K(1439744K), 0.0395620 secs] [Times: user=0.38 sys=0.00, real=0.04 secs] 
Heap after GC invocations=104 (full 9):
 PSYoungGen      total 449728K, used 145257K [0x00000007d6560000, 0x0000000800000000, 0x0000000800000000)
  eden space 250304K, 0% used [0x00000007d6560000,0x00000007d6560000,0x00000007e59d0000)
  from space 199424K, 72% used [0x00000007e59d0000,0x00000007ee7aa700,0x00000007f1c90000)
  to   space 213312K, 0% used [0x00000007f2fb0000,0x00000007f2fb0000,0x0000000800000000)
 PSOldGen        total 990016K, used 510554K [0x0000000783000000, 0x00000007bf6d0000, 0x00000007d6560000)
  object space 990016K, 51% used [0x0000000783000000,0x00000007a2296908,0x00000007bf6d0000)
 PSPermGen       total 32704K, used 22453K [0x000000077de00000, 0x000000077fdf0000, 0x0000000783000000)
  object space 32704K, 68% used [0x000000077de00000,0x000000077f3ed538,0x000000077fdf0000)
}
Total time for which application threads were stopped: 0.0414120 seconds
Application time: 0.4217370 seconds
{Heap before GC invocations=105 (full 9):
 PSYoungGen      total 449728K, used 395561K [0x00000007d6560000, 0x0000000800000000, 0x0000000800000000)
  eden space 250304K, 100% used [0x00000007d6560000,0x00000007e59d0000,0x00000007e59d0000)
  from space 199424K, 72% used [0x00000007e59d0000,0x00000007ee7aa700,0x00000007f1c90000)
  to   space 213312K, 0% used [0x00000007f2fb0000,0x00000007f2fb0000,0x0000000800000000)
 PSOldGen        total 990016K, used 510554K [0x0000000783000000, 0x00000007bf6d0000, 0x00000007d6560000)
  object space 990016K, 51% used [0x0000000783000000,0x00000007a2296908,0x00000007bf6d0000)
 PSPermGen       total 32704K, used 22669K [0x000000077de00000, 0x000000077fdf0000, 0x0000000783000000)
  object space 32704K, 69% used [0x000000077de00000,0x000000077f423778,0x000000077fdf0000)
917.772: [GC [PSYoungGen: 395561K->145138K(448192K)] 906116K->786482K(1438208K), 0.0473050 secs] [Times: user=0.49 sys=0.00, real=0.05 secs] 
Heap after GC invocations=105 (full 9):
 PSYoungGen      total 448192K, used 145138K [0x00000007d6560000, 0x0000000800000000, 0x0000000800000000)
  eden space 234880K, 0% used [0x00000007d6560000,0x00000007d6560000,0x00000007e4ac0000)
  from space 213312K, 68% used [0x00000007f2fb0000,0x00000007fbd6c990,0x0000000800000000)
  to   space 223872K, 0% used [0x00000007e4ac0000,0x00000007e4ac0000,0x00000007f2560000)
 PSOldGen        total 990016K, used 641344K [0x0000000783000000, 0x00000007bf6d0000, 0x00000007d6560000)
  object space 990016K, 64% used [0x0000000783000000,0x00000007aa250028,0x00000007bf6d0000)
 PSPermGen       total 32704K, used 22669K [0x000000077de00000, 0x000000077fdf0000, 0x0000000783000000)
  object space 32704K, 69% used [0x000000077de00000,0x000000077f423778,0x000000077fdf0000)
}
Total time for which application threads were stopped: 0.0479500 seconds
Application time: 0.4183620 seconds
{Heap before GC invocations=106 (full 9):
 PSYoungGen      total 448192K, used 380018K [0x00000007d6560000, 0x0000000800000000, 0x0000000800000000)
  eden space 234880K, 100% used [0x00000007d6560000,0x00000007e4ac0000,0x00000007e4ac0000)
  from space 213312K, 68% used [0x00000007f2fb0000,0x00000007fbd6c990,0x0000000800000000)
  to   space 223872K, 0% used [0x00000007e4ac0000,0x00000007e4ac0000,0x00000007f2560000)
 PSOldGen        total 990016K, used 641344K [0x0000000783000000, 0x00000007bf6d0000, 0x00000007d6560000)
  object space 990016K, 64% used [0x0000000783000000,0x00000007aa250028,0x00000007bf6d0000)
 PSPermGen       total 32704K, used 22868K [0x000000077de00000, 0x000000077fdf0000, 0x0000000783000000)
  object space 32704K, 69% used [0x000000077de00000,0x000000077f455338,0x000000077fdf0000)
918.239: [GC [PSYoungGen: 380018K->133158K(368064K)] 1021362K->905294K(1358080K), 0.0468080 secs] [Times: user=0.48 sys=0.00, real=0.05 secs] 
Heap after GC invocations=106 (full 9):
 PSYoungGen      total 368064K, used 133158K [0x00000007d6560000, 0x0000000800000000, 0x0000000800000000)
  eden space 234880K, 0% used [0x00000007d6560000,0x00000007d6560000,0x00000007e4ac0000)
  from space 133184K, 99% used [0x00000007e4ac0000,0x00000007eccc9b40,0x00000007eccd0000)
  to   space 227200K, 0% used [0x00000007f2220000,0x00000007f2220000,0x0000000800000000)
 PSOldGen        total 990016K, used 772135K [0x0000000783000000, 0x00000007bf6d0000, 0x00000007d6560000)
  object space 990016K, 77% used [0x0000000783000000,0x00000007b2209d28,0x00000007bf6d0000)
 PSPermGen       total 32704K, used 22868K [0x000000077de00000, 0x000000077fdf0000, 0x0000000783000000)
  object space 32704K, 69% used [0x000000077de00000,0x000000077f455338,0x000000077fdf0000)
}
Total time for which application threads were stopped: 0.0474670 seconds
Application time: 0.8469520 seconds
{Heap before GC invocations=107 (full 9):
 PSYoungGen      total 368064K, used 368038K [0x00000007d6560000, 0x0000000800000000, 0x0000000800000000)
  eden space 234880K, 100% used [0x00000007d6560000,0x00000007e4ac0000,0x00000007e4ac0000)
  from space 133184K, 99% used [0x00000007e4ac0000,0x00000007eccc9b40,0x00000007eccd0000)
  to   space 227200K, 0% used [0x00000007f2220000,0x00000007f2220000,0x0000000800000000)
 PSOldGen        total 990016K, used 772135K [0x0000000783000000, 0x00000007bf6d0000, 0x00000007d6560000)
  object space 990016K, 77% used [0x0000000783000000,0x00000007b2209d28,0x00000007bf6d0000)
 PSPermGen       total 32704K, used 22869K [0x000000077de00000, 0x000000077fdf0000, 0x0000000783000000)
  object space 32704K, 69% used [0x000000077de00000,0x000000077f4556f8,0x000000077fdf0000)
919.133: [GC [PSYoungGen: 368038K->7585K(454784K)] 1140174K->898664K(1444800K), 0.0542380 secs] [Times: user=0.39 sys=0.00, real=0.06 secs] 
Heap after GC invocations=107 (full 9):
 PSYoungGen      total 454784K, used 7585K [0x00000007d6560000, 0x0000000800000000, 0x0000000800000000)
  eden space 227584K, 0% used [0x00000007d6560000,0x00000007d6560000,0x00000007e43a0000)
  from space 227200K, 3% used [0x00000007f2220000,0x00000007f2988440,0x0000000800000000)
  to   space 227520K, 0% used [0x00000007e43a0000,0x00000007e43a0000,0x00000007f21d0000)
 PSOldGen        total 990016K, used 891079K [0x0000000783000000, 0x00000007bf6d0000, 0x00000007d6560000)
  object space 990016K, 90% used [0x0000000783000000,0x00000007b9631d78,0x00000007bf6d0000)
 PSPermGen       total 32704K, used 22869K [0x000000077de00000, 0x000000077fdf0000, 0x0000000783000000)
  object space 32704K, 69% used [0x000000077de00000,0x000000077f4556f8,0x000000077fdf0000)
}
{Heap before GC invocations=108 (full 10):
 PSYoungGen      total 454784K, used 7585K [0x00000007d6560000, 0x0000000800000000, 0x0000000800000000)
  eden space 227584K, 0% used [0x00000007d6560000,0x00000007d6560000,0x00000007e43a0000)
  from space 227200K, 3% used [0x00000007f2220000,0x00000007f2988440,0x0000000800000000)
  to   space 227520K, 0% used [0x00000007e43a0000,0x00000007e43a0000,0x00000007f21d0000)
 PSOldGen        total 990016K, used 891079K [0x0000000783000000, 0x00000007bf6d0000, 0x00000007d6560000)
  object space 990016K, 90% used [0x0000000783000000,0x00000007b9631d78,0x00000007bf6d0000)
 PSPermGen       total 32704K, used 22869K [0x000000077de00000, 0x000000077fdf0000, 0x0000000783000000)
  object space 32704K, 69% used [0x000000077de00000,0x000000077f4556f8,0x000000077fdf0000)
919.187: [Full GC [PSYoungGen: 7585K->0K(454784K)] [PSOldGen: 891079K->522059K(1270848K)] 898664K->522059K(1725632K) [PSPermGen: 22869K->22869K(32640K)], 0.4438740 secs] [Times: user=0.43 sys=0.00, real=0.44 secs] 
Heap after GC invocations=108 (full 10):
 PSYoungGen      total 454784K, used 0K [0x00000007d6560000, 0x0000000800000000, 0x0000000800000000)
  eden space 227584K, 0% used [0x00000007d6560000,0x00000007d6560000,0x00000007e43a0000)
  from space 227200K, 0% used [0x00000007f2220000,0x00000007f2220000,0x0000000800000000)
  to   space 227520K, 0% used [0x00000007e43a0000,0x00000007e43a0000,0x00000007f21d0000)
 PSOldGen        total 1270848K, used 522059K [0x0000000783000000, 0x00000007d0910000, 0x00000007d6560000)
  object space 1270848K, 41% used [0x0000000783000000,0x00000007a2dd2eb8,0x00000007d0910000)
 PSPermGen       total 32640K, used 22869K [0x000000077de00000, 0x000000077fde0000, 0x0000000783000000)
  object space 32640K, 70% used [0x000000077de00000,0x000000077f4556f8,0x000000077fde0000)
}
Total time for which application threads were stopped: 0.4988320 seconds
Application time: 0.8153910 seconds
{Heap before GC invocations=109 (full 10):
 PSYoungGen      total 454784K, used 227584K [0x00000007d6560000, 0x0000000800000000, 0x0000000800000000)
  eden space 227584K, 100% used [0x00000007d6560000,0x00000007e43a0000,0x00000007e43a0000)
  from space 227200K, 0% used [0x00000007f2220000,0x00000007f2220000,0x0000000800000000)
  to   space 227520K, 0% used [0x00000007e43a0000,0x00000007e43a0000,0x00000007f21d0000)
 PSOldGen        total 1270848K, used 522059K [0x0000000783000000, 0x00000007d0910000, 0x00000007d6560000)
  object space 1270848K, 41% used [0x0000000783000000,0x00000007a2dd2eb8,0x00000007d0910000)
 PSPermGen       total 32640K, used 22869K [0x000000077de00000, 0x000000077fde0000, 0x0000000783000000)
  object space 32640K, 70% used [0x000000077de00000,0x000000077f4556f8,0x000000077fde0000)
920.447: [GC [PSYoungGen: 227584K->6912K(234496K)] 749643K->528971K(1505344K), 0.0526450 secs] [Times: user=0.35 sys=0.01, real=0.05 secs] 
Heap after GC invocations=109 (full 10):
 PSYoungGen      total 234496K, used 6912K [0x00000007d6560000, 0x00000007ffe70000, 0x0000000800000000)
  eden space 227584K, 0% used [0x00000007d6560000,0x00000007d6560000,0x00000007e43a0000)
  from space 6912K, 100% used [0x00000007e43a0000,0x00000007e4a60000,0x00000007e4a60000)
  to   space 226560K, 0% used [0x00000007f2130000,0x00000007f2130000,0x00000007ffe70000)
 PSOldGen        total 1270848K, used 522059K [0x0000000783000000, 0x00000007d0910000, 0x00000007d6560000)
  object space 1270848K, 41% used [0x0000000783000000,0x00000007a2dd2eb8,0x00000007d0910000)
 PSPermGen       total 32640K, used 22869K [0x000000077de00000, 0x000000077fde0000, 0x0000000783000000)
  object space 32640K, 70% used [0x000000077de00000,0x000000077f4556f8,0x000000077fde0000)
}
Total time for which application threads were stopped: 0.0532440 seconds
Application time: 1.2131200 seconds
{Heap before GC invocations=110 (full 10):
 PSYoungGen      total 234496K, used 234496K [0x00000007d6560000, 0x00000007ffe70000, 0x0000000800000000)
  eden space 227584K, 100% used [0x00000007d6560000,0x00000007e43a0000,0x00000007e43a0000)
  from space 6912K, 100% used [0x00000007e43a0000,0x00000007e4a60000,0x00000007e4a60000)
  to   space 226560K, 0% used [0x00000007f2130000,0x00000007f2130000,0x00000007ffe70000)
 PSOldGen        total 1270848K, used 522059K [0x0000000783000000, 0x00000007d0910000, 0x00000007d6560000)
  object space 1270848K, 41% used [0x0000000783000000,0x00000007a2dd2eb8,0x00000007d0910000)
 PSPermGen       total 32640K, used 22881K [0x000000077de00000, 0x000000077fde0000, 0x0000000783000000)
  object space 32640K, 70% used [0x000000077de00000,0x000000077f4587b8,0x000000077fde0000)
921.714: [GC [PSYoungGen: 234496K->13070K(458880K)] 756555K->535274K(1729728K), 0.0512610 secs] [Times: user=0.36 sys=0.00, real=0.05 secs] 
Heap after GC invocations=110 (full 10):
 PSYoungGen      total 458880K, used 13070K [0x00000007d6560000, 0x0000000800000000, 0x0000000800000000)
  eden space 232320K, 0% used [0x00000007d6560000,0x00000007d6560000,0x00000007e4840000)
  from space 226560K, 5% used [0x00000007f2130000,0x00000007f2df3bd0,0x00000007ffe70000)
  to   space 222144K, 0% used [0x00000007e4840000,0x00000007e4840000,0x00000007f2130000)
 PSOldGen        total 1270848K, used 522203K [0x0000000783000000, 0x00000007d0910000, 0x00000007d6560000)
  object space 1270848K, 41% used [0x0000000783000000,0x00000007a2df6eb8,0x00000007d0910000)
 PSPermGen       total 32640K, used 22881K [0x000000077de00000, 0x000000077fde0000, 0x0000000783000000)
  object space 32640K, 70% used [0x000000077de00000,0x000000077f4587b8,0x000000077fde0000)
}
Total time for which application threads were stopped: 0.0520160 seconds
Application time: 0.3731540 seconds
{Heap before GC invocations=111 (full 10):
 PSYoungGen      total 458880K, used 245390K [0x00000007d6560000, 0x0000000800000000, 0x0000000800000000)
  eden space 232320K, 100% used [0x00000007d6560000,0x00000007e4840000,0x00000007e4840000)
  from space 226560K, 5% used [0x00000007f2130000,0x00000007f2df3bd0,0x00000007ffe70000)
  to   space 222144K, 0% used [0x00000007e4840000,0x00000007e4840000,0x00000007f2130000)
 PSOldGen        total 1270848K, used 522203K [0x0000000783000000, 0x00000007d0910000, 0x00000007d6560000)
  object space 1270848K, 41% used [0x0000000783000000,0x00000007a2df6eb8,0x00000007d0910000)
 PSPermGen       total 32640K, used 23086K [0x000000077de00000, 0x000000077fde0000, 0x0000000783000000)
  object space 32640K, 70% used [0x000000077de00000,0x000000077f48bb78,0x000000077fde0000)
922.139: [GC [PSYoungGen: 245390K->132126K(454464K)] 767594K->660724K(1725312K), 0.0293620 secs] [Times: user=0.25 sys=0.00, real=0.03 secs] 
Heap after GC invocations=111 (full 10):
 PSYoungGen      total 454464K, used 132126K [0x00000007d6560000, 0x0000000800000000, 0x0000000800000000)
  eden space 232320K, 0% used [0x00000007d6560000,0x00000007d6560000,0x00000007e4840000)
  from space 222144K, 59% used [0x00000007e4840000,0x00000007ec947a80,0x00000007f2130000)
  to   space 227520K, 0% used [0x00000007f21d0000,0x00000007f21d0000,0x0000000800000000)
 PSOldGen        total 1270848K, used 528597K [0x0000000783000000, 0x00000007d0910000, 0x00000007d6560000)
  object space 1270848K, 41% used [0x0000000783000000,0x00000007a3435728,0x00000007d0910000)
 PSPermGen       total 32640K, used 23086K [0x000000077de00000, 0x000000077fde0000, 0x0000000783000000)
  object space 32640K, 70% used [0x000000077de00000,0x000000077f48bb78,0x000000077fde0000)
}
Total time for which application threads were stopped: 0.0299470 seconds
Application time: 0.3791370 seconds
{Heap before GC invocations=112 (full 10):
 PSYoungGen      total 454464K, used 364446K [0x00000007d6560000, 0x0000000800000000, 0x0000000800000000)
  eden space 232320K, 100% used [0x00000007d6560000,0x00000007e4840000,0x00000007e4840000)
  from space 222144K, 59% used [0x00000007e4840000,0x00000007ec947a80,0x00000007f2130000)
  to   space 227520K, 0% used [0x00000007f21d0000,0x00000007f21d0000,0x0000000800000000)
 PSOldGen        total 1270848K, used 528597K [0x0000000783000000, 0x00000007d0910000, 0x00000007d6560000)
  object space 1270848K, 41% used [0x0000000783000000,0x00000007a3435728,0x00000007d0910000)
 PSPermGen       total 32640K, used 23289K [0x000000077de00000, 0x000000077fde0000, 0x0000000783000000)
  object space 32640K, 71% used [0x000000077de00000,0x000000077f4be6f8,0x000000077fde0000)
922.548: [GC [PSYoungGen: 364446K->135483K(455104K)] 893044K->783558K(1725952K), 0.0438140 secs] [Times: user=0.38 sys=0.01, real=0.04 secs] 
Heap after GC invocations=112 (full 10):
 PSYoungGen      total 455104K, used 135483K [0x00000007d6560000, 0x0000000800000000, 0x0000000800000000)
  eden space 227584K, 0% used [0x00000007d6560000,0x00000007d6560000,0x00000007e43a0000)
  from space 227520K, 59% used [0x00000007f21d0000,0x00000007fa61efb0,0x0000000800000000)
  to   space 227520K, 0% used [0x00000007e43a0000,0x00000007e43a0000,0x00000007f21d0000)
 PSOldGen        total 1270848K, used 648074K [0x0000000783000000, 0x00000007d0910000, 0x00000007d6560000)
  object space 1270848K, 50% used [0x0000000783000000,0x00000007aa8e28e8,0x00000007d0910000)
 PSPermGen       total 32640K, used 23289K [0x000000077de00000, 0x000000077fde0000, 0x0000000783000000)
  object space 32640K, 71% used [0x000000077de00000,0x000000077f4be6f8,0x000000077fde0000)
}
Total time for which application threads were stopped: 0.0444640 seconds
Application time: 0.3754430 seconds
{Heap before GC invocations=113 (full 10):
 PSYoungGen      total 455104K, used 363067K [0x00000007d6560000, 0x0000000800000000, 0x0000000800000000)
  eden space 227584K, 100% used [0x00000007d6560000,0x00000007e43a0000,0x00000007e43a0000)
  from space 227520K, 59% used [0x00000007f21d0000,0x00000007fa61efb0,0x0000000800000000)
  to   space 227520K, 0% used [0x00000007e43a0000,0x00000007e43a0000,0x00000007f21d0000)
 PSOldGen        total 1270848K, used 648074K [0x0000000783000000, 0x00000007d0910000, 0x00000007d6560000)
  object space 1270848K, 50% used [0x0000000783000000,0x00000007aa8e28e8,0x00000007d0910000)
 PSPermGen       total 32640K, used 23495K [0x000000077de00000, 0x000000077fde0000, 0x0000000783000000)
  object space 32640K, 71% used [0x000000077de00000,0x000000077f4f1db8,0x000000077fde0000)
922.968: [GC [PSYoungGen: 363067K->136672K(455104K)] 1011142K->907082K(1725952K), 0.0445660 secs] [Times: user=0.43 sys=0.02, real=0.04 secs] 
Heap after GC invocations=113 (full 10):
 PSYoungGen      total 455104K, used 136672K [0x00000007d6560000, 0x0000000800000000, 0x0000000800000000)
  eden space 227584K, 0% used [0x00000007d6560000,0x00000007d6560000,0x00000007e43a0000)
  from space 227520K, 60% used [0x00000007e43a0000,0x00000007ec918100,0x00000007f21d0000)
  to   space 227520K, 0% used [0x00000007f21d0000,0x00000007f21d0000,0x0000000800000000)
 PSOldGen        total 1270848K, used 770410K [0x0000000783000000, 0x00000007d0910000, 0x00000007d6560000)
  object space 1270848K, 60% used [0x0000000783000000,0x00000007b205aad8,0x00000007d0910000)
 PSPermGen       total 32640K, used 23495K [0x000000077de00000, 0x000000077fde0000, 0x0000000783000000)
  object space 32640K, 71% used [0x000000077de00000,0x000000077f4f1db8,0x000000077fde0000)
}
Total time for which application threads were stopped: 0.0451720 seconds
Application time: 0.5384930 seconds
{Heap before GC invocations=114 (full 10):
 PSYoungGen      total 455104K, used 364256K [0x00000007d6560000, 0x0000000800000000, 0x0000000800000000)
  eden space 227584K, 100% used [0x00000007d6560000,0x00000007e43a0000,0x00000007e43a0000)
  from space 227520K, 60% used [0x00000007e43a0000,0x00000007ec918100,0x00000007f21d0000)
  to   space 227520K, 0% used [0x00000007f21d0000,0x00000007f21d0000,0x0000000800000000)
 PSOldGen        total 1270848K, used 770410K [0x0000000783000000, 0x00000007d0910000, 0x00000007d6560000)
  object space 1270848K, 60% used [0x0000000783000000,0x00000007b205aad8,0x00000007d0910000)
 PSPermGen       total 32640K, used 23626K [0x000000077de00000, 0x000000077fde0000, 0x0000000783000000)
  object space 32640K, 72% used [0x000000077de00000,0x000000077f512878,0x000000077fde0000)
923.552: [GC [PSYoungGen: 364256K->90286K(454592K)] 1134666K->984322K(1725440K), 0.0481000 secs] [Times: user=0.44 sys=0.00, real=0.05 secs] 
Heap after GC invocations=114 (full 10):
 PSYoungGen      total 454592K, used 90286K [0x00000007d6560000, 0x00000007fff80000, 0x0000000800000000)
  eden space 227584K, 0% used [0x00000007d6560000,0x00000007d6560000,0x00000007e43a0000)
  from space 227008K, 39% used [0x00000007f21d0000,0x00000007f79fb900,0x00000007fff80000)
  to   space 227264K, 0% used [0x00000007e43a0000,0x00000007e43a0000,0x00000007f2190000)
 PSOldGen        total 1270848K, used 894036K [0x0000000783000000, 0x00000007d0910000, 0x00000007d6560000)
  object space 1270848K, 70% used [0x0000000783000000,0x00000007b9915118,0x00000007d0910000)
 PSPermGen       total 32640K, used 23626K [0x000000077de00000, 0x000000077fde0000, 0x0000000783000000)
  object space 32640K, 72% used [0x000000077de00000,0x000000077f512878,0x000000077fde0000)
}
Total time for which application threads were stopped: 0.0487050 seconds
Application time: 0.8074230 seconds
{Heap before GC invocations=115 (full 10):
 PSYoungGen      total 454592K, used 317870K [0x00000007d6560000, 0x00000007fff80000, 0x0000000800000000)
  eden space 227584K, 100% used [0x00000007d6560000,0x00000007e43a0000,0x00000007e43a0000)
  from space 227008K, 39% used [0x00000007f21d0000,0x00000007f79fb900,0x00000007fff80000)
  to   space 227264K, 0% used [0x00000007e43a0000,0x00000007e43a0000,0x00000007f2190000)
 PSOldGen        total 1270848K, used 894036K [0x0000000783000000, 0x00000007d0910000, 0x00000007d6560000)
  object space 1270848K, 70% used [0x0000000783000000,0x00000007b9915118,0x00000007d0910000)
 PSPermGen       total 32640K, used 23626K [0x000000077de00000, 0x000000077fde0000, 0x0000000783000000)
  object space 32640K, 72% used [0x000000077de00000,0x000000077f512878,0x000000077fde0000)
924.408: [GC [PSYoungGen: 317870K->6912K(454848K)] 1211906K->979678K(1725696K), 0.0543860 secs] [Times: user=0.38 sys=0.00, real=0.05 secs] 
Heap after GC invocations=115 (full 10):
 PSYoungGen      total 454848K, used 6912K [0x00000007d6560000, 0x00000007fffc0000, 0x0000000800000000)
  eden space 227584K, 0% used [0x00000007d6560000,0x00000007d6560000,0x00000007e43a0000)
  from space 227264K, 3% used [0x00000007e43a0000,0x00000007e4a60000,0x00000007f2190000)
  to   space 227008K, 0% used [0x00000007f2210000,0x00000007f2210000,0x00000007fffc0000)
 PSOldGen        total 1270848K, used 972766K [0x0000000783000000, 0x00000007d0910000, 0x00000007d6560000)
  object space 1270848K, 76% used [0x0000000783000000,0x00000007be5f7818,0x00000007d0910000)
 PSPermGen       total 32640K, used 23626K [0x000000077de00000, 0x000000077fde0000, 0x0000000783000000)
  object space 32640K, 72% used [0x000000077de00000,0x000000077f512878,0x000000077fde0000)
}
Total time for which application threads were stopped: 0.0549800 seconds
Application time: 0.7981190 seconds
{Heap before GC invocations=116 (full 10):
 PSYoungGen      total 454848K, used 234496K [0x00000007d6560000, 0x00000007fffc0000, 0x0000000800000000)
  eden space 227584K, 100% used [0x00000007d6560000,0x00000007e43a0000,0x00000007e43a0000)
  from space 227264K, 3% used [0x00000007e43a0000,0x00000007e4a60000,0x00000007f2190000)
  to   space 227008K, 0% used [0x00000007f2210000,0x00000007f2210000,0x00000007fffc0000)
 PSOldGen        total 1270848K, used 972766K [0x0000000783000000, 0x00000007d0910000, 0x00000007d6560000)
  object space 1270848K, 76% used [0x0000000783000000,0x00000007be5f7818,0x00000007d0910000)
 PSPermGen       total 32640K, used 23626K [0x000000077de00000, 0x000000077fde0000, 0x0000000783000000)
  object space 32640K, 72% used [0x000000077de00000,0x000000077f512878,0x000000077fde0000)
925.261: [GC [PSYoungGen: 234496K->6816K(450496K)] 1207262K->979646K(1721344K), 0.0553420 secs] [Times: user=0.40 sys=0.00, real=0.06 secs] 
Heap after GC invocations=116 (full 10):
 PSYoungGen      total 450496K, used 6816K [0x00000007d6560000, 0x00000007ffb00000, 0x0000000800000000)
  eden space 228352K, 0% used [0x00000007d6560000,0x00000007d6560000,0x00000007e4460000)
  from space 222144K, 3% used [0x00000007f2210000,0x00000007f28b8000,0x00000007ffb00000)
  to   space 224576K, 0% used [0x00000007e4460000,0x00000007e4460000,0x00000007f1fb0000)
 PSOldGen        total 1270848K, used 972830K [0x0000000783000000, 0x00000007d0910000, 0x00000007d6560000)
  object space 1270848K, 76% used [0x0000000783000000,0x00000007be607818,0x00000007d0910000)
 PSPermGen       total 32640K, used 23626K [0x000000077de00000, 0x000000077fde0000, 0x0000000783000000)
  object space 32640K, 72% used [0x000000077de00000,0x000000077f512878,0x000000077fde0000)
}
Total time for which application threads were stopped: 0.0560850 seconds
Application time: 1.5569850 seconds
{Heap before GC invocations=117 (full 10):
 PSYoungGen      total 450496K, used 235168K [0x00000007d6560000, 0x00000007ffb00000, 0x0000000800000000)
  eden space 228352K, 100% used [0x00000007d6560000,0x00000007e4460000,0x00000007e4460000)
  from space 222144K, 3% used [0x00000007f2210000,0x00000007f28b8000,0x00000007ffb00000)
  to   space 224576K, 0% used [0x00000007e4460000,0x00000007e4460000,0x00000007f1fb0000)
 PSOldGen        total 1270848K, used 972830K [0x0000000783000000, 0x00000007d0910000, 0x00000007d6560000)
  object space 1270848K, 76% used [0x0000000783000000,0x00000007be607818,0x00000007d0910000)
 PSPermGen       total 32640K, used 23676K [0x000000077de00000, 0x000000077fde0000, 0x0000000783000000)
  object space 32640K, 72% used [0x000000077de00000,0x000000077f51f3b8,0x000000077fde0000)
926.874: [GC [PSYoungGen: 235168K->33242K(261632K)] 1207998K->1006176K(1532480K), 0.0457140 secs] [Times: user=0.33 sys=0.00, real=0.04 secs] 
Heap after GC invocations=117 (full 10):
 PSYoungGen      total 261632K, used 33242K [0x00000007d6560000, 0x00000007ff1a0000, 0x0000000800000000)
  eden space 228352K, 0% used [0x00000007d6560000,0x00000007d6560000,0x00000007e4460000)
  from space 33280K, 99% used [0x00000007e4460000,0x00000007e64d6980,0x00000007e64e0000)
  to   space 216000K, 0% used [0x00000007f1eb0000,0x00000007f1eb0000,0x00000007ff1a0000)
 PSOldGen        total 1270848K, used 972934K [0x0000000783000000, 0x00000007d0910000, 0x00000007d6560000)
  object space 1270848K, 76% used [0x0000000783000000,0x00000007be621818,0x00000007d0910000)
 PSPermGen       total 32640K, used 23676K [0x000000077de00000, 0x000000077fde0000, 0x0000000783000000)
  object space 32640K, 72% used [0x000000077de00000,0x000000077f51f3b8,0x000000077fde0000)
}
Total time for which application threads were stopped: 0.0463950 seconds
Application time: 0.3553940 seconds
{Heap before GC invocations=118 (full 10):
 PSYoungGen      total 261632K, used 261594K [0x00000007d6560000, 0x00000007ff1a0000, 0x0000000800000000)
  eden space 228352K, 100% used [0x00000007d6560000,0x00000007e4460000,0x00000007e4460000)
  from space 33280K, 99% used [0x00000007e4460000,0x00000007e64d6980,0x00000007e64e0000)
  to   space 216000K, 0% used [0x00000007f1eb0000,0x00000007f1eb0000,0x00000007ff1a0000)
 PSOldGen        total 1270848K, used 972934K [0x0000000783000000, 0x00000007d0910000, 0x00000007d6560000)
  object space 1270848K, 76% used [0x0000000783000000,0x00000007be621818,0x00000007d0910000)
 PSPermGen       total 32640K, used 23879K [0x000000077de00000, 0x000000077fde0000, 0x0000000783000000)
  object space 32640K, 73% used [0x000000077de00000,0x000000077f551ff8,0x000000077fde0000)
927.276: [GC [PSYoungGen: 261594K->133709K(442496K)] 1234528K->1132862K(1713344K), 0.0320200 secs] [Times: user=0.29 sys=0.00, real=0.03 secs] 
Heap after GC invocations=118 (full 10):
 PSYoungGen      total 442496K, used 133709K [0x00000007d6560000, 0x0000000800000000, 0x0000000800000000)
  eden space 226496K, 0% used [0x00000007d6560000,0x00000007d6560000,0x00000007e4290000)
  from space 216000K, 61% used [0x00000007f1eb0000,0x00000007fa143770,0x00000007ff1a0000)
  to   space 225408K, 0% used [0x00000007e4290000,0x00000007e4290000,0x00000007f1eb0000)
 PSOldGen        total 1270848K, used 999152K [0x0000000783000000, 0x00000007d0910000, 0x00000007d6560000)
  object space 1270848K, 78% used [0x0000000783000000,0x00000007bffbc308,0x00000007d0910000)
 PSPermGen       total 32640K, used 23879K [0x000000077de00000, 0x000000077fde0000, 0x0000000783000000)
  object space 32640K, 73% used [0x000000077de00000,0x000000077f551ff8,0x000000077fde0000)
}
Total time for which application threads were stopped: 0.0327900 seconds
Application time: 0.3840320 seconds
{Heap before GC invocations=119 (full 10):
 PSYoungGen      total 442496K, used 360205K [0x00000007d6560000, 0x0000000800000000, 0x0000000800000000)
  eden space 226496K, 100% used [0x00000007d6560000,0x00000007e4290000,0x00000007e4290000)
  from space 216000K, 61% used [0x00000007f1eb0000,0x00000007fa143770,0x00000007ff1a0000)
  to   space 225408K, 0% used [0x00000007e4290000,0x00000007e4290000,0x00000007f1eb0000)
 PSOldGen        total 1270848K, used 999152K [0x0000000783000000, 0x00000007d0910000, 0x00000007d6560000)
  object space 1270848K, 78% used [0x0000000783000000,0x00000007bffbc308,0x00000007d0910000)
 PSPermGen       total 32640K, used 24089K [0x000000077de00000, 0x000000077fde0000, 0x0000000783000000)
  object space 32640K, 73% used [0x000000077de00000,0x000000077f5865b8,0x000000077fde0000)
927.693: [GC [PSYoungGen: 360205K->139285K(451904K)] 1359358K->1260565K(1722752K), 0.0473370 secs] [Times: user=0.36 sys=0.14, real=0.05 secs] 
Heap after GC invocations=119 (full 10):
 PSYoungGen      total 451904K, used 139285K [0x00000007d6560000, 0x0000000800000000, 0x0000000800000000)
  eden space 226496K, 0% used [0x00000007d6560000,0x00000007d6560000,0x00000007e4290000)
  from space 225408K, 61% used [0x00000007e4290000,0x00000007eca955e0,0x00000007f1eb0000)
  to   space 227520K, 0% used [0x00000007f21d0000,0x00000007f21d0000,0x0000000800000000)
 PSOldGen        total 1270848K, used 1121279K [0x0000000783000000, 0x00000007d0910000, 0x00000007d6560000)
  object space 1270848K, 88% used [0x0000000783000000,0x00000007c76ffe88,0x00000007d0910000)
 PSPermGen       total 32640K, used 24089K [0x000000077de00000, 0x000000077fde0000, 0x0000000783000000)
  object space 32640K, 73% used [0x000000077de00000,0x000000077f5865b8,0x000000077fde0000)
}
{Heap before GC invocations=120 (full 11):
 PSYoungGen      total 451904K, used 139285K [0x00000007d6560000, 0x0000000800000000, 0x0000000800000000)
  eden space 226496K, 0% used [0x00000007d6560000,0x00000007d6560000,0x00000007e4290000)
  from space 225408K, 61% used [0x00000007e4290000,0x00000007eca955e0,0x00000007f1eb0000)
  to   space 227520K, 0% used [0x00000007f21d0000,0x00000007f21d0000,0x0000000800000000)
 PSOldGen        total 1270848K, used 1121279K [0x0000000783000000, 0x00000007d0910000, 0x00000007d6560000)
  object space 1270848K, 88% used [0x0000000783000000,0x00000007c76ffe88,0x00000007d0910000)
 PSPermGen       total 32640K, used 24089K [0x000000077de00000, 0x000000077fde0000, 0x0000000783000000)
  object space 32640K, 73% used [0x000000077de00000,0x000000077f5865b8,0x000000077fde0000)
927.740: [Full GC [PSYoungGen: 139285K->0K(451904K)] [PSOldGen: 1121279K->368136K(1141248K)] 1260565K->368136K(1593152K) [PSPermGen: 24089K->24089K(32512K)], 0.3395240 secs] [Times: user=0.34 sys=0.00, real=0.34 secs] 
Heap after GC invocations=120 (full 11):
 PSYoungGen      total 451904K, used 0K [0x00000007d6560000, 0x0000000800000000, 0x0000000800000000)
  eden space 226496K, 0% used [0x00000007d6560000,0x00000007d6560000,0x00000007e4290000)
  from space 225408K, 0% used [0x00000007e4290000,0x00000007e4290000,0x00000007f1eb0000)
  to   space 227520K, 0% used [0x00000007f21d0000,0x00000007f21d0000,0x0000000800000000)
 PSOldGen        total 1141248K, used 368136K [0x0000000783000000, 0x00000007c8a80000, 0x00000007d6560000)
  object space 1141248K, 32% used [0x0000000783000000,0x0000000799782110,0x00000007c8a80000)
 PSPermGen       total 32512K, used 24089K [0x000000077de00000, 0x000000077fdc0000, 0x0000000783000000)
  object space 32512K, 74% used [0x000000077de00000,0x000000077f5865b8,0x000000077fdc0000)
}
Total time for which application threads were stopped: 0.3876510 seconds
Application time: 0.5301840 seconds
{Heap before GC invocations=121 (full 11):
 PSYoungGen      total 451904K, used 226496K [0x00000007d6560000, 0x0000000800000000, 0x0000000800000000)
  eden space 226496K, 100% used [0x00000007d6560000,0x00000007e4290000,0x00000007e4290000)
  from space 225408K, 0% used [0x00000007e4290000,0x00000007e4290000,0x00000007f1eb0000)
  to   space 227520K, 0% used [0x00000007f21d0000,0x00000007f21d0000,0x0000000800000000)
 PSOldGen        total 1141248K, used 368136K [0x0000000783000000, 0x00000007c8a80000, 0x00000007d6560000)
  object space 1141248K, 32% used [0x0000000783000000,0x0000000799782110,0x00000007c8a80000)
 PSPermGen       total 32512K, used 24219K [0x000000077de00000, 0x000000077fdc0000, 0x0000000783000000)
  object space 32512K, 74% used [0x000000077de00000,0x000000077f5a6fb8,0x000000077fdc0000)
928.611: [GC [PSYoungGen: 226496K->89070K(447808K)] 594632K->457206K(1589056K), 0.0328870 secs] [Times: user=0.26 sys=0.00, real=0.03 secs] 
Heap after GC invocations=121 (full 11):
 PSYoungGen      total 447808K, used 89070K [0x00000007d6560000, 0x00000007ff6d0000, 0x0000000800000000)
  eden space 229696K, 0% used [0x00000007d6560000,0x00000007d6560000,0x00000007e45b0000)
  from space 218112K, 40% used [0x00000007f21d0000,0x00000007f78cb9c0,0x00000007ff6d0000)
  to   space 221760K, 0% used [0x00000007e45b0000,0x00000007e45b0000,0x00000007f1e40000)
 PSOldGen        total 1141248K, used 368136K [0x0000000783000000, 0x00000007c8a80000, 0x00000007d6560000)
  object space 1141248K, 32% used [0x0000000783000000,0x0000000799782110,0x00000007c8a80000)
 PSPermGen       total 32512K, used 24219K [0x000000077de00000, 0x000000077fdc0000, 0x0000000783000000)
  object space 32512K, 74% used [0x000000077de00000,0x000000077f5a6fb8,0x000000077fdc0000)
}
Total time for which application threads were stopped: 0.0337010 seconds
Application time: 0.8048220 seconds
{Heap before GC invocations=122 (full 11):
 PSYoungGen      total 447808K, used 318766K [0x00000007d6560000, 0x00000007ff6d0000, 0x0000000800000000)
  eden space 229696K, 100% used [0x00000007d6560000,0x00000007e45b0000,0x00000007e45b0000)
  from space 218112K, 40% used [0x00000007f21d0000,0x00000007f78cb9c0,0x00000007ff6d0000)
  to   space 221760K, 0% used [0x00000007e45b0000,0x00000007e45b0000,0x00000007f1e40000)
 PSOldGen        total 1141248K, used 368136K [0x0000000783000000, 0x00000007c8a80000, 0x00000007d6560000)
  object space 1141248K, 32% used [0x0000000783000000,0x0000000799782110,0x00000007c8a80000)
 PSPermGen       total 32512K, used 24219K [0x000000077de00000, 0x000000077fdc0000, 0x0000000783000000)
  object space 32512K, 74% used [0x000000077de00000,0x000000077f5a6fb8,0x000000077fdc0000)
929.449: [GC [PSYoungGen: 318766K->6944K(451456K)] 686902K->448227K(1592704K), 0.0517800 secs] [Times: user=0.35 sys=0.00, real=0.05 secs] 
Heap after GC invocations=122 (full 11):
 PSYoungGen      total 451456K, used 6944K [0x00000007d6560000, 0x0000000800000000, 0x0000000800000000)
  eden space 229696K, 0% used [0x00000007d6560000,0x00000007d6560000,0x00000007e45b0000)
  from space 221760K, 3% used [0x00000007e45b0000,0x00000007e4c78000,0x00000007f1e40000)
  to   space 220608K, 0% used [0x00000007f2890000,0x00000007f2890000,0x0000000800000000)
 PSOldGen        total 1141248K, used 441283K [0x0000000783000000, 0x00000007c8a80000, 0x00000007d6560000)
  object space 1141248K, 38% used [0x0000000783000000,0x000000079def0d70,0x00000007c8a80000)
 PSPermGen       total 32512K, used 24219K [0x000000077de00000, 0x000000077fdc0000, 0x0000000783000000)
  object space 32512K, 74% used [0x000000077de00000,0x000000077f5a6fb8,0x000000077fdc0000)
}
Total time for which application threads were stopped: 0.0525480 seconds
Application time: 1.2906420 seconds
{Heap before GC invocations=123 (full 11):
 PSYoungGen      total 451456K, used 236640K [0x00000007d6560000, 0x0000000800000000, 0x0000000800000000)
  eden space 229696K, 100% used [0x00000007d6560000,0x00000007e45b0000,0x00000007e45b0000)
  from space 221760K, 3% used [0x00000007e45b0000,0x00000007e4c78000,0x00000007f1e40000)
  to   space 220608K, 0% used [0x00000007f2890000,0x00000007f2890000,0x0000000800000000)
 PSOldGen        total 1141248K, used 441283K [0x0000000783000000, 0x00000007c8a80000, 0x00000007d6560000)
  object space 1141248K, 38% used [0x0000000783000000,0x000000079def0d70,0x00000007c8a80000)
 PSPermGen       total 32512K, used 24227K [0x000000077de00000, 0x000000077fdc0000, 0x0000000783000000)
  object space 32512K, 74% used [0x000000077de00000,0x000000077f5a8f38,0x000000077fdc0000)
930.792: [GC [PSYoungGen: 236640K->11048K(452032K)] 677923K->452387K(1593280K), 0.0512410 secs] [Times: user=0.38 sys=0.00, real=0.06 secs] 
Heap after GC invocations=123 (full 11):
 PSYoungGen      total 452032K, used 11048K [0x00000007d6560000, 0x00000007ff760000, 0x0000000800000000)
  eden space 240256K, 0% used [0x00000007d6560000,0x00000007d6560000,0x00000007e5000000)
  from space 211776K, 5% used [0x00000007f2890000,0x00000007f335a140,0x00000007ff760000)
  to   space 216768K, 0% used [0x00000007e5000000,0x00000007e5000000,0x00000007f23b0000)
 PSOldGen        total 1141248K, used 441339K [0x0000000783000000, 0x00000007c8a80000, 0x00000007d6560000)
  object space 1141248K, 38% used [0x0000000783000000,0x000000079defed70,0x00000007c8a80000)
 PSPermGen       total 32512K, used 24227K [0x000000077de00000, 0x000000077fdc0000, 0x0000000783000000)
  object space 32512K, 74% used [0x000000077de00000,0x000000077f5a8f38,0x000000077fdc0000)
}
Total time for which application threads were stopped: 0.0519890 seconds
Application time: 0.4810120 seconds
{Heap before GC invocations=124 (full 11):
 PSYoungGen      total 452032K, used 251304K [0x00000007d6560000, 0x00000007ff760000, 0x0000000800000000)
  eden space 240256K, 100% used [0x00000007d6560000,0x00000007e5000000,0x00000007e5000000)
  from space 211776K, 5% used [0x00000007f2890000,0x00000007f335a140,0x00000007ff760000)
  to   space 216768K, 0% used [0x00000007e5000000,0x00000007e5000000,0x00000007f23b0000)
 PSOldGen        total 1141248K, used 441339K [0x0000000783000000, 0x00000007c8a80000, 0x00000007d6560000)
  object space 1141248K, 38% used [0x0000000783000000,0x000000079defed70,0x00000007c8a80000)
 PSPermGen       total 32512K, used 24379K [0x000000077de00000, 0x000000077fdc0000, 0x0000000783000000)
  object space 32512K, 74% used [0x000000077de00000,0x000000077f5ced38,0x000000077fdc0000)
931.325: [GC [PSYoungGen: 251304K->94231K(457024K)] 692643K->539866K(1598272K), 0.0357570 secs] [Times: user=0.29 sys=0.00, real=0.03 secs] 
Heap after GC invocations=124 (full 11):
 PSYoungGen      total 457024K, used 94231K [0x00000007d6560000, 0x00000007ffac0000, 0x0000000800000000)
  eden space 240256K, 0% used [0x00000007d6560000,0x00000007d6560000,0x00000007e5000000)
  from space 216768K, 43% used [0x00000007e5000000,0x00000007eac05d40,0x00000007f23b0000)
  to   space 211584K, 0% used [0x00000007f2c20000,0x00000007f2c20000,0x00000007ffac0000)
 PSOldGen        total 1141248K, used 445635K [0x0000000783000000, 0x00000007c8a80000, 0x00000007d6560000)
  object space 1141248K, 39% used [0x0000000783000000,0x000000079e330c50,0x00000007c8a80000)
 PSPermGen       total 32512K, used 24379K [0x000000077de00000, 0x000000077fdc0000, 0x0000000783000000)
  object space 32512K, 74% used [0x000000077de00000,0x000000077f5ced38,0x000000077fdc0000)
}
Total time for which application threads were stopped: 0.0365990 seconds
Application time: 2.4648400 seconds
{Heap before GC invocations=125 (full 11):
 PSYoungGen      total 457024K, used 334487K [0x00000007d6560000, 0x00000007ffac0000, 0x0000000800000000)
  eden space 240256K, 100% used [0x00000007d6560000,0x00000007e5000000,0x00000007e5000000)
  from space 216768K, 43% used [0x00000007e5000000,0x00000007eac05d40,0x00000007f23b0000)
  to   space 211584K, 0% used [0x00000007f2c20000,0x00000007f2c20000,0x00000007ffac0000)
 PSOldGen        total 1141248K, used 445635K [0x0000000783000000, 0x00000007c8a80000, 0x00000007d6560000)
  object space 1141248K, 39% used [0x0000000783000000,0x000000079e330c50,0x00000007c8a80000)
 PSPermGen       total 32512K, used 24491K [0x000000077de00000, 0x000000077fdc0000, 0x0000000783000000)
  object space 32512K, 75% used [0x000000077de00000,0x000000077f5eacf8,0x000000077fdc0000)
933.827: [GC [PSYoungGen: 334487K->71981K(438784K)] 780122K->533357K(1580032K), 0.0392510 secs] [Times: user=0.28 sys=0.00, real=0.04 secs] 
Heap after GC invocations=125 (full 11):
 PSYoungGen      total 438784K, used 71981K [0x00000007d6560000, 0x00000007fe050000, 0x0000000800000000)
  eden space 254272K, 0% used [0x00000007d6560000,0x00000007d6560000,0x00000007e5db0000)
  from space 184512K, 39% used [0x00000007f2c20000,0x00000007f726b730,0x00000007fe050000)
  to   space 197952K, 0% used [0x00000007e5db0000,0x00000007e5db0000,0x00000007f1f00000)
 PSOldGen        total 1141248K, used 461375K [0x0000000783000000, 0x00000007c8a80000, 0x00000007d6560000)
  object space 1141248K, 40% used [0x0000000783000000,0x000000079f28fda0,0x00000007c8a80000)
 PSPermGen       total 32512K, used 24491K [0x000000077de00000, 0x000000077fdc0000, 0x0000000783000000)
  object space 32512K, 75% used [0x000000077de00000,0x000000077f5eacf8,0x000000077fdc0000)
}
Total time for which application threads were stopped: 0.0399200 seconds
Application time: 0.4046470 seconds
{Heap before GC invocations=126 (full 11):
 PSYoungGen      total 438784K, used 326253K [0x00000007d6560000, 0x00000007fe050000, 0x0000000800000000)
  eden space 254272K, 100% used [0x00000007d6560000,0x00000007e5db0000,0x00000007e5db0000)
  from space 184512K, 39% used [0x00000007f2c20000,0x00000007f726b730,0x00000007fe050000)
  to   space 197952K, 0% used [0x00000007e5db0000,0x00000007e5db0000,0x00000007f1f00000)
 PSOldGen        total 1141248K, used 461375K [0x0000000783000000, 0x00000007c8a80000, 0x00000007d6560000)
  object space 1141248K, 40% used [0x0000000783000000,0x000000079f28fda0,0x00000007c8a80000)
 PSPermGen       total 32512K, used 24710K [0x000000077de00000, 0x000000077fdc0000, 0x0000000783000000)
  object space 32512K, 76% used [0x000000077de00000,0x000000077f6219b8,0x000000077fdc0000)
934.271: [GC [PSYoungGen: 326253K->146092K(452224K)] 787629K->670107K(1593472K), 0.0387370 secs] [Times: user=0.37 sys=0.00, real=0.04 secs] 
Heap after GC invocations=126 (full 11):
 PSYoungGen      total 452224K, used 146092K [0x00000007d6560000, 0x0000000800000000, 0x0000000800000000)
  eden space 254272K, 0% used [0x00000007d6560000,0x00000007d6560000,0x00000007e5db0000)
  from space 197952K, 73% used [0x00000007e5db0000,0x00000007eec5b310,0x00000007f1f00000)
  to   space 213056K, 0% used [0x00000007f2ff0000,0x00000007f2ff0000,0x0000000800000000)
 PSOldGen        total 1141248K, used 524014K [0x0000000783000000, 0x00000007c8a80000, 0x00000007d6560000)
  object space 1141248K, 45% used [0x0000000783000000,0x00000007a2fbbb00,0x00000007c8a80000)
 PSPermGen       total 32512K, used 24710K [0x000000077de00000, 0x000000077fdc0000, 0x0000000783000000)
  object space 32512K, 76% used [0x000000077de00000,0x000000077f6219b8,0x000000077fdc0000)
}
Total time for which application threads were stopped: 0.0394090 seconds
Application time: 0.4093210 seconds
{Heap before GC invocations=127 (full 11):
 PSYoungGen      total 452224K, used 400359K [0x00000007d6560000, 0x0000000800000000, 0x0000000800000000)
  eden space 254272K, 99% used [0x00000007d6560000,0x00000007e5dae8f0,0x00000007e5db0000)
  from space 197952K, 73% used [0x00000007e5db0000,0x00000007eec5b310,0x00000007f1f00000)
  to   space 213056K, 0% used [0x00000007f2ff0000,0x00000007f2ff0000,0x0000000800000000)
 PSOldGen        total 1141248K, used 524014K [0x0000000783000000, 0x00000007c8a80000, 0x00000007d6560000)
  object space 1141248K, 45% used [0x0000000783000000,0x00000007a2fbbb00,0x00000007c8a80000)
 PSPermGen       total 32512K, used 24935K [0x000000077de00000, 0x000000077fdc0000, 0x0000000783000000)
  object space 32512K, 76% used [0x000000077de00000,0x000000077f659f38,0x000000077fdc0000)
934.720: [GC [PSYoungGen: 400359K->151673K(442304K)] 924373K->807427K(1583552K), 0.0473440 secs] [Times: user=0.47 sys=0.00, real=0.05 secs] 
Heap after GC invocations=127 (full 11):
 PSYoungGen      total 442304K, used 151673K [0x00000007d6560000, 0x0000000800000000, 0x0000000800000000)
  eden space 229248K, 0% used [0x00000007d6560000,0x00000007d6560000,0x00000007e4540000)
  from space 213056K, 71% used [0x00000007f2ff0000,0x00000007fc40e510,0x0000000800000000)
  to   space 226688K, 0% used [0x00000007e4540000,0x00000007e4540000,0x00000007f22a0000)
 PSOldGen        total 1141248K, used 655753K [0x0000000783000000, 0x00000007c8a80000, 0x00000007d6560000)
  object space 1141248K, 57% used [0x0000000783000000,0x00000007ab062780,0x00000007c8a80000)
 PSPermGen       total 32512K, used 24935K [0x000000077de00000, 0x000000077fdc0000, 0x0000000783000000)
  object space 32512K, 76% used [0x000000077de00000,0x000000077f659f38,0x000000077fdc0000)
}
Total time for which application threads were stopped: 0.0481320 seconds
Application time: 0.4337260 seconds
{Heap before GC invocations=128 (full 11):
 PSYoungGen      total 442304K, used 380921K [0x00000007d6560000, 0x0000000800000000, 0x0000000800000000)
  eden space 229248K, 100% used [0x00000007d6560000,0x00000007e4540000,0x00000007e4540000)
  from space 213056K, 71% used [0x00000007f2ff0000,0x00000007fc40e510,0x0000000800000000)
  to   space 226688K, 0% used [0x00000007e4540000,0x00000007e4540000,0x00000007f22a0000)
 PSOldGen        total 1141248K, used 655753K [0x0000000783000000, 0x00000007c8a80000, 0x00000007d6560000)
  object space 1141248K, 57% used [0x0000000783000000,0x00000007ab062780,0x00000007c8a80000)
 PSPermGen       total 32512K, used 25113K [0x000000077de00000, 0x000000077fdc0000, 0x0000000783000000)
  object space 32512K, 77% used [0x000000077de00000,0x000000077f6864b8,0x000000077fdc0000)
935.202: [GC [PSYoungGen: 380921K->119351K(455936K)] 1036675K->911330K(1597184K), 0.0481810 secs] [Times: user=0.49 sys=0.00, real=0.05 secs] 
Heap after GC invocations=128 (full 11):
 PSYoungGen      total 455936K, used 119351K [0x00000007d6560000, 0x0000000800000000, 0x0000000800000000)
  eden space 229248K, 0% used [0x00000007d6560000,0x00000007d6560000,0x00000007e4540000)
  from space 226688K, 52% used [0x00000007e4540000,0x00000007eb9cdf90,0x00000007f22a0000)
  to   space 225024K, 0% used [0x00000007f2440000,0x00000007f2440000,0x0000000800000000)
 PSOldGen        total 1141248K, used 791978K [0x0000000783000000, 0x00000007c8a80000, 0x00000007d6560000)
  object space 1141248K, 69% used [0x0000000783000000,0x00000007b356ab70,0x00000007c8a80000)
 PSPermGen       total 32512K, used 25113K [0x000000077de00000, 0x000000077fdc0000, 0x0000000783000000)
  object space 32512K, 77% used [0x000000077de00000,0x000000077f6864b8,0x000000077fdc0000)
}
Total time for which application threads were stopped: 0.0488330 seconds
Application time: 0.7997680 seconds
{Heap before GC invocations=129 (full 11):
 PSYoungGen      total 455936K, used 348599K [0x00000007d6560000, 0x0000000800000000, 0x0000000800000000)
  eden space 229248K, 100% used [0x00000007d6560000,0x00000007e4540000,0x00000007e4540000)
  from space 226688K, 52% used [0x00000007e4540000,0x00000007eb9cdf90,0x00000007f22a0000)
  to   space 225024K, 0% used [0x00000007f2440000,0x00000007f2440000,0x0000000800000000)
 PSOldGen        total 1141248K, used 791978K [0x0000000783000000, 0x00000007c8a80000, 0x00000007d6560000)
  object space 1141248K, 69% used [0x0000000783000000,0x00000007b356ab70,0x00000007c8a80000)
 PSPermGen       total 32512K, used 25113K [0x000000077de00000, 0x000000077fdc0000, 0x0000000783000000)
  object space 32512K, 77% used [0x000000077de00000,0x000000077f6867b8,0x000000077fdc0000)
936.051: [GC [PSYoungGen: 348599K->7425K(454912K)] 1140578K->906114K(1596160K), 0.0592290 secs] [Times: user=0.40 sys=0.01, real=0.06 secs] 
Heap after GC invocations=129 (full 11):
 PSYoungGen      total 454912K, used 7425K [0x00000007d6560000, 0x00000007fff00000, 0x0000000800000000)
  eden space 230912K, 0% used [0x00000007d6560000,0x00000007d6560000,0x00000007e46e0000)
  from space 224000K, 3% used [0x00000007f2440000,0x00000007f2b80440,0x00000007fff00000)
  to   space 225344K, 0% used [0x00000007e46e0000,0x00000007e46e0000,0x00000007f22f0000)
 PSOldGen        total 1141248K, used 898689K [0x0000000783000000, 0x00000007c8a80000, 0x00000007d6560000)
  object space 1141248K, 78% used [0x0000000783000000,0x00000007b9da0570,0x00000007c8a80000)
 PSPermGen       total 32512K, used 25113K [0x000000077de00000, 0x000000077fdc0000, 0x0000000783000000)
  object space 32512K, 77% used [0x000000077de00000,0x000000077f6867b8,0x000000077fdc0000)
}
Total time for which application threads were stopped: 0.0599110 seconds
Application time: 0.7835290 seconds
{Heap before GC invocations=130 (full 11):
 PSYoungGen      total 454912K, used 238337K [0x00000007d6560000, 0x00000007fff00000, 0x0000000800000000)
  eden space 230912K, 100% used [0x00000007d6560000,0x00000007e46e0000,0x00000007e46e0000)
  from space 224000K, 3% used [0x00000007f2440000,0x00000007f2b80440,0x00000007fff00000)
  to   space 225344K, 0% used [0x00000007e46e0000,0x00000007e46e0000,0x00000007f22f0000)
 PSOldGen        total 1141248K, used 898689K [0x0000000783000000, 0x00000007c8a80000, 0x00000007d6560000)
  object space 1141248K, 78% used [0x0000000783000000,0x00000007b9da0570,0x00000007c8a80000)
 PSPermGen       total 32512K, used 25113K [0x000000077de00000, 0x000000077fdc0000, 0x0000000783000000)
  object space 32512K, 77% used [0x000000077de00000,0x000000077f6867b8,0x000000077fdc0000)
936.894: [GC [PSYoungGen: 238337K->7008K(456256K)] 1137026K->906181K(1597504K), 0.0565000 secs] [Times: user=0.37 sys=0.00, real=0.06 secs] 
Heap after GC invocations=130 (full 11):
 PSYoungGen      total 456256K, used 7008K [0x00000007d6560000, 0x00000007ffd90000, 0x0000000800000000)
  eden space 230912K, 0% used [0x00000007d6560000,0x00000007d6560000,0x00000007e46e0000)
  from space 225344K, 3% used [0x00000007e46e0000,0x00000007e4db8000,0x00000007f22f0000)
  to   space 223424K, 0% used [0x00000007f2360000,0x00000007f2360000,0x00000007ffd90000)
 PSOldGen        total 1141248K, used 899173K [0x0000000783000000, 0x00000007c8a80000, 0x00000007d6560000)
  object space 1141248K, 78% used [0x0000000783000000,0x00000007b9e19730,0x00000007c8a80000)
 PSPermGen       total 32512K, used 25113K [0x000000077de00000, 0x000000077fdc0000, 0x0000000783000000)
  object space 32512K, 77% used [0x000000077de00000,0x000000077f6867b8,0x000000077fdc0000)
}
Total time for which application threads were stopped: 0.0571180 seconds
Application time: 3.2484080 seconds
{Heap before GC invocations=131 (full 11):
 PSYoungGen      total 456256K, used 237920K [0x00000007d6560000, 0x00000007ffd90000, 0x0000000800000000)
  eden space 230912K, 100% used [0x00000007d6560000,0x00000007e46e0000,0x00000007e46e0000)
  from space 225344K, 3% used [0x00000007e46e0000,0x00000007e4db8000,0x00000007f22f0000)
  to   space 223424K, 0% used [0x00000007f2360000,0x00000007f2360000,0x00000007ffd90000)
 PSOldGen        total 1141248K, used 899173K [0x0000000783000000, 0x00000007c8a80000, 0x00000007d6560000)
  object space 1141248K, 78% used [0x0000000783000000,0x00000007b9e19730,0x00000007c8a80000)
 PSPermGen       total 32512K, used 25139K [0x000000077de00000, 0x000000077fdc0000, 0x0000000783000000)
  object space 32512K, 77% used [0x000000077de00000,0x000000077f68cc38,0x000000077fdc0000)
940.200: [GC [PSYoungGen: 237920K->19899K(446208K)] 1137093K->919161K(1587456K), 0.0514620 secs] [Times: user=0.35 sys=0.00, real=0.05 secs] 
Heap after GC invocations=131 (full 11):
 PSYoungGen      total 446208K, used 19899K [0x00000007d6560000, 0x00000007ff2c0000, 0x0000000800000000)
  eden space 233856K, 0% used [0x00000007d6560000,0x00000007d6560000,0x00000007e49c0000)
  from space 212352K, 9% used [0x00000007f2360000,0x00000007f36cefc0,0x00000007ff2c0000)
  to   space 217600K, 0% used [0x00000007e49c0000,0x00000007e49c0000,0x00000007f1e40000)
 PSOldGen        total 1141248K, used 899261K [0x0000000783000000, 0x00000007c8a80000, 0x00000007d6560000)
  object space 1141248K, 78% used [0x0000000783000000,0x00000007b9e2f730,0x00000007c8a80000)
 PSPermGen       total 32512K, used 25139K [0x000000077de00000, 0x000000077fdc0000, 0x0000000783000000)
  object space 32512K, 77% used [0x000000077de00000,0x000000077f68cc38,0x000000077fdc0000)
}
Total time for which application threads were stopped: 0.0522410 seconds
Application time: 0.3680330 seconds
{Heap before GC invocations=132 (full 11):
 PSYoungGen      total 446208K, used 253755K [0x00000007d6560000, 0x00000007ff2c0000, 0x0000000800000000)
  eden space 233856K, 100% used [0x00000007d6560000,0x00000007e49c0000,0x00000007e49c0000)
  from space 212352K, 9% used [0x00000007f2360000,0x00000007f36cefc0,0x00000007ff2c0000)
  to   space 217600K, 0% used [0x00000007e49c0000,0x00000007e49c0000,0x00000007f1e40000)
 PSOldGen        total 1141248K, used 899261K [0x0000000783000000, 0x00000007c8a80000, 0x00000007d6560000)
  object space 1141248K, 78% used [0x0000000783000000,0x00000007b9e2f730,0x00000007c8a80000)
 PSPermGen       total 32512K, used 25361K [0x000000077de00000, 0x000000077fdc0000, 0x0000000783000000)
  object space 32512K, 78% used [0x000000077de00000,0x000000077f6c4678,0x000000077fdc0000)
940.620: [GC [PSYoungGen: 253755K->144744K(451456K)] 1153017K->1057161K(1592704K), 0.0326520 secs] [Times: user=0.26 sys=0.01, real=0.03 secs] 
Heap after GC invocations=132 (full 11):
 PSYoungGen      total 451456K, used 144744K [0x00000007d6560000, 0x0000000800000000, 0x0000000800000000)
  eden space 233856K, 0% used [0x00000007d6560000,0x00000007d6560000,0x00000007e49c0000)
  from space 217600K, 66% used [0x00000007e49c0000,0x00000007ed71a380,0x00000007f1e40000)
  to   space 227520K, 0% used [0x00000007f21d0000,0x00000007f21d0000,0x0000000800000000)
 PSOldGen        total 1141248K, used 912416K [0x0000000783000000, 0x00000007c8a80000, 0x00000007d6560000)
  object space 1141248K, 79% used [0x0000000783000000,0x00000007bab08230,0x00000007c8a80000)
 PSPermGen       total 32512K, used 25361K [0x000000077de00000, 0x000000077fdc0000, 0x0000000783000000)
  object space 32512K, 78% used [0x000000077de00000,0x000000077f6c4678,0x000000077fdc0000)
}
Total time for which application threads were stopped: 0.0334010 seconds
Application time: 0.3975380 seconds
{Heap before GC invocations=133 (full 11):
 PSYoungGen      total 451456K, used 378600K [0x00000007d6560000, 0x0000000800000000, 0x0000000800000000)
  eden space 233856K, 100% used [0x00000007d6560000,0x00000007e49c0000,0x00000007e49c0000)
  from space 217600K, 66% used [0x00000007e49c0000,0x00000007ed71a380,0x00000007f1e40000)
  to   space 227520K, 0% used [0x00000007f21d0000,0x00000007f21d0000,0x0000000800000000)
 PSOldGen        total 1141248K, used 912416K [0x0000000783000000, 0x00000007c8a80000, 0x00000007d6560000)
  object space 1141248K, 79% used [0x0000000783000000,0x00000007bab08230,0x00000007c8a80000)
 PSPermGen       total 32512K, used 25555K [0x000000077de00000, 0x000000077fdc0000, 0x0000000783000000)
  object space 32512K, 78% used [0x000000077de00000,0x000000077f6f4df8,0x000000077fdc0000)
941.051: [GC [PSYoungGen: 378600K->130440K(455104K)] 1291017K->1173777K(1596352K), 0.0462350 secs] [Times: user=0.44 sys=0.00, real=0.05 secs] 
Heap after GC invocations=133 (full 11):
 PSYoungGen      total 455104K, used 130440K [0x00000007d6560000, 0x0000000800000000, 0x0000000800000000)
  eden space 227584K, 0% used [0x00000007d6560000,0x00000007d6560000,0x00000007e43a0000)
  from space 227520K, 57% used [0x00000007f21d0000,0x00000007fa132110,0x0000000800000000)
  to   space 227520K, 0% used [0x00000007e43a0000,0x00000007e43a0000,0x00000007f21d0000)
 PSOldGen        total 1141248K, used 1043337K [0x0000000783000000, 0x00000007c8a80000, 0x00000007d6560000)
  object space 1141248K, 91% used [0x0000000783000000,0x00000007c2ae2450,0x00000007c8a80000)
 PSPermGen       total 32512K, used 25555K [0x000000077de00000, 0x000000077fdc0000, 0x0000000783000000)
  object space 32512K, 78% used [0x000000077de00000,0x000000077f6f4df8,0x000000077fdc0000)
}
{Heap before GC invocations=134 (full 12):
 PSYoungGen      total 455104K, used 130440K [0x00000007d6560000, 0x0000000800000000, 0x0000000800000000)
  eden space 227584K, 0% used [0x00000007d6560000,0x00000007d6560000,0x00000007e43a0000)
  from space 227520K, 57% used [0x00000007f21d0000,0x00000007fa132110,0x0000000800000000)
  to   space 227520K, 0% used [0x00000007e43a0000,0x00000007e43a0000,0x00000007f21d0000)
 PSOldGen        total 1141248K, used 1043337K [0x0000000783000000, 0x00000007c8a80000, 0x00000007d6560000)
  object space 1141248K, 91% used [0x0000000783000000,0x00000007c2ae2450,0x00000007c8a80000)
 PSPermGen       total 32512K, used 25555K [0x000000077de00000, 0x000000077fdc0000, 0x0000000783000000)
  object space 32512K, 78% used [0x000000077de00000,0x000000077f6f4df8,0x000000077fdc0000)
941.097: [Full GC [PSYoungGen: 130440K->0K(455104K)] [PSOldGen: 1043337K->295892K(1100736K)] 1173777K->295892K(1555840K) [PSPermGen: 25555K->20478K(27904K)], 0.3272190 secs] [Times: user=0.32 sys=0.00, real=0.33 secs] 
Heap after GC invocations=134 (full 12):
 PSYoungGen      total 455104K, used 0K [0x00000007d6560000, 0x0000000800000000, 0x0000000800000000)
  eden space 227584K, 0% used [0x00000007d6560000,0x00000007d6560000,0x00000007e43a0000)
  from space 227520K, 0% used [0x00000007f21d0000,0x00000007f21d0000,0x0000000800000000)
  to   space 227520K, 0% used [0x00000007e43a0000,0x00000007e43a0000,0x00000007f21d0000)
 PSOldGen        total 1100736K, used 295892K [0x0000000783000000, 0x00000007c62f0000, 0x00000007d6560000)
  object space 1100736K, 26% used [0x0000000783000000,0x00000007950f5368,0x00000007c62f0000)
 PSPermGen       total 27904K, used 20478K [0x000000077de00000, 0x000000077f940000, 0x0000000783000000)
  object space 27904K, 73% used [0x000000077de00000,0x000000077f1ff818,0x000000077f940000)
}
Total time for which application threads were stopped: 0.3742640 seconds
Application time: 0.5911990 seconds
{Heap before GC invocations=135 (full 12):
 PSYoungGen      total 455104K, used 227584K [0x00000007d6560000, 0x0000000800000000, 0x0000000800000000)
  eden space 227584K, 100% used [0x00000007d6560000,0x00000007e43a0000,0x00000007e43a0000)
  from space 227520K, 0% used [0x00000007f21d0000,0x00000007f21d0000,0x0000000800000000)
  to   space 227520K, 0% used [0x00000007e43a0000,0x00000007e43a0000,0x00000007f21d0000)
 PSOldGen        total 1100736K, used 295892K [0x0000000783000000, 0x00000007c62f0000, 0x00000007d6560000)
  object space 1100736K, 26% used [0x0000000783000000,0x00000007950f5368,0x00000007c62f0000)
 PSPermGen       total 27904K, used 20583K [0x000000077de00000, 0x000000077f940000, 0x0000000783000000)
  object space 27904K, 73% used [0x000000077de00000,0x000000077f219f18,0x000000077f940000)
942.017: [GC [PSYoungGen: 227584K->73709K(301312K)] 523476K->369601K(1402048K), 0.0433760 secs] [Times: user=0.33 sys=0.02, real=0.04 secs] 
Heap after GC invocations=135 (full 12):
 PSYoungGen      total 301312K, used 73709K [0x00000007d6560000, 0x00000007ff440000, 0x0000000800000000)
  eden space 227584K, 0% used [0x00000007d6560000,0x00000007d6560000,0x00000007e43a0000)
  from space 73728K, 99% used [0x00000007e43a0000,0x00000007e8b9b400,0x00000007e8ba0000)
  to   space 221504K, 0% used [0x00000007f1bf0000,0x00000007f1bf0000,0x00000007ff440000)
 PSOldGen        total 1100736K, used 295892K [0x0000000783000000, 0x00000007c62f0000, 0x00000007d6560000)
  object space 1100736K, 26% used [0x0000000783000000,0x00000007950f5368,0x00000007c62f0000)
 PSPermGen       total 27904K, used 20583K [0x000000077de00000, 0x000000077f940000, 0x0000000783000000)
  object space 27904K, 73% used [0x000000077de00000,0x000000077f219f18,0x000000077f940000)
}
Total time for which application threads were stopped: 0.0444690 seconds
Application time: 0.7873830 seconds
{Heap before GC invocations=136 (full 12):
 PSYoungGen      total 301312K, used 301293K [0x00000007d6560000, 0x00000007ff440000, 0x0000000800000000)
  eden space 227584K, 100% used [0x00000007d6560000,0x00000007e43a0000,0x00000007e43a0000)
  from space 73728K, 99% used [0x00000007e43a0000,0x00000007e8b9b400,0x00000007e8ba0000)
  to   space 221504K, 0% used [0x00000007f1bf0000,0x00000007f1bf0000,0x00000007ff440000)
 PSOldGen        total 1100736K, used 295892K [0x0000000783000000, 0x00000007c62f0000, 0x00000007d6560000)
  object space 1100736K, 26% used [0x0000000783000000,0x00000007950f5368,0x00000007c62f0000)
 PSPermGen       total 27904K, used 20583K [0x000000077de00000, 0x000000077f940000, 0x0000000783000000)
  object space 27904K, 73% used [0x000000077de00000,0x000000077f219f18,0x000000077f940000)
942.849: [GC [PSYoungGen: 301293K->7040K(450688K)] 597185K->356089K(1551424K), 0.0584170 secs] [Times: user=0.43 sys=0.00, real=0.06 secs] 
Heap after GC invocations=136 (full 12):
 PSYoungGen      total 450688K, used 7040K [0x00000007d6560000, 0x0000000800000000, 0x0000000800000000)
  eden space 229184K, 0% used [0x00000007d6560000,0x00000007d6560000,0x00000007e4530000)
  from space 221504K, 3% used [0x00000007f1bf0000,0x00000007f22d0000,0x00000007ff440000)
  to   space 219904K, 0% used [0x00000007e4530000,0x00000007e4530000,0x00000007f1bf0000)
 PSOldGen        total 1100736K, used 349049K [0x0000000783000000, 0x00000007c62f0000, 0x00000007d6560000)
  object space 1100736K, 31% used [0x0000000783000000,0x00000007984de798,0x00000007c62f0000)
 PSPermGen       total 27904K, used 20583K [0x000000077de00000, 0x000000077f940000, 0x0000000783000000)
  object space 27904K, 73% used [0x000000077de00000,0x000000077f219f18,0x000000077f940000)
}
Total time for which application threads were stopped: 0.0601770 seconds
Application time: 1.2632000 seconds
{Heap before GC invocations=137 (full 12):
 PSYoungGen      total 450688K, used 236224K [0x00000007d6560000, 0x0000000800000000, 0x0000000800000000)
  eden space 229184K, 100% used [0x00000007d6560000,0x00000007e4530000,0x00000007e4530000)
  from space 221504K, 3% used [0x00000007f1bf0000,0x00000007f22d0000,0x00000007ff440000)
  to   space 219904K, 0% used [0x00000007e4530000,0x00000007e4530000,0x00000007f1bf0000)
 PSOldGen        total 1100736K, used 349049K [0x0000000783000000, 0x00000007c62f0000, 0x00000007d6560000)
  object space 1100736K, 31% used [0x0000000783000000,0x00000007984de798,0x00000007c62f0000)
 PSPermGen       total 27904K, used 20630K [0x000000077de00000, 0x000000077f940000, 0x0000000783000000)
  object space 27904K, 73% used [0x000000077de00000,0x000000077f225858,0x000000077f940000)
944.172: [GC [PSYoungGen: 236224K->31072K(449088K)] 585273K->380202K(1549824K), 0.0474170 secs] [Times: user=0.35 sys=0.00, real=0.05 secs] 
Heap after GC invocations=137 (full 12):
 PSYoungGen      total 449088K, used 31072K [0x00000007d6560000, 0x00000007fefd0000, 0x0000000800000000)
  eden space 229184K, 0% used [0x00000007d6560000,0x00000007d6560000,0x00000007e4530000)
  from space 219904K, 14% used [0x00000007e4530000,0x00000007e63881c0,0x00000007f1bf0000)
  to   space 212416K, 0% used [0x00000007f2060000,0x00000007f2060000,0x00000007fefd0000)
 PSOldGen        total 1100736K, used 349129K [0x0000000783000000, 0x00000007c62f0000, 0x00000007d6560000)
  object space 1100736K, 31% used [0x0000000783000000,0x00000007984f2798,0x00000007c62f0000)
 PSPermGen       total 27904K, used 20630K [0x000000077de00000, 0x000000077f940000, 0x0000000783000000)
  object space 27904K, 73% used [0x000000077de00000,0x000000077f225858,0x000000077f940000)
}
Total time for which application threads were stopped: 0.0481480 seconds
Application time: 0.4680920 seconds
{Heap before GC invocations=138 (full 12):
 PSYoungGen      total 449088K, used 260256K [0x00000007d6560000, 0x00000007fefd0000, 0x0000000800000000)
  eden space 229184K, 100% used [0x00000007d6560000,0x00000007e4530000,0x00000007e4530000)
  from space 219904K, 14% used [0x00000007e4530000,0x00000007e63881c0,0x00000007f1bf0000)
  to   space 212416K, 0% used [0x00000007f2060000,0x00000007f2060000,0x00000007fefd0000)
 PSOldGen        total 1100736K, used 349129K [0x0000000783000000, 0x00000007c62f0000, 0x00000007d6560000)
  object space 1100736K, 31% used [0x0000000783000000,0x00000007984f2798,0x00000007c62f0000)
 PSPermGen       total 27904K, used 20764K [0x000000077de00000, 0x000000077f940000, 0x0000000783000000)
  object space 27904K, 74% used [0x000000077de00000,0x000000077f247218,0x000000077f940000)
944.688: [GC [PSYoungGen: 260256K->90911K(456512K)] 609386K->463875K(1557248K), 0.0311760 secs] [Times: user=0.21 sys=0.01, real=0.03 secs] 
Heap after GC invocations=138 (full 12):
 PSYoungGen      total 456512K, used 90911K [0x00000007d6560000, 0x00000007fec90000, 0x0000000800000000)
  eden space 247424K, 0% used [0x00000007d6560000,0x00000007d6560000,0x00000007e5700000)
  from space 209088K, 43% used [0x00000007f2060000,0x00000007f7927f10,0x00000007fec90000)
  to   space 206208K, 0% used [0x00000007e5700000,0x00000007e5700000,0x00000007f2060000)
 PSOldGen        total 1100736K, used 372963K [0x0000000783000000, 0x00000007c62f0000, 0x00000007d6560000)
  object space 1100736K, 33% used [0x0000000783000000,0x0000000799c38fa8,0x00000007c62f0000)
 PSPermGen       total 27904K, used 20764K [0x000000077de00000, 0x000000077f940000, 0x0000000783000000)
  object space 27904K, 74% used [0x000000077de00000,0x000000077f247218,0x000000077f940000)
}
Total time for which application threads were stopped: 0.0319190 seconds
Application time: 183.4269610 seconds
{Heap before GC invocations=139 (full 12):
 PSYoungGen      total 456512K, used 338335K [0x00000007d6560000, 0x00000007fec90000, 0x0000000800000000)
  eden space 247424K, 100% used [0x00000007d6560000,0x00000007e5700000,0x00000007e5700000)
  from space 209088K, 43% used [0x00000007f2060000,0x00000007f7927f10,0x00000007fec90000)
  to   space 206208K, 0% used [0x00000007e5700000,0x00000007e5700000,0x00000007f2060000)
 PSOldGen        total 1100736K, used 372963K [0x0000000783000000, 0x00000007c62f0000, 0x00000007d6560000)
  object space 1100736K, 33% used [0x0000000783000000,0x0000000799c38fa8,0x00000007c62f0000)
 PSPermGen       total 27904K, used 20889K [0x000000077de00000, 0x000000077f940000, 0x0000000783000000)
  object space 27904K, 74% used [0x000000077de00000,0x000000077f2664a8,0x000000077f940000)
1128.147: [GC [PSYoungGen: 338335K->74356K(453632K)] 711299K->456809K(1554368K), 0.0397190 secs] [Times: user=0.26 sys=0.01, real=0.04 secs] 
Heap after GC invocations=139 (full 12):
 PSYoungGen      total 453632K, used 74356K [0x00000007d6560000, 0x00000007fe510000, 0x0000000800000000)
  eden space 247424K, 0% used [0x00000007d6560000,0x00000007d6560000,0x00000007e5700000)
  from space 206208K, 36% used [0x00000007e5700000,0x00000007e9f9d2d0,0x00000007f2060000)
  to   space 193856K, 0% used [0x00000007f27c0000,0x00000007f27c0000,0x00000007fe510000)
 PSOldGen        total 1100736K, used 382452K [0x0000000783000000, 0x00000007c62f0000, 0x00000007d6560000)
  object space 1100736K, 34% used [0x0000000783000000,0x000000079a57d1a8,0x00000007c62f0000)
 PSPermGen       total 27904K, used 20889K [0x000000077de00000, 0x000000077f940000, 0x0000000783000000)
  object space 27904K, 74% used [0x000000077de00000,0x000000077f2664a8,0x000000077f940000)
}
Total time for which application threads were stopped: 0.0405570 seconds
Application time: 0.4214980 seconds
{Heap before GC invocations=140 (full 12):
 PSYoungGen      total 453632K, used 321780K [0x00000007d6560000, 0x00000007fe510000, 0x0000000800000000)
  eden space 247424K, 100% used [0x00000007d6560000,0x00000007e5700000,0x00000007e5700000)
  from space 206208K, 36% used [0x00000007e5700000,0x00000007e9f9d2d0,0x00000007f2060000)
  to   space 193856K, 0% used [0x00000007f27c0000,0x00000007f27c0000,0x00000007fe510000)
 PSOldGen        total 1100736K, used 382452K [0x0000000783000000, 0x00000007c62f0000, 0x00000007d6560000)
  object space 1100736K, 34% used [0x0000000783000000,0x000000079a57d1a8,0x00000007c62f0000)
 PSPermGen       total 27904K, used 21092K [0x000000077de00000, 0x000000077f940000, 0x0000000783000000)
  object space 27904K, 75% used [0x000000077de00000,0x000000077f2991a8,0x000000077f940000)
1128.609: [GC [PSYoungGen: 321780K->136319K(449408K)] 704233K->583936K(1550144K), 0.0391240 secs] [Times: user=0.33 sys=0.00, real=0.04 secs] 
Heap after GC invocations=140 (full 12):
 PSYoungGen      total 449408K, used 136319K [0x00000007d6560000, 0x0000000800000000, 0x0000000800000000)
  eden space 255552K, 0% used [0x00000007d6560000,0x00000007d6560000,0x00000007e5ef0000)
  from space 193856K, 70% used [0x00000007f27c0000,0x00000007facdfd60,0x00000007fe510000)
  to   space 205632K, 0% used [0x00000007e5ef0000,0x00000007e5ef0000,0x00000007f27c0000)
 PSOldGen        total 1100736K, used 447616K [0x0000000783000000, 0x00000007c62f0000, 0x00000007d6560000)
  object space 1100736K, 40% used [0x0000000783000000,0x000000079e520368,0x00000007c62f0000)
 PSPermGen       total 27904K, used 21092K [0x000000077de00000, 0x000000077f940000, 0x0000000783000000)
  object space 27904K, 75% used [0x000000077de00000,0x000000077f2991a8,0x000000077f940000)
}
Total time for which application threads were stopped: 0.0398420 seconds
Application time: 0.4027320 seconds
{Heap before GC invocations=141 (full 12):
 PSYoungGen      total 449408K, used 391871K [0x00000007d6560000, 0x0000000800000000, 0x0000000800000000)
  eden space 255552K, 100% used [0x00000007d6560000,0x00000007e5ef0000,0x00000007e5ef0000)
  from space 193856K, 70% used [0x00000007f27c0000,0x00000007facdfd60,0x00000007fe510000)
  to   space 205632K, 0% used [0x00000007e5ef0000,0x00000007e5ef0000,0x00000007f27c0000)
 PSOldGen        total 1100736K, used 447616K [0x0000000783000000, 0x00000007c62f0000, 0x00000007d6560000)
  object space 1100736K, 40% used [0x0000000783000000,0x000000079e520368,0x00000007c62f0000)
 PSPermGen       total 27904K, used 21325K [0x000000077de00000, 0x000000077f940000, 0x0000000783000000)
  object space 27904K, 76% used [0x000000077de00000,0x000000077f2d36a8,0x000000077f940000)
1129.051: [GC [PSYoungGen: 391871K->156350K(411904K)] 839488K->726378K(1512640K), 0.0485390 secs] [Times: user=0.44 sys=0.00, real=0.05 secs] 
Heap after GC invocations=141 (full 12):
 PSYoungGen      total 411904K, used 156350K [0x00000007d6560000, 0x0000000800000000, 0x0000000800000000)
  eden space 255552K, 0% used [0x00000007d6560000,0x00000007d6560000,0x00000007e5ef0000)
  from space 156352K, 99% used [0x00000007e5ef0000,0x00000007ef79f9c0,0x00000007ef7a0000)
  to   space 221888K, 0% used [0x00000007f2750000,0x00000007f2750000,0x0000000800000000)
 PSOldGen        total 1100736K, used 570028K [0x0000000783000000, 0x00000007c62f0000, 0x00000007d6560000)
  object space 1100736K, 51% used [0x0000000783000000,0x00000007a5cab1a8,0x00000007c62f0000)
 PSPermGen       total 27904K, used 21325K [0x000000077de00000, 0x000000077f940000, 0x0000000783000000)
  object space 27904K, 76% used [0x000000077de00000,0x000000077f2d36a8,0x000000077f940000)
}
Total time for which application threads were stopped: 0.0493230 seconds
Application time: 0.6304100 seconds
{Heap before GC invocations=142 (full 12):
 PSYoungGen      total 411904K, used 411902K [0x00000007d6560000, 0x0000000800000000, 0x0000000800000000)
  eden space 255552K, 100% used [0x00000007d6560000,0x00000007e5ef0000,0x00000007e5ef0000)
  from space 156352K, 99% used [0x00000007e5ef0000,0x00000007ef79f9c0,0x00000007ef7a0000)
  to   space 221888K, 0% used [0x00000007f2750000,0x00000007f2750000,0x0000000800000000)
 PSOldGen        total 1100736K, used 570028K [0x0000000783000000, 0x00000007c62f0000, 0x00000007d6560000)
  object space 1100736K, 51% used [0x0000000783000000,0x00000007a5cab1a8,0x00000007c62f0000)
 PSPermGen       total 27904K, used 21451K [0x000000077de00000, 0x000000077f940000, 0x0000000783000000)
  object space 27904K, 76% used [0x000000077de00000,0x000000077f2f2ea8,0x000000077f940000)
1129.731: [GC [PSYoungGen: 411902K->87429K(473792K)] 981930K->797933K(1574528K), 0.0555130 secs] [Times: user=0.42 sys=0.00, real=0.06 secs] 
Heap after GC invocations=142 (full 12):
 PSYoungGen      total 473792K, used 87429K [0x00000007d6560000, 0x0000000800000000, 0x0000000800000000)
  eden space 251904K, 0% used [0x00000007d6560000,0x00000007d6560000,0x00000007e5b60000)
  from space 221888K, 39% used [0x00000007f2750000,0x00000007f7cb17c0,0x0000000800000000)
  to   space 208832K, 0% used [0x00000007e5b60000,0x00000007e5b60000,0x00000007f2750000)
 PSOldGen        total 1100736K, used 710503K [0x0000000783000000, 0x00000007c62f0000, 0x00000007d6560000)
  object space 1100736K, 64% used [0x0000000783000000,0x00000007ae5d9f38,0x00000007c62f0000)
 PSPermGen       total 27904K, used 21451K [0x000000077de00000, 0x000000077f940000, 0x0000000783000000)
  object space 27904K, 76% used [0x000000077de00000,0x000000077f2f2ea8,0x000000077f940000)
}
Total time for which application threads were stopped: 0.0562490 seconds
Application time: 0.8678930 seconds
{Heap before GC invocations=143 (full 12):
 PSYoungGen      total 473792K, used 339333K [0x00000007d6560000, 0x0000000800000000, 0x0000000800000000)
  eden space 251904K, 100% used [0x00000007d6560000,0x00000007e5b60000,0x00000007e5b60000)
  from space 221888K, 39% used [0x00000007f2750000,0x00000007f7cb17c0,0x0000000800000000)
  to   space 208832K, 0% used [0x00000007e5b60000,0x00000007e5b60000,0x00000007f2750000)
 PSOldGen        total 1100736K, used 710503K [0x0000000783000000, 0x00000007c62f0000, 0x00000007d6560000)
  object space 1100736K, 64% used [0x0000000783000000,0x00000007ae5d9f38,0x00000007c62f0000)
 PSPermGen       total 27904K, used 21451K [0x000000077de00000, 0x000000077f940000, 0x0000000783000000)
  object space 27904K, 76% used [0x000000077de00000,0x000000077f2f2ea8,0x000000077f940000)
1130.655: [GC [PSYoungGen: 339333K->7552K(460736K)] 1049837K->784902K(1561472K), 0.0584480 secs] [Times: user=0.34 sys=0.02, real=0.05 secs] 
Heap after GC invocations=143 (full 12):
 PSYoungGen      total 460736K, used 7552K [0x00000007d6560000, 0x00000007ff560000, 0x0000000800000000)
  eden space 251904K, 0% used [0x00000007d6560000,0x00000007d6560000,0x00000007e5b60000)
  from space 208832K, 3% used [0x00000007e5b60000,0x00000007e62c0000,0x00000007f2750000)
  to   space 209920K, 0% used [0x00000007f2860000,0x00000007f2860000,0x00000007ff560000)
 PSOldGen        total 1100736K, used 777350K [0x0000000783000000, 0x00000007c62f0000, 0x00000007d6560000)
  object space 1100736K, 70% used [0x0000000783000000,0x00000007b2721a88,0x00000007c62f0000)
 PSPermGen       total 27904K, used 21451K [0x000000077de00000, 0x000000077f940000, 0x0000000783000000)
  object space 27904K, 76% used [0x000000077de00000,0x000000077f2f2ea8,0x000000077f940000)
}
Total time for which application threads were stopped: 0.0592820 seconds
Application time: 0.8557760 seconds
{Heap before GC invocations=144 (full 12):
 PSYoungGen      total 460736K, used 259456K [0x00000007d6560000, 0x00000007ff560000, 0x0000000800000000)
  eden space 251904K, 100% used [0x00000007d6560000,0x00000007e5b60000,0x00000007e5b60000)
  from space 208832K, 3% used [0x00000007e5b60000,0x00000007e62c0000,0x00000007f2750000)
  to   space 209920K, 0% used [0x00000007f2860000,0x00000007f2860000,0x00000007ff560000)
 PSOldGen        total 1100736K, used 777350K [0x0000000783000000, 0x00000007c62f0000, 0x00000007d6560000)
  object space 1100736K, 70% used [0x0000000783000000,0x00000007b2721a88,0x00000007c62f0000)
 PSPermGen       total 27904K, used 21457K [0x000000077de00000, 0x000000077f940000, 0x0000000783000000)
  object space 27904K, 76% used [0x000000077de00000,0x000000077f2f46a8,0x000000077f940000)
1131.574: [GC [PSYoungGen: 259456K->10765K(463552K)] 1036806K->788204K(1564288K), 0.0558390 secs] [Times: user=0.36 sys=0.01, real=0.05 secs] 
Heap after GC invocations=144 (full 12):
 PSYoungGen      total 463552K, used 10765K [0x00000007d6560000, 0x00000007ffdb0000, 0x0000000800000000)
  eden space 253632K, 0% used [0x00000007d6560000,0x00000007d6560000,0x00000007e5d10000)
  from space 209920K, 5% used [0x00000007f2860000,0x00000007f32e37f0,0x00000007ff560000)
  to   space 208192K, 0% used [0x00000007e5d10000,0x00000007e5d10000,0x00000007f2860000)
 PSOldGen        total 1100736K, used 777438K [0x0000000783000000, 0x00000007c62f0000, 0x00000007d6560000)
  object space 1100736K, 70% used [0x0000000783000000,0x00000007b2737a88,0x00000007c62f0000)
 PSPermGen       total 27904K, used 21457K [0x000000077de00000, 0x000000077f940000, 0x0000000783000000)
  object space 27904K, 76% used [0x000000077de00000,0x000000077f2f46a8,0x000000077f940000)
}
Total time for which application threads were stopped: 0.0603900 seconds
Application time: 1.0752800 seconds
{Heap before GC invocations=145 (full 12):
 PSYoungGen      total 463552K, used 264397K [0x00000007d6560000, 0x00000007ffdb0000, 0x0000000800000000)
  eden space 253632K, 100% used [0x00000007d6560000,0x00000007e5d10000,0x00000007e5d10000)
  from space 209920K, 5% used [0x00000007f2860000,0x00000007f32e37f0,0x00000007ff560000)
  to   space 208192K, 0% used [0x00000007e5d10000,0x00000007e5d10000,0x00000007f2860000)
 PSOldGen        total 1100736K, used 777438K [0x0000000783000000, 0x00000007c62f0000, 0x00000007d6560000)
  object space 1100736K, 70% used [0x0000000783000000,0x00000007b2737a88,0x00000007c62f0000)
 PSPermGen       total 27904K, used 21590K [0x000000077de00000, 0x000000077f940000, 0x0000000783000000)
  object space 27904K, 77% used [0x000000077de00000,0x000000077f315a68,0x000000077f940000)
1132.706: [GC [PSYoungGen: 264397K->78747K(332416K)] 1041836K->856411K(1433152K), 0.0420920 secs] [Times: user=0.31 sys=0.01, real=0.04 secs] 
Heap after GC invocations=145 (full 12):
 PSYoungGen      total 332416K, used 78747K [0x00000007d6560000, 0x00000007fe8f0000, 0x0000000800000000)
  eden space 253632K, 0% used [0x00000007d6560000,0x00000007d6560000,0x00000007e5d10000)
  from space 78784K, 99% used [0x00000007e5d10000,0x00000007ea9f6d70,0x00000007eaa00000)
  to   space 197248K, 0% used [0x00000007f2850000,0x00000007f2850000,0x00000007fe8f0000)
 PSOldGen        total 1100736K, used 777663K [0x0000000783000000, 0x00000007c62f0000, 0x00000007d6560000)
  object space 1100736K, 70% used [0x0000000783000000,0x00000007b276fef8,0x00000007c62f0000)
 PSPermGen       total 27904K, used 21590K [0x000000077de00000, 0x000000077f940000, 0x0000000783000000)
  object space 27904K, 77% used [0x000000077de00000,0x000000077f315a68,0x000000077f940000)
}
Total time for which application threads were stopped: 0.0428230 seconds
Application time: 0.3826530 seconds
{Heap before GC invocations=146 (full 12):
 PSYoungGen      total 332416K, used 332379K [0x00000007d6560000, 0x00000007fe8f0000, 0x0000000800000000)
  eden space 253632K, 100% used [0x00000007d6560000,0x00000007e5d10000,0x00000007e5d10000)
  from space 78784K, 99% used [0x00000007e5d10000,0x00000007ea9f6d70,0x00000007eaa00000)
  to   space 197248K, 0% used [0x00000007f2850000,0x00000007f2850000,0x00000007fe8f0000)
 PSOldGen        total 1100736K, used 777663K [0x0000000783000000, 0x00000007c62f0000, 0x00000007d6560000)
  object space 1100736K, 70% used [0x0000000783000000,0x00000007b276fef8,0x00000007c62f0000)
 PSPermGen       total 27904K, used 21820K [0x000000077de00000, 0x000000077f940000, 0x0000000783000000)
  object space 27904K, 78% used [0x000000077de00000,0x000000077f34f128,0x000000077f940000)
1133.132: [GC [PSYoungGen: 332379K->152127K(444672K)] 1110043K->998092K(1545408K), 0.0403650 secs] [Times: user=0.38 sys=0.00, real=0.04 secs] 
Heap after GC invocations=146 (full 12):
 PSYoungGen      total 444672K, used 152127K [0x00000007d6560000, 0x0000000800000000, 0x0000000800000000)
  eden space 247424K, 0% used [0x00000007d6560000,0x00000007d6560000,0x00000007e5700000)
  from space 197248K, 77% used [0x00000007f2850000,0x00000007fbcdffb0,0x00000007fe8f0000)
  to   space 214336K, 0% used [0x00000007e5700000,0x00000007e5700000,0x00000007f2850000)
 PSOldGen        total 1100736K, used 845964K [0x0000000783000000, 0x00000007c62f0000, 0x00000007d6560000)
  object space 1100736K, 76% used [0x0000000783000000,0x00000007b6a23068,0x00000007c62f0000)
 PSPermGen       total 27904K, used 21820K [0x000000077de00000, 0x000000077f940000, 0x0000000783000000)
  object space 27904K, 78% used [0x000000077de00000,0x000000077f34f128,0x000000077f940000)
}
Total time for which application threads were stopped: 0.0411710 seconds
Application time: 0.3988430 seconds
{Heap before GC invocations=147 (full 12):
 PSYoungGen      total 444672K, used 399551K [0x00000007d6560000, 0x0000000800000000, 0x0000000800000000)
  eden space 247424K, 100% used [0x00000007d6560000,0x00000007e5700000,0x00000007e5700000)
  from space 197248K, 77% used [0x00000007f2850000,0x00000007fbcdffb0,0x00000007fe8f0000)
  to   space 214336K, 0% used [0x00000007e5700000,0x00000007e5700000,0x00000007f2850000)
 PSOldGen        total 1100736K, used 845964K [0x0000000783000000, 0x00000007c62f0000, 0x00000007d6560000)
  object space 1100736K, 76% used [0x0000000783000000,0x00000007b6a23068,0x00000007c62f0000)
 PSPermGen       total 27904K, used 22037K [0x000000077de00000, 0x000000077f940000, 0x0000000783000000)
  object space 27904K, 78% used [0x000000077de00000,0x000000077f385728,0x000000077f940000)
1133.572: [GC [PSYoungGen: 399551K->145888K(393344K)] 1245516K->1129962K(1494080K), 0.0488590 secs] [Times: user=0.50 sys=0.00, real=0.05 secs] 
Heap after GC invocations=147 (full 12):
 PSYoungGen      total 393344K, used 145888K [0x00000007d6560000, 0x0000000800000000, 0x0000000800000000)
  eden space 247424K, 0% used [0x00000007d6560000,0x00000007d6560000,0x00000007e5700000)
  from space 145920K, 99% used [0x00000007e5700000,0x00000007ee5782a0,0x00000007ee580000)
  to   space 225216K, 0% used [0x00000007f2410000,0x00000007f2410000,0x0000000800000000)
 PSOldGen        total 1100736K, used 984074K [0x0000000783000000, 0x00000007c62f0000, 0x00000007d6560000)
  object space 1100736K, 89% used [0x0000000783000000,0x00000007bf102938,0x00000007c62f0000)
 PSPermGen       total 27904K, used 22037K [0x000000077de00000, 0x000000077f940000, 0x0000000783000000)
  object space 27904K, 78% used [0x000000077de00000,0x000000077f385728,0x000000077f940000)
}
{Heap before GC invocations=148 (full 13):
 PSYoungGen      total 393344K, used 145888K [0x00000007d6560000, 0x0000000800000000, 0x0000000800000000)
  eden space 247424K, 0% used [0x00000007d6560000,0x00000007d6560000,0x00000007e5700000)
  from space 145920K, 99% used [0x00000007e5700000,0x00000007ee5782a0,0x00000007ee580000)
  to   space 225216K, 0% used [0x00000007f2410000,0x00000007f2410000,0x0000000800000000)
 PSOldGen        total 1100736K, used 984074K [0x0000000783000000, 0x00000007c62f0000, 0x00000007d6560000)
  object space 1100736K, 89% used [0x0000000783000000,0x00000007bf102938,0x00000007c62f0000)
 PSPermGen       total 27904K, used 22037K [0x000000077de00000, 0x000000077f940000, 0x0000000783000000)
  object space 27904K, 78% used [0x000000077de00000,0x000000077f385728,0x000000077f940000)
1133.621: [Full GC [PSYoungGen: 145888K->0K(393344K)] [PSOldGen: 984074K->423698K(1240640K)] 1129962K->423698K(1633984K) [PSPermGen: 22037K->22037K(28544K)], 0.3884820 secs] [Times: user=0.39 sys=0.00, real=0.39 secs] 
Heap after GC invocations=148 (full 13):
 PSYoungGen      total 393344K, used 0K [0x00000007d6560000, 0x0000000800000000, 0x0000000800000000)
  eden space 247424K, 0% used [0x00000007d6560000,0x00000007d6560000,0x00000007e5700000)
  from space 145920K, 0% used [0x00000007e5700000,0x00000007e5700000,0x00000007ee580000)
  to   space 225216K, 0% used [0x00000007f2410000,0x00000007f2410000,0x0000000800000000)
 PSOldGen        total 1240640K, used 423698K [0x0000000783000000, 0x00000007ceb90000, 0x00000007d6560000)
  object space 1240640K, 34% used [0x0000000783000000,0x000000079cdc4ba0,0x00000007ceb90000)
 PSPermGen       total 28544K, used 22037K [0x000000077de00000, 0x000000077f9e0000, 0x0000000783000000)
  object space 28544K, 77% used [0x000000077de00000,0x000000077f385728,0x000000077f9e0000)
}
Total time for which application threads were stopped: 0.4384560 seconds
Application time: 0.7784100 seconds
{Heap before GC invocations=149 (full 13):
 PSYoungGen      total 393344K, used 247424K [0x00000007d6560000, 0x0000000800000000, 0x0000000800000000)
  eden space 247424K, 100% used [0x00000007d6560000,0x00000007e5700000,0x00000007e5700000)
  from space 145920K, 0% used [0x00000007e5700000,0x00000007e5700000,0x00000007ee580000)
  to   space 225216K, 0% used [0x00000007f2410000,0x00000007f2410000,0x0000000800000000)
 PSOldGen        total 1240640K, used 423698K [0x0000000783000000, 0x00000007ceb90000, 0x00000007d6560000)
  object space 1240640K, 34% used [0x0000000783000000,0x000000079cdc4ba0,0x00000007ceb90000)
 PSPermGen       total 28544K, used 22070K [0x000000077de00000, 0x000000077f9e0000, 0x0000000783000000)
  object space 28544K, 77% used [0x000000077de00000,0x000000077f38d828,0x000000077f9e0000)
1134.789: [GC [PSYoungGen: 247424K->26517K(460992K)] 671122K->450216K(1701632K), 0.0550850 secs] [Times: user=0.39 sys=0.00, real=0.05 secs] 
Heap after GC invocations=149 (full 13):
 PSYoungGen      total 460992K, used 26517K [0x00000007d6560000, 0x0000000800000000, 0x0000000800000000)
  eden space 235776K, 0% used [0x00000007d6560000,0x00000007d6560000,0x00000007e4ba0000)
  from space 225216K, 11% used [0x00000007f2410000,0x00000007f3df57b0,0x0000000800000000)
  to   space 221632K, 0% used [0x00000007e4ba0000,0x00000007e4ba0000,0x00000007f2410000)
 PSOldGen        total 1240640K, used 423698K [0x0000000783000000, 0x00000007ceb90000, 0x00000007d6560000)
  object space 1240640K, 34% used [0x0000000783000000,0x000000079cdc4ba0,0x00000007ceb90000)
 PSPermGen       total 28544K, used 22070K [0x000000077de00000, 0x000000077f9e0000, 0x0000000783000000)
  object space 28544K, 77% used [0x000000077de00000,0x000000077f38d828,0x000000077f9e0000)
}
Total time for which application threads were stopped: 0.0558920 seconds
Application time: 0.7931130 seconds
{Heap before GC invocations=150 (full 13):
 PSYoungGen      total 460992K, used 262293K [0x00000007d6560000, 0x0000000800000000, 0x0000000800000000)
  eden space 235776K, 100% used [0x00000007d6560000,0x00000007e4ba0000,0x00000007e4ba0000)
  from space 225216K, 11% used [0x00000007f2410000,0x00000007f3df57b0,0x0000000800000000)
  to   space 221632K, 0% used [0x00000007e4ba0000,0x00000007e4ba0000,0x00000007f2410000)
 PSOldGen        total 1240640K, used 423698K [0x0000000783000000, 0x00000007ceb90000, 0x00000007d6560000)
  object space 1240640K, 34% used [0x0000000783000000,0x000000079cdc4ba0,0x00000007ceb90000)
 PSPermGen       total 28544K, used 22070K [0x000000077de00000, 0x000000077f9e0000, 0x0000000783000000)
  object space 28544K, 77% used [0x000000077de00000,0x000000077f38d828,0x000000077f9e0000)
1135.638: [GC [PSYoungGen: 262293K->7072K(242880K)] 685992K->436186K(1483520K), 0.0531730 secs] [Times: user=0.34 sys=0.02, real=0.05 secs] 
Heap after GC invocations=150 (full 13):
 PSYoungGen      total 242880K, used 7072K [0x00000007d6560000, 0x00000007ff960000, 0x0000000800000000)
  eden space 235776K, 0% used [0x00000007d6560000,0x00000007d6560000,0x00000007e4ba0000)
  from space 7104K, 99% used [0x00000007e4ba0000,0x00000007e5288000,0x00000007e5290000)
  to   space 220032K, 0% used [0x00000007f2280000,0x00000007f2280000,0x00000007ff960000)
 PSOldGen        total 1240640K, used 429114K [0x0000000783000000, 0x00000007ceb90000, 0x00000007d6560000)
  object space 1240640K, 34% used [0x0000000783000000,0x000000079d30e9c0,0x00000007ceb90000)
 PSPermGen       total 28544K, used 22070K [0x000000077de00000, 0x000000077f9e0000, 0x0000000783000000)
  object space 28544K, 77% used [0x000000077de00000,0x000000077f38d828,0x000000077f9e0000)
}
Total time for which application threads were stopped: 0.0539630 seconds
Application time: 1.0815650 seconds
{Heap before GC invocations=151 (full 13):
 PSYoungGen      total 242880K, used 242848K [0x00000007d6560000, 0x00000007ff960000, 0x0000000800000000)
  eden space 235776K, 100% used [0x00000007d6560000,0x00000007e4ba0000,0x00000007e4ba0000)
  from space 7104K, 99% used [0x00000007e4ba0000,0x00000007e5288000,0x00000007e5290000)
  to   space 220032K, 0% used [0x00000007f2280000,0x00000007f2280000,0x00000007ff960000)
 PSOldGen        total 1240640K, used 429114K [0x0000000783000000, 0x00000007ceb90000, 0x00000007d6560000)
  object space 1240640K, 34% used [0x0000000783000000,0x000000079d30e9c0,0x00000007ceb90000)
 PSPermGen       total 28544K, used 22141K [0x000000077de00000, 0x000000077f9e0000, 0x0000000783000000)
  object space 28544K, 77% used [0x000000077de00000,0x000000077f39f5e8,0x000000077f9e0000)
1136.773: [GC [PSYoungGen: 242848K->47042K(465984K)] 671962K->476236K(1706624K), 0.0447600 secs] [Times: user=0.33 sys=0.00, real=0.05 secs] 
Heap after GC invocations=151 (full 13):
 PSYoungGen      total 465984K, used 47042K [0x00000007d6560000, 0x0000000800000000, 0x0000000800000000)
  eden space 245952K, 0% used [0x00000007d6560000,0x00000007d6560000,0x00000007e5590000)
  from space 220032K, 21% used [0x00000007f2280000,0x00000007f5070a10,0x00000007ff960000)
  to   space 209856K, 0% used [0x00000007e5590000,0x00000007e5590000,0x00000007f2280000)
 PSOldGen        total 1240640K, used 429194K [0x0000000783000000, 0x00000007ceb90000, 0x00000007d6560000)
  object space 1240640K, 34% used [0x0000000783000000,0x000000079d3229c0,0x00000007ceb90000)
 PSPermGen       total 28544K, used 22141K [0x000000077de00000, 0x000000077f9e0000, 0x0000000783000000)
  object space 28544K, 77% used [0x000000077de00000,0x000000077f39f5e8,0x000000077f9e0000)
}
Total time for which application threads were stopped: 0.0454340 seconds
Application time: 2.6068180 seconds
{Heap before GC invocations=152 (full 13):
 PSYoungGen      total 465984K, used 292994K [0x00000007d6560000, 0x0000000800000000, 0x0000000800000000)
  eden space 245952K, 100% used [0x00000007d6560000,0x00000007e5590000,0x00000007e5590000)
  from space 220032K, 21% used [0x00000007f2280000,0x00000007f5070a10,0x00000007ff960000)
  to   space 209856K, 0% used [0x00000007e5590000,0x00000007e5590000,0x00000007f2280000)
 PSOldGen        total 1240640K, used 429194K [0x0000000783000000, 0x00000007ceb90000, 0x00000007d6560000)
  object space 1240640K, 34% used [0x0000000783000000,0x000000079d3229c0,0x00000007ceb90000)
 PSPermGen       total 28544K, used 22262K [0x000000077de00000, 0x000000077f9e0000, 0x0000000783000000)
  object space 28544K, 77% used [0x000000077de00000,0x000000077f3bd9a8,0x000000077f9e0000)
1139.425: [GC [PSYoungGen: 292994K->63740K(309696K)] 722188K->500163K(1550336K), 0.0390330 secs] [Times: user=0.26 sys=0.00, real=0.04 secs] 
Heap after GC invocations=152 (full 13):
 PSYoungGen      total 309696K, used 63740K [0x00000007d6560000, 0x00000007fdd30000, 0x0000000800000000)
  eden space 245952K, 0% used [0x00000007d6560000,0x00000007d6560000,0x00000007e5590000)
  from space 63744K, 99% used [0x00000007e5590000,0x00000007e93cf170,0x00000007e93d0000)
  to   space 197120K, 0% used [0x00000007f1cb0000,0x00000007f1cb0000,0x00000007fdd30000)
 PSOldGen        total 1240640K, used 436423K [0x0000000783000000, 0x00000007ceb90000, 0x00000007d6560000)
  object space 1240640K, 35% used [0x0000000783000000,0x000000079da31c60,0x00000007ceb90000)
 PSPermGen       total 28544K, used 22262K [0x000000077de00000, 0x000000077f9e0000, 0x0000000783000000)
  object space 28544K, 77% used [0x000000077de00000,0x000000077f3bd9a8,0x000000077f9e0000)
}
Total time for which application threads were stopped: 0.0397710 seconds
Application time: 0.3668970 seconds
{Heap before GC invocations=153 (full 13):
 PSYoungGen      total 309696K, used 309692K [0x00000007d6560000, 0x00000007fdd30000, 0x0000000800000000)
  eden space 245952K, 100% used [0x00000007d6560000,0x00000007e5590000,0x00000007e5590000)
  from space 63744K, 99% used [0x00000007e5590000,0x00000007e93cf170,0x00000007e93d0000)
  to   space 197120K, 0% used [0x00000007f1cb0000,0x00000007f1cb0000,0x00000007fdd30000)
 PSOldGen        total 1240640K, used 436423K [0x0000000783000000, 0x00000007ceb90000, 0x00000007d6560000)
  object space 1240640K, 35% used [0x0000000783000000,0x000000079da31c60,0x00000007ceb90000)
 PSPermGen       total 28544K, used 22488K [0x000000077de00000, 0x000000077f9e0000, 0x0000000783000000)
  object space 28544K, 78% used [0x000000077de00000,0x000000077f3f60a8,0x000000077f9e0000)
1139.832: [GC [PSYoungGen: 309692K->150979K(432640K)] 746115K->641832K(1673280K), 0.0367680 secs] [Times: user=0.36 sys=0.00, real=0.04 secs] 
Heap after GC invocations=153 (full 13):
 PSYoungGen      total 432640K, used 150979K [0x00000007d6560000, 0x0000000800000000, 0x0000000800000000)
  eden space 235520K, 0% used [0x00000007d6560000,0x00000007d6560000,0x00000007e4b60000)
  from space 197120K, 76% used [0x00000007f1cb0000,0x00000007fb020e80,0x00000007fdd30000)
  to   space 214336K, 0% used [0x00000007e4b60000,0x00000007e4b60000,0x00000007f1cb0000)
 PSOldGen        total 1240640K, used 490853K [0x0000000783000000, 0x00000007ceb90000, 0x00000007d6560000)
  object space 1240640K, 39% used [0x0000000783000000,0x00000007a0f59440,0x00000007ceb90000)
 PSPermGen       total 28544K, used 22488K [0x000000077de00000, 0x000000077f9e0000, 0x0000000783000000)
  object space 28544K, 78% used [0x000000077de00000,0x000000077f3f60a8,0x000000077f9e0000)
}
Total time for which application threads were stopped: 0.0375250 seconds
Application time: 0.3667330 seconds
{Heap before GC invocations=154 (full 13):
 PSYoungGen      total 432640K, used 386499K [0x00000007d6560000, 0x0000000800000000, 0x0000000800000000)
  eden space 235520K, 100% used [0x00000007d6560000,0x00000007e4b60000,0x00000007e4b60000)
  from space 197120K, 76% used [0x00000007f1cb0000,0x00000007fb020e80,0x00000007fdd30000)
  to   space 214336K, 0% used [0x00000007e4b60000,0x00000007e4b60000,0x00000007f1cb0000)
 PSOldGen        total 1240640K, used 490853K [0x0000000783000000, 0x00000007ceb90000, 0x00000007d6560000)
  object space 1240640K, 39% used [0x0000000783000000,0x00000007a0f59440,0x00000007ceb90000)
 PSPermGen       total 28544K, used 22699K [0x000000077de00000, 0x000000077f9e0000, 0x0000000783000000)
  object space 28544K, 79% used [0x000000077de00000,0x000000077f42ad28,0x000000077f9e0000)
1140.236: [GC [PSYoungGen: 386499K->141598K(449856K)] 877352K->768585K(1690496K), 0.0516540 secs] [Times: user=0.44 sys=0.01, real=0.05 secs] 
Heap after GC invocations=154 (full 13):
 PSYoungGen      total 449856K, used 141598K [0x00000007d6560000, 0x0000000800000000, 0x0000000800000000)
  eden space 235520K, 0% used [0x00000007d6560000,0x00000007d6560000,0x00000007e4b60000)
  from space 214336K, 66% used [0x00000007e4b60000,0x00000007ed5a7870,0x00000007f1cb0000)
  to   space 224256K, 0% used [0x00000007f2500000,0x00000007f2500000,0x0000000800000000)
 PSOldGen        total 1240640K, used 626987K [0x0000000783000000, 0x00000007ceb90000, 0x00000007d6560000)
  object space 1240640K, 50% used [0x0000000783000000,0x00000007a944af80,0x00000007ceb90000)
 PSPermGen       total 28544K, used 22699K [0x000000077de00000, 0x000000077f9e0000, 0x0000000783000000)
  object space 28544K, 79% used [0x000000077de00000,0x000000077f42ad28,0x000000077f9e0000)
}
Total time for which application threads were stopped: 0.0524230 seconds
Application time: 0.4175020 seconds
{Heap before GC invocations=155 (full 13):
 PSYoungGen      total 449856K, used 377118K [0x00000007d6560000, 0x0000000800000000, 0x0000000800000000)
  eden space 235520K, 100% used [0x00000007d6560000,0x00000007e4b60000,0x00000007e4b60000)
  from space 214336K, 66% used [0x00000007e4b60000,0x00000007ed5a7870,0x00000007f1cb0000)
  to   space 224256K, 0% used [0x00000007f2500000,0x00000007f2500000,0x0000000800000000)
 PSOldGen        total 1240640K, used 626987K [0x0000000783000000, 0x00000007ceb90000, 0x00000007d6560000)
  object space 1240640K, 50% used [0x0000000783000000,0x00000007a944af80,0x00000007ceb90000)
 PSPermGen       total 28544K, used 22892K [0x000000077de00000, 0x000000077f9e0000, 0x0000000783000000)
  object space 28544K, 80% used [0x000000077de00000,0x000000077f45b1a8,0x000000077f9e0000)
1140.706: [GC [PSYoungGen: 377118K->128949K(453376K)] 1004105K->883414K(1694016K), 0.0478470 secs] [Times: user=0.44 sys=0.02, real=0.05 secs] 
Heap after GC invocations=155 (full 13):
 PSYoungGen      total 453376K, used 128949K [0x00000007d6560000, 0x0000000800000000, 0x0000000800000000)
  eden space 229120K, 0% used [0x00000007d6560000,0x00000007d6560000,0x00000007e4520000)
  from space 224256K, 57% used [0x00000007f2500000,0x00000007fa2ed530,0x0000000800000000)
  to   space 226752K, 0% used [0x00000007e4520000,0x00000007e4520000,0x00000007f2290000)
 PSOldGen        total 1240640K, used 754464K [0x0000000783000000, 0x00000007ceb90000, 0x00000007d6560000)
  object space 1240640K, 60% used [0x0000000783000000,0x00000007b10c8390,0x00000007ceb90000)
 PSPermGen       total 28544K, used 22892K [0x000000077de00000, 0x000000077f9e0000, 0x0000000783000000)
  object space 28544K, 80% used [0x000000077de00000,0x000000077f45b1a8,0x000000077f9e0000)
}
Total time for which application threads were stopped: 0.0487150 seconds
Application time: 0.7958140 seconds
{Heap before GC invocations=156 (full 13):
 PSYoungGen      total 453376K, used 358069K [0x00000007d6560000, 0x0000000800000000, 0x0000000800000000)
  eden space 229120K, 100% used [0x00000007d6560000,0x00000007e4520000,0x00000007e4520000)
  from space 224256K, 57% used [0x00000007f2500000,0x00000007fa2ed530,0x0000000800000000)
  to   space 226752K, 0% used [0x00000007e4520000,0x00000007e4520000,0x00000007f2290000)
 PSOldGen        total 1240640K, used 754464K [0x0000000783000000, 0x00000007ceb90000, 0x00000007d6560000)
  object space 1240640K, 60% used [0x0000000783000000,0x00000007b10c8390,0x00000007ceb90000)
 PSPermGen       total 28544K, used 22892K [0x000000077de00000, 0x000000077f9e0000, 0x0000000783000000)
  object space 28544K, 80% used [0x000000077de00000,0x000000077f45b1a8,0x000000077f9e0000)
1141.551: [GC [PSYoungGen: 358069K->7168K(236288K)] 1112534K->877443K(1476928K), 0.0578400 secs] [Times: user=0.40 sys=0.00, real=0.06 secs] 
Heap after GC invocations=156 (full 13):
 PSYoungGen      total 236288K, used 7168K [0x00000007d6560000, 0x0000000800000000, 0x0000000800000000)
  eden space 229120K, 0% used [0x00000007d6560000,0x00000007d6560000,0x00000007e4520000)
  from space 7168K, 100% used [0x00000007e4520000,0x00000007e4c20000,0x00000007e4c20000)
  to   space 226816K, 0% used [0x00000007f2280000,0x00000007f2280000,0x0000000800000000)
 PSOldGen        total 1240640K, used 870275K [0x0000000783000000, 0x00000007ceb90000, 0x00000007d6560000)
  object space 1240640K, 70% used [0x0000000783000000,0x00000007b81e0ef0,0x00000007ceb90000)
 PSPermGen       total 28544K, used 22892K [0x000000077de00000, 0x000000077f9e0000, 0x0000000783000000)
  object space 28544K, 80% used [0x000000077de00000,0x000000077f45b1a8,0x000000077f9e0000)
}
Total time for which application threads were stopped: 0.0586950 seconds
Application time: 0.7596630 seconds
{Heap before GC invocations=157 (full 13):
 PSYoungGen      total 236288K, used 236288K [0x00000007d6560000, 0x0000000800000000, 0x0000000800000000)
  eden space 229120K, 100% used [0x00000007d6560000,0x00000007e4520000,0x00000007e4520000)
  from space 7168K, 100% used [0x00000007e4520000,0x00000007e4c20000,0x00000007e4c20000)
  to   space 226816K, 0% used [0x00000007f2280000,0x00000007f2280000,0x0000000800000000)
 PSOldGen        total 1240640K, used 870275K [0x0000000783000000, 0x00000007ceb90000, 0x00000007d6560000)
  object space 1240640K, 70% used [0x0000000783000000,0x00000007b81e0ef0,0x00000007ceb90000)
 PSPermGen       total 28544K, used 22892K [0x000000077de00000, 0x000000077f9e0000, 0x0000000783000000)
  object space 28544K, 80% used [0x000000077de00000,0x000000077f45b1a8,0x000000077f9e0000)
1142.369: [GC [PSYoungGen: 236288K->7040K(457856K)] 1106563K->877403K(1698496K), 0.0562170 secs] [Times: user=0.40 sys=0.01, real=0.06 secs] 
Heap after GC invocations=157 (full 13):
 PSYoungGen      total 457856K, used 7040K [0x00000007d6560000, 0x0000000800000000, 0x0000000800000000)
  eden space 231040K, 0% used [0x00000007d6560000,0x00000007d6560000,0x00000007e4700000)
  from space 226816K, 3% used [0x00000007f2280000,0x00000007f2960000,0x0000000800000000)
  to   space 224768K, 0% used [0x00000007e4700000,0x00000007e4700000,0x00000007f2280000)
 PSOldGen        total 1240640K, used 870363K [0x0000000783000000, 0x00000007ceb90000, 0x00000007d6560000)
  object space 1240640K, 70% used [0x0000000783000000,0x00000007b81f6ef0,0x00000007ceb90000)
 PSPermGen       total 28544K, used 22892K [0x000000077de00000, 0x000000077f9e0000, 0x0000000783000000)
  object space 28544K, 80% used [0x000000077de00000,0x000000077f45b1a8,0x000000077f9e0000)
}
Total time for which application threads were stopped: 0.0569330 seconds
Application time: 1.0008730 seconds
{Heap before GC invocations=158 (full 13):
 PSYoungGen      total 457856K, used 238080K [0x00000007d6560000, 0x0000000800000000, 0x0000000800000000)
  eden space 231040K, 100% used [0x00000007d6560000,0x00000007e4700000,0x00000007e4700000)
  from space 226816K, 3% used [0x00000007f2280000,0x00000007f2960000,0x0000000800000000)
  to   space 224768K, 0% used [0x00000007e4700000,0x00000007e4700000,0x00000007f2280000)
 PSOldGen        total 1240640K, used 870363K [0x0000000783000000, 0x00000007ceb90000, 0x00000007d6560000)
  object space 1240640K, 70% used [0x0000000783000000,0x00000007b81f6ef0,0x00000007ceb90000)
 PSPermGen       total 28544K, used 22892K [0x000000077de00000, 0x000000077f9e0000, 0x0000000783000000)
  object space 28544K, 80% used [0x000000077de00000,0x000000077f45b1a8,0x000000077f9e0000)
1143.427: [GC [PSYoungGen: 238080K->7104K(238144K)] 1108443K->877515K(1478784K), 0.0600620 secs] [Times: user=0.37 sys=0.01, real=0.06 secs] 
Heap after GC invocations=158 (full 13):
 PSYoungGen      total 238144K, used 7104K [0x00000007d6560000, 0x00000007ff660000, 0x0000000800000000)
  eden space 231040K, 0% used [0x00000007d6560000,0x00000007d6560000,0x00000007e4700000)
  from space 7104K, 100% used [0x00000007e4700000,0x00000007e4df0000,0x00000007e4df0000)
  to   space 220864K, 0% used [0x00000007f1eb0000,0x00000007f1eb0000,0x00000007ff660000)
 PSOldGen        total 1240640K, used 870411K [0x0000000783000000, 0x00000007ceb90000, 0x00000007d6560000)
  object space 1240640K, 70% used [0x0000000783000000,0x00000007b8202ef0,0x00000007ceb90000)
 PSPermGen       total 28544K, used 22892K [0x000000077de00000, 0x000000077f9e0000, 0x0000000783000000)
  object space 28544K, 80% used [0x000000077de00000,0x000000077f45b1a8,0x000000077f9e0000)
}
Total time for which application threads were stopped: 0.0607810 seconds
Application time: 1.1509560 seconds
{Heap before GC invocations=159 (full 13):
 PSYoungGen      total 238144K, used 238143K [0x00000007d6560000, 0x00000007ff660000, 0x0000000800000000)
  eden space 231040K, 99% used [0x00000007d6560000,0x00000007e46ffdf0,0x00000007e4700000)
  from space 7104K, 100% used [0x00000007e4700000,0x00000007e4df0000,0x00000007e4df0000)
  to   space 220864K, 0% used [0x00000007f1eb0000,0x00000007f1eb0000,0x00000007ff660000)
 PSOldGen        total 1240640K, used 870411K [0x0000000783000000, 0x00000007ceb90000, 0x00000007d6560000)
  object space 1240640K, 70% used [0x0000000783000000,0x00000007b8202ef0,0x00000007ceb90000)
 PSPermGen       total 28544K, used 23086K [0x000000077de00000, 0x000000077f9e0000, 0x0000000783000000)
  object space 28544K, 80% used [0x000000077de00000,0x000000077f48baa8,0x000000077f9e0000)
1144.639: [GC [PSYoungGen: 238143K->123777K(446208K)] 1108555K->994325K(1686848K), 0.0304870 secs] [Times: user=0.23 sys=0.00, real=0.03 secs] 
Heap after GC invocations=159 (full 13):
 PSYoungGen      total 446208K, used 123777K [0x00000007d6560000, 0x0000000800000000, 0x0000000800000000)
  eden space 225344K, 0% used [0x00000007d6560000,0x00000007d6560000,0x00000007e4170000)
  from space 220864K, 56% used [0x00000007f1eb0000,0x00000007f9790750,0x00000007ff660000)
  to   space 226560K, 0% used [0x00000007e4170000,0x00000007e4170000,0x00000007f1eb0000)
 PSOldGen        total 1240640K, used 870547K [0x0000000783000000, 0x00000007ceb90000, 0x00000007d6560000)
  object space 1240640K, 70% used [0x0000000783000000,0x00000007b8224ef0,0x00000007ceb90000)
 PSPermGen       total 28544K, used 23086K [0x000000077de00000, 0x000000077f9e0000, 0x0000000783000000)
  object space 28544K, 80% used [0x000000077de00000,0x000000077f48baa8,0x000000077f9e0000)
}
Total time for which application threads were stopped: 0.0311610 seconds
Application time: 0.3113070 seconds
{Heap before GC invocations=160 (full 13):
 PSYoungGen      total 446208K, used 349121K [0x00000007d6560000, 0x0000000800000000, 0x0000000800000000)
  eden space 225344K, 100% used [0x00000007d6560000,0x00000007e4170000,0x00000007e4170000)
  from space 220864K, 56% used [0x00000007f1eb0000,0x00000007f9790750,0x00000007ff660000)
  to   space 226560K, 0% used [0x00000007e4170000,0x00000007e4170000,0x00000007f1eb0000)
 PSOldGen        total 1240640K, used 870547K [0x0000000783000000, 0x00000007ceb90000, 0x00000007d6560000)
  object space 1240640K, 70% used [0x0000000783000000,0x00000007b8224ef0,0x00000007ceb90000)
 PSPermGen       total 28544K, used 23307K [0x000000077de00000, 0x000000077f9e0000, 0x0000000783000000)
  object space 28544K, 81% used [0x000000077de00000,0x000000077f4c2ca8,0x000000077f9e0000)
1144.981: [GC [PSYoungGen: 349121K->146568K(451904K)] 1219669K->1129265K(1692544K), 0.0486580 secs] [Times: user=0.45 sys=0.00, real=0.05 secs] 
Heap after GC invocations=160 (full 13):
 PSYoungGen      total 451904K, used 146568K [0x00000007d6560000, 0x0000000800000000, 0x0000000800000000)
  eden space 225344K, 0% used [0x00000007d6560000,0x00000007d6560000,0x00000007e4170000)
  from space 226560K, 64% used [0x00000007e4170000,0x00000007ed0920b0,0x00000007f1eb0000)
  to   space 227520K, 0% used [0x00000007f21d0000,0x00000007f21d0000,0x0000000800000000)
 PSOldGen        total 1240640K, used 982697K [0x0000000783000000, 0x00000007ceb90000, 0x00000007d6560000)
  object space 1240640K, 79% used [0x0000000783000000,0x00000007befaa4d0,0x00000007ceb90000)
 PSPermGen       total 28544K, used 23307K [0x000000077de00000, 0x000000077f9e0000, 0x0000000783000000)
  object space 28544K, 81% used [0x000000077de00000,0x000000077f4c2ca8,0x000000077f9e0000)
}
Total time for which application threads were stopped: 0.0493280 seconds
Application time: 0.3190390 seconds
{Heap before GC invocations=161 (full 13):
 PSYoungGen      total 451904K, used 371912K [0x00000007d6560000, 0x0000000800000000, 0x0000000800000000)
  eden space 225344K, 100% used [0x00000007d6560000,0x00000007e4170000,0x00000007e4170000)
  from space 226560K, 64% used [0x00000007e4170000,0x00000007ed0920b0,0x00000007f1eb0000)
  to   space 227520K, 0% used [0x00000007f21d0000,0x00000007f21d0000,0x0000000800000000)
 PSOldGen        total 1240640K, used 982697K [0x0000000783000000, 0x00000007ceb90000, 0x00000007d6560000)
  object space 1240640K, 79% used [0x0000000783000000,0x00000007befaa4d0,0x00000007ceb90000)
 PSPermGen       total 28544K, used 23529K [0x000000077de00000, 0x000000077f9e0000, 0x0000000783000000)
  object space 28544K, 82% used [0x000000077de00000,0x000000077f4fa568,0x000000077f9e0000)
1145.350: [GC [PSYoungGen: 371912K->148979K(455104K)] 1354609K->1264922K(1695744K), 0.0474410 secs] [Times: user=0.46 sys=0.02, real=0.05 secs] 
Heap after GC invocations=161 (full 13):
 PSYoungGen      total 455104K, used 148979K [0x00000007d6560000, 0x0000000800000000, 0x0000000800000000)
  eden space 227584K, 0% used [0x00000007d6560000,0x00000007d6560000,0x00000007e43a0000)
  from space 227520K, 65% used [0x00000007f21d0000,0x00000007fb34cc30,0x0000000800000000)
  to   space 227520K, 0% used [0x00000007e43a0000,0x00000007e43a0000,0x00000007f21d0000)
 PSOldGen        total 1240640K, used 1115943K [0x0000000783000000, 0x00000007ceb90000, 0x00000007d6560000)
  object space 1240640K, 89% used [0x0000000783000000,0x00000007c71c9d30,0x00000007ceb90000)
 PSPermGen       total 28544K, used 23529K [0x000000077de00000, 0x000000077f9e0000, 0x0000000783000000)
  object space 28544K, 82% used [0x000000077de00000,0x000000077f4fa568,0x000000077f9e0000)
}
{Heap before GC invocations=162 (full 14):
 PSYoungGen      total 455104K, used 148979K [0x00000007d6560000, 0x0000000800000000, 0x0000000800000000)
  eden space 227584K, 0% used [0x00000007d6560000,0x00000007d6560000,0x00000007e43a0000)
  from space 227520K, 65% used [0x00000007f21d0000,0x00000007fb34cc30,0x0000000800000000)
  to   space 227520K, 0% used [0x00000007e43a0000,0x00000007e43a0000,0x00000007f21d0000)
 PSOldGen        total 1240640K, used 1115943K [0x0000000783000000, 0x00000007ceb90000, 0x00000007d6560000)
  object space 1240640K, 89% used [0x0000000783000000,0x00000007c71c9d30,0x00000007ceb90000)
 PSPermGen       total 28544K, used 23529K [0x000000077de00000, 0x000000077f9e0000, 0x0000000783000000)
  object space 28544K, 82% used [0x000000077de00000,0x000000077f4fa568,0x000000077f9e0000)
1145.397: [Full GC [PSYoungGen: 148979K->0K(455104K)] [PSOldGen: 1115943K->473383K(1338240K)] 1264922K->473383K(1793344K) [PSPermGen: 23529K->23529K(29248K)], 0.4095030 secs] [Times: user=0.41 sys=0.00, real=0.41 secs] 
Heap after GC invocations=162 (full 14):
 PSYoungGen      total 455104K, used 0K [0x00000007d6560000, 0x0000000800000000, 0x0000000800000000)
  eden space 227584K, 0% used [0x00000007d6560000,0x00000007d6560000,0x00000007e43a0000)
  from space 227520K, 0% used [0x00000007f21d0000,0x00000007f21d0000,0x0000000800000000)
  to   space 227520K, 0% used [0x00000007e43a0000,0x00000007e43a0000,0x00000007f21d0000)
 PSOldGen        total 1338240K, used 473383K [0x0000000783000000, 0x00000007d4ae0000, 0x00000007d6560000)
  object space 1338240K, 35% used [0x0000000783000000,0x000000079fe49e10,0x00000007d4ae0000)
 PSPermGen       total 29248K, used 23529K [0x000000077de00000, 0x000000077fa90000, 0x0000000783000000)
  object space 29248K, 80% used [0x000000077de00000,0x000000077f4fa568,0x000000077fa90000)
}
Total time for which application threads were stopped: 0.4578170 seconds
Application time: 0.7360440 seconds
{Heap before GC invocations=163 (full 14):
 PSYoungGen      total 455104K, used 227584K [0x00000007d6560000, 0x0000000800000000, 0x0000000800000000)
  eden space 227584K, 100% used [0x00000007d6560000,0x00000007e43a0000,0x00000007e43a0000)
  from space 227520K, 0% used [0x00000007f21d0000,0x00000007f21d0000,0x0000000800000000)
  to   space 227520K, 0% used [0x00000007e43a0000,0x00000007e43a0000,0x00000007f21d0000)
 PSOldGen        total 1338240K, used 473383K [0x0000000783000000, 0x00000007d4ae0000, 0x00000007d6560000)
  object space 1338240K, 35% used [0x0000000783000000,0x000000079fe49e10,0x00000007d4ae0000)
 PSPermGen       total 29248K, used 23566K [0x000000077de00000, 0x000000077fa90000, 0x0000000783000000)
  object space 29248K, 80% used [0x000000077de00000,0x000000077f503b68,0x000000077fa90000)
1146.544: [GC [PSYoungGen: 227584K->28250K(455104K)] 700967K->501633K(1793344K), 0.0492320 secs] [Times: user=0.34 sys=0.00, real=0.04 secs] 
Heap after GC invocations=163 (full 14):
 PSYoungGen      total 455104K, used 28250K [0x00000007d6560000, 0x0000000800000000, 0x0000000800000000)
  eden space 227584K, 0% used [0x00000007d6560000,0x00000007d6560000,0x00000007e43a0000)
  from space 227520K, 12% used [0x00000007e43a0000,0x00000007e5f36800,0x00000007f21d0000)
  to   space 227520K, 0% used [0x00000007f21d0000,0x00000007f21d0000,0x0000000800000000)
 PSOldGen        total 1338240K, used 473383K [0x0000000783000000, 0x00000007d4ae0000, 0x00000007d6560000)
  object space 1338240K, 35% used [0x0000000783000000,0x000000079fe49e10,0x00000007d4ae0000)
 PSPermGen       total 29248K, used 23566K [0x000000077de00000, 0x000000077fa90000, 0x0000000783000000)
  object space 29248K, 80% used [0x000000077de00000,0x000000077f503b68,0x000000077fa90000)
}
Total time for which application threads were stopped: 0.0505690 seconds
Application time: 0.7914620 seconds
{Heap before GC invocations=164 (full 14):
 PSYoungGen      total 455104K, used 255834K [0x00000007d6560000, 0x0000000800000000, 0x0000000800000000)
  eden space 227584K, 100% used [0x00000007d6560000,0x00000007e43a0000,0x00000007e43a0000)
  from space 227520K, 12% used [0x00000007e43a0000,0x00000007e5f36800,0x00000007f21d0000)
  to   space 227520K, 0% used [0x00000007f21d0000,0x00000007f21d0000,0x0000000800000000)
 PSOldGen        total 1338240K, used 473383K [0x0000000783000000, 0x00000007d4ae0000, 0x00000007d6560000)
  object space 1338240K, 35% used [0x0000000783000000,0x000000079fe49e10,0x00000007d4ae0000)
 PSPermGen       total 29248K, used 23568K [0x000000077de00000, 0x000000077fa90000, 0x0000000783000000)
  object space 29248K, 80% used [0x000000077de00000,0x000000077f5042e8,0x000000077fa90000)
1147.386: [GC [PSYoungGen: 255834K->6944K(455104K)] 729217K->501439K(1793344K), 0.0526350 secs] [Times: user=0.34 sys=0.03, real=0.05 secs] 
Heap after GC invocations=164 (full 14):
 PSYoungGen      total 455104K, used 6944K [0x00000007d6560000, 0x0000000800000000, 0x0000000800000000)
  eden space 227584K, 0% used [0x00000007d6560000,0x00000007d6560000,0x00000007e43a0000)
  from space 227520K, 3% used [0x00000007f21d0000,0x00000007f2898000,0x0000000800000000)
  to   space 227520K, 0% used [0x00000007e43a0000,0x00000007e43a0000,0x00000007f21d0000)
 PSOldGen        total 1338240K, used 494495K [0x0000000783000000, 0x00000007d4ae0000, 0x00000007d6560000)
  object space 1338240K, 36% used [0x0000000783000000,0x00000007a12e7f40,0x00000007d4ae0000)
 PSPermGen       total 29248K, used 23568K [0x000000077de00000, 0x000000077fa90000, 0x0000000783000000)
  object space 29248K, 80% used [0x000000077de00000,0x000000077f5042e8,0x000000077fa90000)
}
Total time for which application threads were stopped: 0.0541110 seconds
Application time: 1.0287170 seconds
{Heap before GC invocations=165 (full 14):
 PSYoungGen      total 455104K, used 234528K [0x00000007d6560000, 0x0000000800000000, 0x0000000800000000)
  eden space 227584K, 100% used [0x00000007d6560000,0x00000007e43a0000,0x00000007e43a0000)
  from space 227520K, 3% used [0x00000007f21d0000,0x00000007f2898000,0x0000000800000000)
  to   space 227520K, 0% used [0x00000007e43a0000,0x00000007e43a0000,0x00000007f21d0000)
 PSOldGen        total 1338240K, used 494495K [0x0000000783000000, 0x00000007d4ae0000, 0x00000007d6560000)
  object space 1338240K, 36% used [0x0000000783000000,0x00000007a12e7f40,0x00000007d4ae0000)
 PSPermGen       total 29248K, used 23601K [0x000000077de00000, 0x000000077fa90000, 0x0000000783000000)
  object space 29248K, 80% used [0x000000077de00000,0x000000077f50c618,0x000000077fa90000)
1148.469: [GC [PSYoungGen: 234528K->23440K(455104K)] 729023K->517991K(1793344K), 0.0495610 secs] [Times: user=0.37 sys=0.00, real=0.05 secs] 
Heap after GC invocations=165 (full 14):
 PSYoungGen      total 455104K, used 23440K [0x00000007d6560000, 0x0000000800000000, 0x0000000800000000)
  eden space 227584K, 0% used [0x00000007d6560000,0x00000007d6560000,0x00000007e43a0000)
  from space 227520K, 10% used [0x00000007e43a0000,0x00000007e5a84070,0x00000007f21d0000)
  to   space 227520K, 0% used [0x00000007f21d0000,0x00000007f21d0000,0x0000000800000000)
 PSOldGen        total 1338240K, used 494551K [0x0000000783000000, 0x00000007d4ae0000, 0x00000007d6560000)
  object space 1338240K, 36% used [0x0000000783000000,0x00000007a12f5f40,0x00000007d4ae0000)
 PSPermGen       total 29248K, used 23601K [0x000000077de00000, 0x000000077fa90000, 0x0000000783000000)
  object space 29248K, 80% used [0x000000077de00000,0x000000077f50c618,0x000000077fa90000)
}
Total time for which application threads were stopped: 0.0504140 seconds
Application time: 3.2194910 seconds
{Heap before GC invocations=166 (full 14):
 PSYoungGen      total 455104K, used 251024K [0x00000007d6560000, 0x0000000800000000, 0x0000000800000000)
  eden space 227584K, 100% used [0x00000007d6560000,0x00000007e43a0000,0x00000007e43a0000)
  from space 227520K, 10% used [0x00000007e43a0000,0x00000007e5a84070,0x00000007f21d0000)
  to   space 227520K, 0% used [0x00000007f21d0000,0x00000007f21d0000,0x0000000800000000)
 PSOldGen        total 1338240K, used 494551K [0x0000000783000000, 0x00000007d4ae0000, 0x00000007d6560000)
  object space 1338240K, 36% used [0x0000000783000000,0x00000007a12f5f40,0x00000007d4ae0000)
 PSPermGen       total 29248K, used 23702K [0x000000077de00000, 0x000000077fa90000, 0x0000000783000000)
  object space 29248K, 81% used [0x000000077de00000,0x000000077f525b18,0x000000077fa90000)
1151.738: [GC [PSYoungGen: 251024K->30970K(441536K)] 745575K->527932K(1779776K), 0.0379260 secs] [Times: user=0.26 sys=0.00, real=0.04 secs] 
Heap after GC invocations=166 (full 14):
 PSYoungGen      total 441536K, used 30970K [0x00000007d6560000, 0x00000007ff2c0000, 0x0000000800000000)
  eden space 227584K, 0% used [0x00000007d6560000,0x00000007d6560000,0x00000007e43a0000)
  from space 213952K, 14% used [0x00000007f21d0000,0x00000007f400e850,0x00000007ff2c0000)
  to   space 220736K, 0% used [0x00000007e43a0000,0x00000007e43a0000,0x00000007f1b30000)
 PSOldGen        total 1338240K, used 496962K [0x0000000783000000, 0x00000007d4ae0000, 0x00000007d6560000)
  object space 1338240K, 37% used [0x0000000783000000,0x00000007a15509c0,0x00000007d4ae0000)
 PSPermGen       total 29248K, used 23702K [0x000000077de00000, 0x000000077fa90000, 0x0000000783000000)
  object space 29248K, 81% used [0x000000077de00000,0x000000077f525b18,0x000000077fa90000)
}
Total time for which application threads were stopped: 0.0388180 seconds
Application time: 0.3079250 seconds
{Heap before GC invocations=167 (full 14):
 PSYoungGen      total 441536K, used 258541K [0x00000007d6560000, 0x00000007ff2c0000, 0x0000000800000000)
  eden space 227584K, 99% used [0x00000007d6560000,0x00000007e439cbd0,0x00000007e43a0000)
  from space 213952K, 14% used [0x00000007f21d0000,0x00000007f400e850,0x00000007ff2c0000)
  to   space 220736K, 0% used [0x00000007e43a0000,0x00000007e43a0000,0x00000007f1b30000)
 PSOldGen        total 1338240K, used 496962K [0x0000000783000000, 0x00000007d4ae0000, 0x00000007d6560000)
  object space 1338240K, 37% used [0x0000000783000000,0x00000007a15509c0,0x00000007d4ae0000)
 PSPermGen       total 29248K, used 23924K [0x000000077de00000, 0x000000077fa90000, 0x0000000783000000)
  object space 29248K, 81% used [0x000000077de00000,0x000000077f55d318,0x000000077fa90000)
1152.085: [GC [PSYoungGen: 258541K->146905K(448320K)] 755503K->668204K(1786560K), 0.0308520 secs] [Times: user=0.29 sys=0.00, real=0.03 secs] 
Heap after GC invocations=167 (full 14):
 PSYoungGen      total 448320K, used 146905K [0x00000007d6560000, 0x0000000800000000, 0x0000000800000000)
  eden space 227584K, 0% used [0x00000007d6560000,0x00000007d6560000,0x00000007e43a0000)
  from space 220736K, 66% used [0x00000007e43a0000,0x00000007ed316530,0x00000007f1b30000)
  to   space 227520K, 0% used [0x00000007f21d0000,0x00000007f21d0000,0x0000000800000000)
 PSOldGen        total 1338240K, used 521299K [0x0000000783000000, 0x00000007d4ae0000, 0x00000007d6560000)
  object space 1338240K, 38% used [0x0000000783000000,0x00000007a2d14e20,0x00000007d4ae0000)
 PSPermGen       total 29248K, used 23924K [0x000000077de00000, 0x000000077fa90000, 0x0000000783000000)
  object space 29248K, 81% used [0x000000077de00000,0x000000077f55d318,0x000000077fa90000)
}
Total time for which application threads were stopped: 0.0316010 seconds
Application time: 0.3385780 seconds
{Heap before GC invocations=168 (full 14):
 PSYoungGen      total 448320K, used 374484K [0x00000007d6560000, 0x0000000800000000, 0x0000000800000000)
  eden space 227584K, 99% used [0x00000007d6560000,0x00000007e439edc8,0x00000007e43a0000)
  from space 220736K, 66% used [0x00000007e43a0000,0x00000007ed316530,0x00000007f1b30000)
  to   space 227520K, 0% used [0x00000007f21d0000,0x00000007f21d0000,0x0000000800000000)
 PSOldGen        total 1338240K, used 521299K [0x0000000783000000, 0x00000007d4ae0000, 0x00000007d6560000)
  object space 1338240K, 38% used [0x0000000783000000,0x00000007a2d14e20,0x00000007d4ae0000)
 PSPermGen       total 29248K, used 24138K [0x000000077de00000, 0x000000077fa90000, 0x0000000783000000)
  object space 29248K, 82% used [0x000000077de00000,0x000000077f592958,0x000000077fa90000)
1152.455: [GC [PSYoungGen: 374484K->141990K(455104K)] 895784K->796503K(1793344K), 0.0458820 secs] [Times: user=0.44 sys=0.01, real=0.04 secs] 
Heap after GC invocations=168 (full 14):
 PSYoungGen      total 455104K, used 141990K [0x00000007d6560000, 0x0000000800000000, 0x0000000800000000)
  eden space 227584K, 0% used [0x00000007d6560000,0x00000007d6560000,0x00000007e43a0000)
  from space 227520K, 62% used [0x00000007f21d0000,0x00000007fac79a50,0x0000000800000000)
  to   space 227520K, 0% used [0x00000007e43a0000,0x00000007e43a0000,0x00000007f21d0000)
 PSOldGen        total 1338240K, used 654513K [0x0000000783000000, 0x00000007d4ae0000, 0x00000007d6560000)
  object space 1338240K, 48% used [0x0000000783000000,0x00000007aaf2c530,0x00000007d4ae0000)
 PSPermGen       total 29248K, used 24138K [0x000000077de00000, 0x000000077fa90000, 0x0000000783000000)
  object space 29248K, 82% used [0x000000077de00000,0x000000077f592958,0x000000077fa90000)
}
Total time for which application threads were stopped: 0.0467430 seconds
Application time: 0.3309020 seconds
{Heap before GC invocations=169 (full 14):
 PSYoungGen      total 455104K, used 369574K [0x00000007d6560000, 0x0000000800000000, 0x0000000800000000)
  eden space 227584K, 100% used [0x00000007d6560000,0x00000007e43a0000,0x00000007e43a0000)
  from space 227520K, 62% used [0x00000007f21d0000,0x00000007fac79a50,0x0000000800000000)
  to   space 227520K, 0% used [0x00000007e43a0000,0x00000007e43a0000,0x00000007f21d0000)
 PSOldGen        total 1338240K, used 654513K [0x0000000783000000, 0x00000007d4ae0000, 0x00000007d6560000)
  object space 1338240K, 48% used [0x0000000783000000,0x00000007aaf2c530,0x00000007d4ae0000)
 PSPermGen       total 29248K, used 24359K [0x000000077de00000, 0x000000077fa90000, 0x0000000783000000)
  object space 29248K, 83% used [0x000000077de00000,0x000000077f5c9e58,0x000000077fa90000)
1152.833: [GC [PSYoungGen: 369574K->148548K(455104K)] 1024087K->931135K(1793344K), 0.0481050 secs] [Times: user=0.45 sys=0.02, real=0.05 secs] 
Heap after GC invocations=169 (full 14):
 PSYoungGen      total 455104K, used 148548K [0x00000007d6560000, 0x0000000800000000, 0x0000000800000000)
  eden space 227584K, 0% used [0x00000007d6560000,0x00000007d6560000,0x00000007e43a0000)
  from space 227520K, 65% used [0x00000007e43a0000,0x00000007ed4b1380,0x00000007f21d0000)
  to   space 227520K, 0% used [0x00000007f21d0000,0x00000007f21d0000,0x0000000800000000)
 PSOldGen        total 1338240K, used 782586K [0x0000000783000000, 0x00000007d4ae0000, 0x00000007d6560000)
  object space 1338240K, 58% used [0x0000000783000000,0x00000007b2c3eae0,0x00000007d4ae0000)
 PSPermGen       total 29248K, used 24359K [0x000000077de00000, 0x000000077fa90000, 0x0000000783000000)
  object space 29248K, 83% used [0x000000077de00000,0x000000077f5c9e58,0x000000077fa90000)
}
Total time for which application threads were stopped: 0.0488930 seconds
Application time: 0.7258890 seconds
{Heap before GC invocations=170 (full 14):
 PSYoungGen      total 455104K, used 376132K [0x00000007d6560000, 0x0000000800000000, 0x0000000800000000)
  eden space 227584K, 100% used [0x00000007d6560000,0x00000007e43a0000,0x00000007e43a0000)
  from space 227520K, 65% used [0x00000007e43a0000,0x00000007ed4b1380,0x00000007f21d0000)
  to   space 227520K, 0% used [0x00000007f21d0000,0x00000007f21d0000,0x0000000800000000)
 PSOldGen        total 1338240K, used 782586K [0x0000000783000000, 0x00000007d4ae0000, 0x00000007d6560000)
  object space 1338240K, 58% used [0x0000000783000000,0x00000007b2c3eae0,0x00000007d4ae0000)
 PSPermGen       total 29248K, used 24399K [0x000000077de00000, 0x000000077fa90000, 0x0000000783000000)
  object space 29248K, 83% used [0x000000077de00000,0x000000077f5d3c98,0x000000077fa90000)
1153.609: [GC [PSYoungGen: 376132K->29736K(455104K)] 1158719K->946471K(1793344K), 0.0540560 secs] [Times: user=0.37 sys=0.00, real=0.05 secs] 
Heap after GC invocations=170 (full 14):
 PSYoungGen      total 455104K, used 29736K [0x00000007d6560000, 0x0000000800000000, 0x0000000800000000)
  eden space 227584K, 0% used [0x00000007d6560000,0x00000007d6560000,0x00000007e43a0000)
  from space 227520K, 13% used [0x00000007f21d0000,0x00000007f3eda270,0x0000000800000000)
  to   space 227520K, 0% used [0x00000007e43a0000,0x00000007e43a0000,0x00000007f21d0000)
 PSOldGen        total 1338240K, used 916734K [0x0000000783000000, 0x00000007d4ae0000, 0x00000007d6560000)
  object space 1338240K, 68% used [0x0000000783000000,0x00000007baf3fa50,0x00000007d4ae0000)
 PSPermGen       total 29248K, used 24399K [0x000000077de00000, 0x000000077fa90000, 0x0000000783000000)
  object space 29248K, 83% used [0x000000077de00000,0x000000077f5d3c98,0x000000077fa90000)
}
Total time for which application threads were stopped: 0.0559270 seconds
Application time: 0.8078320 seconds
{Heap before GC invocations=171 (full 14):
 PSYoungGen      total 455104K, used 257320K [0x00000007d6560000, 0x0000000800000000, 0x0000000800000000)
  eden space 227584K, 100% used [0x00000007d6560000,0x00000007e43a0000,0x00000007e43a0000)
  from space 227520K, 13% used [0x00000007f21d0000,0x00000007f3eda270,0x0000000800000000)
  to   space 227520K, 0% used [0x00000007e43a0000,0x00000007e43a0000,0x00000007f21d0000)
 PSOldGen        total 1338240K, used 916734K [0x0000000783000000, 0x00000007d4ae0000, 0x00000007d6560000)
  object space 1338240K, 68% used [0x0000000783000000,0x00000007baf3fa50,0x00000007d4ae0000)
 PSPermGen       total 29248K, used 24399K [0x000000077de00000, 0x000000077fa90000, 0x0000000783000000)
  object space 29248K, 83% used [0x000000077de00000,0x000000077f5d3c98,0x000000077fa90000)
1154.472: [GC [PSYoungGen: 257320K->7168K(455104K)] 1174055K->945779K(1793344K), 0.0594430 secs] [Times: user=0.38 sys=0.00, real=0.06 secs] 
Heap after GC invocations=171 (full 14):
 PSYoungGen      total 455104K, used 7168K [0x00000007d6560000, 0x0000000800000000, 0x0000000800000000)
  eden space 227584K, 0% used [0x00000007d6560000,0x00000007d6560000,0x00000007e43a0000)
  from space 227520K, 3% used [0x00000007e43a0000,0x00000007e4aa0000,0x00000007f21d0000)
  to   space 227520K, 0% used [0x00000007f21d0000,0x00000007f21d0000,0x0000000800000000)
 PSOldGen        total 1338240K, used 938611K [0x0000000783000000, 0x00000007d4ae0000, 0x00000007d6560000)
  object space 1338240K, 70% used [0x0000000783000000,0x00000007bc49cf20,0x00000007d4ae0000)
 PSPermGen       total 29248K, used 24399K [0x000000077de00000, 0x000000077fa90000, 0x0000000783000000)
  object space 29248K, 83% used [0x000000077de00000,0x000000077f5d3c98,0x000000077fa90000)
}
Total time for which application threads were stopped: 0.0603990 seconds
Application time: 0.7670500 seconds
{Heap before GC invocations=172 (full 14):
 PSYoungGen      total 455104K, used 234752K [0x00000007d6560000, 0x0000000800000000, 0x0000000800000000)
  eden space 227584K, 100% used [0x00000007d6560000,0x00000007e43a0000,0x00000007e43a0000)
  from space 227520K, 3% used [0x00000007e43a0000,0x00000007e4aa0000,0x00000007f21d0000)
  to   space 227520K, 0% used [0x00000007f21d0000,0x00000007f21d0000,0x0000000800000000)
 PSOldGen        total 1338240K, used 938611K [0x0000000783000000, 0x00000007d4ae0000, 0x00000007d6560000)
  object space 1338240K, 70% used [0x0000000783000000,0x00000007bc49cf20,0x00000007d4ae0000)
 PSPermGen       total 29248K, used 24399K [0x000000077de00000, 0x000000077fa90000, 0x0000000783000000)
  object space 29248K, 83% used [0x000000077de00000,0x000000077f5d3c98,0x000000077fa90000)
1155.299: [GC [PSYoungGen: 234752K->7040K(455104K)] 1173363K->945715K(1793344K), 0.0571450 secs] [Times: user=0.40 sys=0.00, real=0.06 secs] 
Heap after GC invocations=172 (full 14):
 PSYoungGen      total 455104K, used 7040K [0x00000007d6560000, 0x0000000800000000, 0x0000000800000000)
  eden space 227584K, 0% used [0x00000007d6560000,0x00000007d6560000,0x00000007e43a0000)
  from space 227520K, 3% used [0x00000007f21d0000,0x00000007f28b0000,0x0000000800000000)
  to   space 227520K, 0% used [0x00000007e43a0000,0x00000007e43a0000,0x00000007f21d0000)
 PSOldGen        total 1338240K, used 938675K [0x0000000783000000, 0x00000007d4ae0000, 0x00000007d6560000)
  object space 1338240K, 70% used [0x0000000783000000,0x00000007bc4acf20,0x00000007d4ae0000)
 PSPermGen       total 29248K, used 24399K [0x000000077de00000, 0x000000077fa90000, 0x0000000783000000)
  object space 29248K, 83% used [0x000000077de00000,0x000000077f5d3c98,0x000000077fa90000)
}
Total time for which application threads were stopped: 0.0578390 seconds
Application time: 60.5958460 seconds
Total time for which application threads were stopped: 0.0004740 seconds
Application time: 0.0002070 seconds
Total time for which application threads were stopped: 0.0002740 seconds
Application time: 0.0008700 seconds
Total time for which application threads were stopped: 0.0003380 seconds
Application time: 0.0001020 seconds
Total time for which application threads were stopped: 0.0004300 seconds
Application time: 0.0006850 seconds
Total time for which application threads were stopped: 0.0003550 seconds
Application time: 0.0001050 seconds
Total time for which application threads were stopped: 0.0002490 seconds
Application time: 0.0002170 seconds
Total time for which application threads were stopped: 0.0003250 seconds
Application time: 121.8327520 seconds
{Heap before GC invocations=173 (full 14):
 PSYoungGen      total 455104K, used 234624K [0x00000007d6560000, 0x0000000800000000, 0x0000000800000000)
  eden space 227584K, 100% used [0x00000007d6560000,0x00000007e43a0000,0x00000007e43a0000)
  from space 227520K, 3% used [0x00000007f21d0000,0x00000007f28b0000,0x0000000800000000)
  to   space 227520K, 0% used [0x00000007e43a0000,0x00000007e43a0000,0x00000007f21d0000)
 PSOldGen        total 1338240K, used 938675K [0x0000000783000000, 0x00000007d4ae0000, 0x00000007d6560000)
  object space 1338240K, 70% used [0x0000000783000000,0x00000007bc4acf20,0x00000007d4ae0000)
 PSPermGen       total 29248K, used 24509K [0x000000077de00000, 0x000000077fa90000, 0x0000000783000000)
  object space 29248K, 83% used [0x000000077de00000,0x000000077f5ef700,0x000000077fa90000)
1337.790: [GC [PSYoungGen: 234624K->70011K(297600K)] 1173299K->1008831K(1635840K), 0.0353030 secs] [Times: user=0.25 sys=0.00, real=0.04 secs] 
Heap after GC invocations=173 (full 14):
 PSYoungGen      total 297600K, used 70011K [0x00000007d6560000, 0x00000007ff3c0000, 0x0000000800000000)
  eden space 227584K, 0% used [0x00000007d6560000,0x00000007d6560000,0x00000007e43a0000)
  from space 70016K, 99% used [0x00000007e43a0000,0x00000007e87fee10,0x00000007e8800000)
  to   space 221248K, 0% used [0x00000007f1bb0000,0x00000007f1bb0000,0x00000007ff3c0000)
 PSOldGen        total 1338240K, used 938819K [0x0000000783000000, 0x00000007d4ae0000, 0x00000007d6560000)
  object space 1338240K, 70% used [0x0000000783000000,0x00000007bc4d0f20,0x00000007d4ae0000)
 PSPermGen       total 29248K, used 24509K [0x000000077de00000, 0x000000077fa90000, 0x0000000783000000)
  object space 29248K, 83% used [0x000000077de00000,0x000000077f5ef700,0x000000077fa90000)
}
Total time for which application threads were stopped: 0.0359500 seconds
Application time: 0.3094230 seconds
{Heap before GC invocations=174 (full 14):
 PSYoungGen      total 297600K, used 297595K [0x00000007d6560000, 0x00000007ff3c0000, 0x0000000800000000)
  eden space 227584K, 100% used [0x00000007d6560000,0x00000007e43a0000,0x00000007e43a0000)
  from space 70016K, 99% used [0x00000007e43a0000,0x00000007e87fee10,0x00000007e8800000)
  to   space 221248K, 0% used [0x00000007f1bb0000,0x00000007f1bb0000,0x00000007ff3c0000)
 PSOldGen        total 1338240K, used 938819K [0x0000000783000000, 0x00000007d4ae0000, 0x00000007d6560000)
  object space 1338240K, 70% used [0x0000000783000000,0x00000007bc4d0f20,0x00000007d4ae0000)
 PSPermGen       total 29248K, used 24739K [0x000000077de00000, 0x000000077fa90000, 0x0000000783000000)
  object space 29248K, 84% used [0x000000077de00000,0x000000077f628c40,0x000000077fa90000)
1338.136: [GC [PSYoungGen: 297595K->152055K(442560K)] 1236415K->1152182K(1780800K), 0.0359620 secs] [Times: user=0.33 sys=0.03, real=0.03 secs] 
Heap after GC invocations=174 (full 14):
 PSYoungGen      total 442560K, used 152055K [0x00000007d6560000, 0x0000000800000000, 0x0000000800000000)
  eden space 221312K, 0% used [0x00000007d6560000,0x00000007d6560000,0x00000007e3d80000)
  from space 221248K, 68% used [0x00000007f1bb0000,0x00000007fb02dd80,0x00000007ff3c0000)
  to   space 227520K, 0% used [0x00000007e3d80000,0x00000007e3d80000,0x00000007f1bb0000)
 PSOldGen        total 1338240K, used 1000127K [0x0000000783000000, 0x00000007d4ae0000, 0x00000007d6560000)
  object space 1338240K, 74% used [0x0000000783000000,0x00000007c00afd00,0x00000007d4ae0000)
 PSPermGen       total 29248K, used 24739K [0x000000077de00000, 0x000000077fa90000, 0x0000000783000000)
  object space 29248K, 84% used [0x000000077de00000,0x000000077f628c40,0x000000077fa90000)
}
Total time for which application threads were stopped: 0.0366570 seconds
Application time: 0.3036920 seconds
{Heap before GC invocations=175 (full 14):
 PSYoungGen      total 442560K, used 373367K [0x00000007d6560000, 0x0000000800000000, 0x0000000800000000)
  eden space 221312K, 100% used [0x00000007d6560000,0x00000007e3d80000,0x00000007e3d80000)
  from space 221248K, 68% used [0x00000007f1bb0000,0x00000007fb02dd80,0x00000007ff3c0000)
  to   space 227520K, 0% used [0x00000007e3d80000,0x00000007e3d80000,0x00000007f1bb0000)
 PSOldGen        total 1338240K, used 1000127K [0x0000000783000000, 0x00000007d4ae0000, 0x00000007d6560000)
  object space 1338240K, 74% used [0x0000000783000000,0x00000007c00afd00,0x00000007d4ae0000)
 PSPermGen       total 29248K, used 24963K [0x000000077de00000, 0x000000077fa90000, 0x0000000783000000)
  object space 29248K, 85% used [0x000000077de00000,0x000000077f660c80,0x000000077fa90000)
1338.476: [GC [PSYoungGen: 373367K->148423K(448832K)] 1373494K->1286910K(1787072K), 0.0458350 secs] [Times: user=0.45 sys=0.04, real=0.04 secs] 
Heap after GC invocations=175 (full 14):
 PSYoungGen      total 448832K, used 148423K [0x00000007d6560000, 0x0000000800000000, 0x0000000800000000)
  eden space 221312K, 0% used [0x00000007d6560000,0x00000007d6560000,0x00000007e3d80000)
  from space 227520K, 65% used [0x00000007e3d80000,0x00000007ece71c50,0x00000007f1bb0000)
  to   space 227520K, 0% used [0x00000007f21d0000,0x00000007f21d0000,0x0000000800000000)
 PSOldGen        total 1338240K, used 1138487K [0x0000000783000000, 0x00000007d4ae0000, 0x00000007d6560000)
  object space 1338240K, 85% used [0x0000000783000000,0x00000007c87cded0,0x00000007d4ae0000)
 PSPermGen       total 29248K, used 24963K [0x000000077de00000, 0x000000077fa90000, 0x0000000783000000)
  object space 29248K, 85% used [0x000000077de00000,0x000000077f660c80,0x000000077fa90000)
}
{Heap before GC invocations=176 (full 15):
 PSYoungGen      total 448832K, used 148423K [0x00000007d6560000, 0x0000000800000000, 0x0000000800000000)
  eden space 221312K, 0% used [0x00000007d6560000,0x00000007d6560000,0x00000007e3d80000)
  from space 227520K, 65% used [0x00000007e3d80000,0x00000007ece71c50,0x00000007f1bb0000)
  to   space 227520K, 0% used [0x00000007f21d0000,0x00000007f21d0000,0x0000000800000000)
 PSOldGen        total 1338240K, used 1138487K [0x0000000783000000, 0x00000007d4ae0000, 0x00000007d6560000)
  object space 1338240K, 85% used [0x0000000783000000,0x00000007c87cded0,0x00000007d4ae0000)
 PSPermGen       total 29248K, used 24963K [0x000000077de00000, 0x000000077fa90000, 0x0000000783000000)
  object space 29248K, 85% used [0x000000077de00000,0x000000077f660c80,0x000000077fa90000)
1338.522: [Full GC [PSYoungGen: 148423K->0K(448832K)] [PSOldGen: 1138487K->431119K(1312704K)] 1286910K->431119K(1761536K) [PSPermGen: 24963K->24963K(29824K)], 0.3816160 secs] [Times: user=0.38 sys=0.00, real=0.39 secs] 
Heap after GC invocations=176 (full 15):
 PSYoungGen      total 448832K, used 0K [0x00000007d6560000, 0x0000000800000000, 0x0000000800000000)
  eden space 221312K, 0% used [0x00000007d6560000,0x00000007d6560000,0x00000007e3d80000)
  from space 227520K, 0% used [0x00000007e3d80000,0x00000007e3d80000,0x00000007f1bb0000)
  to   space 227520K, 0% used [0x00000007f21d0000,0x00000007f21d0000,0x0000000800000000)
 PSOldGen        total 1312704K, used 431119K [0x0000000783000000, 0x00000007d31f0000, 0x00000007d6560000)
  object space 1312704K, 32% used [0x0000000783000000,0x000000079d503d70,0x00000007d31f0000)
 PSPermGen       total 29824K, used 24963K [0x000000077de00000, 0x000000077fb20000, 0x0000000783000000)
  object space 29824K, 83% used [0x000000077de00000,0x000000077f660c80,0x000000077fb20000)
}
Total time for which application threads were stopped: 0.4283680 seconds
Application time: 0.7317420 seconds
{Heap before GC invocations=177 (full 15):
 PSYoungGen      total 448832K, used 221312K [0x00000007d6560000, 0x0000000800000000, 0x0000000800000000)
  eden space 221312K, 100% used [0x00000007d6560000,0x00000007e3d80000,0x00000007e3d80000)
  from space 227520K, 0% used [0x00000007e3d80000,0x00000007e3d80000,0x00000007f1bb0000)
  to   space 227520K, 0% used [0x00000007f21d0000,0x00000007f21d0000,0x0000000800000000)
 PSOldGen        total 1312704K, used 431119K [0x0000000783000000, 0x00000007d31f0000, 0x00000007d6560000)
  object space 1312704K, 32% used [0x0000000783000000,0x000000079d503d70,0x00000007d31f0000)
 PSPermGen       total 29824K, used 24986K [0x000000077de00000, 0x000000077fb20000, 0x0000000783000000)
  object space 29824K, 83% used [0x000000077de00000,0x000000077f666bc0,0x000000077fb20000)
1339.637: [GC [PSYoungGen: 221312K->20773K(455104K)] 652431K->451892K(1767808K), 0.0510820 secs] [Times: user=0.30 sys=0.03, real=0.05 secs] 
Heap after GC invocations=177 (full 15):
 PSYoungGen      total 455104K, used 20773K [0x00000007d6560000, 0x0000000800000000, 0x0000000800000000)
  eden space 227584K, 0% used [0x00000007d6560000,0x00000007d6560000,0x00000007e43a0000)
  from space 227520K, 9% used [0x00000007f21d0000,0x00000007f3619530,0x0000000800000000)
  to   space 227520K, 0% used [0x00000007e43a0000,0x00000007e43a0000,0x00000007f21d0000)
 PSOldGen        total 1312704K, used 431119K [0x0000000783000000, 0x00000007d31f0000, 0x00000007d6560000)
  object space 1312704K, 32% used [0x0000000783000000,0x000000079d503d70,0x00000007d31f0000)
 PSPermGen       total 29824K, used 24986K [0x000000077de00000, 0x000000077fb20000, 0x0000000783000000)
  object space 29824K, 83% used [0x000000077de00000,0x000000077f666bc0,0x000000077fb20000)
}
Total time for which application threads were stopped: 0.0523820 seconds
Application time: 0.8101290 seconds
{Heap before GC invocations=178 (full 15):
 PSYoungGen      total 455104K, used 248357K [0x00000007d6560000, 0x0000000800000000, 0x0000000800000000)
  eden space 227584K, 100% used [0x00000007d6560000,0x00000007e43a0000,0x00000007e43a0000)
  from space 227520K, 9% used [0x00000007f21d0000,0x00000007f3619530,0x0000000800000000)
  to   space 227520K, 0% used [0x00000007e43a0000,0x00000007e43a0000,0x00000007f21d0000)
 PSOldGen        total 1312704K, used 431119K [0x0000000783000000, 0x00000007d31f0000, 0x00000007d6560000)
  object space 1312704K, 32% used [0x0000000783000000,0x000000079d503d70,0x00000007d31f0000)
 PSPermGen       total 29824K, used 24986K [0x000000077de00000, 0x000000077fb20000, 0x0000000783000000)
  object space 29824K, 83% used [0x000000077de00000,0x000000077f666bc0,0x000000077fb20000)
1340.500: [GC [PSYoungGen: 248357K->6816K(455104K)] 679476K->444427K(1767808K), 0.0524970 secs] [Times: user=0.38 sys=0.00, real=0.05 secs] 
Heap after GC invocations=178 (full 15):
 PSYoungGen      total 455104K, used 6816K [0x00000007d6560000, 0x0000000800000000, 0x0000000800000000)
  eden space 227584K, 0% used [0x00000007d6560000,0x00000007d6560000,0x00000007e43a0000)
  from space 227520K, 2% used [0x00000007e43a0000,0x00000007e4a48000,0x00000007f21d0000)
  to   space 227520K, 0% used [0x00000007f21d0000,0x00000007f21d0000,0x0000000800000000)
 PSOldGen        total 1312704K, used 437611K [0x0000000783000000, 0x00000007d31f0000, 0x00000007d6560000)
  object space 1312704K, 33% used [0x0000000783000000,0x000000079db5acc0,0x00000007d31f0000)
 PSPermGen       total 29824K, used 24986K [0x000000077de00000, 0x000000077fb20000, 0x0000000783000000)
  object space 29824K, 83% used [0x000000077de00000,0x000000077f666bc0,0x000000077fb20000)
}
Total time for which application threads were stopped: 0.0542790 seconds
Application time: 1.0978660 seconds
{Heap before GC invocations=179 (full 15):
 PSYoungGen      total 455104K, used 234400K [0x00000007d6560000, 0x0000000800000000, 0x0000000800000000)
  eden space 227584K, 100% used [0x00000007d6560000,0x00000007e43a0000,0x00000007e43a0000)
  from space 227520K, 2% used [0x00000007e43a0000,0x00000007e4a48000,0x00000007f21d0000)
  to   space 227520K, 0% used [0x00000007f21d0000,0x00000007f21d0000,0x0000000800000000)
 PSOldGen        total 1312704K, used 437611K [0x0000000783000000, 0x00000007d31f0000, 0x00000007d6560000)
  object space 1312704K, 33% used [0x0000000783000000,0x000000079db5acc0,0x00000007d31f0000)
 PSPermGen       total 29824K, used 25060K [0x000000077de00000, 0x000000077fb20000, 0x0000000783000000)
  object space 29824K, 84% used [0x000000077de00000,0x000000077f679100,0x000000077fb20000)
1341.651: [GC [PSYoungGen: 234400K->47703K(448960K)] 672011K->485370K(1761664K), 0.0400600 secs] [Times: user=0.28 sys=0.00, real=0.04 secs] 
Heap after GC invocations=179 (full 15):
 PSYoungGen      total 448960K, used 47703K [0x00000007d6560000, 0x00000007ffa00000, 0x0000000800000000)
  eden space 227584K, 0% used [0x00000007d6560000,0x00000007d6560000,0x00000007e43a0000)
  from space 221376K, 21% used [0x00000007f21d0000,0x00000007f5065e00,0x00000007ffa00000)
  to   space 224448K, 0% used [0x00000007e43a0000,0x00000007e43a0000,0x00000007f1ed0000)
 PSOldGen        total 1312704K, used 437667K [0x0000000783000000, 0x00000007d31f0000, 0x00000007d6560000)
  object space 1312704K, 33% used [0x0000000783000000,0x000000079db68cc0,0x00000007d31f0000)
 PSPermGen       total 29824K, used 25060K [0x000000077de00000, 0x000000077fb20000, 0x0000000783000000)
  object space 29824K, 84% used [0x000000077de00000,0x000000077f679100,0x000000077fb20000)
}
Total time for which application threads were stopped: 0.0407240 seconds
Application time: 0.5077020 seconds
{Heap before GC invocations=180 (full 15):
 PSYoungGen      total 448960K, used 275287K [0x00000007d6560000, 0x00000007ffa00000, 0x0000000800000000)
  eden space 227584K, 100% used [0x00000007d6560000,0x00000007e43a0000,0x00000007e43a0000)
  from space 221376K, 21% used [0x00000007f21d0000,0x00000007f5065e00,0x00000007ffa00000)
  to   space 224448K, 0% used [0x00000007e43a0000,0x00000007e43a0000,0x00000007f1ed0000)
 PSOldGen        total 1312704K, used 437667K [0x0000000783000000, 0x00000007d31f0000, 0x00000007d6560000)
  object space 1312704K, 33% used [0x0000000783000000,0x000000079db68cc0,0x00000007d31f0000)
 PSPermGen       total 29824K, used 25168K [0x000000077de00000, 0x000000077fb20000, 0x0000000783000000)
  object space 29824K, 84% used [0x000000077de00000,0x000000077f694280,0x000000077fb20000)
1342.200: [GC [PSYoungGen: 275287K->61388K(289024K)] 712954K->531265K(1601728K), 0.0373340 secs] [Times: user=0.27 sys=0.01, real=0.04 secs] 
Heap after GC invocations=180 (full 15):
 PSYoungGen      total 289024K, used 61388K [0x00000007d6560000, 0x00000007fe660000, 0x0000000800000000)
  eden space 227584K, 0% used [0x00000007d6560000,0x00000007d6560000,0x00000007e43a0000)
  from space 61440K, 99% used [0x00000007e43a0000,0x00000007e7f93390,0x00000007e7fa0000)
  to   space 209792K, 0% used [0x00000007f1980000,0x00000007f1980000,0x00000007fe660000)
 PSOldGen        total 1312704K, used 469876K [0x0000000783000000, 0x00000007d31f0000, 0x00000007d6560000)
  object space 1312704K, 35% used [0x0000000783000000,0x000000079fadd0a0,0x00000007d31f0000)
 PSPermGen       total 29824K, used 25168K [0x000000077de00000, 0x000000077fb20000, 0x0000000783000000)
  object space 29824K, 84% used [0x000000077de00000,0x000000077f694280,0x000000077fb20000)
}
Total time for which application threads were stopped: 0.0384130 seconds
Application time: 1.9812720 seconds
{Heap before GC invocations=181 (full 15):
 PSYoungGen      total 289024K, used 288972K [0x00000007d6560000, 0x00000007fe660000, 0x0000000800000000)
  eden space 227584K, 100% used [0x00000007d6560000,0x00000007e43a0000,0x00000007e43a0000)
  from space 61440K, 99% used [0x00000007e43a0000,0x00000007e7f93390,0x00000007e7fa0000)
  to   space 209792K, 0% used [0x00000007f1980000,0x00000007f1980000,0x00000007fe660000)
 PSOldGen        total 1312704K, used 469876K [0x0000000783000000, 0x00000007d31f0000, 0x00000007d6560000)
  object space 1312704K, 35% used [0x0000000783000000,0x000000079fadd0a0,0x00000007d31f0000)
 PSPermGen       total 29824K, used 25310K [0x000000077de00000, 0x000000077fb20000, 0x0000000783000000)
  object space 29824K, 84% used [0x000000077de00000,0x000000077f6b7bc0,0x000000077fb20000)
1344.219: [GC [PSYoungGen: 288972K->90855K(452032K)] 758849K->564285K(1764736K), 0.0319390 secs] [Times: user=0.24 sys=0.00, real=0.03 secs] 
Heap after GC invocations=181 (full 15):
 PSYoungGen      total 452032K, used 90855K [0x00000007d6560000, 0x00000007ff420000, 0x0000000800000000)
  eden space 242240K, 0% used [0x00000007d6560000,0x00000007d6560000,0x00000007e51f0000)
  from space 209792K, 43% used [0x00000007f1980000,0x00000007f7239e90,0x00000007fe660000)
  to   space 204352K, 0% used [0x00000007e51f0000,0x00000007e51f0000,0x00000007f1980000)
 PSOldGen        total 1312704K, used 473429K [0x0000000783000000, 0x00000007d31f0000, 0x00000007d6560000)
  object space 1312704K, 36% used [0x0000000783000000,0x000000079fe557d0,0x00000007d31f0000)
 PSPermGen       total 29824K, used 25310K [0x000000077de00000, 0x000000077fb20000, 0x0000000783000000)
  object space 29824K, 84% used [0x000000077de00000,0x000000077f6b7bc0,0x000000077fb20000)
}
Total time for which application threads were stopped: 0.0327310 seconds
Application time: 0.3274970 seconds
{Heap before GC invocations=182 (full 15):
 PSYoungGen      total 452032K, used 333095K [0x00000007d6560000, 0x00000007ff420000, 0x0000000800000000)
  eden space 242240K, 100% used [0x00000007d6560000,0x00000007e51f0000,0x00000007e51f0000)
  from space 209792K, 43% used [0x00000007f1980000,0x00000007f7239e90,0x00000007fe660000)
  to   space 204352K, 0% used [0x00000007e51f0000,0x00000007e51f0000,0x00000007f1980000)
 PSOldGen        total 1312704K, used 473429K [0x0000000783000000, 0x00000007d31f0000, 0x00000007d6560000)
  object space 1312704K, 36% used [0x0000000783000000,0x000000079fe557d0,0x00000007d31f0000)
 PSPermGen       total 29824K, used 25550K [0x000000077de00000, 0x000000077fb20000, 0x0000000783000000)
  object space 29824K, 85% used [0x000000077de00000,0x000000077f6f3bc0,0x000000077fb20000)
1344.579: [GC [PSYoungGen: 333095K->160237K(446592K)] 806525K->714719K(1759296K), 0.0411930 secs] [Times: user=0.38 sys=0.00, real=0.04 secs] 
Heap after GC invocations=182 (full 15):
 PSYoungGen      total 446592K, used 160237K [0x00000007d6560000, 0x0000000800000000, 0x0000000800000000)
  eden space 242240K, 0% used [0x00000007d6560000,0x00000007d6560000,0x00000007e51f0000)
  from space 204352K, 78% used [0x00000007e51f0000,0x00000007eee6b400,0x00000007f1980000)
  to   space 224512K, 0% used [0x00000007f24c0000,0x00000007f24c0000,0x0000000800000000)
 PSOldGen        total 1312704K, used 554482K [0x0000000783000000, 0x00000007d31f0000, 0x00000007d6560000)
  object space 1312704K, 42% used [0x0000000783000000,0x00000007a4d7c9b0,0x00000007d31f0000)
 PSPermGen       total 29824K, used 25550K [0x000000077de00000, 0x000000077fb20000, 0x0000000783000000)
  object space 29824K, 85% used [0x000000077de00000,0x000000077f6f3bc0,0x000000077fb20000)
}
Total time for which application threads were stopped: 0.0419440 seconds
Application time: 0.3378000 seconds
{Heap before GC invocations=183 (full 15):
 PSYoungGen      total 446592K, used 402477K [0x00000007d6560000, 0x0000000800000000, 0x0000000800000000)
  eden space 242240K, 100% used [0x00000007d6560000,0x00000007e51f0000,0x00000007e51f0000)
  from space 204352K, 78% used [0x00000007e51f0000,0x00000007eee6b400,0x00000007f1980000)
  to   space 224512K, 0% used [0x00000007f24c0000,0x00000007f24c0000,0x0000000800000000)
 PSOldGen        total 1312704K, used 554482K [0x0000000783000000, 0x00000007d31f0000, 0x00000007d6560000)
  object space 1312704K, 42% used [0x0000000783000000,0x00000007a4d7c9b0,0x00000007d31f0000)
 PSPermGen       total 29824K, used 25790K [0x000000077de00000, 0x000000077fb20000, 0x0000000783000000)
  object space 29824K, 86% used [0x000000077de00000,0x000000077f72f980,0x000000077fb20000)
1344.959: [GC [PSYoungGen: 402477K->159866K(452096K)] 956959K->859205K(1764800K), 0.0476060 secs] [Times: user=0.51 sys=0.00, real=0.05 secs] 
Heap after GC invocations=183 (full 15):
 PSYoungGen      total 452096K, used 159866K [0x00000007d6560000, 0x0000000800000000, 0x0000000800000000)
  eden space 227584K, 0% used [0x00000007d6560000,0x00000007d6560000,0x00000007e43a0000)
  from space 224512K, 71% used [0x00000007f24c0000,0x00000007fc0deb80,0x0000000800000000)
  to   space 227520K, 0% used [0x00000007e43a0000,0x00000007e43a0000,0x00000007f21d0000)
 PSOldGen        total 1312704K, used 699338K [0x0000000783000000, 0x00000007d31f0000, 0x00000007d6560000)
  object space 1312704K, 53% used [0x0000000783000000,0x00000007adaf2a10,0x00000007d31f0000)
 PSPermGen       total 29824K, used 25790K [0x000000077de00000, 0x000000077fb20000, 0x0000000783000000)
  object space 29824K, 86% used [0x000000077de00000,0x000000077f72f980,0x000000077fb20000)
}
Total time for which application threads were stopped: 0.0484480 seconds
Application time: 0.4919840 seconds
{Heap before GC invocations=184 (full 15):
 PSYoungGen      total 452096K, used 387450K [0x00000007d6560000, 0x0000000800000000, 0x0000000800000000)
  eden space 227584K, 100% used [0x00000007d6560000,0x00000007e43a0000,0x00000007e43a0000)
  from space 224512K, 71% used [0x00000007f24c0000,0x00000007fc0deb80,0x0000000800000000)
  to   space 227520K, 0% used [0x00000007e43a0000,0x00000007e43a0000,0x00000007f21d0000)
 PSOldGen        total 1312704K, used 699338K [0x0000000783000000, 0x00000007d31f0000, 0x00000007d6560000)
  object space 1312704K, 53% used [0x0000000783000000,0x00000007adaf2a10,0x00000007d31f0000)
 PSPermGen       total 29824K, used 25937K [0x000000077de00000, 0x000000077fb20000, 0x0000000783000000)
  object space 29824K, 86% used [0x000000077de00000,0x000000077f754640,0x000000077fb20000)
1345.501: [GC [PSYoungGen: 387450K->99473K(455104K)] 1086789K->943517K(1767808K), 0.0514590 secs] [Times: user=0.49 sys=0.00, real=0.05 secs] 
Heap after GC invocations=184 (full 15):
 PSYoungGen      total 455104K, used 99473K [0x00000007d6560000, 0x0000000800000000, 0x0000000800000000)
  eden space 227584K, 0% used [0x00000007d6560000,0x00000007d6560000,0x00000007e43a0000)
  from space 227520K, 43% used [0x00000007e43a0000,0x00000007ea4c4790,0x00000007f21d0000)
  to   space 227520K, 0% used [0x00000007f21d0000,0x00000007f21d0000,0x0000000800000000)
 PSOldGen        total 1312704K, used 844044K [0x0000000783000000, 0x00000007d31f0000, 0x00000007d6560000)
  object space 1312704K, 64% used [0x0000000783000000,0x00000007b6843010,0x00000007d31f0000)
 PSPermGen       total 29824K, used 25937K [0x000000077de00000, 0x000000077fb20000, 0x0000000783000000)
  object space 29824K, 86% used [0x000000077de00000,0x000000077f754640,0x000000077fb20000)
}
Total time for which application threads were stopped: 0.0536740 seconds
Application time: 0.7832340 seconds
{Heap before GC invocations=185 (full 15):
 PSYoungGen      total 455104K, used 327057K [0x00000007d6560000, 0x0000000800000000, 0x0000000800000000)
  eden space 227584K, 100% used [0x00000007d6560000,0x00000007e43a0000,0x00000007e43a0000)
  from space 227520K, 43% used [0x00000007e43a0000,0x00000007ea4c4790,0x00000007f21d0000)
  to   space 227520K, 0% used [0x00000007f21d0000,0x00000007f21d0000,0x0000000800000000)
 PSOldGen        total 1312704K, used 844044K [0x0000000783000000, 0x00000007d31f0000, 0x00000007d6560000)
  object space 1312704K, 64% used [0x0000000783000000,0x00000007b6843010,0x00000007d31f0000)
 PSPermGen       total 29824K, used 25937K [0x000000077de00000, 0x000000077fb20000, 0x0000000783000000)
  object space 29824K, 86% used [0x000000077de00000,0x000000077f754640,0x000000077fb20000)
1346.337: [GC [PSYoungGen: 327057K->6944K(455104K)] 1171101K->937595K(1767808K), 0.0568150 secs] [Times: user=0.40 sys=0.00, real=0.06 secs] 
Heap after GC invocations=185 (full 15):
 PSYoungGen      total 455104K, used 6944K [0x00000007d6560000, 0x0000000800000000, 0x0000000800000000)
  eden space 227584K, 0% used [0x00000007d6560000,0x00000007d6560000,0x00000007e43a0000)
  from space 227520K, 3% used [0x00000007f21d0000,0x00000007f2898000,0x0000000800000000)
  to   space 227520K, 0% used [0x00000007e43a0000,0x00000007e43a0000,0x00000007f21d0000)
 PSOldGen        total 1312704K, used 930651K [0x0000000783000000, 0x00000007d31f0000, 0x00000007d6560000)
  object space 1312704K, 70% used [0x0000000783000000,0x00000007bbcd6c80,0x00000007d31f0000)
 PSPermGen       total 29824K, used 25937K [0x000000077de00000, 0x000000077fb20000, 0x0000000783000000)
  object space 29824K, 86% used [0x000000077de00000,0x000000077f754640,0x000000077fb20000)
}
Total time for which application threads were stopped: 0.0583150 seconds
Application time: 0.7681460 seconds
{Heap before GC invocations=186 (full 15):
 PSYoungGen      total 455104K, used 234528K [0x00000007d6560000, 0x0000000800000000, 0x0000000800000000)
  eden space 227584K, 100% used [0x00000007d6560000,0x00000007e43a0000,0x00000007e43a0000)
  from space 227520K, 3% used [0x00000007f21d0000,0x00000007f2898000,0x0000000800000000)
  to   space 227520K, 0% used [0x00000007e43a0000,0x00000007e43a0000,0x00000007f21d0000)
 PSOldGen        total 1312704K, used 930651K [0x0000000783000000, 0x00000007d31f0000, 0x00000007d6560000)
  object space 1312704K, 70% used [0x0000000783000000,0x00000007bbcd6c80,0x00000007d31f0000)
 PSPermGen       total 29824K, used 25937K [0x000000077de00000, 0x000000077fb20000, 0x0000000783000000)
  object space 29824K, 86% used [0x000000077de00000,0x000000077f754640,0x000000077fb20000)
1347.163: [GC [PSYoungGen: 234528K->6912K(234496K)] 1165179K->937627K(1547200K), 0.0536430 secs] [Times: user=0.36 sys=0.00, real=0.06 secs] 
Heap after GC invocations=186 (full 15):
 PSYoungGen      total 234496K, used 6912K [0x00000007d6560000, 0x00000007ffe00000, 0x0000000800000000)
  eden space 227584K, 0% used [0x00000007d6560000,0x00000007d6560000,0x00000007e43a0000)
  from space 6912K, 100% used [0x00000007e43a0000,0x00000007e4a60000,0x00000007e4a60000)
  to   space 226496K, 0% used [0x00000007f20d0000,0x00000007f20d0000,0x00000007ffe00000)
 PSOldGen        total 1312704K, used 930715K [0x0000000783000000, 0x00000007d31f0000, 0x00000007d6560000)
  object space 1312704K, 70% used [0x0000000783000000,0x00000007bbce6c80,0x00000007d31f0000)
 PSPermGen       total 29824K, used 25937K [0x000000077de00000, 0x000000077fb20000, 0x0000000783000000)
  object space 29824K, 86% used [0x000000077de00000,0x000000077f754640,0x000000077fb20000)
}
Total time for which application threads were stopped: 0.0544200 seconds
Application time: 0.8981520 seconds
{Heap before GC invocations=187 (full 15):
 PSYoungGen      total 234496K, used 234496K [0x00000007d6560000, 0x00000007ffe00000, 0x0000000800000000)
  eden space 227584K, 100% used [0x00000007d6560000,0x00000007e43a0000,0x00000007e43a0000)
  from space 6912K, 100% used [0x00000007e43a0000,0x00000007e4a60000,0x00000007e4a60000)
  to   space 226496K, 0% used [0x00000007f20d0000,0x00000007f20d0000,0x00000007ffe00000)
 PSOldGen        total 1312704K, used 930715K [0x0000000783000000, 0x00000007d31f0000, 0x00000007d6560000)
  object space 1312704K, 70% used [0x0000000783000000,0x00000007bbce6c80,0x00000007d31f0000)
 PSPermGen       total 29824K, used 25937K [0x000000077de00000, 0x000000077fb20000, 0x0000000783000000)
  object space 29824K, 86% used [0x000000077de00000,0x000000077f754640,0x000000077fb20000)
1348.115: [GC [PSYoungGen: 234496K->6944K(458304K)] 1165211K->937739K(1771008K), 0.0549200 secs] [Times: user=0.36 sys=0.01, real=0.05 secs] 
Heap after GC invocations=187 (full 15):
 PSYoungGen      total 458304K, used 6944K [0x00000007d6560000, 0x0000000800000000, 0x0000000800000000)
  eden space 231808K, 0% used [0x00000007d6560000,0x00000007d6560000,0x00000007e47c0000)
  from space 226496K, 3% used [0x00000007f20d0000,0x00000007f2798000,0x00000007ffe00000)
  to   space 222272K, 0% used [0x00000007e47c0000,0x00000007e47c0000,0x00000007f20d0000)
 PSOldGen        total 1312704K, used 930795K [0x0000000783000000, 0x00000007d31f0000, 0x00000007d6560000)
  object space 1312704K, 70% used [0x0000000783000000,0x00000007bbcfac80,0x00000007d31f0000)
 PSPermGen       total 29824K, used 25937K [0x000000077de00000, 0x000000077fb20000, 0x0000000783000000)
  object space 29824K, 86% used [0x000000077de00000,0x000000077f754640,0x000000077fb20000)
}
Total time for which application threads were stopped: 0.0556560 seconds
Application time: 0.9119440 seconds
{Heap before GC invocations=188 (full 15):
 PSYoungGen      total 458304K, used 238752K [0x00000007d6560000, 0x0000000800000000, 0x0000000800000000)
  eden space 231808K, 100% used [0x00000007d6560000,0x00000007e47c0000,0x00000007e47c0000)
  from space 226496K, 3% used [0x00000007f20d0000,0x00000007f2798000,0x00000007ffe00000)
  to   space 222272K, 0% used [0x00000007e47c0000,0x00000007e47c0000,0x00000007f20d0000)
 PSOldGen        total 1312704K, used 930795K [0x0000000783000000, 0x00000007d31f0000, 0x00000007d6560000)
  object space 1312704K, 70% used [0x0000000783000000,0x00000007bbcfac80,0x00000007d31f0000)
 PSPermGen       total 29824K, used 26159K [0x000000077de00000, 0x000000077fb20000, 0x0000000783000000)
  object space 29824K, 87% used [0x000000077de00000,0x000000077f78be40,0x000000077fb20000)
1349.083: [GC [PSYoungGen: 238752K->141648K(454080K)] 1169547K->1072587K(1766784K), 0.0302630 secs] [Times: user=0.26 sys=0.00, real=0.03 secs] 
Heap after GC invocations=188 (full 15):
 PSYoungGen      total 454080K, used 141648K [0x00000007d6560000, 0x0000000800000000, 0x0000000800000000)
  eden space 231808K, 0% used [0x00000007d6560000,0x00000007d6560000,0x00000007e47c0000)
  from space 222272K, 63% used [0x00000007e47c0000,0x00000007ed2142e0,0x00000007f20d0000)
  to   space 227520K, 0% used [0x00000007f21d0000,0x00000007f21d0000,0x0000000800000000)
 PSOldGen        total 1312704K, used 930939K [0x0000000783000000, 0x00000007d31f0000, 0x00000007d6560000)
  object space 1312704K, 70% used [0x0000000783000000,0x00000007bbd1ec80,0x00000007d31f0000)
 PSPermGen       total 29824K, used 26159K [0x000000077de00000, 0x000000077fb20000, 0x0000000783000000)
  object space 29824K, 87% used [0x000000077de00000,0x000000077f78be40,0x000000077fb20000)
}
Total time for which application threads were stopped: 0.0310570 seconds
Application time: 0.3154930 seconds
{Heap before GC invocations=189 (full 15):
 PSYoungGen      total 454080K, used 373456K [0x00000007d6560000, 0x0000000800000000, 0x0000000800000000)
  eden space 231808K, 100% used [0x00000007d6560000,0x00000007e47c0000,0x00000007e47c0000)
  from space 222272K, 63% used [0x00000007e47c0000,0x00000007ed2142e0,0x00000007f20d0000)
  to   space 227520K, 0% used [0x00000007f21d0000,0x00000007f21d0000,0x0000000800000000)
 PSOldGen        total 1312704K, used 930939K [0x0000000783000000, 0x00000007d31f0000, 0x00000007d6560000)
  object space 1312704K, 70% used [0x0000000783000000,0x00000007bbd1ec80,0x00000007d31f0000)
 PSPermGen       total 29824K, used 26388K [0x000000077de00000, 0x000000077fb20000, 0x0000000783000000)
  object space 29824K, 88% used [0x000000077de00000,0x000000077f7c5200,0x000000077fb20000)
1349.430: [GC [PSYoungGen: 373456K->152416K(455104K)] 1304395K->1212176K(1767808K), 0.0492120 secs] [Times: user=0.48 sys=0.00, real=0.05 secs] 
Heap after GC invocations=189 (full 15):
 PSYoungGen      total 455104K, used 152416K [0x00000007d6560000, 0x0000000800000000, 0x0000000800000000)
  eden space 227584K, 0% used [0x00000007d6560000,0x00000007d6560000,0x00000007e43a0000)
  from space 227520K, 66% used [0x00000007f21d0000,0x00000007fb6a8140,0x0000000800000000)
  to   space 227520K, 0% used [0x00000007e43a0000,0x00000007e43a0000,0x00000007f21d0000)
 PSOldGen        total 1312704K, used 1059760K [0x0000000783000000, 0x00000007d31f0000, 0x00000007d6560000)
  object space 1312704K, 80% used [0x0000000783000000,0x00000007c3aec1c0,0x00000007d31f0000)
 PSPermGen       total 29824K, used 26388K [0x000000077de00000, 0x000000077fb20000, 0x0000000783000000)
  object space 29824K, 88% used [0x000000077de00000,0x000000077f7c5200,0x000000077fb20000)
}
Total time for which application threads were stopped: 0.0501130 seconds
Application time: 0.3053600 seconds
{Heap before GC invocations=190 (full 15):
 PSYoungGen      total 455104K, used 380000K [0x00000007d6560000, 0x0000000800000000, 0x0000000800000000)
  eden space 227584K, 100% used [0x00000007d6560000,0x00000007e43a0000,0x00000007e43a0000)
  from space 227520K, 66% used [0x00000007f21d0000,0x00000007fb6a8140,0x0000000800000000)
  to   space 227520K, 0% used [0x00000007e43a0000,0x00000007e43a0000,0x00000007f21d0000)
 PSOldGen        total 1312704K, used 1059760K [0x0000000783000000, 0x00000007d31f0000, 0x00000007d6560000)
  object space 1312704K, 80% used [0x0000000783000000,0x00000007c3aec1c0,0x00000007d31f0000)
 PSPermGen       total 29824K, used 26620K [0x000000077de00000, 0x000000077fb20000, 0x0000000783000000)
  object space 29824K, 89% used [0x000000077de00000,0x000000077f7ff1c0,0x000000077fb20000)
1349.785: [GC [PSYoungGen: 380000K->154083K(455104K)] 1439760K->1352373K(1767808K), 0.0494980 secs] [Times: user=0.48 sys=0.04, real=0.05 secs] 
Heap after GC invocations=190 (full 15):
 PSYoungGen      total 455104K, used 154083K [0x00000007d6560000, 0x0000000800000000, 0x0000000800000000)
  eden space 227584K, 0% used [0x00000007d6560000,0x00000007d6560000,0x00000007e43a0000)
  from space 227520K, 67% used [0x00000007e43a0000,0x00000007eda18c40,0x00000007f21d0000)
  to   space 227520K, 0% used [0x00000007f21d0000,0x00000007f21d0000,0x0000000800000000)
 PSOldGen        total 1312704K, used 1198290K [0x0000000783000000, 0x00000007d31f0000, 0x00000007d6560000)
  object space 1312704K, 91% used [0x0000000783000000,0x00000007cc234970,0x00000007d31f0000)
 PSPermGen       total 29824K, used 26620K [0x000000077de00000, 0x000000077fb20000, 0x0000000783000000)
  object space 29824K, 89% used [0x000000077de00000,0x000000077f7ff1c0,0x000000077fb20000)
}
{Heap before GC invocations=191 (full 16):
 PSYoungGen      total 455104K, used 154083K [0x00000007d6560000, 0x0000000800000000, 0x0000000800000000)
  eden space 227584K, 0% used [0x00000007d6560000,0x00000007d6560000,0x00000007e43a0000)
  from space 227520K, 67% used [0x00000007e43a0000,0x00000007eda18c40,0x00000007f21d0000)
  to   space 227520K, 0% used [0x00000007f21d0000,0x00000007f21d0000,0x0000000800000000)
 PSOldGen        total 1312704K, used 1198290K [0x0000000783000000, 0x00000007d31f0000, 0x00000007d6560000)
  object space 1312704K, 91% used [0x0000000783000000,0x00000007cc234970,0x00000007d31f0000)
 PSPermGen       total 29824K, used 26620K [0x000000077de00000, 0x000000077fb20000, 0x0000000783000000)
  object space 29824K, 89% used [0x000000077de00000,0x000000077f7ff1c0,0x000000077fb20000)
1349.835: [Full GC [PSYoungGen: 154083K->0K(455104K)] [PSOldGen: 1198290K->439522K(1362304K)] 1352373K->439522K(1817408K) [PSPermGen: 26620K->20729K(25216K)], 0.4392390 secs] [Times: user=0.42 sys=0.00, real=0.44 secs] 
Heap after GC invocations=191 (full 16):
 PSYoungGen      total 455104K, used 0K [0x00000007d6560000, 0x0000000800000000, 0x0000000800000000)
  eden space 227584K, 0% used [0x00000007d6560000,0x00000007d6560000,0x00000007e43a0000)
  from space 227520K, 0% used [0x00000007e43a0000,0x00000007e43a0000,0x00000007f21d0000)
  to   space 227520K, 0% used [0x00000007f21d0000,0x00000007f21d0000,0x0000000800000000)
 PSOldGen        total 1362304K, used 439522K [0x0000000783000000, 0x00000007d6260000, 0x00000007d6560000)
  object space 1362304K, 32% used [0x0000000783000000,0x000000079dd38bd0,0x00000007d6260000)
 PSPermGen       total 25216K, used 20729K [0x000000077de00000, 0x000000077f6a0000, 0x0000000783000000)
  object space 25216K, 82% used [0x000000077de00000,0x000000077f23e4e0,0x000000077f6a0000)
}
Total time for which application threads were stopped: 0.4897380 seconds
Application time: 0.7520210 seconds
{Heap before GC invocations=192 (full 16):
 PSYoungGen      total 455104K, used 227584K [0x00000007d6560000, 0x0000000800000000, 0x0000000800000000)
  eden space 227584K, 100% used [0x00000007d6560000,0x00000007e43a0000,0x00000007e43a0000)
  from space 227520K, 0% used [0x00000007e43a0000,0x00000007e43a0000,0x00000007f21d0000)
  to   space 227520K, 0% used [0x00000007f21d0000,0x00000007f21d0000,0x0000000800000000)
 PSOldGen        total 1362304K, used 439522K [0x0000000783000000, 0x00000007d6260000, 0x00000007d6560000)
  object space 1362304K, 32% used [0x0000000783000000,0x000000079dd38bd0,0x00000007d6260000)
 PSPermGen       total 25216K, used 20767K [0x000000077de00000, 0x000000077f6a0000, 0x0000000783000000)
  object space 25216K, 82% used [0x000000077de00000,0x000000077f247d20,0x000000077f6a0000)
1351.027: [GC [PSYoungGen: 227584K->29093K(455104K)] 667106K->468616K(1817408K), 0.0515850 secs] [Times: user=0.35 sys=0.02, real=0.05 secs] 
Heap after GC invocations=192 (full 16):
 PSYoungGen      total 455104K, used 29093K [0x00000007d6560000, 0x0000000800000000, 0x0000000800000000)
  eden space 227584K, 0% used [0x00000007d6560000,0x00000007d6560000,0x00000007e43a0000)
  from space 227520K, 12% used [0x00000007f21d0000,0x00000007f3e394c0,0x0000000800000000)
  to   space 227520K, 0% used [0x00000007e43a0000,0x00000007e43a0000,0x00000007f21d0000)
 PSOldGen        total 1362304K, used 439522K [0x0000000783000000, 0x00000007d6260000, 0x00000007d6560000)
  object space 1362304K, 32% used [0x0000000783000000,0x000000079dd38bd0,0x00000007d6260000)
 PSPermGen       total 25216K, used 20767K [0x000000077de00000, 0x000000077f6a0000, 0x0000000783000000)
  object space 25216K, 82% used [0x000000077de00000,0x000000077f247d20,0x000000077f6a0000)
}
Total time for which application threads were stopped: 0.0522670 seconds
Application time: 0.7803650 seconds
{Heap before GC invocations=193 (full 16):
 PSYoungGen      total 455104K, used 256677K [0x00000007d6560000, 0x0000000800000000, 0x0000000800000000)
  eden space 227584K, 100% used [0x00000007d6560000,0x00000007e43a0000,0x00000007e43a0000)
  from space 227520K, 12% used [0x00000007f21d0000,0x00000007f3e394c0,0x0000000800000000)
  to   space 227520K, 0% used [0x00000007e43a0000,0x00000007e43a0000,0x00000007f21d0000)
 PSOldGen        total 1362304K, used 439522K [0x0000000783000000, 0x00000007d6260000, 0x00000007d6560000)
  object space 1362304K, 32% used [0x0000000783000000,0x000000079dd38bd0,0x00000007d6260000)
 PSPermGen       total 25216K, used 20767K [0x000000077de00000, 0x000000077f6a0000, 0x0000000783000000)
  object space 25216K, 82% used [0x000000077de00000,0x000000077f247d20,0x000000077f6a0000)
1351.859: [GC [PSYoungGen: 256677K->6944K(455104K)] 696200K->464188K(1817408K), 0.0536380 secs] [Times: user=0.39 sys=0.00, real=0.05 secs] 
Heap after GC invocations=193 (full 16):
 PSYoungGen      total 455104K, used 6944K [0x00000007d6560000, 0x0000000800000000, 0x0000000800000000)
  eden space 227584K, 0% used [0x00000007d6560000,0x00000007d6560000,0x00000007e43a0000)
  from space 227520K, 3% used [0x00000007e43a0000,0x00000007e4a68000,0x00000007f21d0000)
  to   space 227520K, 0% used [0x00000007f21d0000,0x00000007f21d0000,0x0000000800000000)
 PSOldGen        total 1362304K, used 457244K [0x0000000783000000, 0x00000007d6260000, 0x00000007d6560000)
  object space 1362304K, 33% used [0x0000000783000000,0x000000079ee870f0,0x00000007d6260000)
 PSPermGen       total 25216K, used 20767K [0x000000077de00000, 0x000000077f6a0000, 0x0000000783000000)
  object space 25216K, 82% used [0x000000077de00000,0x000000077f247d20,0x000000077f6a0000)
}
Total time for which application threads were stopped: 0.0543250 seconds
Application time: 0.7474210 seconds
{Heap before GC invocations=194 (full 16):
 PSYoungGen      total 455104K, used 234528K [0x00000007d6560000, 0x0000000800000000, 0x0000000800000000)
  eden space 227584K, 100% used [0x00000007d6560000,0x00000007e43a0000,0x00000007e43a0000)
  from space 227520K, 3% used [0x00000007e43a0000,0x00000007e4a68000,0x00000007f21d0000)
  to   space 227520K, 0% used [0x00000007f21d0000,0x00000007f21d0000,0x0000000800000000)
 PSOldGen        total 1362304K, used 457244K [0x0000000783000000, 0x00000007d6260000, 0x00000007d6560000)
  object space 1362304K, 33% used [0x0000000783000000,0x000000079ee870f0,0x00000007d6260000)
 PSPermGen       total 25216K, used 20767K [0x000000077de00000, 0x000000077f6a0000, 0x0000000783000000)
  object space 25216K, 82% used [0x000000077de00000,0x000000077f247d20,0x000000077f6a0000)
1352.661: [GC [PSYoungGen: 234528K->6976K(455104K)] 691772K->464324K(1817408K), 0.0523340 secs] [Times: user=0.39 sys=0.00, real=0.06 secs] 
Heap after GC invocations=194 (full 16):
 PSYoungGen      total 455104K, used 6976K [0x00000007d6560000, 0x0000000800000000, 0x0000000800000000)
  eden space 227584K, 0% used [0x00000007d6560000,0x00000007d6560000,0x00000007e43a0000)
  from space 227520K, 3% used [0x00000007f21d0000,0x00000007f28a0000,0x0000000800000000)
  to   space 227520K, 0% used [0x00000007e43a0000,0x00000007e43a0000,0x00000007f21d0000)
 PSOldGen        total 1362304K, used 457348K [0x0000000783000000, 0x00000007d6260000, 0x00000007d6560000)
  object space 1362304K, 33% used [0x0000000783000000,0x000000079eea10f0,0x00000007d6260000)
 PSPermGen       total 25216K, used 20767K [0x000000077de00000, 0x000000077f6a0000, 0x0000000783000000)
  object space 25216K, 82% used [0x000000077de00000,0x000000077f247d20,0x000000077f6a0000)
}
Total time for which application threads were stopped: 0.0530490 seconds
Application time: 1.7673930 seconds
{Heap before GC invocations=195 (full 16):
 PSYoungGen      total 455104K, used 234560K [0x00000007d6560000, 0x0000000800000000, 0x0000000800000000)
  eden space 227584K, 100% used [0x00000007d6560000,0x00000007e43a0000,0x00000007e43a0000)
  from space 227520K, 3% used [0x00000007f21d0000,0x00000007f28a0000,0x0000000800000000)
  to   space 227520K, 0% used [0x00000007e43a0000,0x00000007e43a0000,0x00000007f21d0000)
 PSOldGen        total 1362304K, used 457348K [0x0000000783000000, 0x00000007d6260000, 0x00000007d6560000)
  object space 1362304K, 33% used [0x0000000783000000,0x000000079eea10f0,0x00000007d6260000)
 PSPermGen       total 25216K, used 20828K [0x000000077de00000, 0x000000077f6a0000, 0x0000000783000000)
  object space 25216K, 82% used [0x000000077de00000,0x000000077f257260,0x000000077f6a0000)
1354.482: [GC [PSYoungGen: 234560K->39850K(455104K)] 691908K->497302K(1817408K), 0.0426770 secs] [Times: user=0.30 sys=0.00, real=0.04 secs] 
Heap after GC invocations=195 (full 16):
 PSYoungGen      total 455104K, used 39850K [0x00000007d6560000, 0x0000000800000000, 0x0000000800000000)
  eden space 227584K, 0% used [0x00000007d6560000,0x00000007d6560000,0x00000007e43a0000)
  from space 227520K, 17% used [0x00000007e43a0000,0x00000007e6a8aa40,0x00000007f21d0000)
  to   space 227520K, 0% used [0x00000007f21d0000,0x00000007f21d0000,0x0000000800000000)
 PSOldGen        total 1362304K, used 457452K [0x0000000783000000, 0x00000007d6260000, 0x00000007d6560000)
  object space 1362304K, 33% used [0x0000000783000000,0x000000079eebb0f0,0x00000007d6260000)
 PSPermGen       total 25216K, used 20828K [0x000000077de00000, 0x000000077f6a0000, 0x0000000783000000)
  object space 25216K, 82% used [0x000000077de00000,0x000000077f257260,0x000000077f6a0000)
}
Total time for which application threads were stopped: 0.0436620 seconds
Application time: 0.3333530 seconds
{Heap before GC invocations=196 (full 16):
 PSYoungGen      total 455104K, used 267429K [0x00000007d6560000, 0x0000000800000000, 0x0000000800000000)
  eden space 227584K, 99% used [0x00000007d6560000,0x00000007e439ed80,0x00000007e43a0000)
  from space 227520K, 17% used [0x00000007e43a0000,0x00000007e6a8aa40,0x00000007f21d0000)
  to   space 227520K, 0% used [0x00000007f21d0000,0x00000007f21d0000,0x0000000800000000)
 PSOldGen        total 1362304K, used 457452K [0x0000000783000000, 0x00000007d6260000, 0x00000007d6560000)
  object space 1362304K, 33% used [0x0000000783000000,0x000000079eebb0f0,0x00000007d6260000)
 PSPermGen       total 25216K, used 21037K [0x000000077de00000, 0x000000077f6a0000, 0x0000000783000000)
  object space 25216K, 83% used [0x000000077de00000,0x000000077f28b760,0x000000077f6a0000)
1354.859: [GC [PSYoungGen: 267429K->139711K(455104K)] 724882K->629453K(1817408K), 0.0319260 secs] [Times: user=0.29 sys=0.01, real=0.03 secs] 
Heap after GC invocations=196 (full 16):
 PSYoungGen      total 455104K, used 139711K [0x00000007d6560000, 0x0000000800000000, 0x0000000800000000)
  eden space 227584K, 0% used [0x00000007d6560000,0x00000007d6560000,0x00000007e43a0000)
  from space 227520K, 61% used [0x00000007f21d0000,0x00000007faa3fcc0,0x0000000800000000)
  to   space 227520K, 0% used [0x00000007e43a0000,0x00000007e43a0000,0x00000007f21d0000)
 PSOldGen        total 1362304K, used 489742K [0x0000000783000000, 0x00000007d6260000, 0x00000007d6560000)
  object space 1362304K, 35% used [0x0000000783000000,0x00000007a0e438a0,0x00000007d6260000)
 PSPermGen       total 25216K, used 21037K [0x000000077de00000, 0x000000077f6a0000, 0x0000000783000000)
  object space 25216K, 83% used [0x000000077de00000,0x000000077f28b760,0x000000077f6a0000)
}
Total time for which application threads were stopped: 0.0326940 seconds
Application time: 0.2958390 seconds
{Heap before GC invocations=197 (full 16):
 PSYoungGen      total 455104K, used 367295K [0x00000007d6560000, 0x0000000800000000, 0x0000000800000000)
  eden space 227584K, 100% used [0x00000007d6560000,0x00000007e43a0000,0x00000007e43a0000)
  from space 227520K, 61% used [0x00000007f21d0000,0x00000007faa3fcc0,0x0000000800000000)
  to   space 227520K, 0% used [0x00000007e43a0000,0x00000007e43a0000,0x00000007f21d0000)
 PSOldGen        total 1362304K, used 489742K [0x0000000783000000, 0x00000007d6260000, 0x00000007d6560000)
  object space 1362304K, 35% used [0x0000000783000000,0x00000007a0e438a0,0x00000007d6260000)
 PSPermGen       total 25216K, used 21271K [0x000000077de00000, 0x000000077f6a0000, 0x0000000783000000)
  object space 25216K, 84% used [0x000000077de00000,0x000000077f2c5c60,0x000000077f6a0000)
1355.187: [GC [PSYoungGen: 367295K->155070K(455104K)] 857037K->771001K(1817408K), 0.0431830 secs] [Times: user=0.44 sys=0.01, real=0.04 secs] 
Heap after GC invocations=197 (full 16):
 PSYoungGen      total 455104K, used 155070K [0x00000007d6560000, 0x0000000800000000, 0x0000000800000000)
  eden space 227584K, 0% used [0x00000007d6560000,0x00000007d6560000,0x00000007e43a0000)
  from space 227520K, 68% used [0x00000007e43a0000,0x00000007edb0f880,0x00000007f21d0000)
  to   space 227520K, 0% used [0x00000007f21d0000,0x00000007f21d0000,0x0000000800000000)
 PSOldGen        total 1362304K, used 615931K [0x0000000783000000, 0x00000007d6260000, 0x00000007d6560000)
  object space 1362304K, 45% used [0x0000000783000000,0x00000007a897ee50,0x00000007d6260000)
 PSPermGen       total 25216K, used 21271K [0x000000077de00000, 0x000000077f6a0000, 0x0000000783000000)
  object space 25216K, 84% used [0x000000077de00000,0x000000077f2c5c60,0x000000077f6a0000)
}
Total time for which application threads were stopped: 0.0439530 seconds
Application time: 0.3246760 seconds
{Heap before GC invocations=198 (full 16):
 PSYoungGen      total 455104K, used 382654K [0x00000007d6560000, 0x0000000800000000, 0x0000000800000000)
  eden space 227584K, 100% used [0x00000007d6560000,0x00000007e43a0000,0x00000007e43a0000)
  from space 227520K, 68% used [0x00000007e43a0000,0x00000007edb0f880,0x00000007f21d0000)
  to   space 227520K, 0% used [0x00000007f21d0000,0x00000007f21d0000,0x0000000800000000)
 PSOldGen        total 1362304K, used 615931K [0x0000000783000000, 0x00000007d6260000, 0x00000007d6560000)
  object space 1362304K, 45% used [0x0000000783000000,0x00000007a897ee50,0x00000007d6260000)
 PSPermGen       total 25216K, used 21496K [0x000000077de00000, 0x000000077f6a0000, 0x0000000783000000)
  object space 25216K, 85% used [0x000000077de00000,0x000000077f2fe060,0x000000077f6a0000)
1355.556: [GC [PSYoungGen: 382654K->149240K(455104K)] 998585K->906126K(1817408K), 0.0469400 secs] [Times: user=0.49 sys=0.01, real=0.04 secs] 
Heap after GC invocations=198 (full 16):
 PSYoungGen      total 455104K, used 149240K [0x00000007d6560000, 0x0000000800000000, 0x0000000800000000)
  eden space 227584K, 0% used [0x00000007d6560000,0x00000007d6560000,0x00000007e43a0000)
  from space 227520K, 65% used [0x00000007f21d0000,0x00000007fb38e060,0x0000000800000000)
  to   space 227520K, 0% used [0x00000007e43a0000,0x00000007e43a0000,0x00000007f21d0000)
 PSOldGen        total 1362304K, used 756886K [0x0000000783000000, 0x00000007d6260000, 0x00000007d6560000)
  object space 1362304K, 55% used [0x0000000783000000,0x00000007b1325a20,0x00000007d6260000)
 PSPermGen       total 25216K, used 21496K [0x000000077de00000, 0x000000077f6a0000, 0x0000000783000000)
  object space 25216K, 85% used [0x000000077de00000,0x000000077f2fe060,0x000000077f6a0000)
}
Total time for which application threads were stopped: 0.0476470 seconds
Application time: 0.7697030 seconds
{Heap before GC invocations=199 (full 16):
 PSYoungGen      total 455104K, used 376824K [0x00000007d6560000, 0x0000000800000000, 0x0000000800000000)
  eden space 227584K, 100% used [0x00000007d6560000,0x00000007e43a0000,0x00000007e43a0000)
  from space 227520K, 65% used [0x00000007f21d0000,0x00000007fb38e060,0x0000000800000000)
  to   space 227520K, 0% used [0x00000007e43a0000,0x00000007e43a0000,0x00000007f21d0000)
 PSOldGen        total 1362304K, used 756886K [0x0000000783000000, 0x00000007d6260000, 0x00000007d6560000)
  object space 1362304K, 55% used [0x0000000783000000,0x00000007b1325a20,0x00000007d6260000)
 PSPermGen       total 25216K, used 21501K [0x000000077de00000, 0x000000077f6a0000, 0x0000000783000000)
  object space 25216K, 85% used [0x000000077de00000,0x000000077f2ff6e0,0x000000077f6a0000)
1356.373: [GC [PSYoungGen: 376824K->9935K(455104K)] 1133710K->901781K(1817408K), 0.0581190 secs] [Times: user=0.38 sys=0.03, real=0.06 secs] 
Heap after GC invocations=199 (full 16):
 PSYoungGen      total 455104K, used 9935K [0x00000007d6560000, 0x0000000800000000, 0x0000000800000000)
  eden space 227584K, 0% used [0x00000007d6560000,0x00000007d6560000,0x00000007e43a0000)
  from space 227520K, 4% used [0x00000007e43a0000,0x00000007e4d53e20,0x00000007f21d0000)
  to   space 227520K, 0% used [0x00000007f21d0000,0x00000007f21d0000,0x0000000800000000)
 PSOldGen        total 1362304K, used 891845K [0x0000000783000000, 0x00000007d6260000, 0x00000007d6560000)
  object space 1362304K, 65% used [0x0000000783000000,0x00000007b96f1630,0x00000007d6260000)
 PSPermGen       total 25216K, used 21501K [0x000000077de00000, 0x000000077f6a0000, 0x0000000783000000)
  object space 25216K, 85% used [0x000000077de00000,0x000000077f2ff6e0,0x000000077f6a0000)
}
Total time for which application threads were stopped: 0.0588660 seconds
Application time: 0.7676170 seconds
{Heap before GC invocations=200 (full 16):
 PSYoungGen      total 455104K, used 237519K [0x00000007d6560000, 0x0000000800000000, 0x0000000800000000)
  eden space 227584K, 100% used [0x00000007d6560000,0x00000007e43a0000,0x00000007e43a0000)
  from space 227520K, 4% used [0x00000007e43a0000,0x00000007e4d53e20,0x00000007f21d0000)
  to   space 227520K, 0% used [0x00000007f21d0000,0x00000007f21d0000,0x0000000800000000)
 PSOldGen        total 1362304K, used 891845K [0x0000000783000000, 0x00000007d6260000, 0x00000007d6560000)
  object space 1362304K, 65% used [0x0000000783000000,0x00000007b96f1630,0x00000007d6260000)
 PSPermGen       total 25216K, used 21502K [0x000000077de00000, 0x000000077f6a0000, 0x0000000783000000)
  object space 25216K, 85% used [0x000000077de00000,0x000000077f2ffbb8,0x000000077f6a0000)
1357.200: [GC [PSYoungGen: 237519K->6912K(455104K)] 1129365K->901233K(1817408K), 0.0579690 secs] [Times: user=0.41 sys=0.00, real=0.06 secs] 
Heap after GC invocations=200 (full 16):
 PSYoungGen      total 455104K, used 6912K [0x00000007d6560000, 0x0000000800000000, 0x0000000800000000)
  eden space 227584K, 0% used [0x00000007d6560000,0x00000007d6560000,0x00000007e43a0000)
  from space 227520K, 3% used [0x00000007f21d0000,0x00000007f2890000,0x0000000800000000)
  to   space 227520K, 0% used [0x00000007e43a0000,0x00000007e43a0000,0x00000007f21d0000)
 PSOldGen        total 1362304K, used 894321K [0x0000000783000000, 0x00000007d6260000, 0x00000007d6560000)
  object space 1362304K, 65% used [0x0000000783000000,0x00000007b995c520,0x00000007d6260000)
 PSPermGen       total 25216K, used 21502K [0x000000077de00000, 0x000000077f6a0000, 0x0000000783000000)
  object space 25216K, 85% used [0x000000077de00000,0x000000077f2ffbb8,0x000000077f6a0000)
}
Total time for which application threads were stopped: 0.0587220 seconds
Application time: 0.7401960 seconds
{Heap before GC invocations=201 (full 16):
 PSYoungGen      total 455104K, used 234496K [0x00000007d6560000, 0x0000000800000000, 0x0000000800000000)
  eden space 227584K, 100% used [0x00000007d6560000,0x00000007e43a0000,0x00000007e43a0000)
  from space 227520K, 3% used [0x00000007f21d0000,0x00000007f2890000,0x0000000800000000)
  to   space 227520K, 0% used [0x00000007e43a0000,0x00000007e43a0000,0x00000007f21d0000)
 PSOldGen        total 1362304K, used 894321K [0x0000000783000000, 0x00000007d6260000, 0x00000007d6560000)
  object space 1362304K, 65% used [0x0000000783000000,0x00000007b995c520,0x00000007d6260000)
 PSPermGen       total 25216K, used 21502K [0x000000077de00000, 0x000000077f6a0000, 0x0000000783000000)
  object space 25216K, 85% used [0x000000077de00000,0x000000077f2ffbb8,0x000000077f6a0000)
1357.999: [GC [PSYoungGen: 234496K->7200K(455104K)] 1128817K->901625K(1817408K), 0.0552370 secs] [Times: user=0.40 sys=0.00, real=0.06 secs] 
Heap after GC invocations=201 (full 16):
 PSYoungGen      total 455104K, used 7200K [0x00000007d6560000, 0x0000000800000000, 0x0000000800000000)
  eden space 227584K, 0% used [0x00000007d6560000,0x00000007d6560000,0x00000007e43a0000)
  from space 227520K, 3% used [0x00000007e43a0000,0x00000007e4aa8000,0x00000007f21d0000)
  to   space 227520K, 0% used [0x00000007f21d0000,0x00000007f21d0000,0x0000000800000000)
 PSOldGen        total 1362304K, used 894425K [0x0000000783000000, 0x00000007d6260000, 0x00000007d6560000)
  object space 1362304K, 65% used [0x0000000783000000,0x00000007b9976520,0x00000007d6260000)
 PSPermGen       total 25216K, used 21502K [0x000000077de00000, 0x000000077f6a0000, 0x0000000783000000)
  object space 25216K, 85% used [0x000000077de00000,0x000000077f2ffbb8,0x000000077f6a0000)
}
Total time for which application threads were stopped: 0.0560920 seconds
Application time: 2.3602200 seconds
{Heap before GC invocations=202 (full 16):
 PSYoungGen      total 455104K, used 234784K [0x00000007d6560000, 0x0000000800000000, 0x0000000800000000)
  eden space 227584K, 100% used [0x00000007d6560000,0x00000007e43a0000,0x00000007e43a0000)
  from space 227520K, 3% used [0x00000007e43a0000,0x00000007e4aa8000,0x00000007f21d0000)
  to   space 227520K, 0% used [0x00000007f21d0000,0x00000007f21d0000,0x0000000800000000)
 PSOldGen        total 1362304K, used 894425K [0x0000000783000000, 0x00000007d6260000, 0x00000007d6560000)
  object space 1362304K, 65% used [0x0000000783000000,0x00000007b9976520,0x00000007d6260000)
 PSPermGen       total 25216K, used 21625K [0x000000077de00000, 0x000000077f6a0000, 0x0000000783000000)
  object space 25216K, 85% used [0x000000077de00000,0x000000077f31e7b8,0x000000077f6a0000)
1360.415: [GC [PSYoungGen: 234784K->78902K(455104K)] 1129209K->973552K(1817408K), 0.0353990 secs] [Times: user=0.26 sys=0.01, real=0.03 secs] 
Heap after GC invocations=202 (full 16):
 PSYoungGen      total 455104K, used 78902K [0x00000007d6560000, 0x0000000800000000, 0x0000000800000000)
  eden space 227584K, 0% used [0x00000007d6560000,0x00000007d6560000,0x00000007e43a0000)
  from space 227520K, 34% used [0x00000007f21d0000,0x00000007f6eddb60,0x0000000800000000)
  to   space 227520K, 0% used [0x00000007e43a0000,0x00000007e43a0000,0x00000007f21d0000)
 PSOldGen        total 1362304K, used 894649K [0x0000000783000000, 0x00000007d6260000, 0x00000007d6560000)
  object space 1362304K, 65% used [0x0000000783000000,0x00000007b99ae520,0x00000007d6260000)
 PSPermGen       total 25216K, used 21625K [0x000000077de00000, 0x000000077f6a0000, 0x0000000783000000)
  object space 25216K, 85% used [0x000000077de00000,0x000000077f31e7b8,0x000000077f6a0000)
}
Total time for which application threads were stopped: 0.0361900 seconds
Application time: 0.2827670 seconds
{Heap before GC invocations=203 (full 16):
 PSYoungGen      total 455104K, used 306486K [0x00000007d6560000, 0x0000000800000000, 0x0000000800000000)
  eden space 227584K, 100% used [0x00000007d6560000,0x00000007e43a0000,0x00000007e43a0000)
  from space 227520K, 34% used [0x00000007f21d0000,0x00000007f6eddb60,0x0000000800000000)
  to   space 227520K, 0% used [0x00000007e43a0000,0x00000007e43a0000,0x00000007f21d0000)
 PSOldGen        total 1362304K, used 894649K [0x0000000783000000, 0x00000007d6260000, 0x00000007d6560000)
  object space 1362304K, 65% used [0x0000000783000000,0x00000007b99ae520,0x00000007d6260000)
 PSPermGen       total 25216K, used 21860K [0x000000077de00000, 0x000000077f6a0000, 0x0000000783000000)
  object space 25216K, 86% used [0x000000077de00000,0x000000077f3592b8,0x000000077f6a0000)
1360.734: [GC [PSYoungGen: 306486K->156145K(455104K)] 1201136K->1120352K(1817408K), 0.0372910 secs] [Times: user=0.37 sys=0.01, real=0.04 secs] 
Heap after GC invocations=203 (full 16):
 PSYoungGen      total 455104K, used 156145K [0x00000007d6560000, 0x0000000800000000, 0x0000000800000000)
  eden space 227584K, 0% used [0x00000007d6560000,0x00000007d6560000,0x00000007e43a0000)
  from space 227520K, 68% used [0x00000007e43a0000,0x00000007edc1c740,0x00000007f21d0000)
  to   space 227520K, 0% used [0x00000007f21d0000,0x00000007f21d0000,0x0000000800000000)
 PSOldGen        total 1362304K, used 964206K [0x0000000783000000, 0x00000007d6260000, 0x00000007d6560000)
  object space 1362304K, 70% used [0x0000000783000000,0x00000007bdd9b8f0,0x00000007d6260000)
 PSPermGen       total 25216K, used 21860K [0x000000077de00000, 0x000000077f6a0000, 0x0000000783000000)
  object space 25216K, 86% used [0x000000077de00000,0x000000077f3592b8,0x000000077f6a0000)
}
Total time for which application threads were stopped: 0.0380730 seconds
Application time: 0.3067950 seconds
{Heap before GC invocations=204 (full 16):
 PSYoungGen      total 455104K, used 383729K [0x00000007d6560000, 0x0000000800000000, 0x0000000800000000)
  eden space 227584K, 100% used [0x00000007d6560000,0x00000007e43a0000,0x00000007e43a0000)
  from space 227520K, 68% used [0x00000007e43a0000,0x00000007edc1c740,0x00000007f21d0000)
  to   space 227520K, 0% used [0x00000007f21d0000,0x00000007f21d0000,0x0000000800000000)
 PSOldGen        total 1362304K, used 964206K [0x0000000783000000, 0x00000007d6260000, 0x00000007d6560000)
  object space 1362304K, 70% used [0x0000000783000000,0x00000007bdd9b8f0,0x00000007d6260000)
 PSPermGen       total 25216K, used 22087K [0x000000077de00000, 0x000000077f6a0000, 0x0000000783000000)
  object space 25216K, 87% used [0x000000077de00000,0x000000077f391fb8,0x000000077f6a0000)
1361.079: [GC [PSYoungGen: 383729K->151029K(455104K)] 1347936K->1256337K(1817408K), 0.0466820 secs] [Times: user=0.51 sys=0.00, real=0.05 secs] 
Heap after GC invocations=204 (full 16):
 PSYoungGen      total 455104K, used 151029K [0x00000007d6560000, 0x0000000800000000, 0x0000000800000000)
  eden space 227584K, 0% used [0x00000007d6560000,0x00000007d6560000,0x00000007e43a0000)
  from space 227520K, 66% used [0x00000007f21d0000,0x00000007fb54d4c0,0x0000000800000000)
  to   space 227520K, 0% used [0x00000007e43a0000,0x00000007e43a0000,0x00000007f21d0000)
 PSOldGen        total 1362304K, used 1105308K [0x0000000783000000, 0x00000007d6260000, 0x00000007d6560000)
  object space 1362304K, 81% used [0x0000000783000000,0x00000007c6767190,0x00000007d6260000)
 PSPermGen       total 25216K, used 22087K [0x000000077de00000, 0x000000077f6a0000, 0x0000000783000000)
  object space 25216K, 87% used [0x000000077de00000,0x000000077f391fb8,0x000000077f6a0000)
}
Total time for which application threads were stopped: 0.0474970 seconds
Application time: 0.4099070 seconds
{Heap before GC invocations=205 (full 16):
 PSYoungGen      total 455104K, used 378613K [0x00000007d6560000, 0x0000000800000000, 0x0000000800000000)
  eden space 227584K, 100% used [0x00000007d6560000,0x00000007e43a0000,0x00000007e43a0000)
  from space 227520K, 66% used [0x00000007f21d0000,0x00000007fb54d4c0,0x0000000800000000)
  to   space 227520K, 0% used [0x00000007e43a0000,0x00000007e43a0000,0x00000007f21d0000)
 PSOldGen        total 1362304K, used 1105308K [0x0000000783000000, 0x00000007d6260000, 0x00000007d6560000)
  object space 1362304K, 81% used [0x0000000783000000,0x00000007c6767190,0x00000007d6260000)
 PSPermGen       total 25216K, used 22278K [0x000000077de00000, 0x000000077f6a0000, 0x0000000783000000)
  object space 25216K, 88% used [0x000000077de00000,0x000000077f3c1838,0x000000077f6a0000)
1361.537: [GC [PSYoungGen: 378613K->126072K(455104K)] 1483921K->1369263K(1817408K), 0.0494270 secs] [Times: user=0.47 sys=0.03, real=0.05 secs] 
Heap after GC invocations=205 (full 16):
 PSYoungGen      total 455104K, used 126072K [0x00000007d6560000, 0x0000000800000000, 0x0000000800000000)
  eden space 227584K, 0% used [0x00000007d6560000,0x00000007d6560000,0x00000007e43a0000)
  from space 227520K, 55% used [0x00000007e43a0000,0x00000007ebebe3d0,0x00000007f21d0000)
  to   space 227520K, 0% used [0x00000007f21d0000,0x00000007f21d0000,0x0000000800000000)
 PSOldGen        total 1362304K, used 1243190K [0x0000000783000000, 0x00000007d6260000, 0x00000007d6560000)
  object space 1362304K, 91% used [0x0000000783000000,0x00000007cee0d950,0x00000007d6260000)
 PSPermGen       total 25216K, used 22278K [0x000000077de00000, 0x000000077f6a0000, 0x0000000783000000)
  object space 25216K, 88% used [0x000000077de00000,0x000000077f3c1838,0x000000077f6a0000)
}
{Heap before GC invocations=206 (full 17):
 PSYoungGen      total 455104K, used 126072K [0x00000007d6560000, 0x0000000800000000, 0x0000000800000000)
  eden space 227584K, 0% used [0x00000007d6560000,0x00000007d6560000,0x00000007e43a0000)
  from space 227520K, 55% used [0x00000007e43a0000,0x00000007ebebe3d0,0x00000007f21d0000)
  to   space 227520K, 0% used [0x00000007f21d0000,0x00000007f21d0000,0x0000000800000000)
 PSOldGen        total 1362304K, used 1243190K [0x0000000783000000, 0x00000007d6260000, 0x00000007d6560000)
  object space 1362304K, 91% used [0x0000000783000000,0x00000007cee0d950,0x00000007d6260000)
 PSPermGen       total 25216K, used 22278K [0x000000077de00000, 0x000000077f6a0000, 0x0000000783000000)
  object space 25216K, 88% used [0x000000077de00000,0x000000077f3c1838,0x000000077f6a0000)
1361.586: [Full GC [PSYoungGen: 126072K->0K(455104K)] [PSOldGen: 1243190K->556600K(1365376K)] 1369263K->556600K(1820480K) [PSPermGen: 22278K->22278K(26368K)], 0.4801430 secs] [Times: user=0.48 sys=0.00, real=0.48 secs] 
Heap after GC invocations=206 (full 17):
 PSYoungGen      total 455104K, used 0K [0x00000007d6560000, 0x0000000800000000, 0x0000000800000000)
  eden space 227584K, 0% used [0x00000007d6560000,0x00000007d6560000,0x00000007e43a0000)
  from space 227520K, 0% used [0x00000007e43a0000,0x00000007e43a0000,0x00000007f21d0000)
  to   space 227520K, 0% used [0x00000007f21d0000,0x00000007f21d0000,0x0000000800000000)
 PSOldGen        total 1365376K, used 556600K [0x0000000783000000, 0x00000007d6560000, 0x00000007d6560000)
  object space 1365376K, 40% used [0x0000000783000000,0x00000007a4f8e0c8,0x00000007d6560000)
 PSPermGen       total 26368K, used 22278K [0x000000077de00000, 0x000000077f7c0000, 0x0000000783000000)
  object space 26368K, 84% used [0x000000077de00000,0x000000077f3c1838,0x000000077f7c0000)
}
Total time for which application threads were stopped: 0.5307710 seconds
Application time: 1.0667110 seconds
{Heap before GC invocations=207 (full 17):
 PSYoungGen      total 455104K, used 227584K [0x00000007d6560000, 0x0000000800000000, 0x0000000800000000)
  eden space 227584K, 100% used [0x00000007d6560000,0x00000007e43a0000,0x00000007e43a0000)
  from space 227520K, 0% used [0x00000007e43a0000,0x00000007e43a0000,0x00000007f21d0000)
  to   space 227520K, 0% used [0x00000007f21d0000,0x00000007f21d0000,0x0000000800000000)
 PSOldGen        total 1365376K, used 556600K [0x0000000783000000, 0x00000007d6560000, 0x00000007d6560000)
  object space 1365376K, 40% used [0x0000000783000000,0x00000007a4f8e0c8,0x00000007d6560000)
 PSPermGen       total 26368K, used 22279K [0x000000077de00000, 0x000000077f7c0000, 0x0000000783000000)
  object space 26368K, 84% used [0x000000077de00000,0x000000077f3c1ef8,0x000000077f7c0000)
1363.134: [GC [PSYoungGen: 227584K->7895K(455104K)] 784184K->564495K(1820480K), 0.0542860 secs] [Times: user=0.39 sys=0.00, real=0.06 secs] 
Heap after GC invocations=207 (full 17):
 PSYoungGen      total 455104K, used 7895K [0x00000007d6560000, 0x0000000800000000, 0x0000000800000000)
  eden space 227584K, 0% used [0x00000007d6560000,0x00000007d6560000,0x00000007e43a0000)
  from space 227520K, 3% used [0x00000007f21d0000,0x00000007f2985d10,0x0000000800000000)
  to   space 227520K, 0% used [0x00000007e43a0000,0x00000007e43a0000,0x00000007f21d0000)
 PSOldGen        total 1365376K, used 556600K [0x0000000783000000, 0x00000007d6560000, 0x00000007d6560000)
  object space 1365376K, 40% used [0x0000000783000000,0x00000007a4f8e0c8,0x00000007d6560000)
 PSPermGen       total 26368K, used 22279K [0x000000077de00000, 0x000000077f7c0000, 0x0000000783000000)
  object space 26368K, 84% used [0x000000077de00000,0x000000077f3c1ef8,0x000000077f7c0000)
}
Total time for which application threads were stopped: 0.0550150 seconds
Application time: 0.7834060 seconds
{Heap before GC invocations=208 (full 17):
 PSYoungGen      total 455104K, used 235479K [0x00000007d6560000, 0x0000000800000000, 0x0000000800000000)
  eden space 227584K, 100% used [0x00000007d6560000,0x00000007e43a0000,0x00000007e43a0000)
  from space 227520K, 3% used [0x00000007f21d0000,0x00000007f2985d10,0x0000000800000000)
  to   space 227520K, 0% used [0x00000007e43a0000,0x00000007e43a0000,0x00000007f21d0000)
 PSOldGen        total 1365376K, used 556600K [0x0000000783000000, 0x00000007d6560000, 0x00000007d6560000)
  object space 1365376K, 40% used [0x0000000783000000,0x00000007a4f8e0c8,0x00000007d6560000)
 PSPermGen       total 26368K, used 22279K [0x000000077de00000, 0x000000077f7c0000, 0x0000000783000000)
  object space 26368K, 84% used [0x000000077de00000,0x000000077f3c1ef8,0x000000077f7c0000)
1363.972: [GC [PSYoungGen: 235479K->7072K(455104K)] 792079K->564310K(1820480K), 0.0548440 secs] [Times: user=0.38 sys=0.00, real=0.06 secs] 
Heap after GC invocations=208 (full 17):
 PSYoungGen      total 455104K, used 7072K [0x00000007d6560000, 0x0000000800000000, 0x0000000800000000)
  eden space 227584K, 0% used [0x00000007d6560000,0x00000007d6560000,0x00000007e43a0000)
  from space 227520K, 3% used [0x00000007e43a0000,0x00000007e4a88000,0x00000007f21d0000)
  to   space 227520K, 0% used [0x00000007f21d0000,0x00000007f21d0000,0x0000000800000000)
 PSOldGen        total 1365376K, used 557238K [0x0000000783000000, 0x00000007d6560000, 0x00000007d6560000)
  object space 1365376K, 40% used [0x0000000783000000,0x00000007a502db68,0x00000007d6560000)
 PSPermGen       total 26368K, used 22279K [0x000000077de00000, 0x000000077f7c0000, 0x0000000783000000)
  object space 26368K, 84% used [0x000000077de00000,0x000000077f3c1ef8,0x000000077f7c0000)
}
Total time for which application threads were stopped: 0.0555630 seconds
Application time: 0.7708530 seconds
{Heap before GC invocations=209 (full 17):
 PSYoungGen      total 455104K, used 234656K [0x00000007d6560000, 0x0000000800000000, 0x0000000800000000)
  eden space 227584K, 100% used [0x00000007d6560000,0x00000007e43a0000,0x00000007e43a0000)
  from space 227520K, 3% used [0x00000007e43a0000,0x00000007e4a88000,0x00000007f21d0000)
  to   space 227520K, 0% used [0x00000007f21d0000,0x00000007f21d0000,0x0000000800000000)
 PSOldGen        total 1365376K, used 557238K [0x0000000783000000, 0x00000007d6560000, 0x00000007d6560000)
  object space 1365376K, 40% used [0x0000000783000000,0x00000007a502db68,0x00000007d6560000)
 PSPermGen       total 26368K, used 22279K [0x000000077de00000, 0x000000077f7c0000, 0x0000000783000000)
  object space 26368K, 84% used [0x000000077de00000,0x000000077f3c1ef8,0x000000077f7c0000)
1364.799: [GC [PSYoungGen: 234656K->6848K(455104K)] 791894K->564254K(1820480K), 0.0532660 secs] [Times: user=0.38 sys=0.00, real=0.05 secs] 
Heap after GC invocations=209 (full 17):
 PSYoungGen      total 455104K, used 6848K [0x00000007d6560000, 0x0000000800000000, 0x0000000800000000)
  eden space 227584K, 0% used [0x00000007d6560000,0x00000007d6560000,0x00000007e43a0000)
  from space 227520K, 3% used [0x00000007f21d0000,0x00000007f2880000,0x0000000800000000)
  to   space 227520K, 0% used [0x00000007e43a0000,0x00000007e43a0000,0x00000007f21d0000)
 PSOldGen        total 1365376K, used 557406K [0x0000000783000000, 0x00000007d6560000, 0x00000007d6560000)
  object space 1365376K, 40% used [0x0000000783000000,0x00000007a5057b68,0x00000007d6560000)
 PSPermGen       total 26368K, used 22279K [0x000000077de00000, 0x000000077f7c0000, 0x0000000783000000)
  object space 26368K, 84% used [0x000000077de00000,0x000000077f3c1ef8,0x000000077f7c0000)
}
Total time for which application threads were stopped: 0.0541740 seconds
Application time: 183.1778720 seconds
{Heap before GC invocations=210 (full 17):
 PSYoungGen      total 455104K, used 234432K [0x00000007d6560000, 0x0000000800000000, 0x0000000800000000)
  eden space 227584K, 100% used [0x00000007d6560000,0x00000007e43a0000,0x00000007e43a0000)
  from space 227520K, 3% used [0x00000007f21d0000,0x00000007f2880000,0x0000000800000000)
  to   space 227520K, 0% used [0x00000007e43a0000,0x00000007e43a0000,0x00000007f21d0000)
 PSOldGen        total 1365376K, used 557406K [0x0000000783000000, 0x00000007d6560000, 0x00000007d6560000)
  object space 1365376K, 40% used [0x0000000783000000,0x00000007a5057b68,0x00000007d6560000)
 PSPermGen       total 26368K, used 22461K [0x000000077de00000, 0x000000077f7c0000, 0x0000000783000000)
  object space 26368K, 85% used [0x000000077de00000,0x000000077f3ef4f8,0x000000077f7c0000)
1548.031: [GC [PSYoungGen: 234432K->116096K(455104K)] 791838K->673631K(1820480K), 0.0286290 secs] [Times: user=0.24 sys=0.00, real=0.03 secs] 
Heap after GC invocations=210 (full 17):
 PSYoungGen      total 455104K, used 116096K [0x00000007d6560000, 0x0000000800000000, 0x0000000800000000)
  eden space 227584K, 0% used [0x00000007d6560000,0x00000007d6560000,0x00000007e43a0000)
  from space 227520K, 51% used [0x00000007e43a0000,0x00000007eb500200,0x00000007f21d0000)
  to   space 227520K, 0% used [0x00000007f21d0000,0x00000007f21d0000,0x0000000800000000)
 PSOldGen        total 1365376K, used 557534K [0x0000000783000000, 0x00000007d6560000, 0x00000007d6560000)
  object space 1365376K, 40% used [0x0000000783000000,0x00000007a5077b68,0x00000007d6560000)
 PSPermGen       total 26368K, used 22461K [0x000000077de00000, 0x000000077f7c0000, 0x0000000783000000)
  object space 26368K, 85% used [0x000000077de00000,0x000000077f3ef4f8,0x000000077f7c0000)
}
Total time for which application threads were stopped: 0.0293920 seconds
Application time: 0.2942870 seconds
{Heap before GC invocations=211 (full 17):
 PSYoungGen      total 455104K, used 343680K [0x00000007d6560000, 0x0000000800000000, 0x0000000800000000)
  eden space 227584K, 100% used [0x00000007d6560000,0x00000007e43a0000,0x00000007e43a0000)
  from space 227520K, 51% used [0x00000007e43a0000,0x00000007eb500200,0x00000007f21d0000)
  to   space 227520K, 0% used [0x00000007f21d0000,0x00000007f21d0000,0x0000000800000000)
 PSOldGen        total 1365376K, used 557534K [0x0000000783000000, 0x00000007d6560000, 0x00000007d6560000)
  object space 1365376K, 40% used [0x0000000783000000,0x00000007a5077b68,0x00000007d6560000)
 PSPermGen       total 26368K, used 22704K [0x000000077de00000, 0x000000077f7c0000, 0x0000000783000000)
  object space 26368K, 86% used [0x000000077de00000,0x000000077f42c278,0x000000077f7c0000)
1548.355: [GC [PSYoungGen: 343680K->160511K(455104K)] 901215K->823233K(1820480K), 0.0402120 secs] [Times: user=0.42 sys=0.00, real=0.04 secs] 
Heap after GC invocations=211 (full 17):
 PSYoungGen      total 455104K, used 160511K [0x00000007d6560000, 0x0000000800000000, 0x0000000800000000)
  eden space 227584K, 0% used [0x00000007d6560000,0x00000007d6560000,0x00000007e43a0000)
  from space 227520K, 70% used [0x00000007f21d0000,0x00000007fbe8ff30,0x0000000800000000)
  to   space 227520K, 0% used [0x00000007e43a0000,0x00000007e43a0000,0x00000007f21d0000)
 PSOldGen        total 1365376K, used 662721K [0x0000000783000000, 0x00000007d6560000, 0x00000007d6560000)
  object space 1365376K, 48% used [0x0000000783000000,0x00000007ab730768,0x00000007d6560000)
 PSPermGen       total 26368K, used 22704K [0x000000077de00000, 0x000000077f7c0000, 0x0000000783000000)
  object space 26368K, 86% used [0x000000077de00000,0x000000077f42c278,0x000000077f7c0000)
}
Total time for which application threads were stopped: 0.0411500 seconds
Application time: 0.2913320 seconds
{Heap before GC invocations=212 (full 17):
 PSYoungGen      total 455104K, used 388095K [0x00000007d6560000, 0x0000000800000000, 0x0000000800000000)
  eden space 227584K, 100% used [0x00000007d6560000,0x00000007e43a0000,0x00000007e43a0000)
  from space 227520K, 70% used [0x00000007f21d0000,0x00000007fbe8ff30,0x0000000800000000)
  to   space 227520K, 0% used [0x00000007e43a0000,0x00000007e43a0000,0x00000007f21d0000)
 PSOldGen        total 1365376K, used 662721K [0x0000000783000000, 0x00000007d6560000, 0x00000007d6560000)
  object space 1365376K, 48% used [0x0000000783000000,0x00000007ab730768,0x00000007d6560000)
 PSPermGen       total 26368K, used 22950K [0x000000077de00000, 0x000000077f7c0000, 0x0000000783000000)
  object space 26368K, 87% used [0x000000077de00000,0x000000077f4699b8,0x000000077f7c0000)
1548.687: [GC [PSYoungGen: 388095K->163200K(455104K)] 1050817K->972279K(1820480K), 0.0468290 secs] [Times: user=0.51 sys=0.00, real=0.04 secs] 
Heap after GC invocations=212 (full 17):
 PSYoungGen      total 455104K, used 163200K [0x00000007d6560000, 0x0000000800000000, 0x0000000800000000)
  eden space 227584K, 0% used [0x00000007d6560000,0x00000007d6560000,0x00000007e43a0000)
  from space 227520K, 71% used [0x00000007e43a0000,0x00000007ee300310,0x00000007f21d0000)
  to   space 227520K, 0% used [0x00000007f21d0000,0x00000007f21d0000,0x0000000800000000)
 PSOldGen        total 1365376K, used 809078K [0x0000000783000000, 0x00000007d6560000, 0x00000007d6560000)
  object space 1365376K, 59% used [0x0000000783000000,0x00000007b461da28,0x00000007d6560000)
 PSPermGen       total 26368K, used 22950K [0x000000077de00000, 0x000000077f7c0000, 0x0000000783000000)
  object space 26368K, 87% used [0x000000077de00000,0x000000077f4699b8,0x000000077f7c0000)
}
Total time for which application threads were stopped: 0.0475870 seconds
Application time: 0.5419330 seconds
{Heap before GC invocations=213 (full 17):
 PSYoungGen      total 455104K, used 390784K [0x00000007d6560000, 0x0000000800000000, 0x0000000800000000)
  eden space 227584K, 100% used [0x00000007d6560000,0x00000007e43a0000,0x00000007e43a0000)
  from space 227520K, 71% used [0x00000007e43a0000,0x00000007ee300310,0x00000007f21d0000)
  to   space 227520K, 0% used [0x00000007f21d0000,0x00000007f21d0000,0x0000000800000000)
 PSOldGen        total 1365376K, used 809078K [0x0000000783000000, 0x00000007d6560000, 0x00000007d6560000)
  object space 1365376K, 59% used [0x0000000783000000,0x00000007b461da28,0x00000007d6560000)
 PSPermGen       total 26368K, used 23077K [0x000000077de00000, 0x000000077f7c0000, 0x0000000783000000)
  object space 26368K, 87% used [0x000000077de00000,0x000000077f4896f8,0x000000077f7c0000)
1549.278: [GC [PSYoungGen: 390784K->86702K(455104K)] 1199863K->1044354K(1820480K), 0.0507660 secs] [Times: user=0.45 sys=0.01, real=0.05 secs] 
Heap after GC invocations=213 (full 17):
 PSYoungGen      total 455104K, used 86702K [0x00000007d6560000, 0x0000000800000000, 0x0000000800000000)
  eden space 227584K, 0% used [0x00000007d6560000,0x00000007d6560000,0x00000007e43a0000)
  from space 227520K, 38% used [0x00000007f21d0000,0x00000007f767ba30,0x0000000800000000)
  to   space 227520K, 0% used [0x00000007e43a0000,0x00000007e43a0000,0x00000007f21d0000)
 PSOldGen        total 1365376K, used 957651K [0x0000000783000000, 0x00000007d6560000, 0x00000007d6560000)
  object space 1365376K, 70% used [0x0000000783000000,0x00000007bd734de8,0x00000007d6560000)
 PSPermGen       total 26368K, used 23077K [0x000000077de00000, 0x000000077f7c0000, 0x0000000783000000)
  object space 26368K, 87% used [0x000000077de00000,0x000000077f4896f8,0x000000077f7c0000)
}
Total time for which application threads were stopped: 0.0525980 seconds
Application time: 0.8061510 seconds
{Heap before GC invocations=214 (full 17):
 PSYoungGen      total 455104K, used 314286K [0x00000007d6560000, 0x0000000800000000, 0x0000000800000000)
  eden space 227584K, 100% used [0x00000007d6560000,0x00000007e43a0000,0x00000007e43a0000)
  from space 227520K, 38% used [0x00000007f21d0000,0x00000007f767ba30,0x0000000800000000)
  to   space 227520K, 0% used [0x00000007e43a0000,0x00000007e43a0000,0x00000007f21d0000)
 PSOldGen        total 1365376K, used 957651K [0x0000000783000000, 0x00000007d6560000, 0x00000007d6560000)
  object space 1365376K, 70% used [0x0000000783000000,0x00000007bd734de8,0x00000007d6560000)
 PSPermGen       total 26368K, used 23077K [0x000000077de00000, 0x000000077f7c0000, 0x0000000783000000)
  object space 26368K, 87% used [0x000000077de00000,0x000000077f4896f8,0x000000077f7c0000)
1550.135: [GC [PSYoungGen: 314286K->7008K(455104K)] 1271938K->1040277K(1820480K), 0.0541360 secs] [Times: user=0.36 sys=0.02, real=0.05 secs] 
Heap after GC invocations=214 (full 17):
 PSYoungGen      total 455104K, used 7008K [0x00000007d6560000, 0x0000000800000000, 0x0000000800000000)
  eden space 227584K, 0% used [0x00000007d6560000,0x00000007d6560000,0x00000007e43a0000)
  from space 227520K, 3% used [0x00000007e43a0000,0x00000007e4a78000,0x00000007f21d0000)
  to   space 227520K, 0% used [0x00000007f21d0000,0x00000007f21d0000,0x0000000800000000)
 PSOldGen        total 1365376K, used 1033269K [0x0000000783000000, 0x00000007d6560000, 0x00000007d6560000)
  object space 1365376K, 75% used [0x0000000783000000,0x00000007c210d708,0x00000007d6560000)
 PSPermGen       total 26368K, used 23077K [0x000000077de00000, 0x000000077f7c0000, 0x0000000783000000)
  object space 26368K, 87% used [0x000000077de00000,0x000000077f4896f8,0x000000077f7c0000)
}
Total time for which application threads were stopped: 0.0548620 seconds
Application time: 0.8000700 seconds
{Heap before GC invocations=215 (full 17):
 PSYoungGen      total 455104K, used 234592K [0x00000007d6560000, 0x0000000800000000, 0x0000000800000000)
  eden space 227584K, 100% used [0x00000007d6560000,0x00000007e43a0000,0x00000007e43a0000)
  from space 227520K, 3% used [0x00000007e43a0000,0x00000007e4a78000,0x00000007f21d0000)
  to   space 227520K, 0% used [0x00000007f21d0000,0x00000007f21d0000,0x0000000800000000)
 PSOldGen        total 1365376K, used 1033269K [0x0000000783000000, 0x00000007d6560000, 0x00000007d6560000)
  object space 1365376K, 75% used [0x0000000783000000,0x00000007c210d708,0x00000007d6560000)
 PSPermGen       total 26368K, used 23077K [0x000000077de00000, 0x000000077f7c0000, 0x0000000783000000)
  object space 26368K, 87% used [0x000000077de00000,0x000000077f4896f8,0x000000077f7c0000)
1550.990: [GC [PSYoungGen: 234592K->6880K(455104K)] 1267861K->1040213K(1820480K), 0.0540150 secs] [Times: user=0.40 sys=0.00, real=0.06 secs] 
Heap after GC invocations=215 (full 17):
 PSYoungGen      total 455104K, used 6880K [0x00000007d6560000, 0x0000000800000000, 0x0000000800000000)
  eden space 227584K, 0% used [0x00000007d6560000,0x00000007d6560000,0x00000007e43a0000)
  from space 227520K, 3% used [0x00000007f21d0000,0x00000007f2888000,0x0000000800000000)
  to   space 227520K, 0% used [0x00000007e43a0000,0x00000007e43a0000,0x00000007f21d0000)
 PSOldGen        total 1365376K, used 1033333K [0x0000000783000000, 0x00000007d6560000, 0x00000007d6560000)
  object space 1365376K, 75% used [0x0000000783000000,0x00000007c211d708,0x00000007d6560000)
 PSPermGen       total 26368K, used 23077K [0x000000077de00000, 0x000000077f7c0000, 0x0000000783000000)
  object space 26368K, 87% used [0x000000077de00000,0x000000077f4896f8,0x000000077f7c0000)
}
Total time for which application threads were stopped: 0.0546620 seconds
Application time: 0.7902170 seconds
{Heap before GC invocations=216 (full 17):
 PSYoungGen      total 455104K, used 234464K [0x00000007d6560000, 0x0000000800000000, 0x0000000800000000)
  eden space 227584K, 100% used [0x00000007d6560000,0x00000007e43a0000,0x00000007e43a0000)
  from space 227520K, 3% used [0x00000007f21d0000,0x00000007f2888000,0x0000000800000000)
  to   space 227520K, 0% used [0x00000007e43a0000,0x00000007e43a0000,0x00000007f21d0000)
 PSOldGen        total 1365376K, used 1033333K [0x0000000783000000, 0x00000007d6560000, 0x00000007d6560000)
  object space 1365376K, 75% used [0x0000000783000000,0x00000007c211d708,0x00000007d6560000)
 PSPermGen       total 26368K, used 23078K [0x000000077de00000, 0x000000077f7c0000, 0x0000000783000000)
  object space 26368K, 87% used [0x000000077de00000,0x000000077f489860,0x000000077f7c0000)
1551.835: [GC [PSYoungGen: 234464K->7008K(455104K)] 1267797K->1040413K(1820480K), 0.0531880 secs] [Times: user=0.36 sys=0.02, real=0.05 secs] 
Heap after GC invocations=216 (full 17):
 PSYoungGen      total 455104K, used 7008K [0x00000007d6560000, 0x0000000800000000, 0x0000000800000000)
  eden space 227584K, 0% used [0x00000007d6560000,0x00000007d6560000,0x00000007e43a0000)
  from space 227520K, 3% used [0x00000007e43a0000,0x00000007e4a78000,0x00000007f21d0000)
  to   space 227520K, 0% used [0x00000007f21d0000,0x00000007f21d0000,0x0000000800000000)
 PSOldGen        total 1365376K, used 1033405K [0x0000000783000000, 0x00000007d6560000, 0x00000007d6560000)
  object space 1365376K, 75% used [0x0000000783000000,0x00000007c212f708,0x00000007d6560000)
 PSPermGen       total 26368K, used 23078K [0x000000077de00000, 0x000000077f7c0000, 0x0000000783000000)
  object space 26368K, 87% used [0x000000077de00000,0x000000077f489860,0x000000077f7c0000)
}
Total time for which application threads were stopped: 0.0539770 seconds
Application time: 0.7728820 seconds
{Heap before GC invocations=217 (full 17):
 PSYoungGen      total 455104K, used 234592K [0x00000007d6560000, 0x0000000800000000, 0x0000000800000000)
  eden space 227584K, 100% used [0x00000007d6560000,0x00000007e43a0000,0x00000007e43a0000)
  from space 227520K, 3% used [0x00000007e43a0000,0x00000007e4a78000,0x00000007f21d0000)
  to   space 227520K, 0% used [0x00000007f21d0000,0x00000007f21d0000,0x0000000800000000)
 PSOldGen        total 1365376K, used 1033405K [0x0000000783000000, 0x00000007d6560000, 0x00000007d6560000)
  object space 1365376K, 75% used [0x0000000783000000,0x00000007c212f708,0x00000007d6560000)
 PSPermGen       total 26368K, used 23273K [0x000000077de00000, 0x000000077f7c0000, 0x0000000783000000)
  object space 26368K, 88% used [0x000000077de00000,0x000000077f4ba520,0x000000077f7c0000)
1552.662: [GC [PSYoungGen: 234592K->123963K(455104K)] 1267997K->1157593K(1820480K), 0.0295540 secs] [Times: user=0.25 sys=0.00, real=0.03 secs] 
Heap after GC invocations=217 (full 17):
 PSYoungGen      total 455104K, used 123963K [0x00000007d6560000, 0x0000000800000000, 0x0000000800000000)
  eden space 227584K, 0% used [0x00000007d6560000,0x00000007d6560000,0x00000007e43a0000)
  from space 227520K, 54% used [0x00000007f21d0000,0x00000007f9adef20,0x0000000800000000)
  to   space 227520K, 0% used [0x00000007e43a0000,0x00000007e43a0000,0x00000007f21d0000)
 PSOldGen        total 1365376K, used 1033629K [0x0000000783000000, 0x00000007d6560000, 0x00000007d6560000)
  object space 1365376K, 75% used [0x0000000783000000,0x00000007c2167708,0x00000007d6560000)
 PSPermGen       total 26368K, used 23273K [0x000000077de00000, 0x000000077f7c0000, 0x0000000783000000)
  object space 26368K, 88% used [0x000000077de00000,0x000000077f4ba520,0x000000077f7c0000)
}
Total time for which application threads were stopped: 0.0302780 seconds
Application time: 0.2928630 seconds
{Heap before GC invocations=218 (full 17):
 PSYoungGen      total 455104K, used 351546K [0x00000007d6560000, 0x0000000800000000, 0x0000000800000000)
  eden space 227584K, 99% used [0x00000007d6560000,0x00000007e439fba8,0x00000007e43a0000)
  from space 227520K, 54% used [0x00000007f21d0000,0x00000007f9adef20,0x0000000800000000)
  to   space 227520K, 0% used [0x00000007e43a0000,0x00000007e43a0000,0x00000007f21d0000)
 PSOldGen        total 1365376K, used 1033629K [0x0000000783000000, 0x00000007d6560000, 0x00000007d6560000)
  object space 1365376K, 75% used [0x0000000783000000,0x00000007c2167708,0x00000007d6560000)
 PSPermGen       total 26368K, used 23506K [0x000000077de00000, 0x000000077f7c0000, 0x0000000783000000)
  object space 26368K, 89% used [0x000000077de00000,0x000000077f4f4ae0,0x000000077f7c0000)
1552.985: [GC [PSYoungGen: 351546K->156090K(455104K)] 1385176K->1302113K(1820480K), 0.0423930 secs] [Times: user=0.44 sys=0.01, real=0.04 secs] 
Heap after GC invocations=218 (full 17):
 PSYoungGen      total 455104K, used 156090K [0x00000007d6560000, 0x0000000800000000, 0x0000000800000000)
  eden space 227584K, 0% used [0x00000007d6560000,0x00000007d6560000,0x00000007e43a0000)
  from space 227520K, 68% used [0x00000007e43a0000,0x00000007edc0e980,0x00000007f21d0000)
  to   space 227520K, 0% used [0x00000007f21d0000,0x00000007f21d0000,0x0000000800000000)
 PSOldGen        total 1365376K, used 1146023K [0x0000000783000000, 0x00000007d6560000, 0x00000007d6560000)
  object space 1365376K, 83% used [0x0000000783000000,0x00000007c8f29d98,0x00000007d6560000)
 PSPermGen       total 26368K, used 23506K [0x000000077de00000, 0x000000077f7c0000, 0x0000000783000000)
  object space 26368K, 89% used [0x000000077de00000,0x000000077f4f4ae0,0x000000077f7c0000)
}
{Heap before GC invocations=219 (full 18):
 PSYoungGen      total 455104K, used 156090K [0x00000007d6560000, 0x0000000800000000, 0x0000000800000000)
  eden space 227584K, 0% used [0x00000007d6560000,0x00000007d6560000,0x00000007e43a0000)
  from space 227520K, 68% used [0x00000007e43a0000,0x00000007edc0e980,0x00000007f21d0000)
  to   space 227520K, 0% used [0x00000007f21d0000,0x00000007f21d0000,0x0000000800000000)
 PSOldGen        total 1365376K, used 1146023K [0x0000000783000000, 0x00000007d6560000, 0x00000007d6560000)
  object space 1365376K, 83% used [0x0000000783000000,0x00000007c8f29d98,0x00000007d6560000)
 PSPermGen       total 26368K, used 23506K [0x000000077de00000, 0x000000077f7c0000, 0x0000000783000000)
  object space 26368K, 89% used [0x000000077de00000,0x000000077f4f4ae0,0x000000077f7c0000)
1553.028: [Full GC [PSYoungGen: 156090K->0K(455104K)] [PSOldGen: 1146023K->355204K(1332992K)] 1302113K->355204K(1788096K) [PSPermGen: 23506K->23506K(27520K)], 0.3269360 secs] [Times: user=0.33 sys=0.00, real=0.33 secs] 
Heap after GC invocations=219 (full 18):
 PSYoungGen      total 455104K, used 0K [0x00000007d6560000, 0x0000000800000000, 0x0000000800000000)
  eden space 227584K, 0% used [0x00000007d6560000,0x00000007d6560000,0x00000007e43a0000)
  from space 227520K, 0% used [0x00000007e43a0000,0x00000007e43a0000,0x00000007f21d0000)
  to   space 227520K, 0% used [0x00000007f21d0000,0x00000007f21d0000,0x0000000800000000)
 PSOldGen        total 1332992K, used 355204K [0x0000000783000000, 0x00000007d45c0000, 0x00000007d6560000)
  object space 1332992K, 26% used [0x0000000783000000,0x0000000798ae13a8,0x00000007d45c0000)
 PSPermGen       total 27520K, used 23506K [0x000000077de00000, 0x000000077f8e0000, 0x0000000783000000)
  object space 27520K, 85% used [0x000000077de00000,0x000000077f4f4ae0,0x000000077f8e0000)
}
Total time for which application threads were stopped: 0.3701530 seconds
Application time: 0.5509300 seconds
{Heap before GC invocations=220 (full 18):
 PSYoungGen      total 455104K, used 227584K [0x00000007d6560000, 0x0000000800000000, 0x0000000800000000)
  eden space 227584K, 100% used [0x00000007d6560000,0x00000007e43a0000,0x00000007e43a0000)
  from space 227520K, 0% used [0x00000007e43a0000,0x00000007e43a0000,0x00000007f21d0000)
  to   space 227520K, 0% used [0x00000007f21d0000,0x00000007f21d0000,0x0000000800000000)
 PSOldGen        total 1332992K, used 355204K [0x0000000783000000, 0x00000007d45c0000, 0x00000007d6560000)
  object space 1332992K, 26% used [0x0000000783000000,0x0000000798ae13a8,0x00000007d45c0000)
 PSPermGen       total 27520K, used 23626K [0x000000077de00000, 0x000000077f8e0000, 0x0000000783000000)
  object space 27520K, 85% used [0x000000077de00000,0x000000077f512a20,0x000000077f8e0000)
1553.906: [GC [PSYoungGen: 227584K->82348K(455104K)] 582788K->437552K(1788096K), 0.0365170 secs] [Times: user=0.28 sys=0.00, real=0.03 secs] 
Heap after GC invocations=220 (full 18):
 PSYoungGen      total 455104K, used 82348K [0x00000007d6560000, 0x0000000800000000, 0x0000000800000000)
  eden space 227584K, 0% used [0x00000007d6560000,0x00000007d6560000,0x00000007e43a0000)
  from space 227520K, 36% used [0x00000007f21d0000,0x00000007f723b050,0x0000000800000000)
  to   space 227520K, 0% used [0x00000007e43a0000,0x00000007e43a0000,0x00000007f21d0000)
 PSOldGen        total 1332992K, used 355204K [0x0000000783000000, 0x00000007d45c0000, 0x00000007d6560000)
  object space 1332992K, 26% used [0x0000000783000000,0x0000000798ae13a8,0x00000007d45c0000)
 PSPermGen       total 27520K, used 23626K [0x000000077de00000, 0x000000077f8e0000, 0x0000000783000000)
  object space 27520K, 85% used [0x000000077de00000,0x000000077f512a20,0x000000077f8e0000)
}
Total time for which application threads were stopped: 0.0374350 seconds
Application time: 0.7862210 seconds
{Heap before GC invocations=221 (full 18):
 PSYoungGen      total 455104K, used 309932K [0x00000007d6560000, 0x0000000800000000, 0x0000000800000000)
  eden space 227584K, 100% used [0x00000007d6560000,0x00000007e43a0000,0x00000007e43a0000)
  from space 227520K, 36% used [0x00000007f21d0000,0x00000007f723b050,0x0000000800000000)
  to   space 227520K, 0% used [0x00000007e43a0000,0x00000007e43a0000,0x00000007f21d0000)
 PSOldGen        total 1332992K, used 355204K [0x0000000783000000, 0x00000007d45c0000, 0x00000007d6560000)
  object space 1332992K, 26% used [0x0000000783000000,0x0000000798ae13a8,0x00000007d45c0000)
 PSPermGen       total 27520K, used 23626K [0x000000077de00000, 0x000000077f8e0000, 0x0000000783000000)
  object space 27520K, 85% used [0x000000077de00000,0x000000077f512a20,0x000000077f8e0000)
1554.730: [GC [PSYoungGen: 309932K->6976K(455104K)] 665136K->432935K(1788096K), 0.0543060 secs] [Times: user=0.39 sys=0.00, real=0.06 secs] 
Heap after GC invocations=221 (full 18):
 PSYoungGen      total 455104K, used 6976K [0x00000007d6560000, 0x0000000800000000, 0x0000000800000000)
  eden space 227584K, 0% used [0x00000007d6560000,0x00000007d6560000,0x00000007e43a0000)
  from space 227520K, 3% used [0x00000007e43a0000,0x00000007e4a70000,0x00000007f21d0000)
  to   space 227520K, 0% used [0x00000007f21d0000,0x00000007f21d0000,0x0000000800000000)
 PSOldGen        total 1332992K, used 425959K [0x0000000783000000, 0x00000007d45c0000, 0x00000007d6560000)
  object space 1332992K, 31% used [0x0000000783000000,0x000000079cff9f88,0x00000007d45c0000)
 PSPermGen       total 27520K, used 23626K [0x000000077de00000, 0x000000077f8e0000, 0x0000000783000000)
  object space 27520K, 85% used [0x000000077de00000,0x000000077f512a20,0x000000077f8e0000)
}
Total time for which application threads were stopped: 0.0549530 seconds
Application time: 1.3051540 seconds
{Heap before GC invocations=222 (full 18):
 PSYoungGen      total 455104K, used 234560K [0x00000007d6560000, 0x0000000800000000, 0x0000000800000000)
  eden space 227584K, 100% used [0x00000007d6560000,0x00000007e43a0000,0x00000007e43a0000)
  from space 227520K, 3% used [0x00000007e43a0000,0x00000007e4a70000,0x00000007f21d0000)
  to   space 227520K, 0% used [0x00000007f21d0000,0x00000007f21d0000,0x0000000800000000)
 PSOldGen        total 1332992K, used 425959K [0x0000000783000000, 0x00000007d45c0000, 0x00000007d6560000)
  object space 1332992K, 31% used [0x0000000783000000,0x000000079cff9f88,0x00000007d45c0000)
 PSPermGen       total 27520K, used 23659K [0x000000077de00000, 0x000000077f8e0000, 0x0000000783000000)
  object space 27520K, 85% used [0x000000077de00000,0x000000077f51aee0,0x000000077f8e0000)
1556.090: [GC [PSYoungGen: 234560K->24170K(455104K)] 660519K->450186K(1788096K), 0.0496090 secs] [Times: user=0.37 sys=0.00, real=0.05 secs] 
Heap after GC invocations=222 (full 18):
 PSYoungGen      total 455104K, used 24170K [0x00000007d6560000, 0x0000000800000000, 0x0000000800000000)
  eden space 227584K, 0% used [0x00000007d6560000,0x00000007d6560000,0x00000007e43a0000)
  from space 227520K, 10% used [0x00000007f21d0000,0x00000007f396aad0,0x0000000800000000)
  to   space 227520K, 0% used [0x00000007e43a0000,0x00000007e43a0000,0x00000007f21d0000)
 PSOldGen        total 1332992K, used 426015K [0x0000000783000000, 0x00000007d45c0000, 0x00000007d6560000)
  object space 1332992K, 31% used [0x0000000783000000,0x000000079d007f88,0x00000007d45c0000)
 PSPermGen       total 27520K, used 23659K [0x000000077de00000, 0x000000077f8e0000, 0x0000000783000000)
  object space 27520K, 85% used [0x000000077de00000,0x000000077f51aee0,0x000000077f8e0000)
}
Total time for which application threads were stopped: 0.0504150 seconds
Application time: 0.3317150 seconds
{Heap before GC invocations=223 (full 18):
 PSYoungGen      total 455104K, used 251754K [0x00000007d6560000, 0x0000000800000000, 0x0000000800000000)
  eden space 227584K, 100% used [0x00000007d6560000,0x00000007e43a0000,0x00000007e43a0000)
  from space 227520K, 10% used [0x00000007f21d0000,0x00000007f396aad0,0x0000000800000000)
  to   space 227520K, 0% used [0x00000007e43a0000,0x00000007e43a0000,0x00000007f21d0000)
 PSOldGen        total 1332992K, used 426015K [0x0000000783000000, 0x00000007d45c0000, 0x00000007d6560000)
  object space 1332992K, 31% used [0x0000000783000000,0x000000079d007f88,0x00000007d45c0000)
 PSPermGen       total 27520K, used 23869K [0x000000077de00000, 0x000000077f8e0000, 0x0000000783000000)
  object space 27520K, 86% used [0x000000077de00000,0x000000077f54f560,0x000000077f8e0000)
1556.472: [GC [PSYoungGen: 251754K->137592K(455104K)] 677770K->580802K(1788096K), 0.0297560 secs] [Times: user=0.26 sys=0.00, real=0.03 secs] 
Heap after GC invocations=223 (full 18):
 PSYoungGen      total 455104K, used 137592K [0x00000007d6560000, 0x0000000800000000, 0x0000000800000000)
  eden space 227584K, 0% used [0x00000007d6560000,0x00000007d6560000,0x00000007e43a0000)
  from space 227520K, 60% used [0x00000007e43a0000,0x00000007ec9fe340,0x00000007f21d0000)
  to   space 227520K, 0% used [0x00000007f21d0000,0x00000007f21d0000,0x0000000800000000)
 PSOldGen        total 1332992K, used 443209K [0x0000000783000000, 0x00000007d45c0000, 0x00000007d6560000)
  object space 1332992K, 33% used [0x0000000783000000,0x000000079e0d2518,0x00000007d45c0000)
 PSPermGen       total 27520K, used 23869K [0x000000077de00000, 0x000000077f8e0000, 0x0000000783000000)
  object space 27520K, 86% used [0x000000077de00000,0x000000077f54f560,0x000000077f8e0000)
}
Total time for which application threads were stopped: 0.0304850 seconds
Application time: 2.2244820 seconds
{Heap before GC invocations=224 (full 18):
 PSYoungGen      total 455104K, used 365176K [0x00000007d6560000, 0x0000000800000000, 0x0000000800000000)
  eden space 227584K, 100% used [0x00000007d6560000,0x00000007e43a0000,0x00000007e43a0000)
  from space 227520K, 60% used [0x00000007e43a0000,0x00000007ec9fe340,0x00000007f21d0000)
  to   space 227520K, 0% used [0x00000007f21d0000,0x00000007f21d0000,0x0000000800000000)
 PSOldGen        total 1332992K, used 443209K [0x0000000783000000, 0x00000007d45c0000, 0x00000007d6560000)
  object space 1332992K, 33% used [0x0000000783000000,0x000000079e0d2518,0x00000007d45c0000)
 PSPermGen       total 27520K, used 23876K [0x000000077de00000, 0x000000077f8e0000, 0x0000000783000000)
  object space 27520K, 86% used [0x000000077de00000,0x000000077f551360,0x000000077f8e0000)
1558.727: [GC [PSYoungGen: 365176K->10107K(455104K)] 808386K->461503K(1788096K), 0.0523840 secs] [Times: user=0.36 sys=0.00, real=0.05 secs] 
Heap after GC invocations=224 (full 18):
 PSYoungGen      total 455104K, used 10107K [0x00000007d6560000, 0x0000000800000000, 0x0000000800000000)
  eden space 227584K, 0% used [0x00000007d6560000,0x00000007d6560000,0x00000007e43a0000)
  from space 227520K, 4% used [0x00000007f21d0000,0x00000007f2baefa0,0x0000000800000000)
  to   space 227520K, 0% used [0x00000007e43a0000,0x00000007e43a0000,0x00000007f21d0000)
 PSOldGen        total 1332992K, used 451395K [0x0000000783000000, 0x00000007d45c0000, 0x00000007d6560000)
  object space 1332992K, 33% used [0x0000000783000000,0x000000079e8d0d28,0x00000007d45c0000)
 PSPermGen       total 27520K, used 23876K [0x000000077de00000, 0x000000077f8e0000, 0x0000000783000000)
  object space 27520K, 86% used [0x000000077de00000,0x000000077f551360,0x000000077f8e0000)
}
Total time for which application threads were stopped: 0.0532360 seconds
Application time: 0.2805810 seconds
{Heap before GC invocations=225 (full 18):
 PSYoungGen      total 455104K, used 237691K [0x00000007d6560000, 0x0000000800000000, 0x0000000800000000)
  eden space 227584K, 100% used [0x00000007d6560000,0x00000007e43a0000,0x00000007e43a0000)
  from space 227520K, 4% used [0x00000007f21d0000,0x00000007f2baefa0,0x0000000800000000)
  to   space 227520K, 0% used [0x00000007e43a0000,0x00000007e43a0000,0x00000007f21d0000)
 PSOldGen        total 1332992K, used 451395K [0x0000000783000000, 0x00000007d45c0000, 0x00000007d6560000)
  object space 1332992K, 33% used [0x0000000783000000,0x000000079e8d0d28,0x00000007d45c0000)
 PSPermGen       total 27520K, used 24119K [0x000000077de00000, 0x000000077f8e0000, 0x0000000783000000)
  object space 27520K, 87% used [0x000000077de00000,0x000000077f58dd20,0x000000077f8e0000)
1559.061: [GC [PSYoungGen: 237691K->156440K(455104K)] 689087K->611177K(1788096K), 0.0281740 secs] [Times: user=0.27 sys=0.00, real=0.03 secs] 
Heap after GC invocations=225 (full 18):
 PSYoungGen      total 455104K, used 156440K [0x00000007d6560000, 0x0000000800000000, 0x0000000800000000)
  eden space 227584K, 0% used [0x00000007d6560000,0x00000007d6560000,0x00000007e43a0000)
  from space 227520K, 68% used [0x00000007e43a0000,0x00000007edc662d0,0x00000007f21d0000)
  to   space 227520K, 0% used [0x00000007f21d0000,0x00000007f21d0000,0x0000000800000000)
 PSOldGen        total 1332992K, used 454736K [0x0000000783000000, 0x00000007d45c0000, 0x00000007d6560000)
  object space 1332992K, 34% used [0x0000000783000000,0x000000079ec14398,0x00000007d45c0000)
 PSPermGen       total 27520K, used 24119K [0x000000077de00000, 0x000000077f8e0000, 0x0000000783000000)
  object space 27520K, 87% used [0x000000077de00000,0x000000077f58dd20,0x000000077f8e0000)
}
Total time for which application threads were stopped: 0.0288890 seconds
Application time: 0.2787030 seconds
{Heap before GC invocations=226 (full 18):
 PSYoungGen      total 455104K, used 384024K [0x00000007d6560000, 0x0000000800000000, 0x0000000800000000)
  eden space 227584K, 100% used [0x00000007d6560000,0x00000007e43a0000,0x00000007e43a0000)
  from space 227520K, 68% used [0x00000007e43a0000,0x00000007edc662d0,0x00000007f21d0000)
  to   space 227520K, 0% used [0x00000007f21d0000,0x00000007f21d0000,0x0000000800000000)
 PSOldGen        total 1332992K, used 454736K [0x0000000783000000, 0x00000007d45c0000, 0x00000007d6560000)
  object space 1332992K, 34% used [0x0000000783000000,0x000000079ec14398,0x00000007d45c0000)
 PSPermGen       total 27520K, used 24361K [0x000000077de00000, 0x000000077f8e0000, 0x0000000783000000)
  object space 27520K, 88% used [0x000000077de00000,0x000000077f5ca560,0x000000077f8e0000)
1559.369: [GC [PSYoungGen: 384024K->160848K(455104K)] 838761K->757878K(1788096K), 0.0448900 secs] [Times: user=0.49 sys=0.00, real=0.04 secs] 
Heap after GC invocations=226 (full 18):
 PSYoungGen      total 455104K, used 160848K [0x00000007d6560000, 0x0000000800000000, 0x0000000800000000)
  eden space 227584K, 0% used [0x00000007d6560000,0x00000007d6560000,0x00000007e43a0000)
  from space 227520K, 70% used [0x00000007f21d0000,0x00000007fbee4270,0x0000000800000000)
  to   space 227520K, 0% used [0x00000007e43a0000,0x00000007e43a0000,0x00000007f21d0000)
 PSOldGen        total 1332992K, used 597030K [0x0000000783000000, 0x00000007d45c0000, 0x00000007d6560000)
  object space 1332992K, 44% used [0x0000000783000000,0x00000007a7709898,0x00000007d45c0000)
 PSPermGen       total 27520K, used 24361K [0x000000077de00000, 0x000000077f8e0000, 0x0000000783000000)
  object space 27520K, 88% used [0x000000077de00000,0x000000077f5ca560,0x000000077f8e0000)
}
Total time for which application threads were stopped: 0.0457320 seconds
Application time: 0.2902780 seconds
{Heap before GC invocations=227 (full 18):
 PSYoungGen      total 455104K, used 388432K [0x00000007d6560000, 0x0000000800000000, 0x0000000800000000)
  eden space 227584K, 100% used [0x00000007d6560000,0x00000007e43a0000,0x00000007e43a0000)
  from space 227520K, 70% used [0x00000007f21d0000,0x00000007fbee4270,0x0000000800000000)
  to   space 227520K, 0% used [0x00000007e43a0000,0x00000007e43a0000,0x00000007f21d0000)
 PSOldGen        total 1332992K, used 597030K [0x0000000783000000, 0x00000007d45c0000, 0x00000007d6560000)
  object space 1332992K, 44% used [0x0000000783000000,0x00000007a7709898,0x00000007d45c0000)
 PSPermGen       total 27520K, used 24602K [0x000000077de00000, 0x000000077f8e0000, 0x0000000783000000)
  object space 27520K, 89% used [0x000000077de00000,0x000000077f606b60,0x000000077f8e0000)
1559.705: [GC [PSYoungGen: 388432K->161106K(455104K)] 985462K->904151K(1788096K), 0.0473650 secs] [Times: user=0.52 sys=0.00, real=0.04 secs] 
Heap after GC invocations=227 (full 18):
 PSYoungGen      total 455104K, used 161106K [0x00000007d6560000, 0x0000000800000000, 0x0000000800000000)
  eden space 227584K, 0% used [0x00000007d6560000,0x00000007d6560000,0x00000007e43a0000)
  from space 227520K, 70% used [0x00000007e43a0000,0x00000007ee0f48b0,0x00000007f21d0000)
  to   space 227520K, 0% used [0x00000007f21d0000,0x00000007f21d0000,0x0000000800000000)
 PSOldGen        total 1332992K, used 743045K [0x0000000783000000, 0x00000007d45c0000, 0x00000007d6560000)
  object space 1332992K, 55% used [0x0000000783000000,0x00000007b05a1608,0x00000007d45c0000)
 PSPermGen       total 27520K, used 24602K [0x000000077de00000, 0x000000077f8e0000, 0x0000000783000000)
  object space 27520K, 89% used [0x000000077de00000,0x000000077f606b60,0x000000077f8e0000)
}
Total time for which application threads were stopped: 0.0481600 seconds
Application time: 0.7267120 seconds
{Heap before GC invocations=228 (full 18):
 PSYoungGen      total 455104K, used 388690K [0x00000007d6560000, 0x0000000800000000, 0x0000000800000000)
  eden space 227584K, 100% used [0x00000007d6560000,0x00000007e43a0000,0x00000007e43a0000)
  from space 227520K, 70% used [0x00000007e43a0000,0x00000007ee0f48b0,0x00000007f21d0000)
  to   space 227520K, 0% used [0x00000007f21d0000,0x00000007f21d0000,0x0000000800000000)
 PSOldGen        total 1332992K, used 743045K [0x0000000783000000, 0x00000007d45c0000, 0x00000007d6560000)
  object space 1332992K, 55% used [0x0000000783000000,0x00000007b05a1608,0x00000007d45c0000)
 PSPermGen       total 27520K, used 24647K [0x000000077de00000, 0x000000077f8e0000, 0x0000000783000000)
  object space 27520K, 89% used [0x000000077de00000,0x000000077f611f60,0x000000077f8e0000)
1560.480: [GC [PSYoungGen: 388690K->32691K(455104K)] 1131735K->921896K(1788096K), 0.0575010 secs] [Times: user=0.43 sys=0.02, real=0.06 secs] 
Heap after GC invocations=228 (full 18):
 PSYoungGen      total 455104K, used 32691K [0x00000007d6560000, 0x0000000800000000, 0x0000000800000000)
  eden space 227584K, 0% used [0x00000007d6560000,0x00000007d6560000,0x00000007e43a0000)
  from space 227520K, 14% used [0x00000007f21d0000,0x00000007f41bcee0,0x0000000800000000)
  to   space 227520K, 0% used [0x00000007e43a0000,0x00000007e43a0000,0x00000007f21d0000)
 PSOldGen        total 1332992K, used 889204K [0x0000000783000000, 0x00000007d45c0000, 0x00000007d6560000)
  object space 1332992K, 66% used [0x0000000783000000,0x00000007b945d198,0x00000007d45c0000)
 PSPermGen       total 27520K, used 24647K [0x000000077de00000, 0x000000077f8e0000, 0x0000000783000000)
  object space 27520K, 89% used [0x000000077de00000,0x000000077f611f60,0x000000077f8e0000)
}
Total time for which application threads were stopped: 0.0582930 seconds
Application time: 0.8247110 seconds
{Heap before GC invocations=229 (full 18):
 PSYoungGen      total 455104K, used 260275K [0x00000007d6560000, 0x0000000800000000, 0x0000000800000000)
  eden space 227584K, 100% used [0x00000007d6560000,0x00000007e43a0000,0x00000007e43a0000)
  from space 227520K, 14% used [0x00000007f21d0000,0x00000007f41bcee0,0x0000000800000000)
  to   space 227520K, 0% used [0x00000007e43a0000,0x00000007e43a0000,0x00000007f21d0000)
 PSOldGen        total 1332992K, used 889204K [0x0000000783000000, 0x00000007d45c0000, 0x00000007d6560000)
  object space 1332992K, 66% used [0x0000000783000000,0x00000007b945d198,0x00000007d45c0000)
 PSPermGen       total 27520K, used 24647K [0x000000077de00000, 0x000000077f8e0000, 0x0000000783000000)
  object space 27520K, 89% used [0x000000077de00000,0x000000077f611f60,0x000000077f8e0000)
1561.363: [GC [PSYoungGen: 260275K->7104K(455104K)] 1149480K->921045K(1788096K), 0.0564690 secs] [Times: user=0.39 sys=0.01, real=0.06 secs] 
Heap after GC invocations=229 (full 18):
 PSYoungGen      total 455104K, used 7104K [0x00000007d6560000, 0x0000000800000000, 0x0000000800000000)
  eden space 227584K, 0% used [0x00000007d6560000,0x00000007d6560000,0x00000007e43a0000)
  from space 227520K, 3% used [0x00000007e43a0000,0x00000007e4a90000,0x00000007f21d0000)
  to   space 227520K, 0% used [0x00000007f21d0000,0x00000007f21d0000,0x0000000800000000)
 PSOldGen        total 1332992K, used 913941K [0x0000000783000000, 0x00000007d45c0000, 0x00000007d6560000)
  object space 1332992K, 68% used [0x0000000783000000,0x00000007bac857a8,0x00000007d45c0000)
 PSPermGen       total 27520K, used 24647K [0x000000077de00000, 0x000000077f8e0000, 0x0000000783000000)
  object space 27520K, 89% used [0x000000077de00000,0x000000077f611f60,0x000000077f8e0000)
}
Total time for which application threads were stopped: 0.0575560 seconds
Application time: 0.7914580 seconds
{Heap before GC invocations=230 (full 18):
 PSYoungGen      total 455104K, used 234688K [0x00000007d6560000, 0x0000000800000000, 0x0000000800000000)
  eden space 227584K, 100% used [0x00000007d6560000,0x00000007e43a0000,0x00000007e43a0000)
  from space 227520K, 3% used [0x00000007e43a0000,0x00000007e4a90000,0x00000007f21d0000)
  to   space 227520K, 0% used [0x00000007f21d0000,0x00000007f21d0000,0x0000000800000000)
 PSOldGen        total 1332992K, used 913941K [0x0000000783000000, 0x00000007d45c0000, 0x00000007d6560000)
  object space 1332992K, 68% used [0x0000000783000000,0x00000007bac857a8,0x00000007d45c0000)
 PSPermGen       total 27520K, used 24647K [0x000000077de00000, 0x000000077f8e0000, 0x0000000783000000)
  object space 27520K, 89% used [0x000000077de00000,0x000000077f611f60,0x000000077f8e0000)
1562.212: [GC [PSYoungGen: 234688K->7008K(455104K)] 1148629K->921029K(1788096K), 0.0558430 secs] [Times: user=0.40 sys=0.00, real=0.06 secs] 
Heap after GC invocations=230 (full 18):
 PSYoungGen      total 455104K, used 7008K [0x00000007d6560000, 0x0000000800000000, 0x0000000800000000)
  eden space 227584K, 0% used [0x00000007d6560000,0x00000007d6560000,0x00000007e43a0000)
  from space 227520K, 3% used [0x00000007f21d0000,0x00000007f28a8000,0x0000000800000000)
  to   space 227520K, 0% used [0x00000007e43a0000,0x00000007e43a0000,0x00000007f21d0000)
 PSOldGen        total 1332992K, used 914021K [0x0000000783000000, 0x00000007d45c0000, 0x00000007d6560000)
  object space 1332992K, 68% used [0x0000000783000000,0x00000007bac997a8,0x00000007d45c0000)
 PSPermGen       total 27520K, used 24647K [0x000000077de00000, 0x000000077f8e0000, 0x0000000783000000)
  object space 27520K, 89% used [0x000000077de00000,0x000000077f611f60,0x000000077f8e0000)
}
Total time for which application threads were stopped: 0.0565820 seconds
Application time: 2.5887890 seconds
{Heap before GC invocations=231 (full 18):
 PSYoungGen      total 455104K, used 234592K [0x00000007d6560000, 0x0000000800000000, 0x0000000800000000)
  eden space 227584K, 100% used [0x00000007d6560000,0x00000007e43a0000,0x00000007e43a0000)
  from space 227520K, 3% used [0x00000007f21d0000,0x00000007f28a8000,0x0000000800000000)
  to   space 227520K, 0% used [0x00000007e43a0000,0x00000007e43a0000,0x00000007f21d0000)
 PSOldGen        total 1332992K, used 914021K [0x0000000783000000, 0x00000007d45c0000, 0x00000007d6560000)
  object space 1332992K, 68% used [0x0000000783000000,0x00000007bac997a8,0x00000007d45c0000)
 PSPermGen       total 27520K, used 24698K [0x000000077de00000, 0x000000077f8e0000, 0x0000000783000000)
  object space 27520K, 89% used [0x000000077de00000,0x000000077f61e9e0,0x000000077f8e0000)
1564.857: [GC [PSYoungGen: 234592K->33380K(455104K)] 1148613K->947554K(1788096K), 0.0453520 secs] [Times: user=0.30 sys=0.01, real=0.04 secs] 
Heap after GC invocations=231 (full 18):
 PSYoungGen      total 455104K, used 33380K [0x00000007d6560000, 0x0000000800000000, 0x0000000800000000)
  eden space 227584K, 0% used [0x00000007d6560000,0x00000007d6560000,0x00000007e43a0000)
  from space 227520K, 14% used [0x00000007e43a0000,0x00000007e6439090,0x00000007f21d0000)
  to   space 227520K, 0% used [0x00000007f21d0000,0x00000007f21d0000,0x0000000800000000)
 PSOldGen        total 1332992K, used 914173K [0x0000000783000000, 0x00000007d45c0000, 0x00000007d6560000)
  object space 1332992K, 68% used [0x0000000783000000,0x00000007bacbf7a8,0x00000007d45c0000)
 PSPermGen       total 27520K, used 24698K [0x000000077de00000, 0x000000077f8e0000, 0x0000000783000000)
  object space 27520K, 89% used [0x000000077de00000,0x000000077f61e9e0,0x000000077f8e0000)
}
Total time for which application threads were stopped: 0.0461760 seconds
Application time: 0.2816500 seconds
{Heap before GC invocations=232 (full 18):
 PSYoungGen      total 455104K, used 260964K [0x00000007d6560000, 0x0000000800000000, 0x0000000800000000)
  eden space 227584K, 100% used [0x00000007d6560000,0x00000007e43a0000,0x00000007e43a0000)
  from space 227520K, 14% used [0x00000007e43a0000,0x00000007e6439090,0x00000007f21d0000)
  to   space 227520K, 0% used [0x00000007f21d0000,0x00000007f21d0000,0x0000000800000000)
 PSOldGen        total 1332992K, used 914173K [0x0000000783000000, 0x00000007d45c0000, 0x00000007d6560000)
  object space 1332992K, 68% used [0x0000000783000000,0x00000007bacbf7a8,0x00000007d45c0000)
 PSPermGen       total 27520K, used 24935K [0x000000077de00000, 0x000000077f8e0000, 0x0000000783000000)
  object space 27520K, 90% used [0x000000077de00000,0x000000077f659f60,0x000000077f8e0000)
1565.185: [GC [PSYoungGen: 260964K->157124K(455104K)] 1175138K->1097385K(1788096K), 0.0323640 secs] [Times: user=0.31 sys=0.01, real=0.03 secs] 
Heap after GC invocations=232 (full 18):
 PSYoungGen      total 455104K, used 157124K [0x00000007d6560000, 0x0000000800000000, 0x0000000800000000)
  eden space 227584K, 0% used [0x00000007d6560000,0x00000007d6560000,0x00000007e43a0000)
  from space 227520K, 69% used [0x00000007f21d0000,0x00000007fbb41390,0x0000000800000000)
  to   space 227520K, 0% used [0x00000007e43a0000,0x00000007e43a0000,0x00000007f21d0000)
 PSOldGen        total 1332992K, used 940260K [0x0000000783000000, 0x00000007d45c0000, 0x00000007d6560000)
  object space 1332992K, 70% used [0x0000000783000000,0x00000007bc6391a8,0x00000007d45c0000)
 PSPermGen       total 27520K, used 24935K [0x000000077de00000, 0x000000077f8e0000, 0x0000000783000000)
  object space 27520K, 90% used [0x000000077de00000,0x000000077f659f60,0x000000077f8e0000)
}
Total time for which application threads were stopped: 0.0333040 seconds
Application time: 0.2852770 seconds
{Heap before GC invocations=233 (full 18):
 PSYoungGen      total 455104K, used 384708K [0x00000007d6560000, 0x0000000800000000, 0x0000000800000000)
  eden space 227584K, 100% used [0x00000007d6560000,0x00000007e43a0000,0x00000007e43a0000)
  from space 227520K, 69% used [0x00000007f21d0000,0x00000007fbb41390,0x0000000800000000)
  to   space 227520K, 0% used [0x00000007e43a0000,0x00000007e43a0000,0x00000007f21d0000)
 PSOldGen        total 1332992K, used 940260K [0x0000000783000000, 0x00000007d45c0000, 0x00000007d6560000)
  object space 1332992K, 70% used [0x0000000783000000,0x00000007bc6391a8,0x00000007d45c0000)
 PSPermGen       total 27520K, used 25178K [0x000000077de00000, 0x000000077f8e0000, 0x0000000783000000)
  object space 27520K, 91% used [0x000000077de00000,0x000000077f696920,0x000000077f8e0000)
1565.504: [GC [PSYoungGen: 384708K->162599K(455104K)] 1324969K->1246313K(1788096K), 0.0473040 secs] [Times: user=0.50 sys=0.02, real=0.05 secs] 
Heap after GC invocations=233 (full 18):
 PSYoungGen      total 455104K, used 162599K [0x00000007d6560000, 0x0000000800000000, 0x0000000800000000)
  eden space 227584K, 0% used [0x00000007d6560000,0x00000007d6560000,0x00000007e43a0000)
  from space 227520K, 71% used [0x00000007e43a0000,0x00000007ee269dc0,0x00000007f21d0000)
  to   space 227520K, 0% used [0x00000007f21d0000,0x00000007f21d0000,0x0000000800000000)
 PSOldGen        total 1332992K, used 1083714K [0x0000000783000000, 0x00000007d45c0000, 0x00000007d6560000)
  object space 1332992K, 81% used [0x0000000783000000,0x00000007c52509e8,0x00000007d45c0000)
 PSPermGen       total 27520K, used 25178K [0x000000077de00000, 0x000000077f8e0000, 0x0000000783000000)
  object space 27520K, 91% used [0x000000077de00000,0x000000077f696920,0x000000077f8e0000)
}
Total time for which application threads were stopped: 0.0482150 seconds
Application time: 0.3118180 seconds
{Heap before GC invocations=234 (full 18):
 PSYoungGen      total 455104K, used 390183K [0x00000007d6560000, 0x0000000800000000, 0x0000000800000000)
  eden space 227584K, 100% used [0x00000007d6560000,0x00000007e43a0000,0x00000007e43a0000)
  from space 227520K, 71% used [0x00000007e43a0000,0x00000007ee269dc0,0x00000007f21d0000)
  to   space 227520K, 0% used [0x00000007f21d0000,0x00000007f21d0000,0x0000000800000000)
 PSOldGen        total 1332992K, used 1083714K [0x0000000783000000, 0x00000007d45c0000, 0x00000007d6560000)
  object space 1332992K, 81% used [0x0000000783000000,0x00000007c52509e8,0x00000007d45c0000)
 PSPermGen       total 27520K, used 25413K [0x000000077de00000, 0x000000077f8e0000, 0x0000000783000000)
  object space 27520K, 92% used [0x000000077de00000,0x000000077f6d1720,0x000000077f8e0000)
1565.864: [GC [PSYoungGen: 390183K->154781K(455104K)] 1473897K->1385881K(1788096K), 0.0503100 secs] [Times: user=0.55 sys=0.00, real=0.05 secs] 
Heap after GC invocations=234 (full 18):
 PSYoungGen      total 455104K, used 154781K [0x00000007d6560000, 0x0000000800000000, 0x0000000800000000)
  eden space 227584K, 0% used [0x00000007d6560000,0x00000007d6560000,0x00000007e43a0000)
  from space 227520K, 68% used [0x00000007f21d0000,0x00000007fb8f7510,0x0000000800000000)
  to   space 227520K, 0% used [0x00000007e43a0000,0x00000007e43a0000,0x00000007f21d0000)
 PSOldGen        total 1332992K, used 1231100K [0x0000000783000000, 0x00000007d45c0000, 0x00000007d6560000)
  object space 1332992K, 92% used [0x0000000783000000,0x00000007ce23f038,0x00000007d45c0000)
 PSPermGen       total 27520K, used 25413K [0x000000077de00000, 0x000000077f8e0000, 0x0000000783000000)
  object space 27520K, 92% used [0x000000077de00000,0x000000077f6d1720,0x000000077f8e0000)
}
{Heap before GC invocations=235 (full 19):
 PSYoungGen      total 455104K, used 154781K [0x00000007d6560000, 0x0000000800000000, 0x0000000800000000)
  eden space 227584K, 0% used [0x00000007d6560000,0x00000007d6560000,0x00000007e43a0000)
  from space 227520K, 68% used [0x00000007f21d0000,0x00000007fb8f7510,0x0000000800000000)
  to   space 227520K, 0% used [0x00000007e43a0000,0x00000007e43a0000,0x00000007f21d0000)
 PSOldGen        total 1332992K, used 1231100K [0x0000000783000000, 0x00000007d45c0000, 0x00000007d6560000)
  object space 1332992K, 92% used [0x0000000783000000,0x00000007ce23f038,0x00000007d45c0000)
 PSPermGen       total 27520K, used 25413K [0x000000077de00000, 0x000000077f8e0000, 0x0000000783000000)
  object space 27520K, 92% used [0x000000077de00000,0x000000077f6d1720,0x000000077f8e0000)
1565.914: [Full GC [PSYoungGen: 154781K->0K(455104K)] [PSOldGen: 1231100K->489206K(1365376K)] 1385881K->489206K(1820480K) [PSPermGen: 25413K->25413K(28736K)], 0.4789580 secs] [Times: user=0.47 sys=0.00, real=0.48 secs] 
Heap after GC invocations=235 (full 19):
 PSYoungGen      total 455104K, used 0K [0x00000007d6560000, 0x0000000800000000, 0x0000000800000000)
  eden space 227584K, 0% used [0x00000007d6560000,0x00000007d6560000,0x00000007e43a0000)
  from space 227520K, 0% used [0x00000007f21d0000,0x00000007f21d0000,0x0000000800000000)
  to   space 227520K, 0% used [0x00000007e43a0000,0x00000007e43a0000,0x00000007f21d0000)
 PSOldGen        total 1365376K, used 489206K [0x0000000783000000, 0x00000007d6560000, 0x00000007d6560000)
  object space 1365376K, 35% used [0x0000000783000000,0x00000007a0dbda40,0x00000007d6560000)
 PSPermGen       total 28736K, used 25413K [0x000000077de00000, 0x000000077fa10000, 0x0000000783000000)
  object space 28736K, 88% used [0x000000077de00000,0x000000077f6d1720,0x000000077fa10000)
}
Total time for which application threads were stopped: 0.5302490 seconds
Application time: 0.7901570 seconds
{Heap before GC invocations=236 (full 19):
 PSYoungGen      total 455104K, used 227584K [0x00000007d6560000, 0x0000000800000000, 0x0000000800000000)
  eden space 227584K, 100% used [0x00000007d6560000,0x00000007e43a0000,0x00000007e43a0000)
  from space 227520K, 0% used [0x00000007f21d0000,0x00000007f21d0000,0x0000000800000000)
  to   space 227520K, 0% used [0x00000007e43a0000,0x00000007e43a0000,0x00000007f21d0000)
 PSOldGen        total 1365376K, used 489206K [0x0000000783000000, 0x00000007d6560000, 0x00000007d6560000)
  object space 1365376K, 35% used [0x0000000783000000,0x00000007a0dbda40,0x00000007d6560000)
 PSPermGen       total 28736K, used 25430K [0x000000077de00000, 0x000000077fa10000, 0x0000000783000000)
  object space 28736K, 88% used [0x000000077de00000,0x000000077f6d59e0,0x000000077fa10000)
1567.184: [GC [PSYoungGen: 227584K->15497K(455104K)] 716790K->504704K(1820480K), 0.0527180 secs] [Times: user=0.38 sys=0.01, real=0.05 secs] 
Heap after GC invocations=236 (full 19):
 PSYoungGen      total 455104K, used 15497K [0x00000007d6560000, 0x0000000800000000, 0x0000000800000000)
  eden space 227584K, 0% used [0x00000007d6560000,0x00000007d6560000,0x00000007e43a0000)
  from space 227520K, 6% used [0x00000007e43a0000,0x00000007e52c2660,0x00000007f21d0000)
  to   space 227520K, 0% used [0x00000007f21d0000,0x00000007f21d0000,0x0000000800000000)
 PSOldGen        total 1365376K, used 489206K [0x0000000783000000, 0x00000007d6560000, 0x00000007d6560000)
  object space 1365376K, 35% used [0x0000000783000000,0x00000007a0dbda40,0x00000007d6560000)
 PSPermGen       total 28736K, used 25430K [0x000000077de00000, 0x000000077fa10000, 0x0000000783000000)
  object space 28736K, 88% used [0x000000077de00000,0x000000077f6d59e0,0x000000077fa10000)
}
Total time for which application threads were stopped: 0.0535190 seconds
Application time: 0.8185370 seconds
{Heap before GC invocations=237 (full 19):
 PSYoungGen      total 455104K, used 243081K [0x00000007d6560000, 0x0000000800000000, 0x0000000800000000)
  eden space 227584K, 100% used [0x00000007d6560000,0x00000007e43a0000,0x00000007e43a0000)
  from space 227520K, 6% used [0x00000007e43a0000,0x00000007e52c2660,0x00000007f21d0000)
  to   space 227520K, 0% used [0x00000007f21d0000,0x00000007f21d0000,0x0000000800000000)
 PSOldGen        total 1365376K, used 489206K [0x0000000783000000, 0x00000007d6560000, 0x00000007d6560000)
  object space 1365376K, 35% used [0x0000000783000000,0x00000007a0dbda40,0x00000007d6560000)
 PSPermGen       total 28736K, used 25432K [0x000000077de00000, 0x000000077fa10000, 0x0000000783000000)
  object space 28736K, 88% used [0x000000077de00000,0x000000077f6d6248,0x000000077fa10000)
1568.056: [GC [PSYoungGen: 243081K->7136K(455104K)] 732288K->504905K(1820480K), 0.0552130 secs] [Times: user=0.39 sys=0.00, real=0.05 secs] 
Heap after GC invocations=237 (full 19):
 PSYoungGen      total 455104K, used 7136K [0x00000007d6560000, 0x0000000800000000, 0x0000000800000000)
  eden space 227584K, 0% used [0x00000007d6560000,0x00000007d6560000,0x00000007e43a0000)
  from space 227520K, 3% used [0x00000007f21d0000,0x00000007f28c8000,0x0000000800000000)
  to   space 227520K, 0% used [0x00000007e43a0000,0x00000007e43a0000,0x00000007f21d0000)
 PSOldGen        total 1365376K, used 497769K [0x0000000783000000, 0x00000007d6560000, 0x00000007d6560000)
  object space 1365376K, 36% used [0x0000000783000000,0x00000007a161a530,0x00000007d6560000)
 PSPermGen       total 28736K, used 25432K [0x000000077de00000, 0x000000077fa10000, 0x0000000783000000)
  object space 28736K, 88% used [0x000000077de00000,0x000000077f6d6248,0x000000077fa10000)
}
Total time for which application threads were stopped: 0.0561100 seconds
Application time: 0.8035940 seconds
{Heap before GC invocations=238 (full 19):
 PSYoungGen      total 455104K, used 234720K [0x00000007d6560000, 0x0000000800000000, 0x0000000800000000)
  eden space 227584K, 100% used [0x00000007d6560000,0x00000007e43a0000,0x00000007e43a0000)
  from space 227520K, 3% used [0x00000007f21d0000,0x00000007f28c8000,0x0000000800000000)
  to   space 227520K, 0% used [0x00000007e43a0000,0x00000007e43a0000,0x00000007f21d0000)
 PSOldGen        total 1365376K, used 497769K [0x0000000783000000, 0x00000007d6560000, 0x00000007d6560000)
  object space 1365376K, 36% used [0x0000000783000000,0x00000007a161a530,0x00000007d6560000)
 PSPermGen       total 28736K, used 25432K [0x000000077de00000, 0x000000077fa10000, 0x0000000783000000)
  object space 28736K, 88% used [0x000000077de00000,0x000000077f6d6248,0x000000077fa10000)
1568.916: [GC [PSYoungGen: 234720K->7168K(455104K)] 732489K->505065K(1820480K), 0.0553250 secs] [Times: user=0.39 sys=0.01, real=0.06 secs] 
Heap after GC invocations=238 (full 19):
 PSYoungGen      total 455104K, used 7168K [0x00000007d6560000, 0x0000000800000000, 0x0000000800000000)
  eden space 227584K, 0% used [0x00000007d6560000,0x00000007d6560000,0x00000007e43a0000)
  from space 227520K, 3% used [0x00000007e43a0000,0x00000007e4aa0000,0x00000007f21d0000)
  to   space 227520K, 0% used [0x00000007f21d0000,0x00000007f21d0000,0x0000000800000000)
 PSOldGen        total 1365376K, used 497897K [0x0000000783000000, 0x00000007d6560000, 0x00000007d6560000)
  object space 1365376K, 36% used [0x0000000783000000,0x00000007a163a530,0x00000007d6560000)
 PSPermGen       total 28736K, used 25432K [0x000000077de00000, 0x000000077fa10000, 0x0000000783000000)
  object space 28736K, 88% used [0x000000077de00000,0x000000077f6d6248,0x000000077fa10000)
}
Total time for which application threads were stopped: 0.0560510 seconds
Application time: 2.0842830 seconds
{Heap before GC invocations=239 (full 19):
 PSYoungGen      total 455104K, used 234752K [0x00000007d6560000, 0x0000000800000000, 0x0000000800000000)
  eden space 227584K, 100% used [0x00000007d6560000,0x00000007e43a0000,0x00000007e43a0000)
  from space 227520K, 3% used [0x00000007e43a0000,0x00000007e4aa0000,0x00000007f21d0000)
  to   space 227520K, 0% used [0x00000007f21d0000,0x00000007f21d0000,0x0000000800000000)
 PSOldGen        total 1365376K, used 497897K [0x0000000783000000, 0x00000007d6560000, 0x00000007d6560000)
  object space 1365376K, 36% used [0x0000000783000000,0x00000007a163a530,0x00000007d6560000)
 PSPermGen       total 28736K, used 25512K [0x000000077de00000, 0x000000077fa10000, 0x0000000783000000)
  object space 28736K, 88% used [0x000000077de00000,0x000000077f6ea288,0x000000077fa10000)
1571.056: [GC [PSYoungGen: 234752K->51200K(455104K)] 732649K->549297K(1820480K), 0.0436810 secs] [Times: user=0.32 sys=0.02, real=0.04 secs] 
Heap after GC invocations=239 (full 19):
 PSYoungGen      total 455104K, used 51200K [0x00000007d6560000, 0x0000000800000000, 0x0000000800000000)
  eden space 227584K, 0% used [0x00000007d6560000,0x00000007d6560000,0x00000007e43a0000)
  from space 227520K, 22% used [0x00000007f21d0000,0x00000007f53d0240,0x0000000800000000)
  to   space 227520K, 0% used [0x00000007e43a0000,0x00000007e43a0000,0x00000007f21d0000)
 PSOldGen        total 1365376K, used 498097K [0x0000000783000000, 0x00000007d6560000, 0x00000007d6560000)
  object space 1365376K, 36% used [0x0000000783000000,0x00000007a166c530,0x00000007d6560000)
 PSPermGen       total 28736K, used 25512K [0x000000077de00000, 0x000000077fa10000, 0x0000000783000000)
  object space 28736K, 88% used [0x000000077de00000,0x000000077f6ea288,0x000000077fa10000)
}
Total time for which application threads were stopped: 0.0444860 seconds
Application time: 0.2715830 seconds
{Heap before GC invocations=240 (full 19):
 PSYoungGen      total 455104K, used 278784K [0x00000007d6560000, 0x0000000800000000, 0x0000000800000000)
  eden space 227584K, 100% used [0x00000007d6560000,0x00000007e43a0000,0x00000007e43a0000)
  from space 227520K, 22% used [0x00000007f21d0000,0x00000007f53d0240,0x0000000800000000)
  to   space 227520K, 0% used [0x00000007e43a0000,0x00000007e43a0000,0x00000007f21d0000)
 PSOldGen        total 1365376K, used 498097K [0x0000000783000000, 0x00000007d6560000, 0x00000007d6560000)
  object space 1365376K, 36% used [0x0000000783000000,0x00000007a166c530,0x00000007d6560000)
 PSPermGen       total 28736K, used 25756K [0x000000077de00000, 0x000000077fa10000, 0x0000000783000000)
  object space 28736K, 89% used [0x000000077de00000,0x000000077f727008,0x000000077fa10000)
1571.372: [GC [PSYoungGen: 278784K->162554K(455104K)] 776881K->704042K(1820480K), 0.0334780 secs] [Times: user=0.37 sys=0.00, real=0.04 secs] 
Heap after GC invocations=240 (full 19):
 PSYoungGen      total 455104K, used 162554K [0x00000007d6560000, 0x0000000800000000, 0x0000000800000000)
  eden space 227584K, 0% used [0x00000007d6560000,0x00000007d6560000,0x00000007e43a0000)
  from space 227520K, 71% used [0x00000007e43a0000,0x00000007ee25eaa0,0x00000007f21d0000)
  to   space 227520K, 0% used [0x00000007f21d0000,0x00000007f21d0000,0x0000000800000000)
 PSOldGen        total 1365376K, used 541488K [0x0000000783000000, 0x00000007d6560000, 0x00000007d6560000)
  object space 1365376K, 39% used [0x0000000783000000,0x00000007a40cc150,0x00000007d6560000)
 PSPermGen       total 28736K, used 25756K [0x000000077de00000, 0x000000077fa10000, 0x0000000783000000)
  object space 28736K, 89% used [0x000000077de00000,0x000000077f727008,0x000000077fa10000)
}
Total time for which application threads were stopped: 0.0343060 seconds
Application time: 0.2918480 seconds
{Heap before GC invocations=241 (full 19):
 PSYoungGen      total 455104K, used 390138K [0x00000007d6560000, 0x0000000800000000, 0x0000000800000000)
  eden space 227584K, 100% used [0x00000007d6560000,0x00000007e43a0000,0x00000007e43a0000)
  from space 227520K, 71% used [0x00000007e43a0000,0x00000007ee25eaa0,0x00000007f21d0000)
  to   space 227520K, 0% used [0x00000007f21d0000,0x00000007f21d0000,0x0000000800000000)
 PSOldGen        total 1365376K, used 541488K [0x0000000783000000, 0x00000007d6560000, 0x00000007d6560000)
  object space 1365376K, 39% used [0x0000000783000000,0x00000007a40cc150,0x00000007d6560000)
 PSPermGen       total 28736K, used 25995K [0x000000077de00000, 0x000000077fa10000, 0x0000000783000000)
  object space 28736K, 90% used [0x000000077de00000,0x000000077f762f48,0x000000077fa10000)
1571.699: [GC [PSYoungGen: 390138K->160435K(455104K)] 931626K->848867K(1820480K), 0.0468030 secs] [Times: user=0.52 sys=0.00, real=0.05 secs] 
Heap after GC invocations=241 (full 19):
 PSYoungGen      total 455104K, used 160435K [0x00000007d6560000, 0x0000000800000000, 0x0000000800000000)
  eden space 227584K, 0% used [0x00000007d6560000,0x00000007d6560000,0x00000007e43a0000)
  from space 227520K, 70% used [0x00000007f21d0000,0x00000007fbe7cea0,0x0000000800000000)
  to   space 227520K, 0% used [0x00000007e43a0000,0x00000007e43a0000,0x00000007f21d0000)
 PSOldGen        total 1365376K, used 688432K [0x0000000783000000, 0x00000007d6560000, 0x00000007d6560000)
  object space 1365376K, 50% used [0x0000000783000000,0x00000007ad04c000,0x00000007d6560000)
 PSPermGen       total 28736K, used 25995K [0x000000077de00000, 0x000000077fa10000, 0x0000000783000000)
  object space 28736K, 90% used [0x000000077de00000,0x000000077f762f48,0x000000077fa10000)
}
Total time for which application threads were stopped: 0.0477430 seconds
Application time: 0.3859150 seconds
{Heap before GC invocations=242 (full 19):
 PSYoungGen      total 455104K, used 388019K [0x00000007d6560000, 0x0000000800000000, 0x0000000800000000)
  eden space 227584K, 100% used [0x00000007d6560000,0x00000007e43a0000,0x00000007e43a0000)
  from space 227520K, 70% used [0x00000007f21d0000,0x00000007fbe7cea0,0x0000000800000000)
  to   space 227520K, 0% used [0x00000007e43a0000,0x00000007e43a0000,0x00000007f21d0000)
 PSOldGen        total 1365376K, used 688432K [0x0000000783000000, 0x00000007d6560000, 0x00000007d6560000)
  object space 1365376K, 50% used [0x0000000783000000,0x00000007ad04c000,0x00000007d6560000)
 PSPermGen       total 28736K, used 26195K [0x000000077de00000, 0x000000077fa10000, 0x0000000783000000)
  object space 28736K, 91% used [0x000000077de00000,0x000000077f794d48,0x000000077fa10000)
1572.132: [GC [PSYoungGen: 388019K->132200K(455104K)] 1076451K->966341K(1820480K), 0.0499410 secs] [Times: user=0.51 sys=0.00, real=0.05 secs] 
Heap after GC invocations=242 (full 19):
 PSYoungGen      total 455104K, used 132200K [0x00000007d6560000, 0x0000000800000000, 0x0000000800000000)
  eden space 227584K, 0% used [0x00000007d6560000,0x00000007d6560000,0x00000007e43a0000)
  from space 227520K, 58% used [0x00000007e43a0000,0x00000007ec4ba100,0x00000007f21d0000)
  to   space 227520K, 0% used [0x00000007f21d0000,0x00000007f21d0000,0x0000000800000000)
 PSOldGen        total 1365376K, used 834141K [0x0000000783000000, 0x00000007d6560000, 0x00000007d6560000)
  object space 1365376K, 61% used [0x0000000783000000,0x00000007b5e97540,0x00000007d6560000)
 PSPermGen       total 28736K, used 26195K [0x000000077de00000, 0x000000077fa10000, 0x0000000783000000)
  object space 28736K, 91% used [0x000000077de00000,0x000000077f794d48,0x000000077fa10000)
}
Total time for which application threads were stopped: 0.0507430 seconds
Application time: 0.8113510 seconds
{Heap before GC invocations=243 (full 19):
 PSYoungGen      total 455104K, used 359784K [0x00000007d6560000, 0x0000000800000000, 0x0000000800000000)
  eden space 227584K, 100% used [0x00000007d6560000,0x00000007e43a0000,0x00000007e43a0000)
  from space 227520K, 58% used [0x00000007e43a0000,0x00000007ec4ba100,0x00000007f21d0000)
  to   space 227520K, 0% used [0x00000007f21d0000,0x00000007f21d0000,0x0000000800000000)
 PSOldGen        total 1365376K, used 834141K [0x0000000783000000, 0x00000007d6560000, 0x00000007d6560000)
  object space 1365376K, 61% used [0x0000000783000000,0x00000007b5e97540,0x00000007d6560000)
 PSPermGen       total 28736K, used 26203K [0x000000077de00000, 0x000000077fa10000, 0x0000000783000000)
  object space 28736K, 91% used [0x000000077de00000,0x000000077f796fc8,0x000000077fa10000)
1572.994: [GC [PSYoungGen: 359784K->11714K(455104K)] 1193925K->964322K(1820480K), 0.0538660 secs] [Times: user=0.36 sys=0.02, real=0.05 secs] 
Heap after GC invocations=243 (full 19):
 PSYoungGen      total 455104K, used 11714K [0x00000007d6560000, 0x0000000800000000, 0x0000000800000000)
  eden space 227584K, 0% used [0x00000007d6560000,0x00000007d6560000,0x00000007e43a0000)
  from space 227520K, 5% used [0x00000007f21d0000,0x00000007f2d40860,0x0000000800000000)
  to   space 227520K, 0% used [0x00000007e43a0000,0x00000007e43a0000,0x00000007f21d0000)
 PSOldGen        total 1365376K, used 952608K [0x0000000783000000, 0x00000007d6560000, 0x00000007d6560000)
  object space 1365376K, 69% used [0x0000000783000000,0x00000007bd2480b0,0x00000007d6560000)
 PSPermGen       total 28736K, used 26203K [0x000000077de00000, 0x000000077fa10000, 0x0000000783000000)
  object space 28736K, 91% used [0x000000077de00000,0x000000077f796fc8,0x000000077fa10000)
}
Total time for which application threads were stopped: 0.0546650 seconds
Application time: 0.8186090 seconds
{Heap before GC invocations=244 (full 19):
 PSYoungGen      total 455104K, used 239298K [0x00000007d6560000, 0x0000000800000000, 0x0000000800000000)
  eden space 227584K, 100% used [0x00000007d6560000,0x00000007e43a0000,0x00000007e43a0000)
  from space 227520K, 5% used [0x00000007f21d0000,0x00000007f2d40860,0x0000000800000000)
  to   space 227520K, 0% used [0x00000007e43a0000,0x00000007e43a0000,0x00000007f21d0000)
 PSOldGen        total 1365376K, used 952608K [0x0000000783000000, 0x00000007d6560000, 0x00000007d6560000)
  object space 1365376K, 69% used [0x0000000783000000,0x00000007bd2480b0,0x00000007d6560000)
 PSPermGen       total 28736K, used 26203K [0x000000077de00000, 0x000000077fa10000, 0x0000000783000000)
  object space 28736K, 91% used [0x000000077de00000,0x000000077f796fc8,0x000000077fa10000)
1573.868: [GC [PSYoungGen: 239298K->7040K(455104K)] 1191906K->964123K(1820480K), 0.0557750 secs] [Times: user=0.40 sys=0.00, real=0.06 secs] 
Heap after GC invocations=244 (full 19):
 PSYoungGen      total 455104K, used 7040K [0x00000007d6560000, 0x0000000800000000, 0x0000000800000000)
  eden space 227584K, 0% used [0x00000007d6560000,0x00000007d6560000,0x00000007e43a0000)
  from space 227520K, 3% used [0x00000007e43a0000,0x00000007e4a80000,0x00000007f21d0000)
  to   space 227520K, 0% used [0x00000007f21d0000,0x00000007f21d0000,0x0000000800000000)
 PSOldGen        total 1365376K, used 957083K [0x0000000783000000, 0x00000007d6560000, 0x00000007d6560000)
  object space 1365376K, 70% used [0x0000000783000000,0x00000007bd6a6cd0,0x00000007d6560000)
 PSPermGen       total 28736K, used 26203K [0x000000077de00000, 0x000000077fa10000, 0x0000000783000000)
  object space 28736K, 91% used [0x000000077de00000,0x000000077f796fc8,0x000000077fa10000)
}
Total time for which application threads were stopped: 0.0568670 seconds
Application time: 0.7957420 seconds
{Heap before GC invocations=245 (full 19):
 PSYoungGen      total 455104K, used 234624K [0x00000007d6560000, 0x0000000800000000, 0x0000000800000000)
  eden space 227584K, 100% used [0x00000007d6560000,0x00000007e43a0000,0x00000007e43a0000)
  from space 227520K, 3% used [0x00000007e43a0000,0x00000007e4a80000,0x00000007f21d0000)
  to   space 227520K, 0% used [0x00000007f21d0000,0x00000007f21d0000,0x0000000800000000)
 PSOldGen        total 1365376K, used 957083K [0x0000000783000000, 0x00000007d6560000, 0x00000007d6560000)
  object space 1365376K, 70% used [0x0000000783000000,0x00000007bd6a6cd0,0x00000007d6560000)
 PSPermGen       total 28736K, used 26203K [0x000000077de00000, 0x000000077fa10000, 0x0000000783000000)
  object space 28736K, 91% used [0x000000077de00000,0x000000077f796fc8,0x000000077fa10000)
1574.721: [GC [PSYoungGen: 234624K->7136K(455104K)] 1191707K->964251K(1820480K), 0.0561560 secs] [Times: user=0.42 sys=0.00, real=0.06 secs] 
Heap after GC invocations=245 (full 19):
 PSYoungGen      total 455104K, used 7136K [0x00000007d6560000, 0x0000000800000000, 0x0000000800000000)
  eden space 227584K, 0% used [0x00000007d6560000,0x00000007d6560000,0x00000007e43a0000)
  from space 227520K, 3% used [0x00000007f21d0000,0x00000007f28c8000,0x0000000800000000)
  to   space 227520K, 0% used [0x00000007e43a0000,0x00000007e43a0000,0x00000007f21d0000)
 PSOldGen        total 1365376K, used 957115K [0x0000000783000000, 0x00000007d6560000, 0x00000007d6560000)
  object space 1365376K, 70% used [0x0000000783000000,0x00000007bd6aecd0,0x00000007d6560000)
 PSPermGen       total 28736K, used 26203K [0x000000077de00000, 0x000000077fa10000, 0x0000000783000000)
  object space 28736K, 91% used [0x000000077de00000,0x000000077f796fc8,0x000000077fa10000)
}
Total time for which application threads were stopped: 0.0574200 seconds
Application time: 57.0040380 seconds
Total time for which application threads were stopped: 0.0005140 seconds
Application time: 3.3627600 seconds
Total time for which application threads were stopped: 0.0003280 seconds
Application time: 0.0025750 seconds
Total time for which application threads were stopped: 0.0002910 seconds
Application time: 0.0000310 seconds
Total time for which application threads were stopped: 0.0003180 seconds
Application time: 0.0007170 seconds
Total time for which application threads were stopped: 0.0006140 seconds
Application time: 0.0004560 seconds
Total time for which application threads were stopped: 0.0005540 seconds
Application time: 0.0002700 seconds
Total time for which application threads were stopped: 0.0004790 seconds
Application time: 0.0001630 seconds
Total time for which application threads were stopped: 0.0007100 seconds
Application time: 97.0069140 seconds
Total time for which application threads were stopped: 0.0004060 seconds
Application time: 26.3255360 seconds
{Heap before GC invocations=246 (full 19):
 PSYoungGen      total 455104K, used 234720K [0x00000007d6560000, 0x0000000800000000, 0x0000000800000000)
  eden space 227584K, 100% used [0x00000007d6560000,0x00000007e43a0000,0x00000007e43a0000)
  from space 227520K, 3% used [0x00000007f21d0000,0x00000007f28c8000,0x0000000800000000)
  to   space 227520K, 0% used [0x00000007e43a0000,0x00000007e43a0000,0x00000007f21d0000)
 PSOldGen        total 1365376K, used 957115K [0x0000000783000000, 0x00000007d6560000, 0x00000007d6560000)
  object space 1365376K, 70% used [0x0000000783000000,0x00000007bd6aecd0,0x00000007d6560000)
 PSPermGen       total 28736K, used 26337K [0x000000077de00000, 0x000000077fa10000, 0x0000000783000000)
  object space 28736K, 91% used [0x000000077de00000,0x000000077f7b8700,0x000000077fa10000)
1758.485: [GC [PSYoungGen: 234720K->85178K(455104K)] 1191835K->1042541K(1820480K), 0.0348730 secs] [Times: user=0.27 sys=0.00, real=0.03 secs] 
Heap after GC invocations=246 (full 19):
 PSYoungGen      total 455104K, used 85178K [0x00000007d6560000, 0x0000000800000000, 0x0000000800000000)
  eden space 227584K, 0% used [0x00000007d6560000,0x00000007d6560000,0x00000007e43a0000)
  from space 227520K, 37% used [0x00000007e43a0000,0x00000007e96ceb10,0x00000007f21d0000)
  to   space 227520K, 0% used [0x00000007f21d0000,0x00000007f21d0000,0x0000000800000000)
 PSOldGen        total 1365376K, used 957363K [0x0000000783000000, 0x00000007d6560000, 0x00000007d6560000)
  object space 1365376K, 70% used [0x0000000783000000,0x00000007bd6eccd0,0x00000007d6560000)
 PSPermGen       total 28736K, used 26337K [0x000000077de00000, 0x000000077fa10000, 0x0000000783000000)
  object space 28736K, 91% used [0x000000077de00000,0x000000077f7b8700,0x000000077fa10000)
}
Total time for which application threads were stopped: 0.0356010 seconds
Application time: 0.2710460 seconds
{Heap before GC invocations=247 (full 19):
 PSYoungGen      total 455104K, used 312762K [0x00000007d6560000, 0x0000000800000000, 0x0000000800000000)
  eden space 227584K, 100% used [0x00000007d6560000,0x00000007e43a0000,0x00000007e43a0000)
  from space 227520K, 37% used [0x00000007e43a0000,0x00000007e96ceb10,0x00000007f21d0000)
  to   space 227520K, 0% used [0x00000007f21d0000,0x00000007f21d0000,0x0000000800000000)
 PSOldGen        total 1365376K, used 957363K [0x0000000783000000, 0x00000007d6560000, 0x00000007d6560000)
  object space 1365376K, 70% used [0x0000000783000000,0x00000007bd6eccd0,0x00000007d6560000)
 PSPermGen       total 28736K, used 26586K [0x000000077de00000, 0x000000077fa10000, 0x0000000783000000)
  object space 28736K, 92% used [0x000000077de00000,0x000000077f7f6980,0x000000077fa10000)
1758.792: [GC [PSYoungGen: 312762K->165052K(455104K)] 1270125K->1197798K(1820480K), 0.0386340 secs] [Times: user=0.40 sys=0.02, real=0.04 secs] 
Heap after GC invocations=247 (full 19):
 PSYoungGen      total 455104K, used 165052K [0x00000007d6560000, 0x0000000800000000, 0x0000000800000000)
  eden space 227584K, 0% used [0x00000007d6560000,0x00000007d6560000,0x00000007e43a0000)
  from space 227520K, 72% used [0x00000007f21d0000,0x00000007fc2ff240,0x0000000800000000)
  to   space 227520K, 0% used [0x00000007e43a0000,0x00000007e43a0000,0x00000007f21d0000)
 PSOldGen        total 1365376K, used 1032746K [0x0000000783000000, 0x00000007d6560000, 0x00000007d6560000)
  object space 1365376K, 75% used [0x0000000783000000,0x00000007c208a990,0x00000007d6560000)
 PSPermGen       total 28736K, used 26586K [0x000000077de00000, 0x000000077fa10000, 0x0000000783000000)
  object space 28736K, 92% used [0x000000077de00000,0x000000077f7f6980,0x000000077fa10000)
}
Total time for which application threads were stopped: 0.0394050 seconds
Application time: 0.2647130 seconds
{Heap before GC invocations=248 (full 19):
 PSYoungGen      total 455104K, used 392627K [0x00000007d6560000, 0x0000000800000000, 0x0000000800000000)
  eden space 227584K, 99% used [0x00000007d6560000,0x00000007e439dae0,0x00000007e43a0000)
  from space 227520K, 72% used [0x00000007f21d0000,0x00000007fc2ff240,0x0000000800000000)
  to   space 227520K, 0% used [0x00000007e43a0000,0x00000007e43a0000,0x00000007f21d0000)
 PSOldGen        total 1365376K, used 1032746K [0x0000000783000000, 0x00000007d6560000, 0x00000007d6560000)
  object space 1365376K, 75% used [0x0000000783000000,0x00000007c208a990,0x00000007d6560000)
 PSPermGen       total 28736K, used 26837K [0x000000077de00000, 0x000000077fa10000, 0x0000000783000000)
  object space 28736K, 93% used [0x000000077de00000,0x000000077f835440,0x000000077fa10000)
1759.098: [GC [PSYoungGen: 392627K->166206K(455104K)] 1425373K->1348828K(1820480K), 0.0486540 secs] [Times: user=0.54 sys=0.01, real=0.05 secs] 
Heap after GC invocations=248 (full 19):
 PSYoungGen      total 455104K, used 166206K [0x00000007d6560000, 0x0000000800000000, 0x0000000800000000)
  eden space 227584K, 0% used [0x00000007d6560000,0x00000007d6560000,0x00000007e43a0000)
  from space 227520K, 73% used [0x00000007e43a0000,0x00000007ee5efa70,0x00000007f21d0000)
  to   space 227520K, 0% used [0x00000007f21d0000,0x00000007f21d0000,0x0000000800000000)
 PSOldGen        total 1365376K, used 1182621K [0x0000000783000000, 0x00000007d6560000, 0x00000007d6560000)
  object space 1365376K, 86% used [0x0000000783000000,0x00000007cb2e76e0,0x00000007d6560000)
 PSPermGen       total 28736K, used 26837K [0x000000077de00000, 0x000000077fa10000, 0x0000000783000000)
  object space 28736K, 93% used [0x000000077de00000,0x000000077f835440,0x000000077fa10000)
}
{Heap before GC invocations=249 (full 20):
 PSYoungGen      total 455104K, used 166206K [0x00000007d6560000, 0x0000000800000000, 0x0000000800000000)
  eden space 227584K, 0% used [0x00000007d6560000,0x00000007d6560000,0x00000007e43a0000)
  from space 227520K, 73% used [0x00000007e43a0000,0x00000007ee5efa70,0x00000007f21d0000)
  to   space 227520K, 0% used [0x00000007f21d0000,0x00000007f21d0000,0x0000000800000000)
 PSOldGen        total 1365376K, used 1182621K [0x0000000783000000, 0x00000007d6560000, 0x00000007d6560000)
  object space 1365376K, 86% used [0x0000000783000000,0x00000007cb2e76e0,0x00000007d6560000)
 PSPermGen       total 28736K, used 26837K [0x000000077de00000, 0x000000077fa10000, 0x0000000783000000)
  object space 28736K, 93% used [0x000000077de00000,0x000000077f835440,0x000000077fa10000)
1759.147: [Full GC [PSYoungGen: 166206K->0K(455104K)] [PSOldGen: 1182621K->408714K(1365376K)] 1348828K->408714K(1820480K) [PSPermGen: 26837K->20647K(24000K)], 0.4301320 secs] [Times: user=0.43 sys=0.00, real=0.43 secs] 
Heap after GC invocations=249 (full 20):
 PSYoungGen      total 455104K, used 0K [0x00000007d6560000, 0x0000000800000000, 0x0000000800000000)
  eden space 227584K, 0% used [0x00000007d6560000,0x00000007d6560000,0x00000007e43a0000)
  from space 227520K, 0% used [0x00000007e43a0000,0x00000007e43a0000,0x00000007f21d0000)
  to   space 227520K, 0% used [0x00000007f21d0000,0x00000007f21d0000,0x0000000800000000)
 PSOldGen        total 1365376K, used 408714K [0x0000000783000000, 0x00000007d6560000, 0x00000007d6560000)
  object space 1365376K, 29% used [0x0000000783000000,0x000000079bf228b8,0x00000007d6560000)
 PSPermGen       total 24000K, used 20647K [0x000000077de00000, 0x000000077f570000, 0x0000000783000000)
  object space 24000K, 86% used [0x000000077de00000,0x000000077f229d38,0x000000077f570000)
}
Total time for which application threads were stopped: 0.4812980 seconds
Application time: 0.7182640 seconds
{Heap before GC invocations=250 (full 20):
 PSYoungGen      total 455104K, used 227584K [0x00000007d6560000, 0x0000000800000000, 0x0000000800000000)
  eden space 227584K, 100% used [0x00000007d6560000,0x00000007e43a0000,0x00000007e43a0000)
  from space 227520K, 0% used [0x00000007e43a0000,0x00000007e43a0000,0x00000007f21d0000)
  to   space 227520K, 0% used [0x00000007f21d0000,0x00000007f21d0000,0x0000000800000000)
 PSOldGen        total 1365376K, used 408714K [0x0000000783000000, 0x00000007d6560000, 0x00000007d6560000)
  object space 1365376K, 29% used [0x0000000783000000,0x000000079bf228b8,0x00000007d6560000)
 PSPermGen       total 24000K, used 20684K [0x000000077de00000, 0x000000077f570000, 0x0000000783000000)
  object space 24000K, 86% used [0x000000077de00000,0x000000077f233278,0x000000077f570000)
1760.296: [GC [PSYoungGen: 227584K->28272K(455104K)] 636298K->436987K(1820480K), 0.0505000 secs] [Times: user=0.33 sys=0.03, real=0.05 secs] 
Heap after GC invocations=250 (full 20):
 PSYoungGen      total 455104K, used 28272K [0x00000007d6560000, 0x0000000800000000, 0x0000000800000000)
  eden space 227584K, 0% used [0x00000007d6560000,0x00000007d6560000,0x00000007e43a0000)
  from space 227520K, 12% used [0x00000007f21d0000,0x00000007f3d6c380,0x0000000800000000)
  to   space 227520K, 0% used [0x00000007e43a0000,0x00000007e43a0000,0x00000007f21d0000)
 PSOldGen        total 1365376K, used 408714K [0x0000000783000000, 0x00000007d6560000, 0x00000007d6560000)
  object space 1365376K, 29% used [0x0000000783000000,0x000000079bf228b8,0x00000007d6560000)
 PSPermGen       total 24000K, used 20684K [0x000000077de00000, 0x000000077f570000, 0x0000000783000000)
  object space 24000K, 86% used [0x000000077de00000,0x000000077f233278,0x000000077f570000)
}
Total time for which application threads were stopped: 0.0512530 seconds
Application time: 0.7800890 seconds
{Heap before GC invocations=251 (full 20):
 PSYoungGen      total 455104K, used 255856K [0x00000007d6560000, 0x0000000800000000, 0x0000000800000000)
  eden space 227584K, 100% used [0x00000007d6560000,0x00000007e43a0000,0x00000007e43a0000)
  from space 227520K, 12% used [0x00000007f21d0000,0x00000007f3d6c380,0x0000000800000000)
  to   space 227520K, 0% used [0x00000007e43a0000,0x00000007e43a0000,0x00000007f21d0000)
 PSOldGen        total 1365376K, used 408714K [0x0000000783000000, 0x00000007d6560000, 0x00000007d6560000)
  object space 1365376K, 29% used [0x0000000783000000,0x000000079bf228b8,0x00000007d6560000)
 PSPermGen       total 24000K, used 20684K [0x000000077de00000, 0x000000077f570000, 0x0000000783000000)
  object space 24000K, 86% used [0x000000077de00000,0x000000077f233278,0x000000077f570000)
1761.128: [GC [PSYoungGen: 255856K->6944K(455104K)] 664571K->430134K(1820480K), 0.0542370 secs] [Times: user=0.39 sys=0.00, real=0.05 secs] 
Heap after GC invocations=251 (full 20):
 PSYoungGen      total 455104K, used 6944K [0x00000007d6560000, 0x0000000800000000, 0x0000000800000000)
  eden space 227584K, 0% used [0x00000007d6560000,0x00000007d6560000,0x00000007e43a0000)
  from space 227520K, 3% used [0x00000007e43a0000,0x00000007e4a68000,0x00000007f21d0000)
  to   space 227520K, 0% used [0x00000007f21d0000,0x00000007f21d0000,0x0000000800000000)
 PSOldGen        total 1365376K, used 423190K [0x0000000783000000, 0x00000007d6560000, 0x00000007d6560000)
  object space 1365376K, 30% used [0x0000000783000000,0x000000079cd45a98,0x00000007d6560000)
 PSPermGen       total 24000K, used 20684K [0x000000077de00000, 0x000000077f570000, 0x0000000783000000)
  object space 24000K, 86% used [0x000000077de00000,0x000000077f233278,0x000000077f570000)
}
Total time for which application threads were stopped: 0.0563360 seconds
Application time: 0.7804710 seconds
{Heap before GC invocations=252 (full 20):
 PSYoungGen      total 455104K, used 234528K [0x00000007d6560000, 0x0000000800000000, 0x0000000800000000)
  eden space 227584K, 100% used [0x00000007d6560000,0x00000007e43a0000,0x00000007e43a0000)
  from space 227520K, 3% used [0x00000007e43a0000,0x00000007e4a68000,0x00000007f21d0000)
  to   space 227520K, 0% used [0x00000007f21d0000,0x00000007f21d0000,0x0000000800000000)
 PSOldGen        total 1365376K, used 423190K [0x0000000783000000, 0x00000007d6560000, 0x00000007d6560000)
  object space 1365376K, 30% used [0x0000000783000000,0x000000079cd45a98,0x00000007d6560000)
 PSPermGen       total 24000K, used 20684K [0x000000077de00000, 0x000000077f570000, 0x0000000783000000)
  object space 24000K, 86% used [0x000000077de00000,0x000000077f233278,0x000000077f570000)
1761.964: [GC [PSYoungGen: 234528K->6976K(455104K)] 657718K->430230K(1820480K), 0.0529940 secs] [Times: user=0.37 sys=0.01, real=0.05 secs] 
Heap after GC invocations=252 (full 20):
 PSYoungGen      total 455104K, used 6976K [0x00000007d6560000, 0x0000000800000000, 0x0000000800000000)
  eden space 227584K, 0% used [0x00000007d6560000,0x00000007d6560000,0x00000007e43a0000)
  from space 227520K, 3% used [0x00000007f21d0000,0x00000007f28a0000,0x0000000800000000)
  to   space 227520K, 0% used [0x00000007e43a0000,0x00000007e43a0000,0x00000007f21d0000)
 PSOldGen        total 1365376K, used 423254K [0x0000000783000000, 0x00000007d6560000, 0x00000007d6560000)
  object space 1365376K, 30% used [0x0000000783000000,0x000000079cd55a98,0x00000007d6560000)
 PSPermGen       total 24000K, used 20684K [0x000000077de00000, 0x000000077f570000, 0x0000000783000000)
  object space 24000K, 86% used [0x000000077de00000,0x000000077f233278,0x000000077f570000)
}
Total time for which application threads were stopped: 0.0538470 seconds
Application time: 0.5287450 seconds
{Heap before GC invocations=253 (full 20):
 PSYoungGen      total 455104K, used 234560K [0x00000007d6560000, 0x0000000800000000, 0x0000000800000000)
  eden space 227584K, 100% used [0x00000007d6560000,0x00000007e43a0000,0x00000007e43a0000)
  from space 227520K, 3% used [0x00000007f21d0000,0x00000007f28a0000,0x0000000800000000)
  to   space 227520K, 0% used [0x00000007e43a0000,0x00000007e43a0000,0x00000007f21d0000)
 PSOldGen        total 1365376K, used 423254K [0x0000000783000000, 0x00000007d6560000, 0x00000007d6560000)
  object space 1365376K, 30% used [0x0000000783000000,0x000000079cd55a98,0x00000007d6560000)
 PSPermGen       total 24000K, used 20796K [0x000000077de00000, 0x000000077f570000, 0x0000000783000000)
  object space 24000K, 86% used [0x000000077de00000,0x000000077f24f178,0x000000077f570000)
1762.546: [GC [PSYoungGen: 234560K->72134K(455104K)] 657814K->495557K(1820480K), 0.0344100 secs] [Times: user=0.22 sys=0.01, real=0.03 secs] 
Heap after GC invocations=253 (full 20):
 PSYoungGen      total 455104K, used 72134K [0x00000007d6560000, 0x0000000800000000, 0x0000000800000000)
  eden space 227584K, 0% used [0x00000007d6560000,0x00000007d6560000,0x00000007e43a0000)
  from space 227520K, 31% used [0x00000007e43a0000,0x00000007e8a11a60,0x00000007f21d0000)
  to   space 227520K, 0% used [0x00000007f21d0000,0x00000007f21d0000,0x0000000800000000)
 PSOldGen        total 1365376K, used 423422K [0x0000000783000000, 0x00000007d6560000, 0x00000007d6560000)
  object space 1365376K, 31% used [0x0000000783000000,0x000000079cd7fa98,0x00000007d6560000)
 PSPermGen       total 24000K, used 20796K [0x000000077de00000, 0x000000077f570000, 0x0000000783000000)
  object space 24000K, 86% used [0x000000077de00000,0x000000077f24f178,0x000000077f570000)
}
Total time for which application threads were stopped: 0.0351460 seconds
Application time: 1.3438090 seconds
{Heap before GC invocations=254 (full 20):
 PSYoungGen      total 455104K, used 299718K [0x00000007d6560000, 0x0000000800000000, 0x0000000800000000)
  eden space 227584K, 100% used [0x00000007d6560000,0x00000007e43a0000,0x00000007e43a0000)
  from space 227520K, 31% used [0x00000007e43a0000,0x00000007e8a11a60,0x00000007f21d0000)
  to   space 227520K, 0% used [0x00000007f21d0000,0x00000007f21d0000,0x0000000800000000)
 PSOldGen        total 1365376K, used 423422K [0x0000000783000000, 0x00000007d6560000, 0x00000007d6560000)
  object space 1365376K, 31% used [0x0000000783000000,0x000000079cd7fa98,0x00000007d6560000)
 PSPermGen       total 24000K, used 20976K [0x000000077de00000, 0x000000077f570000, 0x0000000783000000)
  object space 24000K, 87% used [0x000000077de00000,0x000000077f27c2f8,0x000000077f570000)
1763.926: [GC [PSYoungGen: 299718K->114528K(455104K)] 723141K->543137K(1820480K), 0.0280470 secs] [Times: user=0.20 sys=0.02, real=0.02 secs] 
Heap after GC invocations=254 (full 20):
 PSYoungGen      total 455104K, used 114528K [0x00000007d6560000, 0x0000000800000000, 0x0000000800000000)
  eden space 227584K, 0% used [0x00000007d6560000,0x00000007d6560000,0x00000007e43a0000)
  from space 227520K, 50% used [0x00000007f21d0000,0x00000007f91a81d0,0x0000000800000000)
  to   space 227520K, 0% used [0x00000007e43a0000,0x00000007e43a0000,0x00000007f21d0000)
 PSOldGen        total 1365376K, used 428609K [0x0000000783000000, 0x00000007d6560000, 0x00000007d6560000)
  object space 1365376K, 31% used [0x0000000783000000,0x000000079d290498,0x00000007d6560000)
 PSPermGen       total 24000K, used 20976K [0x000000077de00000, 0x000000077f570000, 0x0000000783000000)
  object space 24000K, 87% used [0x000000077de00000,0x000000077f27c2f8,0x000000077f570000)
}
Total time for which application threads were stopped: 0.0288440 seconds
Application time: 0.2826860 seconds
{Heap before GC invocations=255 (full 20):
 PSYoungGen      total 455104K, used 342112K [0x00000007d6560000, 0x0000000800000000, 0x0000000800000000)
  eden space 227584K, 100% used [0x00000007d6560000,0x00000007e43a0000,0x00000007e43a0000)
  from space 227520K, 50% used [0x00000007f21d0000,0x00000007f91a81d0,0x0000000800000000)
  to   space 227520K, 0% used [0x00000007e43a0000,0x00000007e43a0000,0x00000007f21d0000)
 PSOldGen        total 1365376K, used 428609K [0x0000000783000000, 0x00000007d6560000, 0x00000007d6560000)
  object space 1365376K, 31% used [0x0000000783000000,0x000000079d290498,0x00000007d6560000)
 PSPermGen       total 24000K, used 21213K [0x000000077de00000, 0x000000077f570000, 0x0000000783000000)
  object space 24000K, 88% used [0x000000077de00000,0x000000077f2b7638,0x000000077f570000)
1764.237: [GC [PSYoungGen: 342112K->156877K(455104K)] 770721K->688995K(1820480K), 0.0407280 secs] [Times: user=0.42 sys=0.01, real=0.04 secs] 
Heap after GC invocations=255 (full 20):
 PSYoungGen      total 455104K, used 156877K [0x00000007d6560000, 0x0000000800000000, 0x0000000800000000)
  eden space 227584K, 0% used [0x00000007d6560000,0x00000007d6560000,0x00000007e43a0000)
  from space 227520K, 68% used [0x00000007e43a0000,0x00000007edcd3490,0x00000007f21d0000)
  to   space 227520K, 0% used [0x00000007f21d0000,0x00000007f21d0000,0x0000000800000000)
 PSOldGen        total 1365376K, used 532118K [0x0000000783000000, 0x00000007d6560000, 0x00000007d6560000)
  object space 1365376K, 38% used [0x0000000783000000,0x00000007a37a5b18,0x00000007d6560000)
 PSPermGen       total 24000K, used 21213K [0x000000077de00000, 0x000000077f570000, 0x0000000783000000)
  object space 24000K, 88% used [0x000000077de00000,0x000000077f2b7638,0x000000077f570000)
}
Total time for which application threads were stopped: 0.0415030 seconds
Application time: 0.2876020 seconds
{Heap before GC invocations=256 (full 20):
 PSYoungGen      total 455104K, used 384461K [0x00000007d6560000, 0x0000000800000000, 0x0000000800000000)
  eden space 227584K, 100% used [0x00000007d6560000,0x00000007e43a0000,0x00000007e43a0000)
  from space 227520K, 68% used [0x00000007e43a0000,0x00000007edcd3490,0x00000007f21d0000)
  to   space 227520K, 0% used [0x00000007f21d0000,0x00000007f21d0000,0x0000000800000000)
 PSOldGen        total 1365376K, used 532118K [0x0000000783000000, 0x00000007d6560000, 0x00000007d6560000)
  object space 1365376K, 38% used [0x0000000783000000,0x00000007a37a5b18,0x00000007d6560000)
 PSPermGen       total 24000K, used 21452K [0x000000077de00000, 0x000000077f570000, 0x0000000783000000)
  object space 24000K, 89% used [0x000000077de00000,0x000000077f2f3338,0x000000077f570000)
1764.566: [GC [PSYoungGen: 384461K->157978K(455104K)] 916579K->832514K(1820480K), 0.0463540 secs] [Times: user=0.50 sys=0.01, real=0.04 secs] 
Heap after GC invocations=256 (full 20):
 PSYoungGen      total 455104K, used 157978K [0x00000007d6560000, 0x0000000800000000, 0x0000000800000000)
  eden space 227584K, 0% used [0x00000007d6560000,0x00000007d6560000,0x00000007e43a0000)
  from space 227520K, 69% used [0x00000007f21d0000,0x00000007fbc16900,0x0000000800000000)
  to   space 227520K, 0% used [0x00000007e43a0000,0x00000007e43a0000,0x00000007f21d0000)
 PSOldGen        total 1365376K, used 674536K [0x0000000783000000, 0x00000007d6560000, 0x00000007d6560000)
  object space 1365376K, 49% used [0x0000000783000000,0x00000007ac2ba298,0x00000007d6560000)
 PSPermGen       total 24000K, used 21452K [0x000000077de00000, 0x000000077f570000, 0x0000000783000000)
  object space 24000K, 89% used [0x000000077de00000,0x000000077f2f3338,0x000000077f570000)
}
Total time for which application threads were stopped: 0.0472690 seconds
Application time: 0.6212430 seconds
{Heap before GC invocations=257 (full 20):
 PSYoungGen      total 455104K, used 385562K [0x00000007d6560000, 0x0000000800000000, 0x0000000800000000)
  eden space 227584K, 100% used [0x00000007d6560000,0x00000007e43a0000,0x00000007e43a0000)
  from space 227520K, 69% used [0x00000007f21d0000,0x00000007fbc16900,0x0000000800000000)
  to   space 227520K, 0% used [0x00000007e43a0000,0x00000007e43a0000,0x00000007f21d0000)
 PSOldGen        total 1365376K, used 674536K [0x0000000783000000, 0x00000007d6560000, 0x00000007d6560000)
  object space 1365376K, 49% used [0x0000000783000000,0x00000007ac2ba298,0x00000007d6560000)
 PSPermGen       total 24000K, used 21534K [0x000000077de00000, 0x000000077f570000, 0x0000000783000000)
  object space 24000K, 89% used [0x000000077de00000,0x000000077f307978,0x000000077f570000)
1765.235: [GC [PSYoungGen: 385562K->56693K(455104K)] 1060098K->875257K(1820480K), 0.0508320 secs] [Times: user=0.41 sys=0.01, real=0.06 secs] 
Heap after GC invocations=257 (full 20):
 PSYoungGen      total 455104K, used 56693K [0x00000007d6560000, 0x0000000800000000, 0x0000000800000000)
  eden space 227584K, 0% used [0x00000007d6560000,0x00000007d6560000,0x00000007e43a0000)
  from space 227520K, 24% used [0x00000007e43a0000,0x00000007e7afd710,0x00000007f21d0000)
  to   space 227520K, 0% used [0x00000007f21d0000,0x00000007f21d0000,0x0000000800000000)
 PSOldGen        total 1365376K, used 818563K [0x0000000783000000, 0x00000007d6560000, 0x00000007d6560000)
  object space 1365376K, 59% used [0x0000000783000000,0x00000007b4f60e18,0x00000007d6560000)
 PSPermGen       total 24000K, used 21534K [0x000000077de00000, 0x000000077f570000, 0x0000000783000000)
  object space 24000K, 89% used [0x000000077de00000,0x000000077f307978,0x000000077f570000)
}
Total time for which application threads were stopped: 0.0516790 seconds
Application time: 0.7842790 seconds
{Heap before GC invocations=258 (full 20):
 PSYoungGen      total 455104K, used 284277K [0x00000007d6560000, 0x0000000800000000, 0x0000000800000000)
  eden space 227584K, 100% used [0x00000007d6560000,0x00000007e43a0000,0x00000007e43a0000)
  from space 227520K, 24% used [0x00000007e43a0000,0x00000007e7afd710,0x00000007f21d0000)
  to   space 227520K, 0% used [0x00000007f21d0000,0x00000007f21d0000,0x0000000800000000)
 PSOldGen        total 1365376K, used 818563K [0x0000000783000000, 0x00000007d6560000, 0x00000007d6560000)
  object space 1365376K, 59% used [0x0000000783000000,0x00000007b4f60e18,0x00000007d6560000)
 PSPermGen       total 24000K, used 21534K [0x000000077de00000, 0x000000077f570000, 0x0000000783000000)
  object space 24000K, 89% used [0x000000077de00000,0x000000077f307978,0x000000077f570000)
1766.071: [GC [PSYoungGen: 284277K->7040K(455104K)] 1102841K->870177K(1820480K), 0.0574030 secs] [Times: user=0.40 sys=0.02, real=0.06 secs] 
Heap after GC invocations=258 (full 20):
 PSYoungGen      total 455104K, used 7040K [0x00000007d6560000, 0x0000000800000000, 0x0000000800000000)
  eden space 227584K, 0% used [0x00000007d6560000,0x00000007d6560000,0x00000007e43a0000)
  from space 227520K, 3% used [0x00000007f21d0000,0x00000007f28b0000,0x0000000800000000)
  to   space 227520K, 0% used [0x00000007e43a0000,0x00000007e43a0000,0x00000007f21d0000)
 PSOldGen        total 1365376K, used 863137K [0x0000000783000000, 0x00000007d6560000, 0x00000007d6560000)
  object space 1365376K, 63% used [0x0000000783000000,0x00000007b7ae8788,0x00000007d6560000)
 PSPermGen       total 24000K, used 21534K [0x000000077de00000, 0x000000077f570000, 0x0000000783000000)
  object space 24000K, 89% used [0x000000077de00000,0x000000077f307978,0x000000077f570000)
}
Total time for which application threads were stopped: 0.0581660 seconds
Application time: 0.7643140 seconds
{Heap before GC invocations=259 (full 20):
 PSYoungGen      total 455104K, used 234624K [0x00000007d6560000, 0x0000000800000000, 0x0000000800000000)
  eden space 227584K, 100% used [0x00000007d6560000,0x00000007e43a0000,0x00000007e43a0000)
  from space 227520K, 3% used [0x00000007f21d0000,0x00000007f28b0000,0x0000000800000000)
  to   space 227520K, 0% used [0x00000007e43a0000,0x00000007e43a0000,0x00000007f21d0000)
 PSOldGen        total 1365376K, used 863137K [0x0000000783000000, 0x00000007d6560000, 0x00000007d6560000)
  object space 1365376K, 63% used [0x0000000783000000,0x00000007b7ae8788,0x00000007d6560000)
 PSPermGen       total 24000K, used 21534K [0x000000077de00000, 0x000000077f570000, 0x0000000783000000)
  object space 24000K, 89% used [0x000000077de00000,0x000000077f307978,0x000000077f570000)
1766.893: [GC [PSYoungGen: 234624K->6848K(455104K)] 1097761K->870073K(1820480K), 0.0554900 secs] [Times: user=0.41 sys=0.00, real=0.05 secs] 
Heap after GC invocations=259 (full 20):
 PSYoungGen      total 455104K, used 6848K [0x00000007d6560000, 0x0000000800000000, 0x0000000800000000)
  eden space 227584K, 0% used [0x00000007d6560000,0x00000007d6560000,0x00000007e43a0000)
  from space 227520K, 3% used [0x00000007e43a0000,0x00000007e4a50000,0x00000007f21d0000)
  to   space 227520K, 0% used [0x00000007f21d0000,0x00000007f21d0000,0x0000000800000000)
 PSOldGen        total 1365376K, used 863225K [0x0000000783000000, 0x00000007d6560000, 0x00000007d6560000)
  object space 1365376K, 63% used [0x0000000783000000,0x00000007b7afe788,0x00000007d6560000)
 PSPermGen       total 24000K, used 21534K [0x000000077de00000, 0x000000077f570000, 0x0000000783000000)
  object space 24000K, 89% used [0x000000077de00000,0x000000077f307978,0x000000077f570000)
}
Total time for which application threads were stopped: 0.0562240 seconds
Application time: 0.7535380 seconds
{Heap before GC invocations=260 (full 20):
 PSYoungGen      total 455104K, used 234432K [0x00000007d6560000, 0x0000000800000000, 0x0000000800000000)
  eden space 227584K, 100% used [0x00000007d6560000,0x00000007e43a0000,0x00000007e43a0000)
  from space 227520K, 3% used [0x00000007e43a0000,0x00000007e4a50000,0x00000007f21d0000)
  to   space 227520K, 0% used [0x00000007f21d0000,0x00000007f21d0000,0x0000000800000000)
 PSOldGen        total 1365376K, used 863225K [0x0000000783000000, 0x00000007d6560000, 0x00000007d6560000)
  object space 1365376K, 63% used [0x0000000783000000,0x00000007b7afe788,0x00000007d6560000)
 PSPermGen       total 24000K, used 21542K [0x000000077de00000, 0x000000077f570000, 0x0000000783000000)
  object space 24000K, 89% used [0x000000077de00000,0x000000077f309b38,0x000000077f570000)
1767.703: [GC [PSYoungGen: 234432K->7248K(455104K)] 1097657K->870577K(1820480K), 0.0529840 secs] [Times: user=0.39 sys=0.00, real=0.06 secs] 
Heap after GC invocations=260 (full 20):
 PSYoungGen      total 455104K, used 7248K [0x00000007d6560000, 0x0000000800000000, 0x0000000800000000)
  eden space 227584K, 0% used [0x00000007d6560000,0x00000007d6560000,0x00000007e43a0000)
  from space 227520K, 3% used [0x00000007f21d0000,0x00000007f28e4030,0x0000000800000000)
  to   space 227520K, 0% used [0x00000007e43a0000,0x00000007e43a0000,0x00000007f21d0000)
 PSOldGen        total 1365376K, used 863329K [0x0000000783000000, 0x00000007d6560000, 0x00000007d6560000)
  object space 1365376K, 63% used [0x0000000783000000,0x00000007b7b18788,0x00000007d6560000)
 PSPermGen       total 24000K, used 21542K [0x000000077de00000, 0x000000077f570000, 0x0000000783000000)
  object space 24000K, 89% used [0x000000077de00000,0x000000077f309b38,0x000000077f570000)
}
Total time for which application threads were stopped: 0.0538180 seconds
Application time: 0.7237560 seconds
{Heap before GC invocations=261 (full 20):
 PSYoungGen      total 455104K, used 234832K [0x00000007d6560000, 0x0000000800000000, 0x0000000800000000)
  eden space 227584K, 100% used [0x00000007d6560000,0x00000007e43a0000,0x00000007e43a0000)
  from space 227520K, 3% used [0x00000007f21d0000,0x00000007f28e4030,0x0000000800000000)
  to   space 227520K, 0% used [0x00000007e43a0000,0x00000007e43a0000,0x00000007f21d0000)
 PSOldGen        total 1365376K, used 863329K [0x0000000783000000, 0x00000007d6560000, 0x00000007d6560000)
  object space 1365376K, 63% used [0x0000000783000000,0x00000007b7b18788,0x00000007d6560000)
 PSPermGen       total 24000K, used 21780K [0x000000077de00000, 0x000000077f570000, 0x0000000783000000)
  object space 24000K, 90% used [0x000000077de00000,0x000000077f3453b8,0x000000077f570000)
1768.481: [GC [PSYoungGen: 234832K->151609K(455104K)] 1098161K->1015204K(1820480K), 0.0300120 secs] [Times: user=0.28 sys=0.01, real=0.03 secs] 
Heap after GC invocations=261 (full 20):
 PSYoungGen      total 455104K, used 151609K [0x00000007d6560000, 0x0000000800000000, 0x0000000800000000)
  eden space 227584K, 0% used [0x00000007d6560000,0x00000007d6560000,0x00000007e43a0000)
  from space 227520K, 66% used [0x00000007e43a0000,0x00000007ed7ae6c0,0x00000007f21d0000)
  to   space 227520K, 0% used [0x00000007f21d0000,0x00000007f21d0000,0x0000000800000000)
 PSOldGen        total 1365376K, used 863594K [0x0000000783000000, 0x00000007d6560000, 0x00000007d6560000)
  object space 1365376K, 63% used [0x0000000783000000,0x00000007b7b5abf8,0x00000007d6560000)
 PSPermGen       total 24000K, used 21780K [0x000000077de00000, 0x000000077f570000, 0x0000000783000000)
  object space 24000K, 90% used [0x000000077de00000,0x000000077f3453b8,0x000000077f570000)
}
Total time for which application threads were stopped: 0.0307560 seconds
Application time: 0.2961250 seconds
{Heap before GC invocations=262 (full 20):
 PSYoungGen      total 455104K, used 379193K [0x00000007d6560000, 0x0000000800000000, 0x0000000800000000)
  eden space 227584K, 100% used [0x00000007d6560000,0x00000007e43a0000,0x00000007e43a0000)
  from space 227520K, 66% used [0x00000007e43a0000,0x00000007ed7ae6c0,0x00000007f21d0000)
  to   space 227520K, 0% used [0x00000007f21d0000,0x00000007f21d0000,0x0000000800000000)
 PSOldGen        total 1365376K, used 863594K [0x0000000783000000, 0x00000007d6560000, 0x00000007d6560000)
  object space 1365376K, 63% used [0x0000000783000000,0x00000007b7b5abf8,0x00000007d6560000)
 PSPermGen       total 24000K, used 22009K [0x000000077de00000, 0x000000077f570000, 0x0000000783000000)
  object space 24000K, 91% used [0x000000077de00000,0x000000077f37e5f8,0x000000077f570000)
1768.807: [GC [PSYoungGen: 379193K->152706K(455104K)] 1242788K->1155212K(1820480K), 0.0468800 secs] [Times: user=0.50 sys=0.00, real=0.04 secs] 
Heap after GC invocations=262 (full 20):
 PSYoungGen      total 455104K, used 152706K [0x00000007d6560000, 0x0000000800000000, 0x0000000800000000)
  eden space 227584K, 0% used [0x00000007d6560000,0x00000007d6560000,0x00000007e43a0000)
  from space 227520K, 67% used [0x00000007f21d0000,0x00000007fb6f09d0,0x0000000800000000)
  to   space 227520K, 0% used [0x00000007e43a0000,0x00000007e43a0000,0x00000007f21d0000)
 PSOldGen        total 1365376K, used 1002506K [0x0000000783000000, 0x00000007d6560000, 0x00000007d6560000)
  object space 1365376K, 73% used [0x0000000783000000,0x00000007c0302958,0x00000007d6560000)
 PSPermGen       total 24000K, used 22009K [0x000000077de00000, 0x000000077f570000, 0x0000000783000000)
  object space 24000K, 91% used [0x000000077de00000,0x000000077f37e5f8,0x000000077f570000)
}
Total time for which application threads were stopped: 0.0476840 seconds
Application time: 0.2884550 seconds
{Heap before GC invocations=263 (full 20):
 PSYoungGen      total 455104K, used 380290K [0x00000007d6560000, 0x0000000800000000, 0x0000000800000000)
  eden space 227584K, 100% used [0x00000007d6560000,0x00000007e43a0000,0x00000007e43a0000)
  from space 227520K, 67% used [0x00000007f21d0000,0x00000007fb6f09d0,0x0000000800000000)
  to   space 227520K, 0% used [0x00000007e43a0000,0x00000007e43a0000,0x00000007f21d0000)
 PSOldGen        total 1365376K, used 1002506K [0x0000000783000000, 0x00000007d6560000, 0x00000007d6560000)
  object space 1365376K, 73% used [0x0000000783000000,0x00000007c0302958,0x00000007d6560000)
 PSPermGen       total 24000K, used 22253K [0x000000077de00000, 0x000000077f570000, 0x0000000783000000)
  object space 24000K, 92% used [0x000000077de00000,0x000000077f3bb7f8,0x000000077f570000)
1769.144: [GC [PSYoungGen: 380290K->161412K(455104K)] 1382796K->1302356K(1820480K), 0.0484100 secs] [Times: user=0.54 sys=0.00, real=0.05 secs] 
Heap after GC invocations=263 (full 20):
 PSYoungGen      total 455104K, used 161412K [0x00000007d6560000, 0x0000000800000000, 0x0000000800000000)
  eden space 227584K, 0% used [0x00000007d6560000,0x00000007d6560000,0x00000007e43a0000)
  from space 227520K, 70% used [0x00000007e43a0000,0x00000007ee141330,0x00000007f21d0000)
  to   space 227520K, 0% used [0x00000007f21d0000,0x00000007f21d0000,0x0000000800000000)
 PSOldGen        total 1365376K, used 1140943K [0x0000000783000000, 0x00000007d6560000, 0x00000007d6560000)
  object space 1365376K, 83% used [0x0000000783000000,0x00000007c8a33fe8,0x00000007d6560000)
 PSPermGen       total 24000K, used 22253K [0x000000077de00000, 0x000000077f570000, 0x0000000783000000)
  object space 24000K, 92% used [0x000000077de00000,0x000000077f3bb7f8,0x000000077f570000)
}
{Heap before GC invocations=264 (full 21):
 PSYoungGen      total 455104K, used 161412K [0x00000007d6560000, 0x0000000800000000, 0x0000000800000000)
  eden space 227584K, 0% used [0x00000007d6560000,0x00000007d6560000,0x00000007e43a0000)
  from space 227520K, 70% used [0x00000007e43a0000,0x00000007ee141330,0x00000007f21d0000)
  to   space 227520K, 0% used [0x00000007f21d0000,0x00000007f21d0000,0x0000000800000000)
 PSOldGen        total 1365376K, used 1140943K [0x0000000783000000, 0x00000007d6560000, 0x00000007d6560000)
  object space 1365376K, 83% used [0x0000000783000000,0x00000007c8a33fe8,0x00000007d6560000)
 PSPermGen       total 24000K, used 22253K [0x000000077de00000, 0x000000077f570000, 0x0000000783000000)
  object space 24000K, 92% used [0x000000077de00000,0x000000077f3bb7f8,0x000000077f570000)
1769.192: [Full GC [PSYoungGen: 161412K->0K(455104K)] [PSOldGen: 1140943K->510630K(1365376K)] 1302356K->510630K(1820480K) [PSPermGen: 22253K->22253K(25536K)], 0.4477310 secs] [Times: user=0.45 sys=0.00, real=0.45 secs] 
Heap after GC invocations=264 (full 21):
 PSYoungGen      total 455104K, used 0K [0x00000007d6560000, 0x0000000800000000, 0x0000000800000000)
  eden space 227584K, 0% used [0x00000007d6560000,0x00000007d6560000,0x00000007e43a0000)
  from space 227520K, 0% used [0x00000007e43a0000,0x00000007e43a0000,0x00000007f21d0000)
  to   space 227520K, 0% used [0x00000007f21d0000,0x00000007f21d0000,0x0000000800000000)
 PSOldGen        total 1365376K, used 510630K [0x0000000783000000, 0x00000007d6560000, 0x00000007d6560000)
  object space 1365376K, 37% used [0x0000000783000000,0x00000007a22a98d0,0x00000007d6560000)
 PSPermGen       total 25536K, used 22253K [0x000000077de00000, 0x000000077f6f0000, 0x0000000783000000)
  object space 25536K, 87% used [0x000000077de00000,0x000000077f3bb7f8,0x000000077f6f0000)
}
Total time for which application threads were stopped: 0.4970860 seconds
Application time: 0.7249260 seconds
{Heap before GC invocations=265 (full 21):
 PSYoungGen      total 455104K, used 227584K [0x00000007d6560000, 0x0000000800000000, 0x0000000800000000)
  eden space 227584K, 100% used [0x00000007d6560000,0x00000007e43a0000,0x00000007e43a0000)
  from space 227520K, 0% used [0x00000007e43a0000,0x00000007e43a0000,0x00000007f21d0000)
  to   space 227520K, 0% used [0x00000007f21d0000,0x00000007f21d0000,0x0000000800000000)
 PSOldGen        total 1365376K, used 510630K [0x0000000783000000, 0x00000007d6560000, 0x00000007d6560000)
  object space 1365376K, 37% used [0x0000000783000000,0x00000007a22a98d0,0x00000007d6560000)
 PSPermGen       total 25536K, used 22301K [0x000000077de00000, 0x000000077f6f0000, 0x0000000783000000)
  object space 25536K, 87% used [0x000000077de00000,0x000000077f3c7438,0x000000077f6f0000)
1770.366: [GC [PSYoungGen: 227584K->33272K(455104K)] 738214K->543902K(1820480K), 0.0478830 secs] [Times: user=0.32 sys=0.02, real=0.05 secs] 
Heap after GC invocations=265 (full 21):
 PSYoungGen      total 455104K, used 33272K [0x00000007d6560000, 0x0000000800000000, 0x0000000800000000)
  eden space 227584K, 0% used [0x00000007d6560000,0x00000007d6560000,0x00000007e43a0000)
  from space 227520K, 14% used [0x00000007f21d0000,0x00000007f424e130,0x0000000800000000)
  to   space 227520K, 0% used [0x00000007e43a0000,0x00000007e43a0000,0x00000007f21d0000)
 PSOldGen        total 1365376K, used 510630K [0x0000000783000000, 0x00000007d6560000, 0x00000007d6560000)
  object space 1365376K, 37% used [0x0000000783000000,0x00000007a22a98d0,0x00000007d6560000)
 PSPermGen       total 25536K, used 22301K [0x000000077de00000, 0x000000077f6f0000, 0x0000000783000000)
  object space 25536K, 87% used [0x000000077de00000,0x000000077f3c7438,0x000000077f6f0000)
}
Total time for which application threads were stopped: 0.0486530 seconds
Application time: 0.7788630 seconds
{Heap before GC invocations=266 (full 21):
 PSYoungGen      total 455104K, used 260856K [0x00000007d6560000, 0x0000000800000000, 0x0000000800000000)
  eden space 227584K, 100% used [0x00000007d6560000,0x00000007e43a0000,0x00000007e43a0000)
  from space 227520K, 14% used [0x00000007f21d0000,0x00000007f424e130,0x0000000800000000)
  to   space 227520K, 0% used [0x00000007e43a0000,0x00000007e43a0000,0x00000007f21d0000)
 PSOldGen        total 1365376K, used 510630K [0x0000000783000000, 0x00000007d6560000, 0x00000007d6560000)
  object space 1365376K, 37% used [0x0000000783000000,0x00000007a22a98d0,0x00000007d6560000)
 PSPermGen       total 25536K, used 22301K [0x000000077de00000, 0x000000077f6f0000, 0x0000000783000000)
  object space 25536K, 87% used [0x000000077de00000,0x000000077f3c7438,0x000000077f6f0000)
1771.193: [GC [PSYoungGen: 260856K->6944K(455104K)] 771486K->540354K(1820480K), 0.0541970 secs] [Times: user=0.40 sys=0.00, real=0.06 secs] 
Heap after GC invocations=266 (full 21):
 PSYoungGen      total 455104K, used 6944K [0x00000007d6560000, 0x0000000800000000, 0x0000000800000000)
  eden space 227584K, 0% used [0x00000007d6560000,0x00000007d6560000,0x00000007e43a0000)
  from space 227520K, 3% used [0x00000007e43a0000,0x00000007e4a68000,0x00000007f21d0000)
  to   space 227520K, 0% used [0x00000007f21d0000,0x00000007f21d0000,0x0000000800000000)
 PSOldGen        total 1365376K, used 533410K [0x0000000783000000, 0x00000007d6560000, 0x00000007d6560000)
  object space 1365376K, 39% used [0x0000000783000000,0x00000007a38e88e0,0x00000007d6560000)
 PSPermGen       total 25536K, used 22301K [0x000000077de00000, 0x000000077f6f0000, 0x0000000783000000)
  object space 25536K, 87% used [0x000000077de00000,0x000000077f3c7438,0x000000077f6f0000)
}
Total time for which application threads were stopped: 0.0549420 seconds
Application time: 0.7870010 seconds
{Heap before GC invocations=267 (full 21):
 PSYoungGen      total 455104K, used 234528K [0x00000007d6560000, 0x0000000800000000, 0x0000000800000000)
  eden space 227584K, 100% used [0x00000007d6560000,0x00000007e43a0000,0x00000007e43a0000)
  from space 227520K, 3% used [0x00000007e43a0000,0x00000007e4a68000,0x00000007f21d0000)
  to   space 227520K, 0% used [0x00000007f21d0000,0x00000007f21d0000,0x0000000800000000)
 PSOldGen        total 1365376K, used 533410K [0x0000000783000000, 0x00000007d6560000, 0x00000007d6560000)
  object space 1365376K, 39% used [0x0000000783000000,0x00000007a38e88e0,0x00000007d6560000)
 PSPermGen       total 25536K, used 22302K [0x000000077de00000, 0x000000077f6f0000, 0x0000000783000000)
  object space 25536K, 87% used [0x000000077de00000,0x000000077f3c7910,0x000000077f6f0000)
1772.035: [GC [PSYoungGen: 234528K->7296K(455104K)] 767938K->540778K(1820480K), 0.0524740 secs] [Times: user=0.36 sys=0.01, real=0.05 secs] 
Heap after GC invocations=267 (full 21):
 PSYoungGen      total 455104K, used 7296K [0x00000007d6560000, 0x0000000800000000, 0x0000000800000000)
  eden space 227584K, 0% used [0x00000007d6560000,0x00000007d6560000,0x00000007e43a0000)
  from space 227520K, 3% used [0x00000007f21d0000,0x00000007f28f0000,0x0000000800000000)
  to   space 227520K, 0% used [0x00000007e43a0000,0x00000007e43a0000,0x00000007f21d0000)
 PSOldGen        total 1365376K, used 533482K [0x0000000783000000, 0x00000007d6560000, 0x00000007d6560000)
  object space 1365376K, 39% used [0x0000000783000000,0x00000007a38fa8e0,0x00000007d6560000)
 PSPermGen       total 25536K, used 22302K [0x000000077de00000, 0x000000077f6f0000, 0x0000000783000000)
  object space 25536K, 87% used [0x000000077de00000,0x000000077f3c7910,0x000000077f6f0000)
}
Total time for which application threads were stopped: 0.0532150 seconds
Application time: 1.5444350 seconds
{Heap before GC invocations=268 (full 21):
 PSYoungGen      total 455104K, used 234880K [0x00000007d6560000, 0x0000000800000000, 0x0000000800000000)
  eden space 227584K, 100% used [0x00000007d6560000,0x00000007e43a0000,0x00000007e43a0000)
  from space 227520K, 3% used [0x00000007f21d0000,0x00000007f28f0000,0x0000000800000000)
  to   space 227520K, 0% used [0x00000007e43a0000,0x00000007e43a0000,0x00000007f21d0000)
 PSOldGen        total 1365376K, used 533482K [0x0000000783000000, 0x00000007d6560000, 0x00000007d6560000)
  object space 1365376K, 39% used [0x0000000783000000,0x00000007a38fa8e0,0x00000007d6560000)
 PSPermGen       total 25536K, used 22335K [0x000000077de00000, 0x000000077f6f0000, 0x0000000783000000)
  object space 25536K, 87% used [0x000000077de00000,0x000000077f3cfd10,0x000000077f6f0000)
1773.633: [GC [PSYoungGen: 234880K->23727K(455104K)] 768362K->557585K(1820480K), 0.0487620 secs] [Times: user=0.35 sys=0.00, real=0.05 secs] 
Heap after GC invocations=268 (full 21):
 PSYoungGen      total 455104K, used 23727K [0x00000007d6560000, 0x0000000800000000, 0x0000000800000000)
  eden space 227584K, 0% used [0x00000007d6560000,0x00000007d6560000,0x00000007e43a0000)
  from space 227520K, 10% used [0x00000007e43a0000,0x00000007e5acbcd0,0x00000007f21d0000)
  to   space 227520K, 0% used [0x00000007f21d0000,0x00000007f21d0000,0x0000000800000000)
 PSOldGen        total 1365376K, used 533858K [0x0000000783000000, 0x00000007d6560000, 0x00000007d6560000)
  object space 1365376K, 39% used [0x0000000783000000,0x00000007a39588e0,0x00000007d6560000)
 PSPermGen       total 25536K, used 22335K [0x000000077de00000, 0x000000077f6f0000, 0x0000000783000000)
  object space 25536K, 87% used [0x000000077de00000,0x000000077f3cfd10,0x000000077f6f0000)
}
Total time for which application threads were stopped: 0.0497700 seconds
Application time: 0.2578620 seconds
{Heap before GC invocations=269 (full 21):
 PSYoungGen      total 455104K, used 251311K [0x00000007d6560000, 0x0000000800000000, 0x0000000800000000)
  eden space 227584K, 100% used [0x00000007d6560000,0x00000007e43a0000,0x00000007e43a0000)
  from space 227520K, 10% used [0x00000007e43a0000,0x00000007e5acbcd0,0x00000007f21d0000)
  to   space 227520K, 0% used [0x00000007f21d0000,0x00000007f21d0000,0x0000000800000000)
 PSOldGen        total 1365376K, used 533858K [0x0000000783000000, 0x00000007d6560000, 0x00000007d6560000)
  object space 1365376K, 39% used [0x0000000783000000,0x00000007a39588e0,0x00000007d6560000)
 PSPermGen       total 25536K, used 22584K [0x000000077de00000, 0x000000077f6f0000, 0x0000000783000000)
  object space 25536K, 88% used [0x000000077de00000,0x000000077f40e350,0x000000077f6f0000)
1773.940: [GC [PSYoungGen: 251311K->162169K(455104K)] 785169K->713054K(1820480K), 0.0306040 secs] [Times: user=0.31 sys=0.00, real=0.03 secs] 
Heap after GC invocations=269 (full 21):
 PSYoungGen      total 455104K, used 162169K [0x00000007d6560000, 0x0000000800000000, 0x0000000800000000)
  eden space 227584K, 0% used [0x00000007d6560000,0x00000007d6560000,0x00000007e43a0000)
  from space 227520K, 71% used [0x00000007f21d0000,0x00000007fc02e5c0,0x0000000800000000)
  to   space 227520K, 0% used [0x00000007e43a0000,0x00000007e43a0000,0x00000007f21d0000)
 PSOldGen        total 1365376K, used 550885K [0x0000000783000000, 0x00000007d6560000, 0x00000007d6560000)
  object space 1365376K, 40% used [0x0000000783000000,0x00000007a49f95e0,0x00000007d6560000)
 PSPermGen       total 25536K, used 22584K [0x000000077de00000, 0x000000077f6f0000, 0x0000000783000000)
  object space 25536K, 88% used [0x000000077de00000,0x000000077f40e350,0x000000077f6f0000)
}
Total time for which application threads were stopped: 0.0313760 seconds
Application time: 0.2555040 seconds
{Heap before GC invocations=270 (full 21):
 PSYoungGen      total 455104K, used 389753K [0x00000007d6560000, 0x0000000800000000, 0x0000000800000000)
  eden space 227584K, 100% used [0x00000007d6560000,0x00000007e43a0000,0x00000007e43a0000)
  from space 227520K, 71% used [0x00000007f21d0000,0x00000007fc02e5c0,0x0000000800000000)
  to   space 227520K, 0% used [0x00000007e43a0000,0x00000007e43a0000,0x00000007f21d0000)
 PSOldGen        total 1365376K, used 550885K [0x0000000783000000, 0x00000007d6560000, 0x00000007d6560000)
  object space 1365376K, 40% used [0x0000000783000000,0x00000007a49f95e0,0x00000007d6560000)
 PSPermGen       total 25536K, used 22836K [0x000000077de00000, 0x000000077f6f0000, 0x0000000783000000)
  object space 25536K, 89% used [0x000000077de00000,0x000000077f44d350,0x000000077f6f0000)
1774.227: [GC [PSYoungGen: 389753K->166584K(455104K)] 940638K->865605K(1820480K), 0.0465760 secs] [Times: user=0.51 sys=0.00, real=0.04 secs] 
Heap after GC invocations=270 (full 21):
 PSYoungGen      total 455104K, used 166584K [0x00000007d6560000, 0x0000000800000000, 0x0000000800000000)
  eden space 227584K, 0% used [0x00000007d6560000,0x00000007d6560000,0x00000007e43a0000)
  from space 227520K, 73% used [0x00000007e43a0000,0x00000007ee64e010,0x00000007f21d0000)
  to   space 227520K, 0% used [0x00000007f21d0000,0x00000007f21d0000,0x0000000800000000)
 PSOldGen        total 1365376K, used 699021K [0x0000000783000000, 0x00000007d6560000, 0x00000007d6560000)
  object space 1365376K, 51% used [0x0000000783000000,0x00000007adaa3560,0x00000007d6560000)
 PSPermGen       total 25536K, used 22836K [0x000000077de00000, 0x000000077f6f0000, 0x0000000783000000)
  object space 25536K, 89% used [0x000000077de00000,0x000000077f44d350,0x000000077f6f0000)
}
Total time for which application threads were stopped: 0.0474140 seconds
Application time: 0.3761160 seconds
{Heap before GC invocations=271 (full 21):
 PSYoungGen      total 455104K, used 394168K [0x00000007d6560000, 0x0000000800000000, 0x0000000800000000)
  eden space 227584K, 100% used [0x00000007d6560000,0x00000007e43a0000,0x00000007e43a0000)
  from space 227520K, 73% used [0x00000007e43a0000,0x00000007ee64e010,0x00000007f21d0000)
  to   space 227520K, 0% used [0x00000007f21d0000,0x00000007f21d0000,0x0000000800000000)
 PSOldGen        total 1365376K, used 699021K [0x0000000783000000, 0x00000007d6560000, 0x00000007d6560000)
  object space 1365376K, 51% used [0x0000000783000000,0x00000007adaa3560,0x00000007d6560000)
 PSPermGen       total 25536K, used 23062K [0x000000077de00000, 0x000000077f6f0000, 0x0000000783000000)
  object space 25536K, 90% used [0x000000077de00000,0x000000077f485b10,0x000000077f6f0000)
1774.651: [GC [PSYoungGen: 394168K->148129K(455104K)] 1093189K->998828K(1820480K), 0.0503820 secs] [Times: user=0.50 sys=0.00, real=0.05 secs] 
Heap after GC invocations=271 (full 21):
 PSYoungGen      total 455104K, used 148129K [0x00000007d6560000, 0x0000000800000000, 0x0000000800000000)
  eden space 227584K, 0% used [0x00000007d6560000,0x00000007d6560000,0x00000007e43a0000)
  from space 227520K, 65% used [0x00000007f21d0000,0x00000007fb278590,0x0000000800000000)
  to   space 227520K, 0% used [0x00000007e43a0000,0x00000007e43a0000,0x00000007f21d0000)
 PSOldGen        total 1365376K, used 850699K [0x0000000783000000, 0x00000007d6560000, 0x00000007d6560000)
  object space 1365376K, 62% used [0x0000000783000000,0x00000007b6ec2c20,0x00000007d6560000)
 PSPermGen       total 25536K, used 23062K [0x000000077de00000, 0x000000077f6f0000, 0x0000000783000000)
  object space 25536K, 90% used [0x000000077de00000,0x000000077f485b10,0x000000077f6f0000)
}
Total time for which application threads were stopped: 0.0511840 seconds
Application time: 0.7747220 seconds
{Heap before GC invocations=272 (full 21):
 PSYoungGen      total 455104K, used 375713K [0x00000007d6560000, 0x0000000800000000, 0x0000000800000000)
  eden space 227584K, 100% used [0x00000007d6560000,0x00000007e43a0000,0x00000007e43a0000)
  from space 227520K, 65% used [0x00000007f21d0000,0x00000007fb278590,0x0000000800000000)
  to   space 227520K, 0% used [0x00000007e43a0000,0x00000007e43a0000,0x00000007f21d0000)
 PSOldGen        total 1365376K, used 850699K [0x0000000783000000, 0x00000007d6560000, 0x00000007d6560000)
  object space 1365376K, 62% used [0x0000000783000000,0x00000007b6ec2c20,0x00000007d6560000)
 PSPermGen       total 25536K, used 23069K [0x000000077de00000, 0x000000077f6f0000, 0x0000000783000000)
  object space 25536K, 90% used [0x000000077de00000,0x000000077f487550,0x000000077f6f0000)
1775.477: [GC [PSYoungGen: 375713K->10402K(455104K)] 1226412K->995634K(1820480K), 0.0552620 secs] [Times: user=0.37 sys=0.01, real=0.05 secs] 
Heap after GC invocations=272 (full 21):
 PSYoungGen      total 455104K, used 10402K [0x00000007d6560000, 0x0000000800000000, 0x0000000800000000)
  eden space 227584K, 0% used [0x00000007d6560000,0x00000007d6560000,0x00000007e43a0000)
  from space 227520K, 4% used [0x00000007e43a0000,0x00000007e4dc8840,0x00000007f21d0000)
  to   space 227520K, 0% used [0x00000007f21d0000,0x00000007f21d0000,0x0000000800000000)
 PSOldGen        total 1365376K, used 985232K [0x0000000783000000, 0x00000007d6560000, 0x00000007d6560000)
  object space 1365376K, 72% used [0x0000000783000000,0x00000007bf224150,0x00000007d6560000)
 PSPermGen       total 25536K, used 23069K [0x000000077de00000, 0x000000077f6f0000, 0x0000000783000000)
  object space 25536K, 90% used [0x000000077de00000,0x000000077f487550,0x000000077f6f0000)
}
Total time for which application threads were stopped: 0.0561060 seconds
Application time: 0.7816870 seconds
{Heap before GC invocations=273 (full 21):
 PSYoungGen      total 455104K, used 237986K [0x00000007d6560000, 0x0000000800000000, 0x0000000800000000)
  eden space 227584K, 100% used [0x00000007d6560000,0x00000007e43a0000,0x00000007e43a0000)
  from space 227520K, 4% used [0x00000007e43a0000,0x00000007e4dc8840,0x00000007f21d0000)
  to   space 227520K, 0% used [0x00000007f21d0000,0x00000007f21d0000,0x0000000800000000)
 PSOldGen        total 1365376K, used 985232K [0x0000000783000000, 0x00000007d6560000, 0x00000007d6560000)
  object space 1365376K, 72% used [0x0000000783000000,0x00000007bf224150,0x00000007d6560000)
 PSPermGen       total 25536K, used 23069K [0x000000077de00000, 0x000000077f6f0000, 0x0000000783000000)
  object space 25536K, 90% used [0x000000077de00000,0x000000077f487550,0x000000077f6f0000)
1776.315: [GC [PSYoungGen: 237986K->6976K(455104K)] 1223218K->995048K(1820480K), 0.0574340 secs] [Times: user=0.42 sys=0.00, real=0.05 secs] 
Heap after GC invocations=273 (full 21):
 PSYoungGen      total 455104K, used 6976K [0x00000007d6560000, 0x0000000800000000, 0x0000000800000000)
  eden space 227584K, 0% used [0x00000007d6560000,0x00000007d6560000,0x00000007e43a0000)
  from space 227520K, 3% used [0x00000007f21d0000,0x00000007f28a0000,0x0000000800000000)
  to   space 227520K, 0% used [0x00000007e43a0000,0x00000007e43a0000,0x00000007f21d0000)
 PSOldGen        total 1365376K, used 988072K [0x0000000783000000, 0x00000007d6560000, 0x00000007d6560000)
  object space 1365376K, 72% used [0x0000000783000000,0x00000007bf4ea200,0x00000007d6560000)
 PSPermGen       total 25536K, used 23069K [0x000000077de00000, 0x000000077f6f0000, 0x0000000783000000)
  object space 25536K, 90% used [0x000000077de00000,0x000000077f487550,0x000000077f6f0000)
}
Total time for which application threads were stopped: 0.0583070 seconds
Application time: 0.7576200 seconds
{Heap before GC invocations=274 (full 21):
 PSYoungGen      total 455104K, used 234560K [0x00000007d6560000, 0x0000000800000000, 0x0000000800000000)
  eden space 227584K, 100% used [0x00000007d6560000,0x00000007e43a0000,0x00000007e43a0000)
  from space 227520K, 3% used [0x00000007f21d0000,0x00000007f28a0000,0x0000000800000000)
  to   space 227520K, 0% used [0x00000007e43a0000,0x00000007e43a0000,0x00000007f21d0000)
 PSOldGen        total 1365376K, used 988072K [0x0000000783000000, 0x00000007d6560000, 0x00000007d6560000)
  object space 1365376K, 72% used [0x0000000783000000,0x00000007bf4ea200,0x00000007d6560000)
 PSPermGen       total 25536K, used 23069K [0x000000077de00000, 0x000000077f6f0000, 0x0000000783000000)
  object space 25536K, 90% used [0x000000077de00000,0x000000077f487550,0x000000077f6f0000)
1777.131: [GC [PSYoungGen: 234560K->7104K(455104K)] 1222632K->995288K(1820480K), 0.0596040 secs] [Times: user=0.41 sys=0.00, real=0.06 secs] 
Heap after GC invocations=274 (full 21):
 PSYoungGen      total 455104K, used 7104K [0x00000007d6560000, 0x0000000800000000, 0x0000000800000000)
  eden space 227584K, 0% used [0x00000007d6560000,0x00000007d6560000,0x00000007e43a0000)
  from space 227520K, 3% used [0x00000007e43a0000,0x00000007e4a90000,0x00000007f21d0000)
  to   space 227520K, 0% used [0x00000007f21d0000,0x00000007f21d0000,0x0000000800000000)
 PSOldGen        total 1365376K, used 988184K [0x0000000783000000, 0x00000007d6560000, 0x00000007d6560000)
  object space 1365376K, 72% used [0x0000000783000000,0x00000007bf506200,0x00000007d6560000)
 PSPermGen       total 25536K, used 23069K [0x000000077de00000, 0x000000077f6f0000, 0x0000000783000000)
  object space 25536K, 90% used [0x000000077de00000,0x000000077f487550,0x000000077f6f0000)
}
Total time for which application threads were stopped: 0.0605830 seconds
Application time: 2.9915370 seconds
{Heap before GC invocations=275 (full 21):
 PSYoungGen      total 455104K, used 234688K [0x00000007d6560000, 0x0000000800000000, 0x0000000800000000)
  eden space 227584K, 100% used [0x00000007d6560000,0x00000007e43a0000,0x00000007e43a0000)
  from space 227520K, 3% used [0x00000007e43a0000,0x00000007e4a90000,0x00000007f21d0000)
  to   space 227520K, 0% used [0x00000007f21d0000,0x00000007f21d0000,0x0000000800000000)
 PSOldGen        total 1365376K, used 988184K [0x0000000783000000, 0x00000007d6560000, 0x00000007d6560000)
  object space 1365376K, 72% used [0x0000000783000000,0x00000007bf506200,0x00000007d6560000)
 PSPermGen       total 25536K, used 23159K [0x000000077de00000, 0x000000077f6f0000, 0x0000000783000000)
  object space 25536K, 90% used [0x000000077de00000,0x000000077f49dc90,0x000000077f6f0000)
1780.184: [GC [PSYoungGen: 234688K->57856K(455104K)] 1222872K->1046209K(1820480K), 0.0417320 secs] [Times: user=0.33 sys=0.00, real=0.04 secs] 
Heap after GC invocations=275 (full 21):
 PSYoungGen      total 455104K, used 57856K [0x00000007d6560000, 0x0000000800000000, 0x0000000800000000)
  eden space 227584K, 0% used [0x00000007d6560000,0x00000007d6560000,0x00000007e43a0000)
  from space 227520K, 25% used [0x00000007f21d0000,0x00000007f5a50350,0x0000000800000000)
  to   space 227520K, 0% used [0x00000007e43a0000,0x00000007e43a0000,0x00000007f21d0000)
 PSOldGen        total 1365376K, used 988352K [0x0000000783000000, 0x00000007d6560000, 0x00000007d6560000)
  object space 1365376K, 72% used [0x0000000783000000,0x00000007bf530200,0x00000007d6560000)
 PSPermGen       total 25536K, used 23159K [0x000000077de00000, 0x000000077f6f0000, 0x0000000783000000)
  object space 25536K, 90% used [0x000000077de00000,0x000000077f49dc90,0x000000077f6f0000)
}
Total time for which application threads were stopped: 0.0436470 seconds
Application time: 0.2582490 seconds
{Heap before GC invocations=276 (full 21):
 PSYoungGen      total 455104K, used 285440K [0x00000007d6560000, 0x0000000800000000, 0x0000000800000000)
  eden space 227584K, 100% used [0x00000007d6560000,0x00000007e43a0000,0x00000007e43a0000)
  from space 227520K, 25% used [0x00000007f21d0000,0x00000007f5a50350,0x0000000800000000)
  to   space 227520K, 0% used [0x00000007e43a0000,0x00000007e43a0000,0x00000007f21d0000)
 PSOldGen        total 1365376K, used 988352K [0x0000000783000000, 0x00000007d6560000, 0x00000007d6560000)
  object space 1365376K, 72% used [0x0000000783000000,0x00000007bf530200,0x00000007d6560000)
 PSPermGen       total 25536K, used 23406K [0x000000077de00000, 0x000000077f6f0000, 0x0000000783000000)
  object space 25536K, 91% used [0x000000077de00000,0x000000077f4db910,0x000000077f6f0000)
1780.485: [GC [PSYoungGen: 285440K->163402K(455104K)] 1273793K->1201326K(1820480K), 0.0363170 secs] [Times: user=0.37 sys=0.01, real=0.03 secs] 
Heap after GC invocations=276 (full 21):
 PSYoungGen      total 455104K, used 163402K [0x00000007d6560000, 0x0000000800000000, 0x0000000800000000)
  eden space 227584K, 0% used [0x00000007d6560000,0x00000007d6560000,0x00000007e43a0000)
  from space 227520K, 71% used [0x00000007e43a0000,0x00000007ee3329d0,0x00000007f21d0000)
  to   space 227520K, 0% used [0x00000007f21d0000,0x00000007f21d0000,0x0000000800000000)
 PSOldGen        total 1365376K, used 1037924K [0x0000000783000000, 0x00000007d6560000, 0x00000007d6560000)
  object space 1365376K, 76% used [0x0000000783000000,0x00000007c2599170,0x00000007d6560000)
 PSPermGen       total 25536K, used 23406K [0x000000077de00000, 0x000000077f6f0000, 0x0000000783000000)
  object space 25536K, 91% used [0x000000077de00000,0x000000077f4db910,0x000000077f6f0000)
}
Total time for which application threads were stopped: 0.0370790 seconds
Application time: 0.2575930 seconds
{Heap before GC invocations=277 (full 21):
 PSYoungGen      total 455104K, used 390986K [0x00000007d6560000, 0x0000000800000000, 0x0000000800000000)
  eden space 227584K, 100% used [0x00000007d6560000,0x00000007e43a0000,0x00000007e43a0000)
  from space 227520K, 71% used [0x00000007e43a0000,0x00000007ee3329d0,0x00000007f21d0000)
  to   space 227520K, 0% used [0x00000007f21d0000,0x00000007f21d0000,0x0000000800000000)
 PSOldGen        total 1365376K, used 1037924K [0x0000000783000000, 0x00000007d6560000, 0x00000007d6560000)
  object space 1365376K, 76% used [0x0000000783000000,0x00000007c2599170,0x00000007d6560000)
 PSPermGen       total 25536K, used 23658K [0x000000077de00000, 0x000000077f6f0000, 0x0000000783000000)
  object space 25536K, 92% used [0x000000077de00000,0x000000077f51ab50,0x000000077f6f0000)
1780.779: [GC [PSYoungGen: 390986K->167134K(455104K)] 1428910K->1353577K(1820480K), 0.0487250 secs] [Times: user=0.54 sys=0.01, real=0.05 secs] 
Heap after GC invocations=277 (full 21):
 PSYoungGen      total 455104K, used 167134K [0x00000007d6560000, 0x0000000800000000, 0x0000000800000000)
  eden space 227584K, 0% used [0x00000007d6560000,0x00000007d6560000,0x00000007e43a0000)
  from space 227520K, 73% used [0x00000007f21d0000,0x00000007fc5079c0,0x0000000800000000)
  to   space 227520K, 0% used [0x00000007e43a0000,0x00000007e43a0000,0x00000007f21d0000)
 PSOldGen        total 1365376K, used 1186443K [0x0000000783000000, 0x00000007d6560000, 0x00000007d6560000)
  object space 1365376K, 86% used [0x0000000783000000,0x00000007cb6a2c10,0x00000007d6560000)
 PSPermGen       total 25536K, used 23658K [0x000000077de00000, 0x000000077f6f0000, 0x0000000783000000)
  object space 25536K, 92% used [0x000000077de00000,0x000000077f51ab50,0x000000077f6f0000)
}
{Heap before GC invocations=278 (full 22):
 PSYoungGen      total 455104K, used 167134K [0x00000007d6560000, 0x0000000800000000, 0x0000000800000000)
  eden space 227584K, 0% used [0x00000007d6560000,0x00000007d6560000,0x00000007e43a0000)
  from space 227520K, 73% used [0x00000007f21d0000,0x00000007fc5079c0,0x0000000800000000)
  to   space 227520K, 0% used [0x00000007e43a0000,0x00000007e43a0000,0x00000007f21d0000)
 PSOldGen        total 1365376K, used 1186443K [0x0000000783000000, 0x00000007d6560000, 0x00000007d6560000)
  object space 1365376K, 86% used [0x0000000783000000,0x00000007cb6a2c10,0x00000007d6560000)
 PSPermGen       total 25536K, used 23658K [0x000000077de00000, 0x000000077f6f0000, 0x0000000783000000)
  object space 25536K, 92% used [0x000000077de00000,0x000000077f51ab50,0x000000077f6f0000)
1780.828: [Full GC [PSYoungGen: 167134K->0K(455104K)] [PSOldGen: 1186443K->442315K(1365376K)] 1353577K->442315K(1820480K) [PSPermGen: 23658K->23658K(26560K)], 0.3935180 secs] [Times: user=0.39 sys=0.00, real=0.39 secs] 
Heap after GC invocations=278 (full 22):
 PSYoungGen      total 455104K, used 0K [0x00000007d6560000, 0x0000000800000000, 0x0000000800000000)
  eden space 227584K, 0% used [0x00000007d6560000,0x00000007d6560000,0x00000007e43a0000)
  from space 227520K, 0% used [0x00000007f21d0000,0x00000007f21d0000,0x0000000800000000)
  to   space 227520K, 0% used [0x00000007e43a0000,0x00000007e43a0000,0x00000007f21d0000)
 PSOldGen        total 1365376K, used 442315K [0x0000000783000000, 0x00000007d6560000, 0x00000007d6560000)
  object space 1365376K, 32% used [0x0000000783000000,0x000000079dff2f80,0x00000007d6560000)
 PSPermGen       total 26560K, used 23658K [0x000000077de00000, 0x000000077f7f0000, 0x0000000783000000)
  object space 26560K, 89% used [0x000000077de00000,0x000000077f51ab50,0x000000077f7f0000)
}
Total time for which application threads were stopped: 0.4431760 seconds
Application time: 0.7265110 seconds
{Heap before GC invocations=279 (full 22):
 PSYoungGen      total 455104K, used 227584K [0x00000007d6560000, 0x0000000800000000, 0x0000000800000000)
  eden space 227584K, 100% used [0x00000007d6560000,0x00000007e43a0000,0x00000007e43a0000)
  from space 227520K, 0% used [0x00000007f21d0000,0x00000007f21d0000,0x0000000800000000)
  to   space 227520K, 0% used [0x00000007e43a0000,0x00000007e43a0000,0x00000007f21d0000)
 PSOldGen        total 1365376K, used 442315K [0x0000000783000000, 0x00000007d6560000, 0x00000007d6560000)
  object space 1365376K, 32% used [0x0000000783000000,0x000000079dff2f80,0x00000007d6560000)
 PSPermGen       total 26560K, used 23703K [0x000000077de00000, 0x000000077f7f0000, 0x0000000783000000)
  object space 26560K, 89% used [0x000000077de00000,0x000000077f525f50,0x000000077f7f0000)
1781.949: [GC [PSYoungGen: 227584K->32497K(455104K)] 669899K->474813K(1820480K), 0.0503110 secs] [Times: user=0.38 sys=0.00, real=0.05 secs] 
Heap after GC invocations=279 (full 22):
 PSYoungGen      total 455104K, used 32497K [0x00000007d6560000, 0x0000000800000000, 0x0000000800000000)
  eden space 227584K, 0% used [0x00000007d6560000,0x00000007d6560000,0x00000007e43a0000)
  from space 227520K, 14% used [0x00000007e43a0000,0x00000007e635c790,0x00000007f21d0000)
  to   space 227520K, 0% used [0x00000007f21d0000,0x00000007f21d0000,0x0000000800000000)
 PSOldGen        total 1365376K, used 442315K [0x0000000783000000, 0x00000007d6560000, 0x00000007d6560000)
  object space 1365376K, 32% used [0x0000000783000000,0x000000079dff2f80,0x00000007d6560000)
 PSPermGen       total 26560K, used 23703K [0x000000077de00000, 0x000000077f7f0000, 0x0000000783000000)
  object space 26560K, 89% used [0x000000077de00000,0x000000077f525f50,0x000000077f7f0000)
}
Total time for which application threads were stopped: 0.0510670 seconds
Application time: 0.7691390 seconds
{Heap before GC invocations=280 (full 22):
 PSYoungGen      total 455104K, used 260081K [0x00000007d6560000, 0x0000000800000000, 0x0000000800000000)
  eden space 227584K, 100% used [0x00000007d6560000,0x00000007e43a0000,0x00000007e43a0000)
  from space 227520K, 14% used [0x00000007e43a0000,0x00000007e635c790,0x00000007f21d0000)
  to   space 227520K, 0% used [0x00000007f21d0000,0x00000007f21d0000,0x0000000800000000)
 PSOldGen        total 1365376K, used 442315K [0x0000000783000000, 0x00000007d6560000, 0x00000007d6560000)
  object space 1365376K, 32% used [0x0000000783000000,0x000000079dff2f80,0x00000007d6560000)
 PSPermGen       total 26560K, used 23703K [0x000000077de00000, 0x000000077f7f0000, 0x0000000783000000)
  object space 26560K, 89% used [0x000000077de00000,0x000000077f525f50,0x000000077f7f0000)
1782.769: [GC [PSYoungGen: 260081K->6944K(455104K)] 702397K->469052K(1820480K), 0.0574450 secs] [Times: user=0.41 sys=0.00, real=0.06 secs] 
Heap after GC invocations=280 (full 22):
 PSYoungGen      total 455104K, used 6944K [0x00000007d6560000, 0x0000000800000000, 0x0000000800000000)
  eden space 227584K, 0% used [0x00000007d6560000,0x00000007d6560000,0x00000007e43a0000)
  from space 227520K, 3% used [0x00000007f21d0000,0x00000007f2898000,0x0000000800000000)
  to   space 227520K, 0% used [0x00000007e43a0000,0x00000007e43a0000,0x00000007f21d0000)
 PSOldGen        total 1365376K, used 462108K [0x0000000783000000, 0x00000007d6560000, 0x00000007d6560000)
  object space 1365376K, 33% used [0x0000000783000000,0x000000079f3472c0,0x00000007d6560000)
 PSPermGen       total 26560K, used 23703K [0x000000077de00000, 0x000000077f7f0000, 0x0000000783000000)
  object space 26560K, 89% used [0x000000077de00000,0x000000077f525f50,0x000000077f7f0000)
}
Total time for which application threads were stopped: 0.0581570 seconds
Application time: 0.7450310 seconds
{Heap before GC invocations=281 (full 22):
 PSYoungGen      total 455104K, used 234528K [0x00000007d6560000, 0x0000000800000000, 0x0000000800000000)
  eden space 227584K, 100% used [0x00000007d6560000,0x00000007e43a0000,0x00000007e43a0000)
  from space 227520K, 3% used [0x00000007f21d0000,0x00000007f2898000,0x0000000800000000)
  to   space 227520K, 0% used [0x00000007e43a0000,0x00000007e43a0000,0x00000007f21d0000)
 PSOldGen        total 1365376K, used 462108K [0x0000000783000000, 0x00000007d6560000, 0x00000007d6560000)
  object space 1365376K, 33% used [0x0000000783000000,0x000000079f3472c0,0x00000007d6560000)
 PSPermGen       total 26560K, used 23703K [0x000000077de00000, 0x000000077f7f0000, 0x0000000783000000)
  object space 26560K, 89% used [0x000000077de00000,0x000000077f525f50,0x000000077f7f0000)
1783.572: [GC [PSYoungGen: 234528K->7040K(455104K)] 696636K->469228K(1820480K), 0.0535020 secs] [Times: user=0.39 sys=0.00, real=0.06 secs] 
Heap after GC invocations=281 (full 22):
 PSYoungGen      total 455104K, used 7040K [0x00000007d6560000, 0x0000000800000000, 0x0000000800000000)
  eden space 227584K, 0% used [0x00000007d6560000,0x00000007d6560000,0x00000007e43a0000)
  from space 227520K, 3% used [0x00000007e43a0000,0x00000007e4a80000,0x00000007f21d0000)
  to   space 227520K, 0% used [0x00000007f21d0000,0x00000007f21d0000,0x0000000800000000)
 PSOldGen        total 1365376K, used 462188K [0x0000000783000000, 0x00000007d6560000, 0x00000007d6560000)
  object space 1365376K, 33% used [0x0000000783000000,0x000000079f35b2c0,0x00000007d6560000)
 PSPermGen       total 26560K, used 23703K [0x000000077de00000, 0x000000077f7f0000, 0x0000000783000000)
  object space 26560K, 89% used [0x000000077de00000,0x000000077f525f50,0x000000077f7f0000)
}
Total time for which application threads were stopped: 0.0542130 seconds
Application time: 0.5658080 seconds
{Heap before GC invocations=282 (full 22):
 PSYoungGen      total 455104K, used 234624K [0x00000007d6560000, 0x0000000800000000, 0x0000000800000000)
  eden space 227584K, 100% used [0x00000007d6560000,0x00000007e43a0000,0x00000007e43a0000)
  from space 227520K, 3% used [0x00000007e43a0000,0x00000007e4a80000,0x00000007f21d0000)
  to   space 227520K, 0% used [0x00000007f21d0000,0x00000007f21d0000,0x0000000800000000)
 PSOldGen        total 1365376K, used 462188K [0x0000000783000000, 0x00000007d6560000, 0x00000007d6560000)
  object space 1365376K, 33% used [0x0000000783000000,0x000000079f35b2c0,0x00000007d6560000)
 PSPermGen       total 26560K, used 23849K [0x000000077de00000, 0x000000077f7f0000, 0x0000000783000000)
  object space 26560K, 89% used [0x000000077de00000,0x000000077f54a490,0x000000077f7f0000)
1784.193: [GC [PSYoungGen: 234624K->92220K(455104K)] 696812K->554576K(1820480K), 0.0326150 secs] [Times: user=0.27 sys=0.00, real=0.04 secs] 
Heap after GC invocations=282 (full 22):
 PSYoungGen      total 455104K, used 92220K [0x00000007d6560000, 0x0000000800000000, 0x0000000800000000)
  eden space 227584K, 0% used [0x00000007d6560000,0x00000007d6560000,0x00000007e43a0000)
  from space 227520K, 40% used [0x00000007f21d0000,0x00000007f7bdf030,0x0000000800000000)
  to   space 227520K, 0% used [0x00000007e43a0000,0x00000007e43a0000,0x00000007f21d0000)
 PSOldGen        total 1365376K, used 462356K [0x0000000783000000, 0x00000007d6560000, 0x00000007d6560000)
  object space 1365376K, 33% used [0x0000000783000000,0x000000079f3852c0,0x00000007d6560000)
 PSPermGen       total 26560K, used 23849K [0x000000077de00000, 0x000000077f7f0000, 0x0000000783000000)
  object space 26560K, 89% used [0x000000077de00000,0x000000077f54a490,0x000000077f7f0000)
}
Total time for which application threads were stopped: 0.0335680 seconds
Application time: 182.1826380 seconds
{Heap before GC invocations=283 (full 22):
 PSYoungGen      total 455104K, used 319804K [0x00000007d6560000, 0x0000000800000000, 0x0000000800000000)
  eden space 227584K, 100% used [0x00000007d6560000,0x00000007e43a0000,0x00000007e43a0000)
  from space 227520K, 40% used [0x00000007f21d0000,0x00000007f7bdf030,0x0000000800000000)
  to   space 227520K, 0% used [0x00000007e43a0000,0x00000007e43a0000,0x00000007f21d0000)
 PSOldGen        total 1365376K, used 462356K [0x0000000783000000, 0x00000007d6560000, 0x00000007d6560000)
  object space 1365376K, 33% used [0x0000000783000000,0x000000079f3852c0,0x00000007d6560000)
 PSPermGen       total 26560K, used 23992K [0x000000077de00000, 0x000000077f7f0000, 0x0000000783000000)
  object space 26560K, 90% used [0x000000077de00000,0x000000077f56e310,0x000000077f7f0000)
1966.409: [GC [PSYoungGen: 319804K->92326K(455104K)] 782160K->562555K(1820480K), 0.0297080 secs] [Times: user=0.22 sys=0.00, real=0.03 secs] 
Heap after GC invocations=283 (full 22):
 PSYoungGen      total 455104K, used 92326K [0x00000007d6560000, 0x0000000800000000, 0x0000000800000000)
  eden space 227584K, 0% used [0x00000007d6560000,0x00000007d6560000,0x00000007e43a0000)
  from space 227520K, 40% used [0x00000007e43a0000,0x00000007e9dc9b50,0x00000007f21d0000)
  to   space 227520K, 0% used [0x00000007f21d0000,0x00000007f21d0000,0x0000000800000000)
 PSOldGen        total 1365376K, used 470229K [0x0000000783000000, 0x00000007d6560000, 0x00000007d6560000)
  object space 1365376K, 34% used [0x0000000783000000,0x000000079fb35420,0x00000007d6560000)
 PSPermGen       total 26560K, used 23992K [0x000000077de00000, 0x000000077f7f0000, 0x0000000783000000)
  object space 26560K, 90% used [0x000000077de00000,0x000000077f56e310,0x000000077f7f0000)
}
Total time for which application threads were stopped: 0.0304420 seconds
Application time: 0.2551830 seconds
{Heap before GC invocations=284 (full 22):
 PSYoungGen      total 455104K, used 319910K [0x00000007d6560000, 0x0000000800000000, 0x0000000800000000)
  eden space 227584K, 100% used [0x00000007d6560000,0x00000007e43a0000,0x00000007e43a0000)
  from space 227520K, 40% used [0x00000007e43a0000,0x00000007e9dc9b50,0x00000007f21d0000)
  to   space 227520K, 0% used [0x00000007f21d0000,0x00000007f21d0000,0x0000000800000000)
 PSOldGen        total 1365376K, used 470229K [0x0000000783000000, 0x00000007d6560000, 0x00000007d6560000)
  object space 1365376K, 34% used [0x0000000783000000,0x000000079fb35420,0x00000007d6560000)
 PSPermGen       total 26560K, used 24249K [0x000000077de00000, 0x000000077f7f0000, 0x0000000783000000)
  object space 26560K, 91% used [0x000000077de00000,0x000000077f5ae510,0x000000077f7f0000)
1966.694: [GC [PSYoungGen: 319910K->170773K(455104K)] 790139K->723016K(1820480K), 0.0381950 secs] [Times: user=0.41 sys=0.01, real=0.04 secs] 
Heap after GC invocations=284 (full 22):
 PSYoungGen      total 455104K, used 170773K [0x00000007d6560000, 0x0000000800000000, 0x0000000800000000)
  eden space 227584K, 0% used [0x00000007d6560000,0x00000007d6560000,0x00000007e43a0000)
  from space 227520K, 75% used [0x00000007f21d0000,0x00000007fc895550,0x0000000800000000)
  to   space 227520K, 0% used [0x00000007e43a0000,0x00000007e43a0000,0x00000007f21d0000)
 PSOldGen        total 1365376K, used 552242K [0x0000000783000000, 0x00000007d6560000, 0x00000007d6560000)
  object space 1365376K, 40% used [0x0000000783000000,0x00000007a4b4cbc0,0x00000007d6560000)
 PSPermGen       total 26560K, used 24249K [0x000000077de00000, 0x000000077f7f0000, 0x0000000783000000)
  object space 26560K, 91% used [0x000000077de00000,0x000000077f5ae510,0x000000077f7f0000)
}
Total time for which application threads were stopped: 0.0390140 seconds
Application time: 0.2572890 seconds
{Heap before GC invocations=285 (full 22):
 PSYoungGen      total 455104K, used 398341K [0x00000007d6560000, 0x0000000800000000, 0x0000000800000000)
  eden space 227584K, 99% used [0x00000007d6560000,0x00000007e439c108,0x00000007e43a0000)
  from space 227520K, 75% used [0x00000007f21d0000,0x00000007fc895550,0x0000000800000000)
  to   space 227520K, 0% used [0x00000007e43a0000,0x00000007e43a0000,0x00000007f21d0000)
 PSOldGen        total 1365376K, used 552242K [0x0000000783000000, 0x00000007d6560000, 0x00000007d6560000)
  object space 1365376K, 40% used [0x0000000783000000,0x00000007a4b4cbc0,0x00000007d6560000)
 PSPermGen       total 26560K, used 24508K [0x000000077de00000, 0x000000077f7f0000, 0x0000000783000000)
  object space 26560K, 92% used [0x000000077de00000,0x000000077f5ef0d0,0x000000077f7f0000)
1966.991: [GC [PSYoungGen: 398341K->170628K(455104K)] 950584K->877802K(1820480K), 0.0487780 secs] [Times: user=0.53 sys=0.01, real=0.05 secs] 
Heap after GC invocations=285 (full 22):
 PSYoungGen      total 455104K, used 170628K [0x00000007d6560000, 0x0000000800000000, 0x0000000800000000)
  eden space 227584K, 0% used [0x00000007d6560000,0x00000007d6560000,0x00000007e43a0000)
  from space 227520K, 74% used [0x00000007e43a0000,0x00000007eea41090,0x00000007f21d0000)
  to   space 227520K, 0% used [0x00000007f21d0000,0x00000007f21d0000,0x0000000800000000)
 PSOldGen        total 1365376K, used 707174K [0x0000000783000000, 0x00000007d6560000, 0x00000007d6560000)
  object space 1365376K, 51% used [0x0000000783000000,0x00000007ae299870,0x00000007d6560000)
 PSPermGen       total 26560K, used 24508K [0x000000077de00000, 0x000000077f7f0000, 0x0000000783000000)
  object space 26560K, 92% used [0x000000077de00000,0x000000077f5ef0d0,0x000000077f7f0000)
}
Total time for which application threads were stopped: 0.0496470 seconds
Application time: 0.5524660 seconds
{Heap before GC invocations=286 (full 22):
 PSYoungGen      total 455104K, used 398212K [0x00000007d6560000, 0x0000000800000000, 0x0000000800000000)
  eden space 227584K, 100% used [0x00000007d6560000,0x00000007e43a0000,0x00000007e43a0000)
  from space 227520K, 74% used [0x00000007e43a0000,0x00000007eea41090,0x00000007f21d0000)
  to   space 227520K, 0% used [0x00000007f21d0000,0x00000007f21d0000,0x0000000800000000)
 PSOldGen        total 1365376K, used 707174K [0x0000000783000000, 0x00000007d6560000, 0x00000007d6560000)
  object space 1365376K, 51% used [0x0000000783000000,0x00000007ae299870,0x00000007d6560000)
 PSPermGen       total 26560K, used 24634K [0x000000077de00000, 0x000000077f7f0000, 0x0000000783000000)
  object space 26560K, 92% used [0x000000077de00000,0x000000077f60e910,0x000000077f7f0000)
1967.594: [GC [PSYoungGen: 398212K->81527K(455104K)] 1105386K->944577K(1820480K), 0.0602350 secs] [Times: user=0.47 sys=0.02, real=0.06 secs] 
Heap after GC invocations=286 (full 22):
 PSYoungGen      total 455104K, used 81527K [0x00000007d6560000, 0x0000000800000000, 0x0000000800000000)
  eden space 227584K, 0% used [0x00000007d6560000,0x00000007d6560000,0x00000007e43a0000)
  from space 227520K, 35% used [0x00000007f21d0000,0x00000007f716deb0,0x0000000800000000)
  to   space 227520K, 0% used [0x00000007e43a0000,0x00000007e43a0000,0x00000007f21d0000)
 PSOldGen        total 1365376K, used 863049K [0x0000000783000000, 0x00000007d6560000, 0x00000007d6560000)
  object space 1365376K, 63% used [0x0000000783000000,0x00000007b7ad2730,0x00000007d6560000)
 PSPermGen       total 26560K, used 24634K [0x000000077de00000, 0x000000077f7f0000, 0x0000000783000000)
  object space 26560K, 92% used [0x000000077de00000,0x000000077f60e910,0x000000077f7f0000)
}
Total time for which application threads were stopped: 0.0619550 seconds
Application time: 0.8418560 seconds
{Heap before GC invocations=287 (full 22):
 PSYoungGen      total 455104K, used 309111K [0x00000007d6560000, 0x0000000800000000, 0x0000000800000000)
  eden space 227584K, 100% used [0x00000007d6560000,0x00000007e43a0000,0x00000007e43a0000)
  from space 227520K, 35% used [0x00000007f21d0000,0x00000007f716deb0,0x0000000800000000)
  to   space 227520K, 0% used [0x00000007e43a0000,0x00000007e43a0000,0x00000007f21d0000)
 PSOldGen        total 1365376K, used 863049K [0x0000000783000000, 0x00000007d6560000, 0x00000007d6560000)
  object space 1365376K, 63% used [0x0000000783000000,0x00000007b7ad2730,0x00000007d6560000)
 PSPermGen       total 26560K, used 24634K [0x000000077de00000, 0x000000077f7f0000, 0x0000000783000000)
  object space 26560K, 92% used [0x000000077de00000,0x000000077f60e910,0x000000077f7f0000)
1968.497: [GC [PSYoungGen: 309111K->6976K(455104K)] 1172161K->943065K(1820480K), 0.0568350 secs] [Times: user=0.37 sys=0.03, real=0.05 secs] 
Heap after GC invocations=287 (full 22):
 PSYoungGen      total 455104K, used 6976K [0x00000007d6560000, 0x0000000800000000, 0x0000000800000000)
  eden space 227584K, 0% used [0x00000007d6560000,0x00000007d6560000,0x00000007e43a0000)
  from space 227520K, 3% used [0x00000007e43a0000,0x00000007e4a70000,0x00000007f21d0000)
  to   space 227520K, 0% used [0x00000007f21d0000,0x00000007f21d0000,0x0000000800000000)
 PSOldGen        total 1365376K, used 936089K [0x0000000783000000, 0x00000007d6560000, 0x00000007d6560000)
  object space 1365376K, 68% used [0x0000000783000000,0x00000007bc2266a0,0x00000007d6560000)
 PSPermGen       total 26560K, used 24634K [0x000000077de00000, 0x000000077f7f0000, 0x0000000783000000)
  object space 26560K, 92% used [0x000000077de00000,0x000000077f60e910,0x000000077f7f0000)
}
Total time for which application threads were stopped: 0.0577120 seconds
Application time: 0.8271810 seconds
{Heap before GC invocations=288 (full 22):
 PSYoungGen      total 455104K, used 234560K [0x00000007d6560000, 0x0000000800000000, 0x0000000800000000)
  eden space 227584K, 100% used [0x00000007d6560000,0x00000007e43a0000,0x00000007e43a0000)
  from space 227520K, 3% used [0x00000007e43a0000,0x00000007e4a70000,0x00000007f21d0000)
  to   space 227520K, 0% used [0x00000007f21d0000,0x00000007f21d0000,0x0000000800000000)
 PSOldGen        total 1365376K, used 936089K [0x0000000783000000, 0x00000007d6560000, 0x00000007d6560000)
  object space 1365376K, 68% used [0x0000000783000000,0x00000007bc2266a0,0x00000007d6560000)
 PSPermGen       total 26560K, used 24634K [0x000000077de00000, 0x000000077f7f0000, 0x0000000783000000)
  object space 26560K, 92% used [0x000000077de00000,0x000000077f60e910,0x000000077f7f0000)
1969.382: [GC [PSYoungGen: 234560K->7008K(455104K)] 1170649K->943145K(1820480K), 0.0630090 secs] [Times: user=0.36 sys=0.02, real=0.07 secs] 
Heap after GC invocations=288 (full 22):
 PSYoungGen      total 455104K, used 7008K [0x00000007d6560000, 0x0000000800000000, 0x0000000800000000)
  eden space 227584K, 0% used [0x00000007d6560000,0x00000007d6560000,0x00000007e43a0000)
  from space 227520K, 3% used [0x00000007f21d0000,0x00000007f28a8000,0x0000000800000000)
  to   space 227520K, 0% used [0x00000007e43a0000,0x00000007e43a0000,0x00000007f21d0000)
 PSOldGen        total 1365376K, used 936137K [0x0000000783000000, 0x00000007d6560000, 0x00000007d6560000)
  object space 1365376K, 68% used [0x0000000783000000,0x00000007bc2326a0,0x00000007d6560000)
 PSPermGen       total 26560K, used 24634K [0x000000077de00000, 0x000000077f7f0000, 0x0000000783000000)
  object space 26560K, 92% used [0x000000077de00000,0x000000077f60e910,0x000000077f7f0000)
}
Total time for which application threads were stopped: 0.0638050 seconds
Application time: 0.7929420 seconds
{Heap before GC invocations=289 (full 22):
 PSYoungGen      total 455104K, used 234592K [0x00000007d6560000, 0x0000000800000000, 0x0000000800000000)
  eden space 227584K, 100% used [0x00000007d6560000,0x00000007e43a0000,0x00000007e43a0000)
  from space 227520K, 3% used [0x00000007f21d0000,0x00000007f28a8000,0x0000000800000000)
  to   space 227520K, 0% used [0x00000007e43a0000,0x00000007e43a0000,0x00000007f21d0000)
 PSOldGen        total 1365376K, used 936137K [0x0000000783000000, 0x00000007d6560000, 0x00000007d6560000)
  object space 1365376K, 68% used [0x0000000783000000,0x00000007bc2326a0,0x00000007d6560000)
 PSPermGen       total 26560K, used 24634K [0x000000077de00000, 0x000000077f7f0000, 0x0000000783000000)
  object space 26560K, 92% used [0x000000077de00000,0x000000077f60e910,0x000000077f7f0000)
1970.244: [GC [PSYoungGen: 234592K->7136K(455104K)] 1170729K->943337K(1820480K), 0.0547270 secs] [Times: user=0.40 sys=0.01, real=0.06 secs] 
Heap after GC invocations=289 (full 22):
 PSYoungGen      total 455104K, used 7136K [0x00000007d6560000, 0x0000000800000000, 0x0000000800000000)
  eden space 227584K, 0% used [0x00000007d6560000,0x00000007d6560000,0x00000007e43a0000)
  from space 227520K, 3% used [0x00000007e43a0000,0x00000007e4a98000,0x00000007f21d0000)
  to   space 227520K, 0% used [0x00000007f21d0000,0x00000007f21d0000,0x0000000800000000)
 PSOldGen        total 1365376K, used 936201K [0x0000000783000000, 0x00000007d6560000, 0x00000007d6560000)
  object space 1365376K, 68% used [0x0000000783000000,0x00000007bc2426a0,0x00000007d6560000)
 PSPermGen       total 26560K, used 24634K [0x000000077de00000, 0x000000077f7f0000, 0x0000000783000000)
  object space 26560K, 92% used [0x000000077de00000,0x000000077f60e910,0x000000077f7f0000)
}
Total time for which application threads were stopped: 0.0608450 seconds
Application time: 0.6862560 seconds
{Heap before GC invocations=290 (full 22):
 PSYoungGen      total 455104K, used 234720K [0x00000007d6560000, 0x0000000800000000, 0x0000000800000000)
  eden space 227584K, 100% used [0x00000007d6560000,0x00000007e43a0000,0x00000007e43a0000)
  from space 227520K, 3% used [0x00000007e43a0000,0x00000007e4a98000,0x00000007f21d0000)
  to   space 227520K, 0% used [0x00000007f21d0000,0x00000007f21d0000,0x0000000800000000)
 PSOldGen        total 1365376K, used 936201K [0x0000000783000000, 0x00000007d6560000, 0x00000007d6560000)
  object space 1365376K, 68% used [0x0000000783000000,0x00000007bc2426a0,0x00000007d6560000)
 PSPermGen       total 26560K, used 24796K [0x000000077de00000, 0x000000077f7f0000, 0x0000000783000000)
  object space 26560K, 93% used [0x000000077de00000,0x000000077f637110,0x000000077f7f0000)
1970.986: [GC [PSYoungGen: 234720K->103283K(455104K)] 1170921K->1039805K(1820480K), 0.0342660 secs] [Times: user=0.25 sys=0.00, real=0.03 secs] 
Heap after GC invocations=290 (full 22):
 PSYoungGen      total 455104K, used 103283K [0x00000007d6560000, 0x0000000800000000, 0x0000000800000000)
  eden space 227584K, 0% used [0x00000007d6560000,0x00000007d6560000,0x00000007e43a0000)
  from space 227520K, 45% used [0x00000007f21d0000,0x00000007f86ace20,0x0000000800000000)
  to   space 227520K, 0% used [0x00000007e43a0000,0x00000007e43a0000,0x00000007f21d0000)
 PSOldGen        total 1365376K, used 936521K [0x0000000783000000, 0x00000007d6560000, 0x00000007d6560000)
  object space 1365376K, 68% used [0x0000000783000000,0x00000007bc2926a0,0x00000007d6560000)
 PSPermGen       total 26560K, used 24796K [0x000000077de00000, 0x000000077f7f0000, 0x0000000783000000)
  object space 26560K, 93% used [0x000000077de00000,0x000000077f637110,0x000000077f7f0000)
}
Total time for which application threads were stopped: 0.0351620 seconds
Application time: 0.2529030 seconds
{Heap before GC invocations=291 (full 22):
 PSYoungGen      total 455104K, used 330867K [0x00000007d6560000, 0x0000000800000000, 0x0000000800000000)
  eden space 227584K, 100% used [0x00000007d6560000,0x00000007e43a0000,0x00000007e43a0000)
  from space 227520K, 45% used [0x00000007f21d0000,0x00000007f86ace20,0x0000000800000000)
  to   space 227520K, 0% used [0x00000007e43a0000,0x00000007e43a0000,0x00000007f21d0000)
 PSOldGen        total 1365376K, used 936521K [0x0000000783000000, 0x00000007d6560000, 0x00000007d6560000)
  object space 1365376K, 68% used [0x0000000783000000,0x00000007bc2926a0,0x00000007d6560000)
 PSPermGen       total 26560K, used 25048K [0x000000077de00000, 0x000000077f7f0000, 0x0000000783000000)
  object space 26560K, 94% used [0x000000077de00000,0x000000077f676050,0x000000077f7f0000)
1971.274: [GC [PSYoungGen: 330867K->167598K(455104K)] 1267389K->1196981K(1820480K), 0.0410330 secs] [Times: user=0.45 sys=0.00, real=0.03 secs] 
Heap after GC invocations=291 (full 22):
 PSYoungGen      total 455104K, used 167598K [0x00000007d6560000, 0x0000000800000000, 0x0000000800000000)
  eden space 227584K, 0% used [0x00000007d6560000,0x00000007d6560000,0x00000007e43a0000)
  from space 227520K, 73% used [0x00000007e43a0000,0x00000007ee74ba80,0x00000007f21d0000)
  to   space 227520K, 0% used [0x00000007f21d0000,0x00000007f21d0000,0x0000000800000000)
 PSOldGen        total 1365376K, used 1029383K [0x0000000783000000, 0x00000007d6560000, 0x00000007d6560000)
  object space 1365376K, 75% used [0x0000000783000000,0x00000007c1d41ca0,0x00000007d6560000)
 PSPermGen       total 26560K, used 25048K [0x000000077de00000, 0x000000077f7f0000, 0x0000000783000000)
  object space 26560K, 94% used [0x000000077de00000,0x000000077f676050,0x000000077f7f0000)
}
Total time for which application threads were stopped: 0.0419150 seconds
Application time: 0.2862640 seconds
{Heap before GC invocations=292 (full 22):
 PSYoungGen      total 455104K, used 395178K [0x00000007d6560000, 0x0000000800000000, 0x0000000800000000)
  eden space 227584K, 99% used [0x00000007d6560000,0x00000007e439f128,0x00000007e43a0000)
  from space 227520K, 73% used [0x00000007e43a0000,0x00000007ee74ba80,0x00000007f21d0000)
  to   space 227520K, 0% used [0x00000007f21d0000,0x00000007f21d0000,0x0000000800000000)
 PSOldGen        total 1365376K, used 1029383K [0x0000000783000000, 0x00000007d6560000, 0x00000007d6560000)
  object space 1365376K, 75% used [0x0000000783000000,0x00000007c1d41ca0,0x00000007d6560000)
 PSPermGen       total 26560K, used 25287K [0x000000077de00000, 0x000000077f7f0000, 0x0000000783000000)
  object space 26560K, 95% used [0x000000077de00000,0x000000077f6b1f90,0x000000077f7f0000)
1971.602: [GC [PSYoungGen: 395178K->158352K(455104K)] 1424562K->1340012K(1820480K), 0.0501500 secs] [Times: user=0.51 sys=0.00, real=0.05 secs] 
Heap after GC invocations=292 (full 22):
 PSYoungGen      total 455104K, used 158352K [0x00000007d6560000, 0x0000000800000000, 0x0000000800000000)
  eden space 227584K, 0% used [0x00000007d6560000,0x00000007d6560000,0x00000007e43a0000)
  from space 227520K, 69% used [0x00000007f21d0000,0x00000007fbc743a0,0x0000000800000000)
  to   space 227520K, 0% used [0x00000007e43a0000,0x00000007e43a0000,0x00000007f21d0000)
 PSOldGen        total 1365376K, used 1181659K [0x0000000783000000, 0x00000007d6560000, 0x00000007d6560000)
  object space 1365376K, 86% used [0x0000000783000000,0x00000007cb1f6c80,0x00000007d6560000)
 PSPermGen       total 26560K, used 25287K [0x000000077de00000, 0x000000077f7f0000, 0x0000000783000000)
  object space 26560K, 95% used [0x000000077de00000,0x000000077f6b1f90,0x000000077f7f0000)
}
{Heap before GC invocations=293 (full 23):
 PSYoungGen      total 455104K, used 158352K [0x00000007d6560000, 0x0000000800000000, 0x0000000800000000)
  eden space 227584K, 0% used [0x00000007d6560000,0x00000007d6560000,0x00000007e43a0000)
  from space 227520K, 69% used [0x00000007f21d0000,0x00000007fbc743a0,0x0000000800000000)
  to   space 227520K, 0% used [0x00000007e43a0000,0x00000007e43a0000,0x00000007f21d0000)
 PSOldGen        total 1365376K, used 1181659K [0x0000000783000000, 0x00000007d6560000, 0x00000007d6560000)
  object space 1365376K, 86% used [0x0000000783000000,0x00000007cb1f6c80,0x00000007d6560000)
 PSPermGen       total 26560K, used 25287K [0x000000077de00000, 0x000000077f7f0000, 0x0000000783000000)
  object space 26560K, 95% used [0x000000077de00000,0x000000077f6b1f90,0x000000077f7f0000)
1971.652: [Full GC [PSYoungGen: 158352K->0K(455104K)] [PSOldGen: 1181659K->484377K(1365376K)] 1340012K->484377K(1820480K) [PSPermGen: 25287K->25287K(27776K)], 0.4218360 secs] [Times: user=0.42 sys=0.00, real=0.42 secs] 
Heap after GC invocations=293 (full 23):
 PSYoungGen      total 455104K, used 0K [0x00000007d6560000, 0x0000000800000000, 0x0000000800000000)
  eden space 227584K, 0% used [0x00000007d6560000,0x00000007d6560000,0x00000007e43a0000)
  from space 227520K, 0% used [0x00000007f21d0000,0x00000007f21d0000,0x0000000800000000)
  to   space 227520K, 0% used [0x00000007e43a0000,0x00000007e43a0000,0x00000007f21d0000)
 PSOldGen        total 1365376K, used 484377K [0x0000000783000000, 0x00000007d6560000, 0x00000007d6560000)
  object space 1365376K, 35% used [0x0000000783000000,0x00000007a0906400,0x00000007d6560000)
 PSPermGen       total 27776K, used 25287K [0x000000077de00000, 0x000000077f920000, 0x0000000783000000)
  object space 27776K, 91% used [0x000000077de00000,0x000000077f6b1f90,0x000000077f920000)
}
Total time for which application threads were stopped: 0.4729790 seconds
Application time: 0.6845080 seconds
{Heap before GC invocations=294 (full 23):
 PSYoungGen      total 455104K, used 227584K [0x00000007d6560000, 0x0000000800000000, 0x0000000800000000)
  eden space 227584K, 100% used [0x00000007d6560000,0x00000007e43a0000,0x00000007e43a0000)
  from space 227520K, 0% used [0x00000007f21d0000,0x00000007f21d0000,0x0000000800000000)
  to   space 227520K, 0% used [0x00000007e43a0000,0x00000007e43a0000,0x00000007f21d0000)
 PSOldGen        total 1365376K, used 484377K [0x0000000783000000, 0x00000007d6560000, 0x00000007d6560000)
  object space 1365376K, 35% used [0x0000000783000000,0x00000007a0906400,0x00000007d6560000)
 PSPermGen       total 27776K, used 25343K [0x000000077de00000, 0x000000077f920000, 0x0000000783000000)
  object space 27776K, 91% used [0x000000077de00000,0x000000077f6bfcd0,0x000000077f920000)
1972.759: [GC [PSYoungGen: 227584K->38049K(455104K)] 711961K->522426K(1820480K), 0.0474030 secs] [Times: user=0.35 sys=0.00, real=0.05 secs] 
Heap after GC invocations=294 (full 23):
 PSYoungGen      total 455104K, used 38049K [0x00000007d6560000, 0x0000000800000000, 0x0000000800000000)
  eden space 227584K, 0% used [0x00000007d6560000,0x00000007d6560000,0x00000007e43a0000)
  from space 227520K, 16% used [0x00000007e43a0000,0x00000007e68c84f0,0x00000007f21d0000)
  to   space 227520K, 0% used [0x00000007f21d0000,0x00000007f21d0000,0x0000000800000000)
 PSOldGen        total 1365376K, used 484377K [0x0000000783000000, 0x00000007d6560000, 0x00000007d6560000)
  object space 1365376K, 35% used [0x0000000783000000,0x00000007a0906400,0x00000007d6560000)
 PSPermGen       total 27776K, used 25343K [0x000000077de00000, 0x000000077f920000, 0x0000000783000000)
  object space 27776K, 91% used [0x000000077de00000,0x000000077f6bfcd0,0x000000077f920000)
}
Total time for which application threads were stopped: 0.0481390 seconds
Application time: 0.7797220 seconds
{Heap before GC invocations=295 (full 23):
 PSYoungGen      total 455104K, used 265633K [0x00000007d6560000, 0x0000000800000000, 0x0000000800000000)
  eden space 227584K, 100% used [0x00000007d6560000,0x00000007e43a0000,0x00000007e43a0000)
  from space 227520K, 16% used [0x00000007e43a0000,0x00000007e68c84f0,0x00000007f21d0000)
  to   space 227520K, 0% used [0x00000007f21d0000,0x00000007f21d0000,0x0000000800000000)
 PSOldGen        total 1365376K, used 484377K [0x0000000783000000, 0x00000007d6560000, 0x00000007d6560000)
  object space 1365376K, 35% used [0x0000000783000000,0x00000007a0906400,0x00000007d6560000)
 PSPermGen       total 27776K, used 25343K [0x000000077de00000, 0x000000077f920000, 0x0000000783000000)
  object space 27776K, 91% used [0x000000077de00000,0x000000077f6bfcd0,0x000000077f920000)
1973.587: [GC [PSYoungGen: 265633K->6944K(455104K)] 750010K->521143K(1820480K), 0.0535890 secs] [Times: user=0.38 sys=0.00, real=0.05 secs] 
Heap after GC invocations=295 (full 23):
 PSYoungGen      total 455104K, used 6944K [0x00000007d6560000, 0x0000000800000000, 0x0000000800000000)
  eden space 227584K, 0% used [0x00000007d6560000,0x00000007d6560000,0x00000007e43a0000)
  from space 227520K, 3% used [0x00000007f21d0000,0x00000007f2898000,0x0000000800000000)
  to   space 227520K, 0% used [0x00000007e43a0000,0x00000007e43a0000,0x00000007f21d0000)
 PSOldGen        total 1365376K, used 514199K [0x0000000783000000, 0x00000007d6560000, 0x00000007d6560000)
  object space 1365376K, 37% used [0x0000000783000000,0x00000007a2625de0,0x00000007d6560000)
 PSPermGen       total 27776K, used 25343K [0x000000077de00000, 0x000000077f920000, 0x0000000783000000)
  object space 27776K, 91% used [0x000000077de00000,0x000000077f6bfcd0,0x000000077f920000)
}
Total time for which application threads were stopped: 0.0543200 seconds
Application time: 0.7567780 seconds
{Heap before GC invocations=296 (full 23):
 PSYoungGen      total 455104K, used 234528K [0x00000007d6560000, 0x0000000800000000, 0x0000000800000000)
  eden space 227584K, 100% used [0x00000007d6560000,0x00000007e43a0000,0x00000007e43a0000)
  from space 227520K, 3% used [0x00000007f21d0000,0x00000007f2898000,0x0000000800000000)
  to   space 227520K, 0% used [0x00000007e43a0000,0x00000007e43a0000,0x00000007f21d0000)
 PSOldGen        total 1365376K, used 514199K [0x0000000783000000, 0x00000007d6560000, 0x00000007d6560000)
  object space 1365376K, 37% used [0x0000000783000000,0x00000007a2625de0,0x00000007d6560000)
 PSPermGen       total 27776K, used 25343K [0x000000077de00000, 0x000000077f920000, 0x0000000783000000)
  object space 27776K, 91% used [0x000000077de00000,0x000000077f6bfcd0,0x000000077f920000)
1974.399: [GC [PSYoungGen: 234528K->7104K(455104K)] 748727K->521383K(1820480K), 0.0535050 secs] [Times: user=0.38 sys=0.00, real=0.05 secs] 
Heap after GC invocations=296 (full 23):
 PSYoungGen      total 455104K, used 7104K [0x00000007d6560000, 0x0000000800000000, 0x0000000800000000)
  eden space 227584K, 0% used [0x00000007d6560000,0x00000007d6560000,0x00000007e43a0000)
  from space 227520K, 3% used [0x00000007e43a0000,0x00000007e4a90000,0x00000007f21d0000)
  to   space 227520K, 0% used [0x00000007f21d0000,0x00000007f21d0000,0x0000000800000000)
 PSOldGen        total 1365376K, used 514279K [0x0000000783000000, 0x00000007d6560000, 0x00000007d6560000)
  object space 1365376K, 37% used [0x0000000783000000,0x00000007a2639de0,0x00000007d6560000)
 PSPermGen       total 27776K, used 25343K [0x000000077de00000, 0x000000077f920000, 0x0000000783000000)
  object space 27776K, 91% used [0x000000077de00000,0x000000077f6bfcd0,0x000000077f920000)
}
Total time for which application threads were stopped: 0.0553760 seconds
Application time: 0.7214630 seconds
{Heap before GC invocations=297 (full 23):
 PSYoungGen      total 455104K, used 234688K [0x00000007d6560000, 0x0000000800000000, 0x0000000800000000)
  eden space 227584K, 100% used [0x00000007d6560000,0x00000007e43a0000,0x00000007e43a0000)
  from space 227520K, 3% used [0x00000007e43a0000,0x00000007e4a90000,0x00000007f21d0000)
  to   space 227520K, 0% used [0x00000007f21d0000,0x00000007f21d0000,0x0000000800000000)
 PSOldGen        total 1365376K, used 514279K [0x0000000783000000, 0x00000007d6560000, 0x00000007d6560000)
  object space 1365376K, 37% used [0x0000000783000000,0x00000007a2639de0,0x00000007d6560000)
 PSPermGen       total 27776K, used 25349K [0x000000077de00000, 0x000000077f920000, 0x0000000783000000)
  object space 27776K, 91% used [0x000000077de00000,0x000000077f6c1410,0x000000077f920000)
1975.175: [GC [PSYoungGen: 234688K->7040K(455104K)] 748967K->521599K(1820480K), 0.0506330 secs] [Times: user=0.34 sys=0.01, real=0.05 secs] 
Heap after GC invocations=297 (full 23):
 PSYoungGen      total 455104K, used 7040K [0x00000007d6560000, 0x0000000800000000, 0x0000000800000000)
  eden space 227584K, 0% used [0x00000007d6560000,0x00000007d6560000,0x00000007e43a0000)
  from space 227520K, 3% used [0x00000007f21d0000,0x00000007f28b0000,0x0000000800000000)
  to   space 227520K, 0% used [0x00000007e43a0000,0x00000007e43a0000,0x00000007f21d0000)
 PSOldGen        total 1365376K, used 514559K [0x0000000783000000, 0x00000007d6560000, 0x00000007d6560000)
  object space 1365376K, 37% used [0x0000000783000000,0x00000007a267fde0,0x00000007d6560000)
 PSPermGen       total 27776K, used 25349K [0x000000077de00000, 0x000000077f920000, 0x0000000783000000)
  object space 27776K, 91% used [0x000000077de00000,0x000000077f6c1410,0x000000077f920000)
}
Total time for which application threads were stopped: 0.0513810 seconds
Application time: 1.9848430 seconds
{Heap before GC invocations=298 (full 23):
 PSYoungGen      total 455104K, used 234624K [0x00000007d6560000, 0x0000000800000000, 0x0000000800000000)
  eden space 227584K, 100% used [0x00000007d6560000,0x00000007e43a0000,0x00000007e43a0000)
  from space 227520K, 3% used [0x00000007f21d0000,0x00000007f28b0000,0x0000000800000000)
  to   space 227520K, 0% used [0x00000007e43a0000,0x00000007e43a0000,0x00000007f21d0000)
 PSOldGen        total 1365376K, used 514559K [0x0000000783000000, 0x00000007d6560000, 0x00000007d6560000)
  object space 1365376K, 37% used [0x0000000783000000,0x00000007a267fde0,0x00000007d6560000)
 PSPermGen       total 27776K, used 25590K [0x000000077de00000, 0x000000077f920000, 0x0000000783000000)
  object space 27776K, 92% used [0x000000077de00000,0x000000077f6fdb90,0x000000077f920000)
1977.211: [GC [PSYoungGen: 234624K->153706K(455104K)] 749183K->668562K(1820480K), 0.0286480 secs] [Times: user=0.27 sys=0.00, real=0.03 secs] 
Heap after GC invocations=298 (full 23):
 PSYoungGen      total 455104K, used 153706K [0x00000007d6560000, 0x0000000800000000, 0x0000000800000000)
  eden space 227584K, 0% used [0x00000007d6560000,0x00000007d6560000,0x00000007e43a0000)
  from space 227520K, 67% used [0x00000007e43a0000,0x00000007ed9bab80,0x00000007f21d0000)
  to   space 227520K, 0% used [0x00000007f21d0000,0x00000007f21d0000,0x0000000800000000)
 PSOldGen        total 1365376K, used 514855K [0x0000000783000000, 0x00000007d6560000, 0x00000007d6560000)
  object space 1365376K, 37% used [0x0000000783000000,0x00000007a26c9de0,0x00000007d6560000)
 PSPermGen       total 27776K, used 25590K [0x000000077de00000, 0x000000077f920000, 0x0000000783000000)
  object space 27776K, 92% used [0x000000077de00000,0x000000077f6fdb90,0x000000077f920000)
}
Total time for which application threads were stopped: 0.0294530 seconds
Application time: 0.2475440 seconds
{Heap before GC invocations=299 (full 23):
 PSYoungGen      total 455104K, used 381290K [0x00000007d6560000, 0x0000000800000000, 0x0000000800000000)
  eden space 227584K, 100% used [0x00000007d6560000,0x00000007e43a0000,0x00000007e43a0000)
  from space 227520K, 67% used [0x00000007e43a0000,0x00000007ed9bab80,0x00000007f21d0000)
  to   space 227520K, 0% used [0x00000007f21d0000,0x00000007f21d0000,0x0000000800000000)
 PSOldGen        total 1365376K, used 514855K [0x0000000783000000, 0x00000007d6560000, 0x00000007d6560000)
  object space 1365376K, 37% used [0x0000000783000000,0x00000007a26c9de0,0x00000007d6560000)
 PSPermGen       total 27776K, used 25846K [0x000000077de00000, 0x000000077f920000, 0x0000000783000000)
  object space 27776K, 93% used [0x000000077de00000,0x000000077f73db50,0x000000077f920000)
1977.488: [GC [PSYoungGen: 381290K->168939K(455104K)] 896146K->824578K(1820480K), 0.0451990 secs] [Times: user=0.51 sys=0.00, real=0.04 secs] 
Heap after GC invocations=299 (full 23):
 PSYoungGen      total 455104K, used 168939K [0x00000007d6560000, 0x0000000800000000, 0x0000000800000000)
  eden space 227584K, 0% used [0x00000007d6560000,0x00000007d6560000,0x00000007e43a0000)
  from space 227520K, 74% used [0x00000007f21d0000,0x00000007fc6cafc0,0x0000000800000000)
  to   space 227520K, 0% used [0x00000007e43a0000,0x00000007e43a0000,0x00000007f21d0000)
 PSOldGen        total 1365376K, used 655638K [0x0000000783000000, 0x00000007d6560000, 0x00000007d6560000)
  object space 1365376K, 48% used [0x0000000783000000,0x00000007ab045870,0x00000007d6560000)
 PSPermGen       total 27776K, used 25846K [0x000000077de00000, 0x000000077f920000, 0x0000000783000000)
  object space 27776K, 93% used [0x000000077de00000,0x000000077f73db50,0x000000077f920000)
}
Total time for which application threads were stopped: 0.0459700 seconds
Application time: 0.2595120 seconds
{Heap before GC invocations=300 (full 23):
 PSYoungGen      total 455104K, used 396523K [0x00000007d6560000, 0x0000000800000000, 0x0000000800000000)
  eden space 227584K, 100% used [0x00000007d6560000,0x00000007e43a0000,0x00000007e43a0000)
  from space 227520K, 74% used [0x00000007f21d0000,0x00000007fc6cafc0,0x0000000800000000)
  to   space 227520K, 0% used [0x00000007e43a0000,0x00000007e43a0000,0x00000007f21d0000)
 PSOldGen        total 1365376K, used 655638K [0x0000000783000000, 0x00000007d6560000, 0x00000007d6560000)
  object space 1365376K, 48% used [0x0000000783000000,0x00000007ab045870,0x00000007d6560000)
 PSPermGen       total 27776K, used 26099K [0x000000077de00000, 0x000000077f920000, 0x0000000783000000)
  object space 27776K, 93% used [0x000000077de00000,0x000000077f77ccd0,0x000000077f920000)
1977.794: [GC [PSYoungGen: 396523K->167800K(455104K)] 1052162K->977687K(1820480K), 0.0508260 secs] [Times: user=0.53 sys=0.00, real=0.05 secs] 
Heap after GC invocations=300 (full 23):
 PSYoungGen      total 455104K, used 167800K [0x00000007d6560000, 0x0000000800000000, 0x0000000800000000)
  eden space 227584K, 0% used [0x00000007d6560000,0x00000007d6560000,0x00000007e43a0000)
  from space 227520K, 73% used [0x00000007e43a0000,0x00000007ee77e0b0,0x00000007f21d0000)
  to   space 227520K, 0% used [0x00000007f21d0000,0x00000007f21d0000,0x0000000800000000)
 PSOldGen        total 1365376K, used 809886K [0x0000000783000000, 0x00000007d6560000, 0x00000007d6560000)
  object space 1365376K, 59% used [0x0000000783000000,0x00000007b46e7be0,0x00000007d6560000)
 PSPermGen       total 27776K, used 26099K [0x000000077de00000, 0x000000077f920000, 0x0000000783000000)
  object space 27776K, 93% used [0x000000077de00000,0x000000077f77ccd0,0x000000077f920000)
}
Total time for which application threads were stopped: 0.0516130 seconds
Application time: 0.6922890 seconds
{Heap before GC invocations=301 (full 23):
 PSYoungGen      total 455104K, used 395384K [0x00000007d6560000, 0x0000000800000000, 0x0000000800000000)
  eden space 227584K, 100% used [0x00000007d6560000,0x00000007e43a0000,0x00000007e43a0000)
  from space 227520K, 73% used [0x00000007e43a0000,0x00000007ee77e0b0,0x00000007f21d0000)
  to   space 227520K, 0% used [0x00000007f21d0000,0x00000007f21d0000,0x0000000800000000)
 PSOldGen        total 1365376K, used 809886K [0x0000000783000000, 0x00000007d6560000, 0x00000007d6560000)
  object space 1365376K, 59% used [0x0000000783000000,0x00000007b46e7be0,0x00000007d6560000)
 PSPermGen       total 27776K, used 26148K [0x000000077de00000, 0x000000077f920000, 0x0000000783000000)
  object space 27776K, 94% used [0x000000077de00000,0x000000077f789150,0x000000077f920000)
1978.538: [GC [PSYoungGen: 395384K->34170K(455104K)] 1205271K->997654K(1820480K), 0.0558730 secs] [Times: user=0.41 sys=0.02, real=0.05 secs] 
Heap after GC invocations=301 (full 23):
 PSYoungGen      total 455104K, used 34170K [0x00000007d6560000, 0x0000000800000000, 0x0000000800000000)
  eden space 227584K, 0% used [0x00000007d6560000,0x00000007d6560000,0x00000007e43a0000)
  from space 227520K, 15% used [0x00000007f21d0000,0x00000007f432eb60,0x0000000800000000)
  to   space 227520K, 0% used [0x00000007e43a0000,0x00000007e43a0000,0x00000007f21d0000)
 PSOldGen        total 1365376K, used 963483K [0x0000000783000000, 0x00000007d6560000, 0x00000007d6560000)
  object space 1365376K, 70% used [0x0000000783000000,0x00000007bdce6f30,0x00000007d6560000)
 PSPermGen       total 27776K, used 26148K [0x000000077de00000, 0x000000077f920000, 0x0000000783000000)
  object space 27776K, 94% used [0x000000077de00000,0x000000077f789150,0x000000077f920000)
}
Total time for which application threads were stopped: 0.0566090 seconds
Application time: 0.8010500 seconds
{Heap before GC invocations=302 (full 23):
 PSYoungGen      total 455104K, used 261754K [0x00000007d6560000, 0x0000000800000000, 0x0000000800000000)
  eden space 227584K, 100% used [0x00000007d6560000,0x00000007e43a0000,0x00000007e43a0000)
  from space 227520K, 15% used [0x00000007f21d0000,0x00000007f432eb60,0x0000000800000000)
  to   space 227520K, 0% used [0x00000007e43a0000,0x00000007e43a0000,0x00000007f21d0000)
 PSOldGen        total 1365376K, used 963483K [0x0000000783000000, 0x00000007d6560000, 0x00000007d6560000)
  object space 1365376K, 70% used [0x0000000783000000,0x00000007bdce6f30,0x00000007d6560000)
 PSPermGen       total 27776K, used 26148K [0x000000077de00000, 0x000000077f920000, 0x0000000783000000)
  object space 27776K, 94% used [0x000000077de00000,0x000000077f789150,0x000000077f920000)
1979.395: [GC [PSYoungGen: 261754K->7008K(455104K)] 1225238K->997197K(1820480K), 0.0596700 secs] [Times: user=0.42 sys=0.00, real=0.06 secs] 
Heap after GC invocations=302 (full 23):
 PSYoungGen      total 455104K, used 7008K [0x00000007d6560000, 0x0000000800000000, 0x0000000800000000)
  eden space 227584K, 0% used [0x00000007d6560000,0x00000007d6560000,0x00000007e43a0000)
  from space 227520K, 3% used [0x00000007e43a0000,0x00000007e4a78000,0x00000007f21d0000)
  to   space 227520K, 0% used [0x00000007f21d0000,0x00000007f21d0000,0x0000000800000000)
 PSOldGen        total 1365376K, used 990189K [0x0000000783000000, 0x00000007d6560000, 0x00000007d6560000)
  object space 1365376K, 72% used [0x0000000783000000,0x00000007bf6fb660,0x00000007d6560000)
 PSPermGen       total 27776K, used 26148K [0x000000077de00000, 0x000000077f920000, 0x0000000783000000)
  object space 27776K, 94% used [0x000000077de00000,0x000000077f789150,0x000000077f920000)
}
Total time for which application threads were stopped: 0.0603630 seconds
Application time: 0.7797770 seconds
{Heap before GC invocations=303 (full 23):
 PSYoungGen      total 455104K, used 234592K [0x00000007d6560000, 0x0000000800000000, 0x0000000800000000)
  eden space 227584K, 100% used [0x00000007d6560000,0x00000007e43a0000,0x00000007e43a0000)
  from space 227520K, 3% used [0x00000007e43a0000,0x00000007e4a78000,0x00000007f21d0000)
  to   space 227520K, 0% used [0x00000007f21d0000,0x00000007f21d0000,0x0000000800000000)
 PSOldGen        total 1365376K, used 990189K [0x0000000783000000, 0x00000007d6560000, 0x00000007d6560000)
  object space 1365376K, 72% used [0x0000000783000000,0x00000007bf6fb660,0x00000007d6560000)
 PSPermGen       total 27776K, used 26148K [0x000000077de00000, 0x000000077f920000, 0x0000000783000000)
  object space 27776K, 94% used [0x000000077de00000,0x000000077f789150,0x000000077f920000)
1980.236: [GC [PSYoungGen: 234592K->6880K(455104K)] 1224781K->997157K(1820480K), 0.0566850 secs] [Times: user=0.42 sys=0.00, real=0.05 secs] 
Heap after GC invocations=303 (full 23):
 PSYoungGen      total 455104K, used 6880K [0x00000007d6560000, 0x0000000800000000, 0x0000000800000000)
  eden space 227584K, 0% used [0x00000007d6560000,0x00000007d6560000,0x00000007e43a0000)
  from space 227520K, 3% used [0x00000007f21d0000,0x00000007f2888000,0x0000000800000000)
  to   space 227520K, 0% used [0x00000007e43a0000,0x00000007e43a0000,0x00000007f21d0000)
 PSOldGen        total 1365376K, used 990277K [0x0000000783000000, 0x00000007d6560000, 0x00000007d6560000)
  object space 1365376K, 72% used [0x0000000783000000,0x00000007bf711660,0x00000007d6560000)
 PSPermGen       total 27776K, used 26148K [0x000000077de00000, 0x000000077f920000, 0x0000000783000000)
  object space 27776K, 94% used [0x000000077de00000,0x000000077f789150,0x000000077f920000)
}
Total time for which application threads were stopped: 0.0574300 seconds
Application time: 1.7150700 seconds
{Heap before GC invocations=304 (full 23):
 PSYoungGen      total 455104K, used 234464K [0x00000007d6560000, 0x0000000800000000, 0x0000000800000000)
  eden space 227584K, 100% used [0x00000007d6560000,0x00000007e43a0000,0x00000007e43a0000)
  from space 227520K, 3% used [0x00000007f21d0000,0x00000007f2888000,0x0000000800000000)
  to   space 227520K, 0% used [0x00000007e43a0000,0x00000007e43a0000,0x00000007f21d0000)
 PSOldGen        total 1365376K, used 990277K [0x0000000783000000, 0x00000007d6560000, 0x00000007d6560000)
  object space 1365376K, 72% used [0x0000000783000000,0x00000007bf711660,0x00000007d6560000)
 PSPermGen       total 27776K, used 26148K [0x000000077de00000, 0x000000077f920000, 0x0000000783000000)
  object space 27776K, 94% used [0x000000077de00000,0x000000077f789150,0x000000077f920000)
1982.009: [GC [PSYoungGen: 234464K->7072K(455104K)] 1224741K->997461K(1820480K), 0.0554140 secs] [Times: user=0.40 sys=0.00, real=0.06 secs] 
Heap after GC invocations=304 (full 23):
 PSYoungGen      total 455104K, used 7072K [0x00000007d6560000, 0x0000000800000000, 0x0000000800000000)
  eden space 227584K, 0% used [0x00000007d6560000,0x00000007d6560000,0x00000007e43a0000)
  from space 227520K, 3% used [0x00000007e43a0000,0x00000007e4a88000,0x00000007f21d0000)
  to   space 227520K, 0% used [0x00000007f21d0000,0x00000007f21d0000,0x0000000800000000)
 PSOldGen        total 1365376K, used 990389K [0x0000000783000000, 0x00000007d6560000, 0x00000007d6560000)
  object space 1365376K, 72% used [0x0000000783000000,0x00000007bf72d660,0x00000007d6560000)
 PSPermGen       total 27776K, used 26148K [0x000000077de00000, 0x000000077f920000, 0x0000000783000000)
  object space 27776K, 94% used [0x000000077de00000,0x000000077f789150,0x000000077f920000)
}
Total time for which application threads were stopped: 0.0571440 seconds
Application time: 0.2658910 seconds
{Heap before GC invocations=305 (full 23):
 PSYoungGen      total 455104K, used 234656K [0x00000007d6560000, 0x0000000800000000, 0x0000000800000000)
  eden space 227584K, 100% used [0x00000007d6560000,0x00000007e43a0000,0x00000007e43a0000)
  from space 227520K, 3% used [0x00000007e43a0000,0x00000007e4a88000,0x00000007f21d0000)
  to   space 227520K, 0% used [0x00000007f21d0000,0x00000007f21d0000,0x0000000800000000)
 PSOldGen        total 1365376K, used 990389K [0x0000000783000000, 0x00000007d6560000, 0x00000007d6560000)
  object space 1365376K, 72% used [0x0000000783000000,0x00000007bf72d660,0x00000007d6560000)
 PSPermGen       total 27776K, used 26399K [0x000000077de00000, 0x000000077f920000, 0x0000000783000000)
  object space 27776K, 95% used [0x000000077de00000,0x000000077f7c7f10,0x000000077f920000)
1982.331: [GC [PSYoungGen: 234656K->160157K(455104K)] 1225045K->1150819K(1820480K), 0.0324460 secs] [Times: user=0.31 sys=0.00, real=0.04 secs] 
Heap after GC invocations=305 (full 23):
 PSYoungGen      total 455104K, used 160157K [0x00000007d6560000, 0x0000000800000000, 0x0000000800000000)
  eden space 227584K, 0% used [0x00000007d6560000,0x00000007d6560000,0x00000007e43a0000)
  from space 227520K, 70% used [0x00000007f21d0000,0x00000007fbe375a0,0x0000000800000000)
  to   space 227520K, 0% used [0x00000007e43a0000,0x00000007e43a0000,0x00000007f21d0000)
 PSOldGen        total 1365376K, used 990661K [0x0000000783000000, 0x00000007d6560000, 0x00000007d6560000)
  object space 1365376K, 72% used [0x0000000783000000,0x00000007bf771660,0x00000007d6560000)
 PSPermGen       total 27776K, used 26399K [0x000000077de00000, 0x000000077f920000, 0x0000000783000000)
  object space 27776K, 95% used [0x000000077de00000,0x000000077f7c7f10,0x000000077f920000)
}
Total time for which application threads were stopped: 0.0332190 seconds
Application time: 0.2503790 seconds
{Heap before GC invocations=306 (full 23):
 PSYoungGen      total 455104K, used 387741K [0x00000007d6560000, 0x0000000800000000, 0x0000000800000000)
  eden space 227584K, 100% used [0x00000007d6560000,0x00000007e43a0000,0x00000007e43a0000)
  from space 227520K, 70% used [0x00000007f21d0000,0x00000007fbe375a0,0x0000000800000000)
  to   space 227520K, 0% used [0x00000007e43a0000,0x00000007e43a0000,0x00000007f21d0000)
 PSOldGen        total 1365376K, used 990661K [0x0000000783000000, 0x00000007d6560000, 0x00000007d6560000)
  object space 1365376K, 72% used [0x0000000783000000,0x00000007bf771660,0x00000007d6560000)
 PSPermGen       total 27776K, used 26655K [0x000000077de00000, 0x000000077f920000, 0x0000000783000000)
  object space 27776K, 95% used [0x000000077de00000,0x000000077f807d50,0x000000077f920000)
1982.615: [GC [PSYoungGen: 387741K->169215K(455104K)] 1378403K->1306600K(1820480K), 0.0479440 secs] [Times: user=0.49 sys=0.00, real=0.04 secs] 
Heap after GC invocations=306 (full 23):
 PSYoungGen      total 455104K, used 169215K [0x00000007d6560000, 0x0000000800000000, 0x0000000800000000)
  eden space 227584K, 0% used [0x00000007d6560000,0x00000007d6560000,0x00000007e43a0000)
  from space 227520K, 74% used [0x00000007e43a0000,0x00000007ee8dfee0,0x00000007f21d0000)
  to   space 227520K, 0% used [0x00000007f21d0000,0x00000007f21d0000,0x0000000800000000)
 PSOldGen        total 1365376K, used 1137384K [0x0000000783000000, 0x00000007d6560000, 0x00000007d6560000)
  object space 1365376K, 83% used [0x0000000783000000,0x00000007c86ba320,0x00000007d6560000)
 PSPermGen       total 27776K, used 26655K [0x000000077de00000, 0x000000077f920000, 0x0000000783000000)
  object space 27776K, 95% used [0x000000077de00000,0x000000077f807d50,0x000000077f920000)
}
{Heap before GC invocations=307 (full 24):
 PSYoungGen      total 455104K, used 169215K [0x00000007d6560000, 0x0000000800000000, 0x0000000800000000)
  eden space 227584K, 0% used [0x00000007d6560000,0x00000007d6560000,0x00000007e43a0000)
  from space 227520K, 74% used [0x00000007e43a0000,0x00000007ee8dfee0,0x00000007f21d0000)
  to   space 227520K, 0% used [0x00000007f21d0000,0x00000007f21d0000,0x0000000800000000)
 PSOldGen        total 1365376K, used 1137384K [0x0000000783000000, 0x00000007d6560000, 0x00000007d6560000)
  object space 1365376K, 83% used [0x0000000783000000,0x00000007c86ba320,0x00000007d6560000)
 PSPermGen       total 27776K, used 26655K [0x000000077de00000, 0x000000077f920000, 0x0000000783000000)
  object space 27776K, 95% used [0x000000077de00000,0x000000077f807d50,0x000000077f920000)
1982.663: [Full GC [PSYoungGen: 169215K->0K(455104K)] [PSOldGen: 1137384K->335045K(1365376K)] 1306600K->335045K(1820480K) [PSPermGen: 26655K->20522K(23104K)], 0.3615820 secs] [Times: user=0.36 sys=0.00, real=0.37 secs] 
Heap after GC invocations=307 (full 24):
 PSYoungGen      total 455104K, used 0K [0x00000007d6560000, 0x0000000800000000, 0x0000000800000000)
  eden space 227584K, 0% used [0x00000007d6560000,0x00000007d6560000,0x00000007e43a0000)
  from space 227520K, 0% used [0x00000007e43a0000,0x00000007e43a0000,0x00000007f21d0000)
  to   space 227520K, 0% used [0x00000007f21d0000,0x00000007f21d0000,0x0000000800000000)
 PSOldGen        total 1365376K, used 335045K [0x0000000783000000, 0x00000007d6560000, 0x00000007d6560000)
  object space 1365376K, 24% used [0x0000000783000000,0x0000000797731608,0x00000007d6560000)
 PSPermGen       total 23104K, used 20522K [0x000000077de00000, 0x000000077f490000, 0x0000000783000000)
  object space 23104K, 88% used [0x000000077de00000,0x000000077f20a838,0x000000077f490000)
}
Total time for which application threads were stopped: 0.4105000 seconds
Application time: 0.6896240 seconds
{Heap before GC invocations=308 (full 24):
 PSYoungGen      total 455104K, used 227584K [0x00000007d6560000, 0x0000000800000000, 0x0000000800000000)
  eden space 227584K, 100% used [0x00000007d6560000,0x00000007e43a0000,0x00000007e43a0000)
  from space 227520K, 0% used [0x00000007e43a0000,0x00000007e43a0000,0x00000007f21d0000)
  to   space 227520K, 0% used [0x00000007f21d0000,0x00000007f21d0000,0x0000000800000000)
 PSOldGen        total 1365376K, used 335045K [0x0000000783000000, 0x00000007d6560000, 0x00000007d6560000)
  object space 1365376K, 24% used [0x0000000783000000,0x0000000797731608,0x00000007d6560000)
 PSPermGen       total 23104K, used 20572K [0x000000077de00000, 0x000000077f490000, 0x0000000783000000)
  object space 23104K, 89% used [0x000000077de00000,0x000000077f217378,0x000000077f490000)
1983.715: [GC [PSYoungGen: 227584K->35272K(455104K)] 562629K->370318K(1820480K), 0.0494920 secs] [Times: user=0.31 sys=0.01, real=0.05 secs] 
Heap after GC invocations=308 (full 24):
 PSYoungGen      total 455104K, used 35272K [0x00000007d6560000, 0x0000000800000000, 0x0000000800000000)
  eden space 227584K, 0% used [0x00000007d6560000,0x00000007d6560000,0x00000007e43a0000)
  from space 227520K, 15% used [0x00000007f21d0000,0x00000007f44422a0,0x0000000800000000)
  to   space 227520K, 0% used [0x00000007e43a0000,0x00000007e43a0000,0x00000007f21d0000)
 PSOldGen        total 1365376K, used 335045K [0x0000000783000000, 0x00000007d6560000, 0x00000007d6560000)
  object space 1365376K, 24% used [0x0000000783000000,0x0000000797731608,0x00000007d6560000)
 PSPermGen       total 23104K, used 20572K [0x000000077de00000, 0x000000077f490000, 0x0000000783000000)
  object space 23104K, 89% used [0x000000077de00000,0x000000077f217378,0x000000077f490000)
}
Total time for which application threads were stopped: 0.0502150 seconds
Application time: 0.7681180 seconds
{Heap before GC invocations=309 (full 24):
 PSYoungGen      total 455104K, used 262856K [0x00000007d6560000, 0x0000000800000000, 0x0000000800000000)
  eden space 227584K, 100% used [0x00000007d6560000,0x00000007e43a0000,0x00000007e43a0000)
  from space 227520K, 15% used [0x00000007f21d0000,0x00000007f44422a0,0x0000000800000000)
  to   space 227520K, 0% used [0x00000007e43a0000,0x00000007e43a0000,0x00000007f21d0000)
 PSOldGen        total 1365376K, used 335045K [0x0000000783000000, 0x00000007d6560000, 0x00000007d6560000)
  object space 1365376K, 24% used [0x0000000783000000,0x0000000797731608,0x00000007d6560000)
 PSPermGen       total 23104K, used 20572K [0x000000077de00000, 0x000000077f490000, 0x0000000783000000)
  object space 23104K, 89% used [0x000000077de00000,0x000000077f217378,0x000000077f490000)
1984.533: [GC [PSYoungGen: 262856K->6912K(455104K)] 597902K->367288K(1820480K), 0.0521490 secs] [Times: user=0.34 sys=0.00, real=0.06 secs] 
Heap after GC invocations=309 (full 24):
 PSYoungGen      total 455104K, used 6912K [0x00000007d6560000, 0x0000000800000000, 0x0000000800000000)
  eden space 227584K, 0% used [0x00000007d6560000,0x00000007d6560000,0x00000007e43a0000)
  from space 227520K, 3% used [0x00000007e43a0000,0x00000007e4a60000,0x00000007f21d0000)
  to   space 227520K, 0% used [0x00000007f21d0000,0x00000007f21d0000,0x0000000800000000)
 PSOldGen        total 1365376K, used 360376K [0x0000000783000000, 0x00000007d6560000, 0x00000007d6560000)
  object space 1365376K, 26% used [0x0000000783000000,0x0000000798fee2c8,0x00000007d6560000)
 PSPermGen       total 23104K, used 20572K [0x000000077de00000, 0x000000077f490000, 0x0000000783000000)
  object space 23104K, 89% used [0x000000077de00000,0x000000077f217378,0x000000077f490000)
}
Total time for which application threads were stopped: 0.0528940 seconds
Application time: 0.7715760 seconds
{Heap before GC invocations=310 (full 24):
 PSYoungGen      total 455104K, used 234496K [0x00000007d6560000, 0x0000000800000000, 0x0000000800000000)
  eden space 227584K, 100% used [0x00000007d6560000,0x00000007e43a0000,0x00000007e43a0000)
  from space 227520K, 3% used [0x00000007e43a0000,0x00000007e4a60000,0x00000007f21d0000)
  to   space 227520K, 0% used [0x00000007f21d0000,0x00000007f21d0000,0x0000000800000000)
 PSOldGen        total 1365376K, used 360376K [0x0000000783000000, 0x00000007d6560000, 0x00000007d6560000)
  object space 1365376K, 26% used [0x0000000783000000,0x0000000798fee2c8,0x00000007d6560000)
 PSPermGen       total 23104K, used 20596K [0x000000077de00000, 0x000000077f490000, 0x0000000783000000)
  object space 23104K, 89% used [0x000000077de00000,0x000000077f21d2b8,0x000000077f490000)
1985.358: [GC [PSYoungGen: 234496K->14390K(455104K)] 594872K->374806K(1820480K), 0.0490810 secs] [Times: user=0.34 sys=0.01, real=0.05 secs] 
Heap after GC invocations=310 (full 24):
 PSYoungGen      total 455104K, used 14390K [0x00000007d6560000, 0x0000000800000000, 0x0000000800000000)
  eden space 227584K, 0% used [0x00000007d6560000,0x00000007d6560000,0x00000007e43a0000)
  from space 227520K, 6% used [0x00000007f21d0000,0x00000007f2fdd890,0x0000000800000000)
  to   space 227520K, 0% used [0x00000007e43a0000,0x00000007e43a0000,0x00000007f21d0000)
 PSOldGen        total 1365376K, used 360416K [0x0000000783000000, 0x00000007d6560000, 0x00000007d6560000)
  object space 1365376K, 26% used [0x0000000783000000,0x0000000798ff82c8,0x00000007d6560000)
 PSPermGen       total 23104K, used 20596K [0x000000077de00000, 0x000000077f490000, 0x0000000783000000)
  object space 23104K, 89% used [0x000000077de00000,0x000000077f21d2b8,0x000000077f490000)
}
Total time for which application threads were stopped: 0.0499940 seconds
Application time: 0.5047040 seconds
{Heap before GC invocations=311 (full 24):
 PSYoungGen      total 455104K, used 241974K [0x00000007d6560000, 0x0000000800000000, 0x0000000800000000)
  eden space 227584K, 100% used [0x00000007d6560000,0x00000007e43a0000,0x00000007e43a0000)
  from space 227520K, 6% used [0x00000007f21d0000,0x00000007f2fdd890,0x0000000800000000)
  to   space 227520K, 0% used [0x00000007e43a0000,0x00000007e43a0000,0x00000007f21d0000)
 PSOldGen        total 1365376K, used 360416K [0x0000000783000000, 0x00000007d6560000, 0x00000007d6560000)
  object space 1365376K, 26% used [0x0000000783000000,0x0000000798ff82c8,0x00000007d6560000)
 PSPermGen       total 23104K, used 20771K [0x000000077de00000, 0x000000077f490000, 0x0000000783000000)
  object space 23104K, 89% used [0x000000077de00000,0x000000077f248ff8,0x000000077f490000)
1985.913: [GC [PSYoungGen: 241974K->111137K(455104K)] 602390K->475656K(1820480K), 0.0339160 secs] [Times: user=0.26 sys=0.00, real=0.04 secs] 
Heap after GC invocations=311 (full 24):
 PSYoungGen      total 455104K, used 111137K [0x00000007d6560000, 0x0000000800000000, 0x0000000800000000)
  eden space 227584K, 0% used [0x00000007d6560000,0x00000007d6560000,0x00000007e43a0000)
  from space 227520K, 48% used [0x00000007e43a0000,0x00000007eb028680,0x00000007f21d0000)
  to   space 227520K, 0% used [0x00000007f21d0000,0x00000007f21d0000,0x0000000800000000)
 PSOldGen        total 1365376K, used 364519K [0x0000000783000000, 0x00000007d6560000, 0x00000007d6560000)
  object space 1365376K, 26% used [0x0000000783000000,0x00000007993f9d28,0x00000007d6560000)
 PSPermGen       total 23104K, used 20771K [0x000000077de00000, 0x000000077f490000, 0x0000000783000000)
  object space 23104K, 89% used [0x000000077de00000,0x000000077f248ff8,0x000000077f490000)
}
Total time for which application threads were stopped: 0.0347050 seconds
Application time: 1.7981570 seconds
{Heap before GC invocations=312 (full 24):
 PSYoungGen      total 455104K, used 338717K [0x00000007d6560000, 0x0000000800000000, 0x0000000800000000)
  eden space 227584K, 99% used [0x00000007d6560000,0x00000007e439f0f8,0x00000007e43a0000)
  from space 227520K, 48% used [0x00000007e43a0000,0x00000007eb028680,0x00000007f21d0000)
  to   space 227520K, 0% used [0x00000007f21d0000,0x00000007f21d0000,0x0000000800000000)
 PSOldGen        total 1365376K, used 364519K [0x0000000783000000, 0x00000007d6560000, 0x00000007d6560000)
  object space 1365376K, 26% used [0x0000000783000000,0x00000007993f9d28,0x00000007d6560000)
 PSPermGen       total 23104K, used 20834K [0x000000077de00000, 0x000000077f490000, 0x0000000783000000)
  object space 23104K, 90% used [0x000000077de00000,0x000000077f258b38,0x000000077f490000)
1987.746: [GC [PSYoungGen: 338717K->40982K(455104K)] 703237K->420413K(1820480K), 0.0418720 secs] [Times: user=0.28 sys=0.00, real=0.04 secs] 
Heap after GC invocations=312 (full 24):
 PSYoungGen      total 455104K, used 40982K [0x00000007d6560000, 0x0000000800000000, 0x0000000800000000)
  eden space 227584K, 0% used [0x00000007d6560000,0x00000007d6560000,0x00000007e43a0000)
  from space 227520K, 18% used [0x00000007f21d0000,0x00000007f49d5a90,0x0000000800000000)
  to   space 227520K, 0% used [0x00000007e43a0000,0x00000007e43a0000,0x00000007f21d0000)
 PSOldGen        total 1365376K, used 379431K [0x0000000783000000, 0x00000007d6560000, 0x00000007d6560000)
  object space 1365376K, 27% used [0x0000000783000000,0x000000079a289c48,0x00000007d6560000)
 PSPermGen       total 23104K, used 20834K [0x000000077de00000, 0x000000077f490000, 0x0000000783000000)
  object space 23104K, 90% used [0x000000077de00000,0x000000077f258b38,0x000000077f490000)
}
Total time for which application threads were stopped: 0.0436130 seconds
Application time: 0.2356090 seconds
{Heap before GC invocations=313 (full 24):
 PSYoungGen      total 455104K, used 268566K [0x00000007d6560000, 0x0000000800000000, 0x0000000800000000)
  eden space 227584K, 100% used [0x00000007d6560000,0x00000007e43a0000,0x00000007e43a0000)
  from space 227520K, 18% used [0x00000007f21d0000,0x00000007f49d5a90,0x0000000800000000)
  to   space 227520K, 0% used [0x00000007e43a0000,0x00000007e43a0000,0x00000007f21d0000)
 PSOldGen        total 1365376K, used 379431K [0x0000000783000000, 0x00000007d6560000, 0x00000007d6560000)
  object space 1365376K, 27% used [0x0000000783000000,0x000000079a289c48,0x00000007d6560000)
 PSPermGen       total 23104K, used 21093K [0x000000077de00000, 0x000000077f490000, 0x0000000783000000)
  object space 23104K, 91% used [0x000000077de00000,0x000000077f299638,0x000000077f490000)
1988.025: [GC [PSYoungGen: 268566K->171296K(455104K)] 647997K->583967K(1820480K), 0.0331380 secs] [Times: user=0.31 sys=0.01, real=0.03 secs] 
Heap after GC invocations=313 (full 24):
 PSYoungGen      total 455104K, used 171296K [0x00000007d6560000, 0x0000000800000000, 0x0000000800000000)
  eden space 227584K, 0% used [0x00000007d6560000,0x00000007d6560000,0x00000007e43a0000)
  from space 227520K, 75% used [0x00000007e43a0000,0x00000007eeae8200,0x00000007f21d0000)
  to   space 227520K, 0% used [0x00000007f21d0000,0x00000007f21d0000,0x0000000800000000)
 PSOldGen        total 1365376K, used 412670K [0x0000000783000000, 0x00000007d6560000, 0x00000007d6560000)
  object space 1365376K, 30% used [0x0000000783000000,0x000000079c2ffa38,0x00000007d6560000)
 PSPermGen       total 23104K, used 21093K [0x000000077de00000, 0x000000077f490000, 0x0000000783000000)
  object space 23104K, 91% used [0x000000077de00000,0x000000077f299638,0x000000077f490000)
}
Total time for which application threads were stopped: 0.0339540 seconds
Application time: 0.2501840 seconds
{Heap before GC invocations=314 (full 24):
 PSYoungGen      total 455104K, used 398880K [0x00000007d6560000, 0x0000000800000000, 0x0000000800000000)
  eden space 227584K, 100% used [0x00000007d6560000,0x00000007e43a0000,0x00000007e43a0000)
  from space 227520K, 75% used [0x00000007e43a0000,0x00000007eeae8200,0x00000007f21d0000)
  to   space 227520K, 0% used [0x00000007f21d0000,0x00000007f21d0000,0x0000000800000000)
 PSOldGen        total 1365376K, used 412670K [0x0000000783000000, 0x00000007d6560000, 0x00000007d6560000)
  object space 1365376K, 30% used [0x0000000783000000,0x000000079c2ffa38,0x00000007d6560000)
 PSPermGen       total 23104K, used 21349K [0x000000077de00000, 0x000000077f490000, 0x0000000783000000)
  object space 23104K, 92% used [0x000000077de00000,0x000000077f2d96b8,0x000000077f490000)
1988.309: [GC [PSYoungGen: 398880K->170778K(455104K)] 811551K->739512K(1820480K), 0.0488060 secs] [Times: user=0.49 sys=0.00, real=0.05 secs] 
Heap after GC invocations=314 (full 24):
 PSYoungGen      total 455104K, used 170778K [0x00000007d6560000, 0x0000000800000000, 0x0000000800000000)
  eden space 227584K, 0% used [0x00000007d6560000,0x00000007d6560000,0x00000007e43a0000)
  from space 227520K, 75% used [0x00000007f21d0000,0x00000007fc896b50,0x0000000800000000)
  to   space 227520K, 0% used [0x00000007e43a0000,0x00000007e43a0000,0x00000007f21d0000)
 PSOldGen        total 1365376K, used 568733K [0x0000000783000000, 0x00000007d6560000, 0x00000007d6560000)
  object space 1365376K, 41% used [0x0000000783000000,0x00000007a5b67768,0x00000007d6560000)
 PSPermGen       total 23104K, used 21349K [0x000000077de00000, 0x000000077f490000, 0x0000000783000000)
  object space 23104K, 92% used [0x000000077de00000,0x000000077f2d96b8,0x000000077f490000)
}
Total time for which application threads were stopped: 0.0496300 seconds
Application time: 0.4223030 seconds
{Heap before GC invocations=315 (full 24):
 PSYoungGen      total 455104K, used 398362K [0x00000007d6560000, 0x0000000800000000, 0x0000000800000000)
  eden space 227584K, 100% used [0x00000007d6560000,0x00000007e43a0000,0x00000007e43a0000)
  from space 227520K, 75% used [0x00000007f21d0000,0x00000007fc896b50,0x0000000800000000)
  to   space 227520K, 0% used [0x00000007e43a0000,0x00000007e43a0000,0x00000007f21d0000)
 PSOldGen        total 1365376K, used 568733K [0x0000000783000000, 0x00000007d6560000, 0x00000007d6560000)
  object space 1365376K, 41% used [0x0000000783000000,0x00000007a5b67768,0x00000007d6560000)
 PSPermGen       total 23104K, used 21530K [0x000000077de00000, 0x000000077f490000, 0x0000000783000000)
  object space 23104K, 93% used [0x000000077de00000,0x000000077f306b38,0x000000077f490000)
1988.781: [GC [PSYoungGen: 398362K->117026K(455104K)] 967096K->840876K(1820480K), 0.0518010 secs] [Times: user=0.44 sys=0.01, real=0.05 secs] 
Heap after GC invocations=315 (full 24):
 PSYoungGen      total 455104K, used 117026K [0x00000007d6560000, 0x0000000800000000, 0x0000000800000000)
  eden space 227584K, 0% used [0x00000007d6560000,0x00000007d6560000,0x00000007e43a0000)
  from space 227520K, 51% used [0x00000007e43a0000,0x00000007eb5e8b00,0x00000007f21d0000)
  to   space 227520K, 0% used [0x00000007f21d0000,0x00000007f21d0000,0x0000000800000000)
 PSOldGen        total 1365376K, used 723849K [0x0000000783000000, 0x00000007d6560000, 0x00000007d6560000)
  object space 1365376K, 53% used [0x0000000783000000,0x00000007af2e2628,0x00000007d6560000)
 PSPermGen       total 23104K, used 21530K [0x000000077de00000, 0x000000077f490000, 0x0000000783000000)
  object space 23104K, 93% used [0x000000077de00000,0x000000077f306b38,0x000000077f490000)
}
Total time for which application threads were stopped: 0.0525530 seconds
Application time: 0.7900370 seconds
{Heap before GC invocations=316 (full 24):
 PSYoungGen      total 455104K, used 344610K [0x00000007d6560000, 0x0000000800000000, 0x0000000800000000)
  eden space 227584K, 100% used [0x00000007d6560000,0x00000007e43a0000,0x00000007e43a0000)
  from space 227520K, 51% used [0x00000007e43a0000,0x00000007eb5e8b00,0x00000007f21d0000)
  to   space 227520K, 0% used [0x00000007f21d0000,0x00000007f21d0000,0x0000000800000000)
 PSOldGen        total 1365376K, used 723849K [0x0000000783000000, 0x00000007d6560000, 0x00000007d6560000)
  object space 1365376K, 53% used [0x0000000783000000,0x00000007af2e2628,0x00000007d6560000)
 PSPermGen       total 23104K, used 21532K [0x000000077de00000, 0x000000077f490000, 0x0000000783000000)
  object space 23104K, 93% used [0x000000077de00000,0x000000077f307138,0x000000077f490000)
1989.623: [GC [PSYoungGen: 344610K->7799K(455104K)] 1068460K->837726K(1820480K), 0.0547240 secs] [Times: user=0.40 sys=0.00, real=0.06 secs] 
Heap after GC invocations=316 (full 24):
 PSYoungGen      total 455104K, used 7799K [0x00000007d6560000, 0x0000000800000000, 0x0000000800000000)
  eden space 227584K, 0% used [0x00000007d6560000,0x00000007d6560000,0x00000007e43a0000)
  from space 227520K, 3% used [0x00000007f21d0000,0x00000007f296dcf0,0x0000000800000000)
  to   space 227520K, 0% used [0x00000007e43a0000,0x00000007e43a0000,0x00000007f21d0000)
 PSOldGen        total 1365376K, used 829927K [0x0000000783000000, 0x00000007d6560000, 0x00000007d6560000)
  object space 1365376K, 60% used [0x0000000783000000,0x00000007b5a79c08,0x00000007d6560000)
 PSPermGen       total 23104K, used 21532K [0x000000077de00000, 0x000000077f490000, 0x0000000783000000)
  object space 23104K, 93% used [0x000000077de00000,0x000000077f307138,0x000000077f490000)
}
Total time for which application threads were stopped: 0.0554790 seconds
Application time: 0.7805420 seconds
{Heap before GC invocations=317 (full 24):
 PSYoungGen      total 455104K, used 235383K [0x00000007d6560000, 0x0000000800000000, 0x0000000800000000)
  eden space 227584K, 100% used [0x00000007d6560000,0x00000007e43a0000,0x00000007e43a0000)
  from space 227520K, 3% used [0x00000007f21d0000,0x00000007f296dcf0,0x0000000800000000)
  to   space 227520K, 0% used [0x00000007e43a0000,0x00000007e43a0000,0x00000007f21d0000)
 PSOldGen        total 1365376K, used 829927K [0x0000000783000000, 0x00000007d6560000, 0x00000007d6560000)
  object space 1365376K, 60% used [0x0000000783000000,0x00000007b5a79c08,0x00000007d6560000)
 PSPermGen       total 23104K, used 21532K [0x000000077de00000, 0x000000077f490000, 0x0000000783000000)
  object space 23104K, 93% used [0x000000077de00000,0x000000077f307138,0x000000077f490000)
1990.459: [GC [PSYoungGen: 235383K->6976K(455104K)] 1065310K->837096K(1820480K), 0.0542090 secs] [Times: user=0.39 sys=0.00, real=0.05 secs] 
Heap after GC invocations=317 (full 24):
 PSYoungGen      total 455104K, used 6976K [0x00000007d6560000, 0x0000000800000000, 0x0000000800000000)
  eden space 227584K, 0% used [0x00000007d6560000,0x00000007d6560000,0x00000007e43a0000)
  from space 227520K, 3% used [0x00000007e43a0000,0x00000007e4a70000,0x00000007f21d0000)
  to   space 227520K, 0% used [0x00000007f21d0000,0x00000007f21d0000,0x0000000800000000)
 PSOldGen        total 1365376K, used 830120K [0x0000000783000000, 0x00000007d6560000, 0x00000007d6560000)
  object space 1365376K, 60% used [0x0000000783000000,0x00000007b5aaa078,0x00000007d6560000)
 PSPermGen       total 23104K, used 21532K [0x000000077de00000, 0x000000077f490000, 0x0000000783000000)
  object space 23104K, 93% used [0x000000077de00000,0x000000077f307138,0x000000077f490000)
}
Total time for which application threads were stopped: 0.0549640 seconds
Application time: 0.7581810 seconds
{Heap before GC invocations=318 (full 24):
 PSYoungGen      total 455104K, used 234560K [0x00000007d6560000, 0x0000000800000000, 0x0000000800000000)
  eden space 227584K, 100% used [0x00000007d6560000,0x00000007e43a0000,0x00000007e43a0000)
  from space 227520K, 3% used [0x00000007e43a0000,0x00000007e4a70000,0x00000007f21d0000)
  to   space 227520K, 0% used [0x00000007f21d0000,0x00000007f21d0000,0x0000000800000000)
 PSOldGen        total 1365376K, used 830120K [0x0000000783000000, 0x00000007d6560000, 0x00000007d6560000)
  object space 1365376K, 60% used [0x0000000783000000,0x00000007b5aaa078,0x00000007d6560000)
 PSPermGen       total 23104K, used 21532K [0x000000077de00000, 0x000000077f490000, 0x0000000783000000)
  object space 23104K, 93% used [0x000000077de00000,0x000000077f307138,0x000000077f490000)
1991.273: [GC [PSYoungGen: 234560K->7104K(455104K)] 1064680K->837304K(1820480K), 0.0521110 secs] [Times: user=0.33 sys=0.00, real=0.06 secs] 
Heap after GC invocations=318 (full 24):
 PSYoungGen      total 455104K, used 7104K [0x00000007d6560000, 0x0000000800000000, 0x0000000800000000)
  eden space 227584K, 0% used [0x00000007d6560000,0x00000007d6560000,0x00000007e43a0000)
  from space 227520K, 3% used [0x00000007f21d0000,0x00000007f28c0000,0x0000000800000000)
  to   space 227520K, 0% used [0x00000007e43a0000,0x00000007e43a0000,0x00000007f21d0000)
 PSOldGen        total 1365376K, used 830200K [0x0000000783000000, 0x00000007d6560000, 0x00000007d6560000)
  object space 1365376K, 60% used [0x0000000783000000,0x00000007b5abe078,0x00000007d6560000)
 PSPermGen       total 23104K, used 21532K [0x000000077de00000, 0x000000077f490000, 0x0000000783000000)
  object space 23104K, 93% used [0x000000077de00000,0x000000077f307138,0x000000077f490000)
}
Total time for which application threads were stopped: 0.0528890 seconds
Application time: 60.6141140 seconds
Total time for which application threads were stopped: 0.0005320 seconds
Application time: 0.0024350 seconds
Total time for which application threads were stopped: 0.0003570 seconds
Application time: 0.0002880 seconds
Total time for which application threads were stopped: 0.0002610 seconds
Application time: 0.0002760 seconds
Total time for which application threads were stopped: 0.0002650 seconds
Application time: 123.2070530 seconds
{Heap before GC invocations=319 (full 24):
 PSYoungGen      total 455104K, used 234688K [0x00000007d6560000, 0x0000000800000000, 0x0000000800000000)
  eden space 227584K, 100% used [0x00000007d6560000,0x00000007e43a0000,0x00000007e43a0000)
  from space 227520K, 3% used [0x00000007f21d0000,0x00000007f28c0000,0x0000000800000000)
  to   space 227520K, 0% used [0x00000007e43a0000,0x00000007e43a0000,0x00000007f21d0000)
 PSOldGen        total 1365376K, used 830200K [0x0000000783000000, 0x00000007d6560000, 0x00000007d6560000)
  object space 1365376K, 60% used [0x0000000783000000,0x00000007b5abe078,0x00000007d6560000)
 PSPermGen       total 23104K, used 21673K [0x000000077de00000, 0x000000077f490000, 0x0000000783000000)
  object space 23104K, 93% used [0x000000077de00000,0x000000077f32a7f0,0x000000077f490000)
2175.151: [GC [PSYoungGen: 234688K->90917K(455104K)] 1064888K->921317K(1820480K), 0.0348420 secs] [Times: user=0.27 sys=0.01, real=0.04 secs] 
Heap after GC invocations=319 (full 24):
 PSYoungGen      total 455104K, used 90917K [0x00000007d6560000, 0x0000000800000000, 0x0000000800000000)
  eden space 227584K, 0% used [0x00000007d6560000,0x00000007d6560000,0x00000007e43a0000)
  from space 227520K, 39% used [0x00000007e43a0000,0x00000007e9c696e0,0x00000007f21d0000)
  to   space 227520K, 0% used [0x00000007f21d0000,0x00000007f21d0000,0x0000000800000000)
 PSOldGen        total 1365376K, used 830400K [0x0000000783000000, 0x00000007d6560000, 0x00000007d6560000)
  object space 1365376K, 60% used [0x0000000783000000,0x00000007b5af0078,0x00000007d6560000)
 PSPermGen       total 23104K, used 21673K [0x000000077de00000, 0x000000077f490000, 0x0000000783000000)
  object space 23104K, 93% used [0x000000077de00000,0x000000077f32a7f0,0x000000077f490000)
}
Total time for which application threads were stopped: 0.0356820 seconds
Application time: 0.2397640 seconds
{Heap before GC invocations=320 (full 24):
 PSYoungGen      total 455104K, used 318501K [0x00000007d6560000, 0x0000000800000000, 0x0000000800000000)
  eden space 227584K, 100% used [0x00000007d6560000,0x00000007e43a0000,0x00000007e43a0000)
  from space 227520K, 39% used [0x00000007e43a0000,0x00000007e9c696e0,0x00000007f21d0000)
  to   space 227520K, 0% used [0x00000007f21d0000,0x00000007f21d0000,0x0000000800000000)
 PSOldGen        total 1365376K, used 830400K [0x0000000783000000, 0x00000007d6560000, 0x00000007d6560000)
  object space 1365376K, 60% used [0x0000000783000000,0x00000007b5af0078,0x00000007d6560000)
 PSPermGen       total 23104K, used 21935K [0x000000077de00000, 0x000000077f490000, 0x0000000783000000)
  object space 23104K, 94% used [0x000000077de00000,0x000000077f36bfb0,0x000000077f490000)
2175.426: [GC [PSYoungGen: 318501K->173137K(455104K)] 1148901K->1084245K(1820480K), 0.0400300 secs] [Times: user=0.43 sys=0.01, real=0.04 secs] 
Heap after GC invocations=320 (full 24):
 PSYoungGen      total 455104K, used 173137K [0x00000007d6560000, 0x0000000800000000, 0x0000000800000000)
  eden space 227584K, 0% used [0x00000007d6560000,0x00000007d6560000,0x00000007e43a0000)
  from space 227520K, 76% used [0x00000007f21d0000,0x00000007fcae4750,0x0000000800000000)
  to   space 227520K, 0% used [0x00000007e43a0000,0x00000007e43a0000,0x00000007f21d0000)
 PSOldGen        total 1365376K, used 911107K [0x0000000783000000, 0x00000007d6560000, 0x00000007d6560000)
  object space 1365376K, 66% used [0x0000000783000000,0x00000007ba9c0da8,0x00000007d6560000)
 PSPermGen       total 23104K, used 21935K [0x000000077de00000, 0x000000077f490000, 0x0000000783000000)
  object space 23104K, 94% used [0x000000077de00000,0x000000077f36bfb0,0x000000077f490000)
}
Total time for which application threads were stopped: 0.0407540 seconds
Application time: 0.2478080 seconds
{Heap before GC invocations=321 (full 24):
 PSYoungGen      total 455104K, used 400721K [0x00000007d6560000, 0x0000000800000000, 0x0000000800000000)
  eden space 227584K, 100% used [0x00000007d6560000,0x00000007e43a0000,0x00000007e43a0000)
  from space 227520K, 76% used [0x00000007f21d0000,0x00000007fcae4750,0x0000000800000000)
  to   space 227520K, 0% used [0x00000007e43a0000,0x00000007e43a0000,0x00000007f21d0000)
 PSOldGen        total 1365376K, used 911107K [0x0000000783000000, 0x00000007d6560000, 0x00000007d6560000)
  object space 1365376K, 66% used [0x0000000783000000,0x00000007ba9c0da8,0x00000007d6560000)
 PSPermGen       total 23104K, used 22198K [0x000000077de00000, 0x000000077f490000, 0x0000000783000000)
  object space 23104K, 96% used [0x000000077de00000,0x000000077f3ada70,0x000000077f490000)
2175.715: [GC [PSYoungGen: 400721K->173987K(455104K)] 1311829K->1242908K(1820480K), 0.0526830 secs] [Times: user=0.53 sys=0.01, real=0.05 secs] 
Heap after GC invocations=321 (full 24):
 PSYoungGen      total 455104K, used 173987K [0x00000007d6560000, 0x0000000800000000, 0x0000000800000000)
  eden space 227584K, 0% used [0x00000007d6560000,0x00000007d6560000,0x00000007e43a0000)
  from space 227520K, 76% used [0x00000007e43a0000,0x00000007eed88f00,0x00000007f21d0000)
  to   space 227520K, 0% used [0x00000007f21d0000,0x00000007f21d0000,0x0000000800000000)
 PSOldGen        total 1365376K, used 1068920K [0x0000000783000000, 0x00000007d6560000, 0x00000007d6560000)
  object space 1365376K, 78% used [0x0000000783000000,0x00000007c43de3d8,0x00000007d6560000)
 PSPermGen       total 23104K, used 22198K [0x000000077de00000, 0x000000077f490000, 0x0000000783000000)
  object space 23104K, 96% used [0x000000077de00000,0x000000077f3ada70,0x000000077f490000)
}
Total time for which application threads were stopped: 0.0535250 seconds
Application time: 0.6216870 seconds
{Heap before GC invocations=322 (full 24):
 PSYoungGen      total 455104K, used 401571K [0x00000007d6560000, 0x0000000800000000, 0x0000000800000000)
  eden space 227584K, 100% used [0x00000007d6560000,0x00000007e43a0000,0x00000007e43a0000)
  from space 227520K, 76% used [0x00000007e43a0000,0x00000007eed88f00,0x00000007f21d0000)
  to   space 227520K, 0% used [0x00000007f21d0000,0x00000007f21d0000,0x0000000800000000)
 PSOldGen        total 1365376K, used 1068920K [0x0000000783000000, 0x00000007d6560000, 0x00000007d6560000)
  object space 1365376K, 78% used [0x0000000783000000,0x00000007c43de3d8,0x00000007d6560000)
 PSPermGen       total 23104K, used 22290K [0x000000077de00000, 0x000000077f490000, 0x0000000783000000)
  object space 23104K, 96% used [0x000000077de00000,0x000000077f3c49f0,0x000000077f490000)
2176.390: [GC [PSYoungGen: 401571K->60832K(455104K)] 1470492K->1288247K(1820480K), 0.0550740 secs] [Times: user=0.49 sys=0.00, real=0.06 secs] 
Heap after GC invocations=322 (full 24):
 PSYoungGen      total 455104K, used 60832K [0x00000007d6560000, 0x0000000800000000, 0x0000000800000000)
  eden space 227584K, 0% used [0x00000007d6560000,0x00000007d6560000,0x00000007e43a0000)
  from space 227520K, 26% used [0x00000007f21d0000,0x00000007f5d381d0,0x0000000800000000)
  to   space 227520K, 0% used [0x00000007e43a0000,0x00000007e43a0000,0x00000007f21d0000)
 PSOldGen        total 1365376K, used 1227415K [0x0000000783000000, 0x00000007d6560000, 0x00000007d6560000)
  object space 1365376K, 89% used [0x0000000783000000,0x00000007cdea5d28,0x00000007d6560000)
 PSPermGen       total 23104K, used 22290K [0x000000077de00000, 0x000000077f490000, 0x0000000783000000)
  object space 23104K, 96% used [0x000000077de00000,0x000000077f3c49f0,0x000000077f490000)
}
{Heap before GC invocations=323 (full 25):
 PSYoungGen      total 455104K, used 60832K [0x00000007d6560000, 0x0000000800000000, 0x0000000800000000)
  eden space 227584K, 0% used [0x00000007d6560000,0x00000007d6560000,0x00000007e43a0000)
  from space 227520K, 26% used [0x00000007f21d0000,0x00000007f5d381d0,0x0000000800000000)
  to   space 227520K, 0% used [0x00000007e43a0000,0x00000007e43a0000,0x00000007f21d0000)
 PSOldGen        total 1365376K, used 1227415K [0x0000000783000000, 0x00000007d6560000, 0x00000007d6560000)
  object space 1365376K, 89% used [0x0000000783000000,0x00000007cdea5d28,0x00000007d6560000)
 PSPermGen       total 23104K, used 22290K [0x000000077de00000, 0x000000077f490000, 0x0000000783000000)
  object space 23104K, 96% used [0x000000077de00000,0x000000077f3c49f0,0x000000077f490000)
2176.446: [Full GC [PSYoungGen: 60832K->0K(455104K)] [PSOldGen: 1227415K->545971K(1365376K)] 1288247K->545971K(1820480K) [PSPermGen: 22290K->22290K(24640K)], 0.4733220 secs] [Times: user=0.46 sys=0.00, real=0.47 secs] 
Heap after GC invocations=323 (full 25):
 PSYoungGen      total 455104K, used 0K [0x00000007d6560000, 0x0000000800000000, 0x0000000800000000)
  eden space 227584K, 0% used [0x00000007d6560000,0x00000007d6560000,0x00000007e43a0000)
  from space 227520K, 0% used [0x00000007f21d0000,0x00000007f21d0000,0x0000000800000000)
  to   space 227520K, 0% used [0x00000007e43a0000,0x00000007e43a0000,0x00000007f21d0000)
 PSOldGen        total 1365376K, used 545971K [0x0000000783000000, 0x00000007d6560000, 0x00000007d6560000)
  object space 1365376K, 39% used [0x0000000783000000,0x00000007a452cd28,0x00000007d6560000)
 PSPermGen       total 24640K, used 22290K [0x000000077de00000, 0x000000077f610000, 0x0000000783000000)
  object space 24640K, 90% used [0x000000077de00000,0x000000077f3c49f0,0x000000077f610000)
}
Total time for which application threads were stopped: 0.5292640 seconds
Application time: 0.8041790 seconds
{Heap before GC invocations=324 (full 25):
 PSYoungGen      total 455104K, used 227584K [0x00000007d6560000, 0x0000000800000000, 0x0000000800000000)
  eden space 227584K, 100% used [0x00000007d6560000,0x00000007e43a0000,0x00000007e43a0000)
  from space 227520K, 0% used [0x00000007f21d0000,0x00000007f21d0000,0x0000000800000000)
  to   space 227520K, 0% used [0x00000007e43a0000,0x00000007e43a0000,0x00000007f21d0000)
 PSOldGen        total 1365376K, used 545971K [0x0000000783000000, 0x00000007d6560000, 0x00000007d6560000)
  object space 1365376K, 39% used [0x0000000783000000,0x00000007a452cd28,0x00000007d6560000)
 PSPermGen       total 24640K, used 22290K [0x000000077de00000, 0x000000077f610000, 0x0000000783000000)
  object space 24640K, 90% used [0x000000077de00000,0x000000077f3c49f0,0x000000077f610000)
2177.725: [GC [PSYoungGen: 227584K->7008K(455104K)] 773555K->552979K(1820480K), 0.0564020 secs] [Times: user=0.36 sys=0.04, real=0.05 secs] 
Heap after GC invocations=324 (full 25):
 PSYoungGen      total 455104K, used 7008K [0x00000007d6560000, 0x0000000800000000, 0x0000000800000000)
  eden space 227584K, 0% used [0x00000007d6560000,0x00000007d6560000,0x00000007e43a0000)
  from space 227520K, 3% used [0x00000007e43a0000,0x00000007e4a78000,0x00000007f21d0000)
  to   space 227520K, 0% used [0x00000007f21d0000,0x00000007f21d0000,0x0000000800000000)
 PSOldGen        total 1365376K, used 545971K [0x0000000783000000, 0x00000007d6560000, 0x00000007d6560000)
  object space 1365376K, 39% used [0x0000000783000000,0x00000007a452cd28,0x00000007d6560000)
 PSPermGen       total 24640K, used 22290K [0x000000077de00000, 0x000000077f610000, 0x0000000783000000)
  object space 24640K, 90% used [0x000000077de00000,0x000000077f3c49f0,0x000000077f610000)
}
Total time for which application threads were stopped: 0.0580930 seconds
Application time: 0.7994330 seconds
{Heap before GC invocations=325 (full 25):
 PSYoungGen      total 455104K, used 234592K [0x00000007d6560000, 0x0000000800000000, 0x0000000800000000)
  eden space 227584K, 100% used [0x00000007d6560000,0x00000007e43a0000,0x00000007e43a0000)
  from space 227520K, 3% used [0x00000007e43a0000,0x00000007e4a78000,0x00000007f21d0000)
  to   space 227520K, 0% used [0x00000007f21d0000,0x00000007f21d0000,0x0000000800000000)
 PSOldGen        total 1365376K, used 545971K [0x0000000783000000, 0x00000007d6560000, 0x00000007d6560000)
  object space 1365376K, 39% used [0x0000000783000000,0x00000007a452cd28,0x00000007d6560000)
 PSPermGen       total 24640K, used 22290K [0x000000077de00000, 0x000000077f610000, 0x0000000783000000)
  object space 24640K, 90% used [0x000000077de00000,0x000000077f3c49f0,0x000000077f610000)
2178.581: [GC [PSYoungGen: 234592K->7168K(455104K)] 780563K->553235K(1820480K), 0.0572260 secs] [Times: user=0.41 sys=0.01, real=0.06 secs] 
Heap after GC invocations=325 (full 25):
 PSYoungGen      total 455104K, used 7168K [0x00000007d6560000, 0x0000000800000000, 0x0000000800000000)
  eden space 227584K, 0% used [0x00000007d6560000,0x00000007d6560000,0x00000007e43a0000)
  from space 227520K, 3% used [0x00000007f21d0000,0x00000007f28d0000,0x0000000800000000)
  to   space 227520K, 0% used [0x00000007e43a0000,0x00000007e43a0000,0x00000007f21d0000)
 PSOldGen        total 1365376K, used 546067K [0x0000000783000000, 0x00000007d6560000, 0x00000007d6560000)
  object space 1365376K, 39% used [0x0000000783000000,0x00000007a4544d28,0x00000007d6560000)
 PSPermGen       total 24640K, used 22290K [0x000000077de00000, 0x000000077f610000, 0x0000000783000000)
  object space 24640K, 90% used [0x000000077de00000,0x000000077f3c49f0,0x000000077f610000)
}
Total time for which application threads were stopped: 0.0580840 seconds
Application time: 0.7630280 seconds
{Heap before GC invocations=326 (full 25):
 PSYoungGen      total 455104K, used 234752K [0x00000007d6560000, 0x0000000800000000, 0x0000000800000000)
  eden space 227584K, 100% used [0x00000007d6560000,0x00000007e43a0000,0x00000007e43a0000)
  from space 227520K, 3% used [0x00000007f21d0000,0x00000007f28d0000,0x0000000800000000)
  to   space 227520K, 0% used [0x00000007e43a0000,0x00000007e43a0000,0x00000007f21d0000)
 PSOldGen        total 1365376K, used 546067K [0x0000000783000000, 0x00000007d6560000, 0x00000007d6560000)
  object space 1365376K, 39% used [0x0000000783000000,0x00000007a4544d28,0x00000007d6560000)
 PSPermGen       total 24640K, used 22290K [0x000000077de00000, 0x000000077f610000, 0x0000000783000000)
  object space 24640K, 90% used [0x000000077de00000,0x000000077f3c49f0,0x000000077f610000)
2179.403: [GC [PSYoungGen: 234752K->7040K(455104K)] 780819K->553387K(1820480K), 0.0535180 secs] [Times: user=0.40 sys=0.00, real=0.06 secs] 
Heap after GC invocations=326 (full 25):
 PSYoungGen      total 455104K, used 7040K [0x00000007d6560000, 0x0000000800000000, 0x0000000800000000)
  eden space 227584K, 0% used [0x00000007d6560000,0x00000007d6560000,0x00000007e43a0000)
  from space 227520K, 3% used [0x00000007e43a0000,0x00000007e4a80000,0x00000007f21d0000)
  to   space 227520K, 0% used [0x00000007f21d0000,0x00000007f21d0000,0x0000000800000000)
 PSOldGen        total 1365376K, used 546347K [0x0000000783000000, 0x00000007d6560000, 0x00000007d6560000)
  object space 1365376K, 40% used [0x0000000783000000,0x00000007a458ad28,0x00000007d6560000)
 PSPermGen       total 24640K, used 22290K [0x000000077de00000, 0x000000077f610000, 0x0000000783000000)
  object space 24640K, 90% used [0x000000077de00000,0x000000077f3c49f0,0x000000077f610000)
}
Total time for which application threads were stopped: 0.0543980 seconds
Application time: 1.4270040 seconds
{Heap before GC invocations=327 (full 25):
 PSYoungGen      total 455104K, used 234624K [0x00000007d6560000, 0x0000000800000000, 0x0000000800000000)
  eden space 227584K, 100% used [0x00000007d6560000,0x00000007e43a0000,0x00000007e43a0000)
  from space 227520K, 3% used [0x00000007e43a0000,0x00000007e4a80000,0x00000007f21d0000)
  to   space 227520K, 0% used [0x00000007f21d0000,0x00000007f21d0000,0x0000000800000000)
 PSOldGen        total 1365376K, used 546347K [0x0000000783000000, 0x00000007d6560000, 0x00000007d6560000)
  object space 1365376K, 40% used [0x0000000783000000,0x00000007a458ad28,0x00000007d6560000)
 PSPermGen       total 24640K, used 22469K [0x000000077de00000, 0x000000077f610000, 0x0000000783000000)
  object space 24640K, 91% used [0x000000077de00000,0x000000077f3f17b0,0x000000077f610000)
2180.885: [GC [PSYoungGen: 234624K->115228K(455104K)] 780971K->661783K(1820480K), 0.0302240 secs] [Times: user=0.22 sys=0.02, real=0.03 secs] 
Heap after GC invocations=327 (full 25):
 PSYoungGen      total 455104K, used 115228K [0x00000007d6560000, 0x0000000800000000, 0x0000000800000000)
  eden space 227584K, 0% used [0x00000007d6560000,0x00000007d6560000,0x00000007e43a0000)
  from space 227520K, 50% used [0x00000007f21d0000,0x00000007f9257160,0x0000000800000000)
  to   space 227520K, 0% used [0x00000007e43a0000,0x00000007e43a0000,0x00000007f21d0000)
 PSOldGen        total 1365376K, used 546555K [0x0000000783000000, 0x00000007d6560000, 0x00000007d6560000)
  object space 1365376K, 40% used [0x0000000783000000,0x00000007a45bed28,0x00000007d6560000)
 PSPermGen       total 24640K, used 22469K [0x000000077de00000, 0x000000077f610000, 0x0000000783000000)
  object space 24640K, 91% used [0x000000077de00000,0x000000077f3f17b0,0x000000077f610000)
}
Total time for which application threads were stopped: 0.0319470 seconds
Application time: 0.2348820 seconds
{Heap before GC invocations=328 (full 25):
 PSYoungGen      total 455104K, used 342807K [0x00000007d6560000, 0x0000000800000000, 0x0000000800000000)
  eden space 227584K, 99% used [0x00000007d6560000,0x00000007e439eb80,0x00000007e43a0000)
  from space 227520K, 50% used [0x00000007f21d0000,0x00000007f9257160,0x0000000800000000)
  to   space 227520K, 0% used [0x00000007e43a0000,0x00000007e43a0000,0x00000007f21d0000)
 PSOldGen        total 1365376K, used 546555K [0x0000000783000000, 0x00000007d6560000, 0x00000007d6560000)
  object space 1365376K, 40% used [0x0000000783000000,0x00000007a45bed28,0x00000007d6560000)
 PSPermGen       total 24640K, used 22728K [0x000000077de00000, 0x000000077f610000, 0x0000000783000000)
  object space 24640K, 92% used [0x000000077de00000,0x000000077f432130,0x000000077f610000)
2181.151: [GC [PSYoungGen: 342807K->171730K(455104K)] 889362K->821944K(1820480K), 0.0416060 secs] [Times: user=0.47 sys=0.00, real=0.04 secs] 
Heap after GC invocations=328 (full 25):
 PSYoungGen      total 455104K, used 171730K [0x00000007d6560000, 0x0000000800000000, 0x0000000800000000)
  eden space 227584K, 0% used [0x00000007d6560000,0x00000007d6560000,0x00000007e43a0000)
  from space 227520K, 75% used [0x00000007e43a0000,0x00000007eeb54900,0x00000007f21d0000)
  to   space 227520K, 0% used [0x00000007f21d0000,0x00000007f21d0000,0x0000000800000000)
 PSOldGen        total 1365376K, used 650214K [0x0000000783000000, 0x00000007d6560000, 0x00000007d6560000)
  object space 1365376K, 47% used [0x0000000783000000,0x00000007aaaf99c8,0x00000007d6560000)
 PSPermGen       total 24640K, used 22728K [0x000000077de00000, 0x000000077f610000, 0x0000000783000000)
  object space 24640K, 92% used [0x000000077de00000,0x000000077f432130,0x000000077f610000)
}
Total time for which application threads were stopped: 0.0424540 seconds
Application time: 0.2508450 seconds
{Heap before GC invocations=329 (full 25):
 PSYoungGen      total 455104K, used 399314K [0x00000007d6560000, 0x0000000800000000, 0x0000000800000000)
  eden space 227584K, 100% used [0x00000007d6560000,0x00000007e43a0000,0x00000007e43a0000)
  from space 227520K, 75% used [0x00000007e43a0000,0x00000007eeb54900,0x00000007f21d0000)
  to   space 227520K, 0% used [0x00000007f21d0000,0x00000007f21d0000,0x0000000800000000)
 PSOldGen        total 1365376K, used 650214K [0x0000000783000000, 0x00000007d6560000, 0x00000007d6560000)
  object space 1365376K, 47% used [0x0000000783000000,0x00000007aaaf99c8,0x00000007d6560000)
 PSPermGen       total 24640K, used 22983K [0x000000077de00000, 0x000000077f610000, 0x0000000783000000)
  object space 24640K, 93% used [0x000000077de00000,0x000000077f471f70,0x000000077f610000)
2181.444: [GC [PSYoungGen: 399314K->171656K(455104K)] 1049528K->977736K(1820480K), 0.0500640 secs] [Times: user=0.56 sys=0.01, real=0.04 secs] 
Heap after GC invocations=329 (full 25):
 PSYoungGen      total 455104K, used 171656K [0x00000007d6560000, 0x0000000800000000, 0x0000000800000000)
  eden space 227584K, 0% used [0x00000007d6560000,0x00000007d6560000,0x00000007e43a0000)
  from space 227520K, 75% used [0x00000007f21d0000,0x00000007fc972020,0x0000000800000000)
  to   space 227520K, 0% used [0x00000007e43a0000,0x00000007e43a0000,0x00000007f21d0000)
 PSOldGen        total 1365376K, used 806080K [0x0000000783000000, 0x00000007d6560000, 0x00000007d6560000)
  object space 1365376K, 59% used [0x0000000783000000,0x00000007b4330268,0x00000007d6560000)
 PSPermGen       total 24640K, used 22983K [0x000000077de00000, 0x000000077f610000, 0x0000000783000000)
  object space 24640K, 93% used [0x000000077de00000,0x000000077f471f70,0x000000077f610000)
}
Total time for which application threads were stopped: 0.0509540 seconds
Application time: 0.6675240 seconds
{Heap before GC invocations=330 (full 25):
 PSYoungGen      total 455104K, used 399240K [0x00000007d6560000, 0x0000000800000000, 0x0000000800000000)
  eden space 227584K, 100% used [0x00000007d6560000,0x00000007e43a0000,0x00000007e43a0000)
  from space 227520K, 75% used [0x00000007f21d0000,0x00000007fc972020,0x0000000800000000)
  to   space 227520K, 0% used [0x00000007e43a0000,0x00000007e43a0000,0x00000007f21d0000)
 PSOldGen        total 1365376K, used 806080K [0x0000000783000000, 0x00000007d6560000, 0x00000007d6560000)
  object space 1365376K, 59% used [0x0000000783000000,0x00000007b4330268,0x00000007d6560000)
 PSPermGen       total 24640K, used 23057K [0x000000077de00000, 0x000000077f610000, 0x0000000783000000)
  object space 24640K, 93% used [0x000000077de00000,0x000000077f484570,0x000000077f610000)
2182.163: [GC [PSYoungGen: 399240K->47060K(455104K)] 1205320K->1008953K(1820480K), 0.0588890 secs] [Times: user=0.47 sys=0.01, real=0.06 secs] 
Heap after GC invocations=330 (full 25):
 PSYoungGen      total 455104K, used 47060K [0x00000007d6560000, 0x0000000800000000, 0x0000000800000000)
  eden space 227584K, 0% used [0x00000007d6560000,0x00000007d6560000,0x00000007e43a0000)
  from space 227520K, 20% used [0x00000007e43a0000,0x00000007e7195140,0x00000007f21d0000)
  to   space 227520K, 0% used [0x00000007f21d0000,0x00000007f21d0000,0x0000000800000000)
 PSOldGen        total 1365376K, used 961893K [0x0000000783000000, 0x00000007d6560000, 0x00000007d6560000)
  object space 1365376K, 70% used [0x0000000783000000,0x00000007bdb595b8,0x00000007d6560000)
 PSPermGen       total 24640K, used 23057K [0x000000077de00000, 0x000000077f610000, 0x0000000783000000)
  object space 24640K, 93% used [0x000000077de00000,0x000000077f484570,0x000000077f610000)
}
Total time for which application threads were stopped: 0.0598750 seconds
Application time: 0.8295610 seconds
{Heap before GC invocations=331 (full 25):
 PSYoungGen      total 455104K, used 274644K [0x00000007d6560000, 0x0000000800000000, 0x0000000800000000)
  eden space 227584K, 100% used [0x00000007d6560000,0x00000007e43a0000,0x00000007e43a0000)
  from space 227520K, 20% used [0x00000007e43a0000,0x00000007e7195140,0x00000007f21d0000)
  to   space 227520K, 0% used [0x00000007f21d0000,0x00000007f21d0000,0x0000000800000000)
 PSOldGen        total 1365376K, used 961893K [0x0000000783000000, 0x00000007d6560000, 0x00000007d6560000)
  object space 1365376K, 70% used [0x0000000783000000,0x00000007bdb595b8,0x00000007d6560000)
 PSPermGen       total 24640K, used 23057K [0x000000077de00000, 0x000000077f610000, 0x0000000783000000)
  object space 24640K, 93% used [0x000000077de00000,0x000000077f484570,0x000000077f610000)
2183.052: [GC [PSYoungGen: 274644K->7168K(455104K)] 1236537K->1008522K(1820480K), 0.0623300 secs] [Times: user=0.45 sys=0.00, real=0.07 secs] 
Heap after GC invocations=331 (full 25):
 PSYoungGen      total 455104K, used 7168K [0x00000007d6560000, 0x0000000800000000, 0x0000000800000000)
  eden space 227584K, 0% used [0x00000007d6560000,0x00000007d6560000,0x00000007e43a0000)
  from space 227520K, 3% used [0x00000007f21d0000,0x00000007f28d0000,0x0000000800000000)
  to   space 227520K, 0% used [0x00000007e43a0000,0x00000007e43a0000,0x00000007f21d0000)
 PSOldGen        total 1365376K, used 1001354K [0x0000000783000000, 0x00000007d6560000, 0x00000007d6560000)
  object space 1365376K, 73% used [0x0000000783000000,0x00000007c01e2848,0x00000007d6560000)
 PSPermGen       total 24640K, used 23057K [0x000000077de00000, 0x000000077f610000, 0x0000000783000000)
  object space 24640K, 93% used [0x000000077de00000,0x000000077f484570,0x000000077f610000)
}
Total time for which application threads were stopped: 0.0631650 seconds
Application time: 0.7827170 seconds
{Heap before GC invocations=332 (full 25):
 PSYoungGen      total 455104K, used 234752K [0x00000007d6560000, 0x0000000800000000, 0x0000000800000000)
  eden space 227584K, 100% used [0x00000007d6560000,0x00000007e43a0000,0x00000007e43a0000)
  from space 227520K, 3% used [0x00000007f21d0000,0x00000007f28d0000,0x0000000800000000)
  to   space 227520K, 0% used [0x00000007e43a0000,0x00000007e43a0000,0x00000007f21d0000)
 PSOldGen        total 1365376K, used 1001354K [0x0000000783000000, 0x00000007d6560000, 0x00000007d6560000)
  object space 1365376K, 73% used [0x0000000783000000,0x00000007c01e2848,0x00000007d6560000)
 PSPermGen       total 24640K, used 23057K [0x000000077de00000, 0x000000077f610000, 0x0000000783000000)
  object space 24640K, 93% used [0x000000077de00000,0x000000077f484570,0x000000077f610000)
2183.898: [GC [PSYoungGen: 234752K->6976K(455104K)] 1236106K->1008402K(1820480K), 0.0549500 secs] [Times: user=0.39 sys=0.00, real=0.05 secs] 
Heap after GC invocations=332 (full 25):
 PSYoungGen      total 455104K, used 6976K [0x00000007d6560000, 0x0000000800000000, 0x0000000800000000)
  eden space 227584K, 0% used [0x00000007d6560000,0x00000007d6560000,0x00000007e43a0000)
  from space 227520K, 3% used [0x00000007e43a0000,0x00000007e4a70000,0x00000007f21d0000)
  to   space 227520K, 0% used [0x00000007f21d0000,0x00000007f21d0000,0x0000000800000000)
 PSOldGen        total 1365376K, used 1001426K [0x0000000783000000, 0x00000007d6560000, 0x00000007d6560000)
  object space 1365376K, 73% used [0x0000000783000000,0x00000007c01f4848,0x00000007d6560000)
 PSPermGen       total 24640K, used 23057K [0x000000077de00000, 0x000000077f610000, 0x0000000783000000)
  object space 24640K, 93% used [0x000000077de00000,0x000000077f484570,0x000000077f610000)
}
Total time for which application threads were stopped: 0.0557910 seconds
Application time: 0.7554980 seconds
{Heap before GC invocations=333 (full 25):
 PSYoungGen      total 455104K, used 234560K [0x00000007d6560000, 0x0000000800000000, 0x0000000800000000)
  eden space 227584K, 100% used [0x00000007d6560000,0x00000007e43a0000,0x00000007e43a0000)
  from space 227520K, 3% used [0x00000007e43a0000,0x00000007e4a70000,0x00000007f21d0000)
  to   space 227520K, 0% used [0x00000007f21d0000,0x00000007f21d0000,0x0000000800000000)
 PSOldGen        total 1365376K, used 1001426K [0x0000000783000000, 0x00000007d6560000, 0x00000007d6560000)
  object space 1365376K, 73% used [0x0000000783000000,0x00000007c01f4848,0x00000007d6560000)
 PSPermGen       total 24640K, used 23057K [0x000000077de00000, 0x000000077f610000, 0x0000000783000000)
  object space 24640K, 93% used [0x000000077de00000,0x000000077f484570,0x000000077f610000)
2184.714: [GC [PSYoungGen: 234560K->7200K(455104K)] 1235986K->1008706K(1820480K), 0.0539040 secs] [Times: user=0.37 sys=0.01, real=0.06 secs] 
Heap after GC invocations=333 (full 25):
 PSYoungGen      total 455104K, used 7200K [0x00000007d6560000, 0x0000000800000000, 0x0000000800000000)
  eden space 227584K, 0% used [0x00000007d6560000,0x00000007d6560000,0x00000007e43a0000)
  from space 227520K, 3% used [0x00000007f21d0000,0x00000007f28d8000,0x0000000800000000)
  to   space 227520K, 0% used [0x00000007e43a0000,0x00000007e43a0000,0x00000007f21d0000)
 PSOldGen        total 1365376K, used 1001506K [0x0000000783000000, 0x00000007d6560000, 0x00000007d6560000)
  object space 1365376K, 73% used [0x0000000783000000,0x00000007c0208848,0x00000007d6560000)
 PSPermGen       total 24640K, used 23057K [0x000000077de00000, 0x000000077f610000, 0x0000000783000000)
  object space 24640K, 93% used [0x000000077de00000,0x000000077f484570,0x000000077f610000)
}
Total time for which application threads were stopped: 0.0591790 seconds
Application time: 0.8136570 seconds
{Heap before GC invocations=334 (full 25):
 PSYoungGen      total 455104K, used 234784K [0x00000007d6560000, 0x0000000800000000, 0x0000000800000000)
  eden space 227584K, 100% used [0x00000007d6560000,0x00000007e43a0000,0x00000007e43a0000)
  from space 227520K, 3% used [0x00000007f21d0000,0x00000007f28d8000,0x0000000800000000)
  to   space 227520K, 0% used [0x00000007e43a0000,0x00000007e43a0000,0x00000007f21d0000)
 PSOldGen        total 1365376K, used 1001506K [0x0000000783000000, 0x00000007d6560000, 0x00000007d6560000)
  object space 1365376K, 73% used [0x0000000783000000,0x00000007c0208848,0x00000007d6560000)
 PSPermGen       total 24640K, used 23285K [0x000000077de00000, 0x000000077f610000, 0x0000000783000000)
  object space 24640K, 94% used [0x000000077de00000,0x000000077f4bd7b0,0x000000077f610000)
2185.582: [GC [PSYoungGen: 234784K->145247K(455104K)] 1236290K->1147041K(1820480K), 0.0303390 secs] [Times: user=0.28 sys=0.00, real=0.03 secs] 
Heap after GC invocations=334 (full 25):
 PSYoungGen      total 455104K, used 145247K [0x00000007d6560000, 0x0000000800000000, 0x0000000800000000)
  eden space 227584K, 0% used [0x00000007d6560000,0x00000007d6560000,0x00000007e43a0000)
  from space 227520K, 63% used [0x00000007e43a0000,0x00000007ed177e00,0x00000007f21d0000)
  to   space 227520K, 0% used [0x00000007f21d0000,0x00000007f21d0000,0x0000000800000000)
 PSOldGen        total 1365376K, used 1001794K [0x0000000783000000, 0x00000007d6560000, 0x00000007d6560000)
  object space 1365376K, 73% used [0x0000000783000000,0x00000007c0250848,0x00000007d6560000)
 PSPermGen       total 24640K, used 23285K [0x000000077de00000, 0x000000077f610000, 0x0000000783000000)
  object space 24640K, 94% used [0x000000077de00000,0x000000077f4bd7b0,0x000000077f610000)
}
Total time for which application threads were stopped: 0.0311980 seconds
Application time: 0.2293240 seconds
{Heap before GC invocations=335 (full 25):
 PSYoungGen      total 455104K, used 372831K [0x00000007d6560000, 0x0000000800000000, 0x0000000800000000)
  eden space 227584K, 100% used [0x00000007d6560000,0x00000007e43a0000,0x00000007e43a0000)
  from space 227520K, 63% used [0x00000007e43a0000,0x00000007ed177e00,0x00000007f21d0000)
  to   space 227520K, 0% used [0x00000007f21d0000,0x00000007f21d0000,0x0000000800000000)
 PSOldGen        total 1365376K, used 1001794K [0x0000000783000000, 0x00000007d6560000, 0x00000007d6560000)
  object space 1365376K, 73% used [0x0000000783000000,0x00000007c0250848,0x00000007d6560000)
 PSPermGen       total 24640K, used 23550K [0x000000077de00000, 0x000000077f610000, 0x0000000783000000)
  object space 24640K, 95% used [0x000000077de00000,0x000000077f4ffab0,0x000000077f610000)
2185.843: [GC [PSYoungGen: 372831K->174663K(455104K)] 1374625K->1309413K(1820480K), 0.0461190 secs] [Times: user=0.53 sys=0.00, real=0.05 secs] 
Heap after GC invocations=335 (full 25):
 PSYoungGen      total 455104K, used 174663K [0x00000007d6560000, 0x0000000800000000, 0x0000000800000000)
  eden space 227584K, 0% used [0x00000007d6560000,0x00000007d6560000,0x00000007e43a0000)
  from space 227520K, 76% used [0x00000007f21d0000,0x00000007fcc61e10,0x0000000800000000)
  to   space 227520K, 0% used [0x00000007e43a0000,0x00000007e43a0000,0x00000007f21d0000)
 PSOldGen        total 1365376K, used 1134750K [0x0000000783000000, 0x00000007d6560000, 0x00000007d6560000)
  object space 1365376K, 83% used [0x0000000783000000,0x00000007c8427858,0x00000007d6560000)
 PSPermGen       total 24640K, used 23550K [0x000000077de00000, 0x000000077f610000, 0x0000000783000000)
  object space 24640K, 95% used [0x000000077de00000,0x000000077f4ffab0,0x000000077f610000)
}
{Heap before GC invocations=336 (full 26):
 PSYoungGen      total 455104K, used 174663K [0x00000007d6560000, 0x0000000800000000, 0x0000000800000000)
  eden space 227584K, 0% used [0x00000007d6560000,0x00000007d6560000,0x00000007e43a0000)
  from space 227520K, 76% used [0x00000007f21d0000,0x00000007fcc61e10,0x0000000800000000)
  to   space 227520K, 0% used [0x00000007e43a0000,0x00000007e43a0000,0x00000007f21d0000)
 PSOldGen        total 1365376K, used 1134750K [0x0000000783000000, 0x00000007d6560000, 0x00000007d6560000)
  object space 1365376K, 83% used [0x0000000783000000,0x00000007c8427858,0x00000007d6560000)
 PSPermGen       total 24640K, used 23550K [0x000000077de00000, 0x000000077f610000, 0x0000000783000000)
  object space 24640K, 95% used [0x000000077de00000,0x000000077f4ffab0,0x000000077f610000)
2185.889: [Full GC [PSYoungGen: 174663K->0K(455104K)] [PSOldGen: 1134750K->392557K(1365376K)] 1309413K->392557K(1820480K) [PSPermGen: 23550K->23550K(26368K)], 0.3495910 secs] [Times: user=0.35 sys=0.00, real=0.35 secs] 
Heap after GC invocations=336 (full 26):
 PSYoungGen      total 455104K, used 0K [0x00000007d6560000, 0x0000000800000000, 0x0000000800000000)
  eden space 227584K, 0% used [0x00000007d6560000,0x00000007d6560000,0x00000007e43a0000)
  from space 227520K, 0% used [0x00000007f21d0000,0x00000007f21d0000,0x0000000800000000)
  to   space 227520K, 0% used [0x00000007e43a0000,0x00000007e43a0000,0x00000007f21d0000)
 PSOldGen        total 1365376K, used 392557K [0x0000000783000000, 0x00000007d6560000, 0x00000007d6560000)
  object space 1365376K, 28% used [0x0000000783000000,0x000000079af5b7e0,0x00000007d6560000)
 PSPermGen       total 26368K, used 23550K [0x000000077de00000, 0x000000077f7c0000, 0x0000000783000000)
  object space 26368K, 89% used [0x000000077de00000,0x000000077f4ffab0,0x000000077f7c0000)
}
Total time for which application threads were stopped: 0.3968910 seconds
Application time: 0.7048150 seconds
{Heap before GC invocations=337 (full 26):
 PSYoungGen      total 455104K, used 227584K [0x00000007d6560000, 0x0000000800000000, 0x0000000800000000)
  eden space 227584K, 100% used [0x00000007d6560000,0x00000007e43a0000,0x00000007e43a0000)
  from space 227520K, 0% used [0x00000007f21d0000,0x00000007f21d0000,0x0000000800000000)
  to   space 227520K, 0% used [0x00000007e43a0000,0x00000007e43a0000,0x00000007f21d0000)
 PSOldGen        total 1365376K, used 392557K [0x0000000783000000, 0x00000007d6560000, 0x00000007d6560000)
  object space 1365376K, 28% used [0x0000000783000000,0x000000079af5b7e0,0x00000007d6560000)
 PSPermGen       total 26368K, used 23589K [0x000000077de00000, 0x000000077f7c0000, 0x0000000783000000)
  object space 26368K, 89% used [0x000000077de00000,0x000000077f509530,0x000000077f7c0000)
2186.944: [GC [PSYoungGen: 227584K->29193K(455104K)] 620141K->421751K(1820480K), 0.0483290 secs] [Times: user=0.34 sys=0.00, real=0.04 secs] 
Heap after GC invocations=337 (full 26):
 PSYoungGen      total 455104K, used 29193K [0x00000007d6560000, 0x0000000800000000, 0x0000000800000000)
  eden space 227584K, 0% used [0x00000007d6560000,0x00000007d6560000,0x00000007e43a0000)
  from space 227520K, 12% used [0x00000007e43a0000,0x00000007e6022770,0x00000007f21d0000)
  to   space 227520K, 0% used [0x00000007f21d0000,0x00000007f21d0000,0x0000000800000000)
 PSOldGen        total 1365376K, used 392557K [0x0000000783000000, 0x00000007d6560000, 0x00000007d6560000)
  object space 1365376K, 28% used [0x0000000783000000,0x000000079af5b7e0,0x00000007d6560000)
 PSPermGen       total 26368K, used 23589K [0x000000077de00000, 0x000000077f7c0000, 0x0000000783000000)
  object space 26368K, 89% used [0x000000077de00000,0x000000077f509530,0x000000077f7c0000)
}
Total time for which application threads were stopped: 0.0490940 seconds
Application time: 0.7744730 seconds
{Heap before GC invocations=338 (full 26):
 PSYoungGen      total 455104K, used 256777K [0x00000007d6560000, 0x0000000800000000, 0x0000000800000000)
  eden space 227584K, 100% used [0x00000007d6560000,0x00000007e43a0000,0x00000007e43a0000)
  from space 227520K, 12% used [0x00000007e43a0000,0x00000007e6022770,0x00000007f21d0000)
  to   space 227520K, 0% used [0x00000007f21d0000,0x00000007f21d0000,0x0000000800000000)
 PSOldGen        total 1365376K, used 392557K [0x0000000783000000, 0x00000007d6560000, 0x00000007d6560000)
  object space 1365376K, 28% used [0x0000000783000000,0x000000079af5b7e0,0x00000007d6560000)
 PSPermGen       total 26368K, used 23589K [0x000000077de00000, 0x000000077f7c0000, 0x0000000783000000)
  object space 26368K, 89% used [0x000000077de00000,0x000000077f509530,0x000000077f7c0000)
2187.768: [GC [PSYoungGen: 256777K->6976K(455104K)] 649335K->420959K(1820480K), 0.0541080 secs] [Times: user=0.37 sys=0.00, real=0.05 secs] 
Heap after GC invocations=338 (full 26):
 PSYoungGen      total 455104K, used 6976K [0x00000007d6560000, 0x0000000800000000, 0x0000000800000000)
  eden space 227584K, 0% used [0x00000007d6560000,0x00000007d6560000,0x00000007e43a0000)
  from space 227520K, 3% used [0x00000007f21d0000,0x00000007f28a0000,0x0000000800000000)
  to   space 227520K, 0% used [0x00000007e43a0000,0x00000007e43a0000,0x00000007f21d0000)
 PSOldGen        total 1365376K, used 413983K [0x0000000783000000, 0x00000007d6560000, 0x00000007d6560000)
  object space 1365376K, 30% used [0x0000000783000000,0x000000079c447ee0,0x00000007d6560000)
 PSPermGen       total 26368K, used 23589K [0x000000077de00000, 0x000000077f7c0000, 0x0000000783000000)
  object space 26368K, 89% used [0x000000077de00000,0x000000077f509530,0x000000077f7c0000)
}
Total time for which application threads were stopped: 0.0548570 seconds
Application time: 1.1579040 seconds
{Heap before GC invocations=339 (full 26):
 PSYoungGen      total 455104K, used 234560K [0x00000007d6560000, 0x0000000800000000, 0x0000000800000000)
  eden space 227584K, 100% used [0x00000007d6560000,0x00000007e43a0000,0x00000007e43a0000)
  from space 227520K, 3% used [0x00000007f21d0000,0x00000007f28a0000,0x0000000800000000)
  to   space 227520K, 0% used [0x00000007e43a0000,0x00000007e43a0000,0x00000007f21d0000)
 PSOldGen        total 1365376K, used 413983K [0x0000000783000000, 0x00000007d6560000, 0x00000007d6560000)
  object space 1365376K, 30% used [0x0000000783000000,0x000000079c447ee0,0x00000007d6560000)
 PSPermGen       total 26368K, used 23692K [0x000000077de00000, 0x000000077f7c0000, 0x0000000783000000)
  object space 26368K, 89% used [0x000000077de00000,0x000000077f523330,0x000000077f7c0000)
2188.981: [GC [PSYoungGen: 234560K->66297K(455104K)] 648543K->480345K(1820480K), 0.0383010 secs] [Times: user=0.28 sys=0.01, real=0.04 secs] 
Heap after GC invocations=339 (full 26):
 PSYoungGen      total 455104K, used 66297K [0x00000007d6560000, 0x0000000800000000, 0x0000000800000000)
  eden space 227584K, 0% used [0x00000007d6560000,0x00000007d6560000,0x00000007e43a0000)
  from space 227520K, 29% used [0x00000007e43a0000,0x00000007e845e650,0x00000007f21d0000)
  to   space 227520K, 0% used [0x00000007f21d0000,0x00000007f21d0000,0x0000000800000000)
 PSOldGen        total 1365376K, used 414047K [0x0000000783000000, 0x00000007d6560000, 0x00000007d6560000)
  object space 1365376K, 30% used [0x0000000783000000,0x000000079c457ee0,0x00000007d6560000)
 PSPermGen       total 26368K, used 23692K [0x000000077de00000, 0x000000077f7c0000, 0x0000000783000000)
  object space 26368K, 89% used [0x000000077de00000,0x000000077f523330,0x000000077f7c0000)
}
Total time for which application threads were stopped: 0.0390520 seconds
Application time: 0.4521000 seconds
{Heap before GC invocations=340 (full 26):
 PSYoungGen      total 455104K, used 293881K [0x00000007d6560000, 0x0000000800000000, 0x0000000800000000)
  eden space 227584K, 100% used [0x00000007d6560000,0x00000007e43a0000,0x00000007e43a0000)
  from space 227520K, 29% used [0x00000007e43a0000,0x00000007e845e650,0x00000007f21d0000)
  to   space 227520K, 0% used [0x00000007f21d0000,0x00000007f21d0000,0x0000000800000000)
 PSOldGen        total 1365376K, used 414047K [0x0000000783000000, 0x00000007d6560000, 0x00000007d6560000)
  object space 1365376K, 30% used [0x0000000783000000,0x000000079c457ee0,0x00000007d6560000)
 PSPermGen       total 26368K, used 23831K [0x000000077de00000, 0x000000077f7c0000, 0x0000000783000000)
  object space 26368K, 90% used [0x000000077de00000,0x000000077f545cb0,0x000000077f7c0000)
2189.472: [GC [PSYoungGen: 293881K->94137K(455104K)] 707929K->566127K(1820480K), 0.0357900 secs] [Times: user=0.28 sys=0.00, real=0.04 secs] 
Heap after GC invocations=340 (full 26):
 PSYoungGen      total 455104K, used 94137K [0x00000007d6560000, 0x0000000800000000, 0x0000000800000000)
  eden space 227584K, 0% used [0x00000007d6560000,0x00000007d6560000,0x00000007e43a0000)
  from space 227520K, 41% used [0x00000007f21d0000,0x00000007f7dbe5a0,0x0000000800000000)
  to   space 227520K, 0% used [0x00000007e43a0000,0x00000007e43a0000,0x00000007f21d0000)
 PSOldGen        total 1365376K, used 471990K [0x0000000783000000, 0x00000007d6560000, 0x00000007d6560000)
  object space 1365376K, 34% used [0x0000000783000000,0x000000079fced970,0x00000007d6560000)
 PSPermGen       total 26368K, used 23831K [0x000000077de00000, 0x000000077f7c0000, 0x0000000783000000)
  object space 26368K, 90% used [0x000000077de00000,0x000000077f545cb0,0x000000077f7c0000)
}
Total time for which application threads were stopped: 0.0365490 seconds
Application time: 2.4170180 seconds
{Heap before GC invocations=341 (full 26):
 PSYoungGen      total 455104K, used 321721K [0x00000007d6560000, 0x0000000800000000, 0x0000000800000000)
  eden space 227584K, 100% used [0x00000007d6560000,0x00000007e43a0000,0x00000007e43a0000)
  from space 227520K, 41% used [0x00000007f21d0000,0x00000007f7dbe5a0,0x0000000800000000)
  to   space 227520K, 0% used [0x00000007e43a0000,0x00000007e43a0000,0x00000007f21d0000)
 PSOldGen        total 1365376K, used 471990K [0x0000000783000000, 0x00000007d6560000, 0x00000007d6560000)
  object space 1365376K, 34% used [0x0000000783000000,0x000000079fced970,0x00000007d6560000)
 PSPermGen       total 26368K, used 23914K [0x000000077de00000, 0x000000077f7c0000, 0x0000000783000000)
  object space 26368K, 90% used [0x000000077de00000,0x000000077f55a830,0x000000077f7c0000)
2191.926: [GC [PSYoungGen: 321721K->53532K(281152K)] 793711K->535601K(1646528K), 0.0419410 secs] [Times: user=0.29 sys=0.00, real=0.04 secs] 
Heap after GC invocations=341 (full 26):
 PSYoungGen      total 281152K, used 53532K [0x00000007d6560000, 0x00000007ff660000, 0x0000000800000000)
  eden space 227584K, 0% used [0x00000007d6560000,0x00000007d6560000,0x00000007e43a0000)
  from space 53568K, 99% used [0x00000007e43a0000,0x00000007e77e73d0,0x00000007e77f0000)
  to   space 222592K, 0% used [0x00000007f1d00000,0x00000007f1d00000,0x00000007ff660000)
 PSOldGen        total 1365376K, used 482068K [0x0000000783000000, 0x00000007d6560000, 0x00000007d6560000)
  object space 1365376K, 35% used [0x0000000783000000,0x00000007a06c5320,0x00000007d6560000)
 PSPermGen       total 26368K, used 23914K [0x000000077de00000, 0x000000077f7c0000, 0x0000000783000000)
  object space 26368K, 90% used [0x000000077de00000,0x000000077f55a830,0x000000077f7c0000)
}
Total time for which application threads were stopped: 0.0427800 seconds
Application time: 0.2315800 seconds
{Heap before GC invocations=342 (full 26):
 PSYoungGen      total 281152K, used 281116K [0x00000007d6560000, 0x00000007ff660000, 0x0000000800000000)
  eden space 227584K, 100% used [0x00000007d6560000,0x00000007e43a0000,0x00000007e43a0000)
  from space 53568K, 99% used [0x00000007e43a0000,0x00000007e77e73d0,0x00000007e77f0000)
  to   space 222592K, 0% used [0x00000007f1d00000,0x00000007f1d00000,0x00000007ff660000)
 PSOldGen        total 1365376K, used 482068K [0x0000000783000000, 0x00000007d6560000, 0x00000007d6560000)
  object space 1365376K, 35% used [0x0000000783000000,0x00000007a06c5320,0x00000007d6560000)
 PSPermGen       total 26368K, used 24172K [0x000000077de00000, 0x000000077f7c0000, 0x0000000783000000)
  object space 26368K, 91% used [0x000000077de00000,0x000000077f59b3f0,0x000000077f7c0000)
2192.200: [GC [PSYoungGen: 281116K->172319K(445248K)] 763185K->699508K(1810624K), 0.0331680 secs] [Times: user=0.36 sys=0.00, real=0.04 secs] 
Heap after GC invocations=342 (full 26):
 PSYoungGen      total 445248K, used 172319K [0x00000007d6560000, 0x0000000800000000, 0x0000000800000000)
  eden space 222656K, 0% used [0x00000007d6560000,0x00000007d6560000,0x00000007e3ed0000)
  from space 222592K, 77% used [0x00000007f1d00000,0x00000007fc547f70,0x00000007ff660000)
  to   space 227520K, 0% used [0x00000007e3ed0000,0x00000007e3ed0000,0x00000007f1d00000)
 PSOldGen        total 1365376K, used 527189K [0x0000000783000000, 0x00000007d6560000, 0x00000007d6560000)
  object space 1365376K, 38% used [0x0000000783000000,0x00000007a32d5460,0x00000007d6560000)
 PSPermGen       total 26368K, used 24172K [0x000000077de00000, 0x000000077f7c0000, 0x0000000783000000)
  object space 26368K, 91% used [0x000000077de00000,0x000000077f59b3f0,0x000000077f7c0000)
}
Total time for which application threads were stopped: 0.0339650 seconds
Application time: 0.2209960 seconds
{Heap before GC invocations=343 (full 26):
 PSYoungGen      total 445248K, used 394975K [0x00000007d6560000, 0x0000000800000000, 0x0000000800000000)
  eden space 222656K, 100% used [0x00000007d6560000,0x00000007e3ed0000,0x00000007e3ed0000)
  from space 222592K, 77% used [0x00000007f1d00000,0x00000007fc547f70,0x00000007ff660000)
  to   space 227520K, 0% used [0x00000007e3ed0000,0x00000007e3ed0000,0x00000007f1d00000)
 PSOldGen        total 1365376K, used 527189K [0x0000000783000000, 0x00000007d6560000, 0x00000007d6560000)
  object space 1365376K, 38% used [0x0000000783000000,0x00000007a32d5460,0x00000007d6560000)
 PSPermGen       total 26368K, used 24438K [0x000000077de00000, 0x000000077f7c0000, 0x0000000783000000)
  object space 26368K, 92% used [0x000000077de00000,0x000000077f5dd870,0x000000077f7c0000)
2192.455: [GC [PSYoungGen: 394975K->174457K(450176K)] 922164K->858659K(1815552K), 0.0479690 secs] [Times: user=0.54 sys=0.00, real=0.04 secs] 
Heap after GC invocations=343 (full 26):
 PSYoungGen      total 450176K, used 174457K [0x00000007d6560000, 0x0000000800000000, 0x0000000800000000)
  eden space 222656K, 0% used [0x00000007d6560000,0x00000007d6560000,0x00000007e3ed0000)
  from space 227520K, 76% used [0x00000007e3ed0000,0x00000007ee92e420,0x00000007f1d00000)
  to   space 227520K, 0% used [0x00000007f21d0000,0x00000007f21d0000,0x0000000800000000)
 PSOldGen        total 1365376K, used 684202K [0x0000000783000000, 0x00000007d6560000, 0x00000007d6560000)
  object space 1365376K, 50% used [0x0000000783000000,0x00000007acc2a8f0,0x00000007d6560000)
 PSPermGen       total 26368K, used 24438K [0x000000077de00000, 0x000000077f7c0000, 0x0000000783000000)
  object space 26368K, 92% used [0x000000077de00000,0x000000077f5dd870,0x000000077f7c0000)
}
Total time for which application threads were stopped: 0.0489130 seconds
Application time: 0.4511730 seconds
{Heap before GC invocations=344 (full 26):
 PSYoungGen      total 450176K, used 397113K [0x00000007d6560000, 0x0000000800000000, 0x0000000800000000)
  eden space 222656K, 100% used [0x00000007d6560000,0x00000007e3ed0000,0x00000007e3ed0000)
  from space 227520K, 76% used [0x00000007e3ed0000,0x00000007ee92e420,0x00000007f1d00000)
  to   space 227520K, 0% used [0x00000007f21d0000,0x00000007f21d0000,0x0000000800000000)
 PSOldGen        total 1365376K, used 684202K [0x0000000783000000, 0x00000007d6560000, 0x00000007d6560000)
  object space 1365376K, 50% used [0x0000000783000000,0x00000007acc2a8f0,0x00000007d6560000)
 PSPermGen       total 26368K, used 24598K [0x000000077de00000, 0x000000077f7c0000, 0x0000000783000000)
  object space 26368K, 93% used [0x000000077de00000,0x000000077f6059b0,0x000000077f7c0000)
2192.955: [GC [PSYoungGen: 397113K->104930K(455104K)] 1081315K->947756K(1820480K), 0.0513690 secs] [Times: user=0.45 sys=0.01, real=0.05 secs] 
Heap after GC invocations=344 (full 26):
 PSYoungGen      total 455104K, used 104930K [0x00000007d6560000, 0x0000000800000000, 0x0000000800000000)
  eden space 227584K, 0% used [0x00000007d6560000,0x00000007d6560000,0x00000007e43a0000)
  from space 227520K, 46% used [0x00000007f21d0000,0x00000007f88489e0,0x0000000800000000)
  to   space 227520K, 0% used [0x00000007e43a0000,0x00000007e43a0000,0x00000007f21d0000)
 PSOldGen        total 1365376K, used 842826K [0x0000000783000000, 0x00000007d6560000, 0x00000007d6560000)
  object space 1365376K, 61% used [0x0000000783000000,0x00000007b67128d0,0x00000007d6560000)
 PSPermGen       total 26368K, used 24598K [0x000000077de00000, 0x000000077f7c0000, 0x0000000783000000)
  object space 26368K, 93% used [0x000000077de00000,0x000000077f6059b0,0x000000077f7c0000)
}
Total time for which application threads were stopped: 0.0522010 seconds
Application time: 0.8175700 seconds
{Heap before GC invocations=345 (full 26):
 PSYoungGen      total 455104K, used 332514K [0x00000007d6560000, 0x0000000800000000, 0x0000000800000000)
  eden space 227584K, 100% used [0x00000007d6560000,0x00000007e43a0000,0x00000007e43a0000)
  from space 227520K, 46% used [0x00000007f21d0000,0x00000007f88489e0,0x0000000800000000)
  to   space 227520K, 0% used [0x00000007e43a0000,0x00000007e43a0000,0x00000007f21d0000)
 PSOldGen        total 1365376K, used 842826K [0x0000000783000000, 0x00000007d6560000, 0x00000007d6560000)
  object space 1365376K, 61% used [0x0000000783000000,0x00000007b67128d0,0x00000007d6560000)
 PSPermGen       total 26368K, used 24598K [0x000000077de00000, 0x000000077f7c0000, 0x0000000783000000)
  object space 26368K, 93% used [0x000000077de00000,0x000000077f605a70,0x000000077f7c0000)
2193.825: [GC [PSYoungGen: 332514K->7152K(455104K)] 1175340K->943949K(1820480K), 0.0533210 secs] [Times: user=0.30 sys=0.03, real=0.05 secs] 
Heap after GC invocations=345 (full 26):
 PSYoungGen      total 455104K, used 7152K [0x00000007d6560000, 0x0000000800000000, 0x0000000800000000)
  eden space 227584K, 0% used [0x00000007d6560000,0x00000007d6560000,0x00000007e43a0000)
  from space 227520K, 3% used [0x00000007e43a0000,0x00000007e4a9c010,0x00000007f21d0000)
  to   space 227520K, 0% used [0x00000007f21d0000,0x00000007f21d0000,0x0000000800000000)
 PSOldGen        total 1365376K, used 936797K [0x0000000783000000, 0x00000007d6560000, 0x00000007d6560000)
  object space 1365376K, 68% used [0x0000000783000000,0x00000007bc2d7740,0x00000007d6560000)
 PSPermGen       total 26368K, used 24598K [0x000000077de00000, 0x000000077f7c0000, 0x0000000783000000)
  object space 26368K, 93% used [0x000000077de00000,0x000000077f605a70,0x000000077f7c0000)
}
Total time for which application threads were stopped: 0.0541990 seconds
Application time: 0.8083540 seconds
{Heap before GC invocations=346 (full 26):
 PSYoungGen      total 455104K, used 234736K [0x00000007d6560000, 0x0000000800000000, 0x0000000800000000)
  eden space 227584K, 100% used [0x00000007d6560000,0x00000007e43a0000,0x00000007e43a0000)
  from space 227520K, 3% used [0x00000007e43a0000,0x00000007e4a9c010,0x00000007f21d0000)
  to   space 227520K, 0% used [0x00000007f21d0000,0x00000007f21d0000,0x0000000800000000)
 PSOldGen        total 1365376K, used 936797K [0x0000000783000000, 0x00000007d6560000, 0x00000007d6560000)
  object space 1365376K, 68% used [0x0000000783000000,0x00000007bc2d7740,0x00000007d6560000)
 PSPermGen       total 26368K, used 24598K [0x000000077de00000, 0x000000077f7c0000, 0x0000000783000000)
  object space 26368K, 93% used [0x000000077de00000,0x000000077f605a70,0x000000077f7c0000)
2194.687: [GC [PSYoungGen: 234736K->7008K(455104K)] 1171533K->943950K(1820480K), 0.0557930 secs] [Times: user=0.36 sys=0.02, real=0.05 secs] 
Heap after GC invocations=346 (full 26):
 PSYoungGen      total 455104K, used 7008K [0x00000007d6560000, 0x0000000800000000, 0x0000000800000000)
  eden space 227584K, 0% used [0x00000007d6560000,0x00000007d6560000,0x00000007e43a0000)
  from space 227520K, 3% used [0x00000007f21d0000,0x00000007f28a8000,0x0000000800000000)
  to   space 227520K, 0% used [0x00000007e43a0000,0x00000007e43a0000,0x00000007f21d0000)
 PSOldGen        total 1365376K, used 936942K [0x0000000783000000, 0x00000007d6560000, 0x00000007d6560000)
  object space 1365376K, 68% used [0x0000000783000000,0x00000007bc2fbbb0,0x00000007d6560000)
 PSPermGen       total 26368K, used 24598K [0x000000077de00000, 0x000000077f7c0000, 0x0000000783000000)
  object space 26368K, 93% used [0x000000077de00000,0x000000077f605a70,0x000000077f7c0000)
}
Total time for which application threads were stopped: 0.0566670 seconds
Application time: 0.7895220 seconds
{Heap before GC invocations=347 (full 26):
 PSYoungGen      total 455104K, used 234592K [0x00000007d6560000, 0x0000000800000000, 0x0000000800000000)
  eden space 227584K, 100% used [0x00000007d6560000,0x00000007e43a0000,0x00000007e43a0000)
  from space 227520K, 3% used [0x00000007f21d0000,0x00000007f28a8000,0x0000000800000000)
  to   space 227520K, 0% used [0x00000007e43a0000,0x00000007e43a0000,0x00000007f21d0000)
 PSOldGen        total 1365376K, used 936942K [0x0000000783000000, 0x00000007d6560000, 0x00000007d6560000)
  object space 1365376K, 68% used [0x0000000783000000,0x00000007bc2fbbb0,0x00000007d6560000)
 PSPermGen       total 26368K, used 24598K [0x000000077de00000, 0x000000077f7c0000, 0x0000000783000000)
  object space 26368K, 93% used [0x000000077de00000,0x000000077f605a70,0x000000077f7c0000)
2195.534: [GC [PSYoungGen: 234592K->7168K(455104K)] 1171534K->944142K(1820480K), 0.0551510 secs] [Times: user=0.36 sys=0.02, real=0.05 secs] 
Heap after GC invocations=347 (full 26):
 PSYoungGen      total 455104K, used 7168K [0x00000007d6560000, 0x0000000800000000, 0x0000000800000000)
  eden space 227584K, 0% used [0x00000007d6560000,0x00000007d6560000,0x00000007e43a0000)
  from space 227520K, 3% used [0x00000007e43a0000,0x00000007e4aa0000,0x00000007f21d0000)
  to   space 227520K, 0% used [0x00000007f21d0000,0x00000007f21d0000,0x0000000800000000)
 PSOldGen        total 1365376K, used 936974K [0x0000000783000000, 0x00000007d6560000, 0x00000007d6560000)
  object space 1365376K, 68% used [0x0000000783000000,0x00000007bc303bb0,0x00000007d6560000)
 PSPermGen       total 26368K, used 24598K [0x000000077de00000, 0x000000077f7c0000, 0x0000000783000000)
  object space 26368K, 93% used [0x000000077de00000,0x000000077f605a70,0x000000077f7c0000)
}
Total time for which application threads were stopped: 0.0559790 seconds
Application time: 2.9398190 seconds
{Heap before GC invocations=348 (full 26):
 PSYoungGen      total 455104K, used 234752K [0x00000007d6560000, 0x0000000800000000, 0x0000000800000000)
  eden space 227584K, 100% used [0x00000007d6560000,0x00000007e43a0000,0x00000007e43a0000)
  from space 227520K, 3% used [0x00000007e43a0000,0x00000007e4aa0000,0x00000007f21d0000)
  to   space 227520K, 0% used [0x00000007f21d0000,0x00000007f21d0000,0x0000000800000000)
 PSOldGen        total 1365376K, used 936974K [0x0000000783000000, 0x00000007d6560000, 0x00000007d6560000)
  object space 1365376K, 68% used [0x0000000783000000,0x00000007bc303bb0,0x00000007d6560000)
 PSPermGen       total 26368K, used 24720K [0x000000077de00000, 0x000000077f7c0000, 0x0000000783000000)
  object space 26368K, 93% used [0x000000077de00000,0x000000077f624070,0x000000077f7c0000)
2198.530: [GC [PSYoungGen: 234752K->78272K(454208K)] 1171726K->1015591K(1819584K), 0.0396710 secs] [Times: user=0.28 sys=0.02, real=0.04 secs] 
Heap after GC invocations=348 (full 26):
 PSYoungGen      total 454208K, used 78272K [0x00000007d6560000, 0x00000007fff20000, 0x0000000800000000)
  eden space 227584K, 0% used [0x00000007d6560000,0x00000007d6560000,0x00000007e43a0000)
  from space 226624K, 34% used [0x00000007f21d0000,0x00000007f6e402c0,0x00000007fff20000)
  to   space 227072K, 0% used [0x00000007e43a0000,0x00000007e43a0000,0x00000007f2160000)
 PSOldGen        total 1365376K, used 937318K [0x0000000783000000, 0x00000007d6560000, 0x00000007d6560000)
  object space 1365376K, 68% used [0x0000000783000000,0x00000007bc359bb0,0x00000007d6560000)
 PSPermGen       total 26368K, used 24720K [0x000000077de00000, 0x000000077f7c0000, 0x0000000783000000)
  object space 26368K, 93% used [0x000000077de00000,0x000000077f624070,0x000000077f7c0000)
}
Total time for which application threads were stopped: 0.0406550 seconds
Application time: 0.2314040 seconds
{Heap before GC invocations=349 (full 26):
 PSYoungGen      total 454208K, used 305856K [0x00000007d6560000, 0x00000007fff20000, 0x0000000800000000)
  eden space 227584K, 100% used [0x00000007d6560000,0x00000007e43a0000,0x00000007e43a0000)
  from space 226624K, 34% used [0x00000007f21d0000,0x00000007f6e402c0,0x00000007fff20000)
  to   space 227072K, 0% used [0x00000007e43a0000,0x00000007e43a0000,0x00000007f2160000)
 PSOldGen        total 1365376K, used 937318K [0x0000000783000000, 0x00000007d6560000, 0x00000007d6560000)
  object space 1365376K, 68% used [0x0000000783000000,0x00000007bc359bb0,0x00000007d6560000)
 PSPermGen       total 26368K, used 24981K [0x000000077de00000, 0x000000077f7c0000, 0x0000000783000000)
  object space 26368K, 94% used [0x000000077de00000,0x000000077f665470,0x000000077f7c0000)
2198.802: [GC [PSYoungGen: 305856K->172749K(454656K)] 1243175K->1178584K(1820032K), 0.0395590 secs] [Times: user=0.37 sys=0.00, real=0.04 secs] 
Heap after GC invocations=349 (full 26):
 PSYoungGen      total 454656K, used 172749K [0x00000007d6560000, 0x0000000800000000, 0x0000000800000000)
  eden space 227584K, 0% used [0x00000007d6560000,0x00000007d6560000,0x00000007e43a0000)
  from space 227072K, 76% used [0x00000007e43a0000,0x00000007eec53570,0x00000007f2160000)
  to   space 227520K, 0% used [0x00000007f21d0000,0x00000007f21d0000,0x0000000800000000)
 PSOldGen        total 1365376K, used 1005834K [0x0000000783000000, 0x00000007d6560000, 0x00000007d6560000)
  object space 1365376K, 73% used [0x0000000783000000,0x00000007c0642b50,0x00000007d6560000)
 PSPermGen       total 26368K, used 24981K [0x000000077de00000, 0x000000077f7c0000, 0x0000000783000000)
  object space 26368K, 94% used [0x000000077de00000,0x000000077f665470,0x000000077f7c0000)
}
Total time for which application threads were stopped: 0.0405360 seconds
Application time: 0.2380660 seconds
{Heap before GC invocations=350 (full 26):
 PSYoungGen      total 454656K, used 400333K [0x00000007d6560000, 0x0000000800000000, 0x0000000800000000)
  eden space 227584K, 100% used [0x00000007d6560000,0x00000007e43a0000,0x00000007e43a0000)
  from space 227072K, 76% used [0x00000007e43a0000,0x00000007eec53570,0x00000007f2160000)
  to   space 227520K, 0% used [0x00000007f21d0000,0x00000007f21d0000,0x0000000800000000)
 PSOldGen        total 1365376K, used 1005834K [0x0000000783000000, 0x00000007d6560000, 0x00000007d6560000)
  object space 1365376K, 73% used [0x0000000783000000,0x00000007c0642b50,0x00000007d6560000)
 PSPermGen       total 26368K, used 25246K [0x000000077de00000, 0x000000077f7c0000, 0x0000000783000000)
  object space 26368K, 95% used [0x000000077de00000,0x000000077f6a78f0,0x000000077f7c0000)
2199.080: [GC [PSYoungGen: 400333K->173848K(455104K)] 1406168K->1337431K(1820480K), 0.0500080 secs] [Times: user=0.51 sys=0.01, real=0.05 secs] 
Heap after GC invocations=350 (full 26):
 PSYoungGen      total 455104K, used 173848K [0x00000007d6560000, 0x0000000800000000, 0x0000000800000000)
  eden space 227584K, 0% used [0x00000007d6560000,0x00000007d6560000,0x00000007e43a0000)
  from space 227520K, 76% used [0x00000007f21d0000,0x00000007fcb96390,0x0000000800000000)
  to   space 227520K, 0% used [0x00000007e43a0000,0x00000007e43a0000,0x00000007f21d0000)
 PSOldGen        total 1365376K, used 1163582K [0x0000000783000000, 0x00000007d6560000, 0x00000007d6560000)
  object space 1365376K, 85% used [0x0000000783000000,0x00000007ca04fa10,0x00000007d6560000)
 PSPermGen       total 26368K, used 25246K [0x000000077de00000, 0x000000077f7c0000, 0x0000000783000000)
  object space 26368K, 95% used [0x000000077de00000,0x000000077f6a78f0,0x000000077f7c0000)
}
{Heap before GC invocations=351 (full 27):
 PSYoungGen      total 455104K, used 173848K [0x00000007d6560000, 0x0000000800000000, 0x0000000800000000)
  eden space 227584K, 0% used [0x00000007d6560000,0x00000007d6560000,0x00000007e43a0000)
  from space 227520K, 76% used [0x00000007f21d0000,0x00000007fcb96390,0x0000000800000000)
  to   space 227520K, 0% used [0x00000007e43a0000,0x00000007e43a0000,0x00000007f21d0000)
 PSOldGen        total 1365376K, used 1163582K [0x0000000783000000, 0x00000007d6560000, 0x00000007d6560000)
  object space 1365376K, 85% used [0x0000000783000000,0x00000007ca04fa10,0x00000007d6560000)
 PSPermGen       total 26368K, used 25246K [0x000000077de00000, 0x000000077f7c0000, 0x0000000783000000)
  object space 26368K, 95% used [0x000000077de00000,0x000000077f6a78f0,0x000000077f7c0000)
2199.130: [Full GC [PSYoungGen: 173848K->0K(455104K)] [PSOldGen: 1163582K->485744K(1365376K)] 1337431K->485744K(1820480K) [PSPermGen: 25246K->25246K(28032K)], 0.4221210 secs] [Times: user=0.42 sys=0.00, real=0.42 secs] 
Heap after GC invocations=351 (full 27):
 PSYoungGen      total 455104K, used 0K [0x00000007d6560000, 0x0000000800000000, 0x0000000800000000)
  eden space 227584K, 0% used [0x00000007d6560000,0x00000007d6560000,0x00000007e43a0000)
  from space 227520K, 0% used [0x00000007f21d0000,0x00000007f21d0000,0x0000000800000000)
  to   space 227520K, 0% used [0x00000007e43a0000,0x00000007e43a0000,0x00000007f21d0000)
 PSOldGen        total 1365376K, used 485744K [0x0000000783000000, 0x00000007d6560000, 0x00000007d6560000)
  object space 1365376K, 35% used [0x0000000783000000,0x00000007a0a5c360,0x00000007d6560000)
 PSPermGen       total 28032K, used 25246K [0x000000077de00000, 0x000000077f960000, 0x0000000783000000)
  object space 28032K, 90% used [0x000000077de00000,0x000000077f6a78f0,0x000000077f960000)
}
Total time for which application threads were stopped: 0.4731660 seconds
Application time: 0.7057990 seconds
{Heap before GC invocations=352 (full 27):
 PSYoungGen      total 455104K, used 227584K [0x00000007d6560000, 0x0000000800000000, 0x0000000800000000)
  eden space 227584K, 100% used [0x00000007d6560000,0x00000007e43a0000,0x00000007e43a0000)
  from space 227520K, 0% used [0x00000007f21d0000,0x00000007f21d0000,0x0000000800000000)
  to   space 227520K, 0% used [0x00000007e43a0000,0x00000007e43a0000,0x00000007f21d0000)
 PSOldGen        total 1365376K, used 485744K [0x0000000783000000, 0x00000007d6560000, 0x00000007d6560000)
  object space 1365376K, 35% used [0x0000000783000000,0x00000007a0a5c360,0x00000007d6560000)
 PSPermGen       total 28032K, used 25297K [0x000000077de00000, 0x000000077f960000, 0x0000000783000000)
  object space 28032K, 90% used [0x000000077de00000,0x000000077f6b4730,0x000000077f960000)
2200.259: [GC [PSYoungGen: 227584K->36470K(455104K)] 713328K->522215K(1820480K), 0.0489810 secs] [Times: user=0.34 sys=0.00, real=0.05 secs] 
Heap after GC invocations=352 (full 27):
 PSYoungGen      total 455104K, used 36470K [0x00000007d6560000, 0x0000000800000000, 0x0000000800000000)
  eden space 227584K, 0% used [0x00000007d6560000,0x00000007d6560000,0x00000007e43a0000)
  from space 227520K, 16% used [0x00000007e43a0000,0x00000007e673db40,0x00000007f21d0000)
  to   space 227520K, 0% used [0x00000007f21d0000,0x00000007f21d0000,0x0000000800000000)
 PSOldGen        total 1365376K, used 485744K [0x0000000783000000, 0x00000007d6560000, 0x00000007d6560000)
  object space 1365376K, 35% used [0x0000000783000000,0x00000007a0a5c360,0x00000007d6560000)
 PSPermGen       total 28032K, used 25297K [0x000000077de00000, 0x000000077f960000, 0x0000000783000000)
  object space 28032K, 90% used [0x000000077de00000,0x000000077f6b4730,0x000000077f960000)
}
Total time for which application threads were stopped: 0.0498450 seconds
Application time: 0.7970100 seconds
{Heap before GC invocations=353 (full 27):
 PSYoungGen      total 455104K, used 264054K [0x00000007d6560000, 0x0000000800000000, 0x0000000800000000)
  eden space 227584K, 100% used [0x00000007d6560000,0x00000007e43a0000,0x00000007e43a0000)
  from space 227520K, 16% used [0x00000007e43a0000,0x00000007e673db40,0x00000007f21d0000)
  to   space 227520K, 0% used [0x00000007f21d0000,0x00000007f21d0000,0x0000000800000000)
 PSOldGen        total 1365376K, used 485744K [0x0000000783000000, 0x00000007d6560000, 0x00000007d6560000)
  object space 1365376K, 35% used [0x0000000783000000,0x00000007a0a5c360,0x00000007d6560000)
 PSPermGen       total 28032K, used 25297K [0x000000077de00000, 0x000000077f960000, 0x0000000783000000)
  object space 28032K, 90% used [0x000000077de00000,0x000000077f6b4730,0x000000077f960000)
2201.106: [GC [PSYoungGen: 264054K->7008K(455104K)] 749799K->521119K(1820480K), 0.0567310 secs] [Times: user=0.40 sys=0.00, real=0.05 secs] 
Heap after GC invocations=353 (full 27):
 PSYoungGen      total 455104K, used 7008K [0x00000007d6560000, 0x0000000800000000, 0x0000000800000000)
  eden space 227584K, 0% used [0x00000007d6560000,0x00000007d6560000,0x00000007e43a0000)
  from space 227520K, 3% used [0x00000007f21d0000,0x00000007f28a8000,0x0000000800000000)
  to   space 227520K, 0% used [0x00000007e43a0000,0x00000007e43a0000,0x00000007f21d0000)
 PSOldGen        total 1365376K, used 514111K [0x0000000783000000, 0x00000007d6560000, 0x00000007d6560000)
  object space 1365376K, 37% used [0x0000000783000000,0x00000007a260ff30,0x00000007d6560000)
 PSPermGen       total 28032K, used 25297K [0x000000077de00000, 0x000000077f960000, 0x0000000783000000)
  object space 28032K, 90% used [0x000000077de00000,0x000000077f6b4730,0x000000077f960000)
}
Total time for which application threads were stopped: 0.0574900 seconds
Application time: 0.7878100 seconds
{Heap before GC invocations=354 (full 27):
 PSYoungGen      total 455104K, used 234592K [0x00000007d6560000, 0x0000000800000000, 0x0000000800000000)
  eden space 227584K, 100% used [0x00000007d6560000,0x00000007e43a0000,0x00000007e43a0000)
  from space 227520K, 3% used [0x00000007f21d0000,0x00000007f28a8000,0x0000000800000000)
  to   space 227520K, 0% used [0x00000007e43a0000,0x00000007e43a0000,0x00000007f21d0000)
 PSOldGen        total 1365376K, used 514111K [0x0000000783000000, 0x00000007d6560000, 0x00000007d6560000)
  object space 1365376K, 37% used [0x0000000783000000,0x00000007a260ff30,0x00000007d6560000)
 PSPermGen       total 28032K, used 25297K [0x000000077de00000, 0x000000077f960000, 0x0000000783000000)
  object space 28032K, 90% used [0x000000077de00000,0x000000077f6b4730,0x000000077f960000)
2201.951: [GC [PSYoungGen: 234592K->7168K(455104K)] 748703K->521327K(1820480K), 0.0545200 secs] [Times: user=0.40 sys=0.00, real=0.06 secs] 
Heap after GC invocations=354 (full 27):
 PSYoungGen      total 455104K, used 7168K [0x00000007d6560000, 0x0000000800000000, 0x0000000800000000)
  eden space 227584K, 0% used [0x00000007d6560000,0x00000007d6560000,0x00000007e43a0000)
  from space 227520K, 3% used [0x00000007e43a0000,0x00000007e4aa0000,0x00000007f21d0000)
  to   space 227520K, 0% used [0x00000007f21d0000,0x00000007f21d0000,0x0000000800000000)
 PSOldGen        total 1365376K, used 514159K [0x0000000783000000, 0x00000007d6560000, 0x00000007d6560000)
  object space 1365376K, 37% used [0x0000000783000000,0x00000007a261bf30,0x00000007d6560000)
 PSPermGen       total 28032K, used 25297K [0x000000077de00000, 0x000000077f960000, 0x0000000783000000)
  object space 28032K, 90% used [0x000000077de00000,0x000000077f6b4730,0x000000077f960000)
}
Total time for which application threads were stopped: 0.0553900 seconds
Application time: 0.7450930 seconds
{Heap before GC invocations=355 (full 27):
 PSYoungGen      total 455104K, used 234752K [0x00000007d6560000, 0x0000000800000000, 0x0000000800000000)
  eden space 227584K, 100% used [0x00000007d6560000,0x00000007e43a0000,0x00000007e43a0000)
  from space 227520K, 3% used [0x00000007e43a0000,0x00000007e4aa0000,0x00000007f21d0000)
  to   space 227520K, 0% used [0x00000007f21d0000,0x00000007f21d0000,0x0000000800000000)
 PSOldGen        total 1365376K, used 514159K [0x0000000783000000, 0x00000007d6560000, 0x00000007d6560000)
  object space 1365376K, 37% used [0x0000000783000000,0x00000007a261bf30,0x00000007d6560000)
 PSPermGen       total 28032K, used 25297K [0x000000077de00000, 0x000000077f960000, 0x0000000783000000)
  object space 28032K, 90% used [0x000000077de00000,0x000000077f6b4730,0x000000077f960000)
2202.752: [GC [PSYoungGen: 234752K->7008K(455104K)] 748911K->521431K(1820480K), 0.0527130 secs] [Times: user=0.37 sys=0.00, real=0.06 secs] 
Heap after GC invocations=355 (full 27):
 PSYoungGen      total 455104K, used 7008K [0x00000007d6560000, 0x0000000800000000, 0x0000000800000000)
  eden space 227584K, 0% used [0x00000007d6560000,0x00000007d6560000,0x00000007e43a0000)
  from space 227520K, 3% used [0x00000007f21d0000,0x00000007f28a8000,0x0000000800000000)
  to   space 227520K, 0% used [0x00000007e43a0000,0x00000007e43a0000,0x00000007f21d0000)
 PSOldGen        total 1365376K, used 514423K [0x0000000783000000, 0x00000007d6560000, 0x00000007d6560000)
  object space 1365376K, 37% used [0x0000000783000000,0x00000007a265df30,0x00000007d6560000)
 PSPermGen       total 28032K, used 25297K [0x000000077de00000, 0x000000077f960000, 0x0000000783000000)
  object space 28032K, 90% used [0x000000077de00000,0x000000077f6b4730,0x000000077f960000)
}
Total time for which application threads were stopped: 0.0535020 seconds
Application time: 183.2014860 seconds
{Heap before GC invocations=356 (full 27):
 PSYoungGen      total 455104K, used 234592K [0x00000007d6560000, 0x0000000800000000, 0x0000000800000000)
  eden space 227584K, 100% used [0x00000007d6560000,0x00000007e43a0000,0x00000007e43a0000)
  from space 227520K, 3% used [0x00000007f21d0000,0x00000007f28a8000,0x0000000800000000)
  to   space 227520K, 0% used [0x00000007e43a0000,0x00000007e43a0000,0x00000007f21d0000)
 PSOldGen        total 1365376K, used 514423K [0x0000000783000000, 0x00000007d6560000, 0x00000007d6560000)
  object space 1365376K, 37% used [0x0000000783000000,0x00000007a265df30,0x00000007d6560000)
 PSPermGen       total 28032K, used 25558K [0x000000077de00000, 0x000000077f960000, 0x0000000783000000)
  object space 28032K, 91% used [0x000000077de00000,0x000000077f6f5ba8,0x000000077f960000)
2386.007: [GC [PSYoungGen: 234592K->166528K(455104K)] 749015K->681232K(1820480K), 0.0286450 secs] [Times: user=0.28 sys=0.01, real=0.03 secs] 
Heap after GC invocations=356 (full 27):
 PSYoungGen      total 455104K, used 166528K [0x00000007d6560000, 0x0000000800000000, 0x0000000800000000)
  eden space 227584K, 0% used [0x00000007d6560000,0x00000007d6560000,0x00000007e43a0000)
  from space 227520K, 73% used [0x00000007e43a0000,0x00000007ee640330,0x00000007f21d0000)
  to   space 227520K, 0% used [0x00000007f21d0000,0x00000007f21d0000,0x0000000800000000)
 PSOldGen        total 1365376K, used 514703K [0x0000000783000000, 0x00000007d6560000, 0x00000007d6560000)
  object space 1365376K, 37% used [0x0000000783000000,0x00000007a26a3f30,0x00000007d6560000)
 PSPermGen       total 28032K, used 25558K [0x000000077de00000, 0x000000077f960000, 0x0000000783000000)
  object space 28032K, 91% used [0x000000077de00000,0x000000077f6f5ba8,0x000000077f960000)
}
Total time for which application threads were stopped: 0.0297980 seconds
Application time: 0.2239630 seconds
{Heap before GC invocations=357 (full 27):
 PSYoungGen      total 455104K, used 394112K [0x00000007d6560000, 0x0000000800000000, 0x0000000800000000)
  eden space 227584K, 100% used [0x00000007d6560000,0x00000007e43a0000,0x00000007e43a0000)
  from space 227520K, 73% used [0x00000007e43a0000,0x00000007ee640330,0x00000007f21d0000)
  to   space 227520K, 0% used [0x00000007f21d0000,0x00000007f21d0000,0x0000000800000000)
 PSOldGen        total 1365376K, used 514703K [0x0000000783000000, 0x00000007d6560000, 0x00000007d6560000)
  object space 1365376K, 37% used [0x0000000783000000,0x00000007a26a3f30,0x00000007d6560000)
 PSPermGen       total 28032K, used 25829K [0x000000077de00000, 0x000000077f960000, 0x0000000783000000)
  object space 28032K, 92% used [0x000000077de00000,0x000000077f7396a8,0x000000077f960000)
2386.261: [GC [PSYoungGen: 394112K->177555K(455104K)] 908816K->845615K(1820480K), 0.0472140 secs] [Times: user=0.54 sys=0.00, real=0.05 secs] 
Heap after GC invocations=357 (full 27):
 PSYoungGen      total 455104K, used 177555K [0x00000007d6560000, 0x0000000800000000, 0x0000000800000000)
  eden space 227584K, 0% used [0x00000007d6560000,0x00000007d6560000,0x00000007e43a0000)
  from space 227520K, 78% used [0x00000007f21d0000,0x00000007fcf34dc0,0x0000000800000000)
  to   space 227520K, 0% used [0x00000007e43a0000,0x00000007e43a0000,0x00000007f21d0000)
 PSOldGen        total 1365376K, used 668060K [0x0000000783000000, 0x00000007d6560000, 0x00000007d6560000)
  object space 1365376K, 48% used [0x0000000783000000,0x00000007abc67070,0x00000007d6560000)
 PSPermGen       total 28032K, used 25829K [0x000000077de00000, 0x000000077f960000, 0x0000000783000000)
  object space 28032K, 92% used [0x000000077de00000,0x000000077f7396a8,0x000000077f960000)
}
Total time for which application threads were stopped: 0.0481920 seconds
Application time: 0.2955390 seconds
{Heap before GC invocations=358 (full 27):
 PSYoungGen      total 455104K, used 405139K [0x00000007d6560000, 0x0000000800000000, 0x0000000800000000)
  eden space 227584K, 100% used [0x00000007d6560000,0x00000007e43a0000,0x00000007e43a0000)
  from space 227520K, 78% used [0x00000007f21d0000,0x00000007fcf34dc0,0x0000000800000000)
  to   space 227520K, 0% used [0x00000007e43a0000,0x00000007e43a0000,0x00000007f21d0000)
 PSOldGen        total 1365376K, used 668060K [0x0000000783000000, 0x00000007d6560000, 0x00000007d6560000)
  object space 1365376K, 48% used [0x0000000783000000,0x00000007abc67070,0x00000007d6560000)
 PSPermGen       total 28032K, used 26072K [0x000000077de00000, 0x000000077f960000, 0x0000000783000000)
  object space 28032K, 93% used [0x000000077de00000,0x000000077f776068,0x000000077f960000)
2386.604: [GC [PSYoungGen: 405139K->159678K(455104K)] 1073199K->989845K(1820480K), 0.0511910 secs] [Times: user=0.58 sys=0.00, real=0.05 secs] 
Heap after GC invocations=358 (full 27):
 PSYoungGen      total 455104K, used 159678K [0x00000007d6560000, 0x0000000800000000, 0x0000000800000000)
  eden space 227584K, 0% used [0x00000007d6560000,0x00000007d6560000,0x00000007e43a0000)
  from space 227520K, 70% used [0x00000007e43a0000,0x00000007edf8f9a0,0x00000007f21d0000)
  to   space 227520K, 0% used [0x00000007f21d0000,0x00000007f21d0000,0x0000000800000000)
 PSOldGen        total 1365376K, used 830167K [0x0000000783000000, 0x00000007d6560000, 0x00000007d6560000)
  object space 1365376K, 60% used [0x0000000783000000,0x00000007b5ab5ce0,0x00000007d6560000)
 PSPermGen       total 28032K, used 26072K [0x000000077de00000, 0x000000077f960000, 0x0000000783000000)
  object space 28032K, 93% used [0x000000077de00000,0x000000077f776068,0x000000077f960000)
}
Total time for which application threads were stopped: 0.0521970 seconds
Application time: 0.7528120 seconds
{Heap before GC invocations=359 (full 27):
 PSYoungGen      total 455104K, used 387262K [0x00000007d6560000, 0x0000000800000000, 0x0000000800000000)
  eden space 227584K, 100% used [0x00000007d6560000,0x00000007e43a0000,0x00000007e43a0000)
  from space 227520K, 70% used [0x00000007e43a0000,0x00000007edf8f9a0,0x00000007f21d0000)
  to   space 227520K, 0% used [0x00000007f21d0000,0x00000007f21d0000,0x0000000800000000)
 PSOldGen        total 1365376K, used 830167K [0x0000000783000000, 0x00000007d6560000, 0x00000007d6560000)
  object space 1365376K, 60% used [0x0000000783000000,0x00000007b5ab5ce0,0x00000007d6560000)
 PSPermGen       total 28032K, used 26093K [0x000000077de00000, 0x000000077f960000, 0x0000000783000000)
  object space 28032K, 93% used [0x000000077de00000,0x000000077f77b768,0x000000077f960000)
2387.409: [GC [PSYoungGen: 387262K->18290K(455104K)] 1217429K->993516K(1820480K), 0.0543020 secs] [Times: user=0.39 sys=0.00, real=0.05 secs] 
Heap after GC invocations=359 (full 27):
 PSYoungGen      total 455104K, used 18290K [0x00000007d6560000, 0x0000000800000000, 0x0000000800000000)
  eden space 227584K, 0% used [0x00000007d6560000,0x00000007d6560000,0x00000007e43a0000)
  from space 227520K, 8% used [0x00000007f21d0000,0x00000007f33aca60,0x0000000800000000)
  to   space 227520K, 0% used [0x00000007e43a0000,0x00000007e43a0000,0x00000007f21d0000)
 PSOldGen        total 1365376K, used 975226K [0x0000000783000000, 0x00000007d6560000, 0x00000007d6560000)
  object space 1365376K, 71% used [0x0000000783000000,0x00000007be85e850,0x00000007d6560000)
 PSPermGen       total 28032K, used 26093K [0x000000077de00000, 0x000000077f960000, 0x0000000783000000)
  object space 28032K, 93% used [0x000000077de00000,0x000000077f77b768,0x000000077f960000)
}
Total time for which application threads were stopped: 0.0551580 seconds
Application time: 0.9914170 seconds
{Heap before GC invocations=360 (full 27):
 PSYoungGen      total 455104K, used 245874K [0x00000007d6560000, 0x0000000800000000, 0x0000000800000000)
  eden space 227584K, 100% used [0x00000007d6560000,0x00000007e43a0000,0x00000007e43a0000)
  from space 227520K, 8% used [0x00000007f21d0000,0x00000007f33aca60,0x0000000800000000)
  to   space 227520K, 0% used [0x00000007e43a0000,0x00000007e43a0000,0x00000007f21d0000)
 PSOldGen        total 1365376K, used 975226K [0x0000000783000000, 0x00000007d6560000, 0x00000007d6560000)
  object space 1365376K, 71% used [0x0000000783000000,0x00000007be85e850,0x00000007d6560000)
 PSPermGen       total 28032K, used 26093K [0x000000077de00000, 0x000000077f960000, 0x0000000783000000)
  object space 28032K, 93% used [0x000000077de00000,0x000000077f77b768,0x000000077f960000)
2388.456: [GC [PSYoungGen: 245874K->7040K(455104K)] 1221100K->993505K(1820480K), 0.0557930 secs] [Times: user=0.39 sys=0.01, real=0.05 secs] 
Heap after GC invocations=360 (full 27):
 PSYoungGen      total 455104K, used 7040K [0x00000007d6560000, 0x0000000800000000, 0x0000000800000000)
  eden space 227584K, 0% used [0x00000007d6560000,0x00000007d6560000,0x00000007e43a0000)
  from space 227520K, 3% used [0x00000007e43a0000,0x00000007e4a80000,0x00000007f21d0000)
  to   space 227520K, 0% used [0x00000007f21d0000,0x00000007f21d0000,0x0000000800000000)
 PSOldGen        total 1365376K, used 986465K [0x0000000783000000, 0x00000007d6560000, 0x00000007d6560000)
  object space 1365376K, 72% used [0x0000000783000000,0x00000007bf358420,0x00000007d6560000)
 PSPermGen       total 28032K, used 26093K [0x000000077de00000, 0x000000077f960000, 0x0000000783000000)
  object space 28032K, 93% used [0x000000077de00000,0x000000077f77b768,0x000000077f960000)
}
Total time for which application threads were stopped: 0.0566020 seconds
Application time: 0.7817060 seconds
{Heap before GC invocations=361 (full 27):
 PSYoungGen      total 455104K, used 234624K [0x00000007d6560000, 0x0000000800000000, 0x0000000800000000)
  eden space 227584K, 100% used [0x00000007d6560000,0x00000007e43a0000,0x00000007e43a0000)
  from space 227520K, 3% used [0x00000007e43a0000,0x00000007e4a80000,0x00000007f21d0000)
  to   space 227520K, 0% used [0x00000007f21d0000,0x00000007f21d0000,0x0000000800000000)
 PSOldGen        total 1365376K, used 986465K [0x0000000783000000, 0x00000007d6560000, 0x00000007d6560000)
  object space 1365376K, 72% used [0x0000000783000000,0x00000007bf358420,0x00000007d6560000)
 PSPermGen       total 28032K, used 26093K [0x000000077de00000, 0x000000077f960000, 0x0000000783000000)
  object space 28032K, 93% used [0x000000077de00000,0x000000077f77b768,0x000000077f960000)
2389.294: [GC [PSYoungGen: 234624K->7104K(455104K)] 1221089K->993633K(1820480K), 0.0548640 secs] [Times: user=0.37 sys=0.02, real=0.06 secs] 
Heap after GC invocations=361 (full 27):
 PSYoungGen      total 455104K, used 7104K [0x00000007d6560000, 0x0000000800000000, 0x0000000800000000)
  eden space 227584K, 0% used [0x00000007d6560000,0x00000007d6560000,0x00000007e43a0000)
  from space 227520K, 3% used [0x00000007f21d0000,0x00000007f28c0000,0x0000000800000000)
  to   space 227520K, 0% used [0x00000007e43a0000,0x00000007e43a0000,0x00000007f21d0000)
 PSOldGen        total 1365376K, used 986529K [0x0000000783000000, 0x00000007d6560000, 0x00000007d6560000)
  object space 1365376K, 72% used [0x0000000783000000,0x00000007bf368420,0x00000007d6560000)
 PSPermGen       total 28032K, used 26093K [0x000000077de00000, 0x000000077f960000, 0x0000000783000000)
  object space 28032K, 93% used [0x000000077de00000,0x000000077f77b768,0x000000077f960000)
}
Total time for which application threads were stopped: 0.0556970 seconds
Application time: 2.2802410 seconds
{Heap before GC invocations=362 (full 27):
 PSYoungGen      total 455104K, used 234688K [0x00000007d6560000, 0x0000000800000000, 0x0000000800000000)
  eden space 227584K, 100% used [0x00000007d6560000,0x00000007e43a0000,0x00000007e43a0000)
  from space 227520K, 3% used [0x00000007f21d0000,0x00000007f28c0000,0x0000000800000000)
  to   space 227520K, 0% used [0x00000007e43a0000,0x00000007e43a0000,0x00000007f21d0000)
 PSOldGen        total 1365376K, used 986529K [0x0000000783000000, 0x00000007d6560000, 0x00000007d6560000)
  object space 1365376K, 72% used [0x0000000783000000,0x00000007bf368420,0x00000007d6560000)
 PSPermGen       total 28032K, used 26110K [0x000000077de00000, 0x000000077f960000, 0x0000000783000000)
  object space 28032K, 93% used [0x000000077de00000,0x000000077f77f968,0x000000077f960000)
2391.630: [GC [PSYoungGen: 234688K->15365K(455104K)] 1221217K->1002110K(1820480K), 0.0517150 secs] [Times: user=0.37 sys=0.00, real=0.05 secs] 
Heap after GC invocations=362 (full 27):
 PSYoungGen      total 455104K, used 15365K [0x00000007d6560000, 0x0000000800000000, 0x0000000800000000)
  eden space 227584K, 0% used [0x00000007d6560000,0x00000007d6560000,0x00000007e43a0000)
  from space 227520K, 6% used [0x00000007e43a0000,0x00000007e52a16b0,0x00000007f21d0000)
  to   space 227520K, 0% used [0x00000007f21d0000,0x00000007f21d0000,0x0000000800000000)
 PSOldGen        total 1365376K, used 986745K [0x0000000783000000, 0x00000007d6560000, 0x00000007d6560000)
  object space 1365376K, 72% used [0x0000000783000000,0x00000007bf39e420,0x00000007d6560000)
 PSPermGen       total 28032K, used 26110K [0x000000077de00000, 0x000000077f960000, 0x0000000783000000)
  object space 28032K, 93% used [0x000000077de00000,0x000000077f77f968,0x000000077f960000)
}
Total time for which application threads were stopped: 0.0526730 seconds
Application time: 0.2203920 seconds
{Heap before GC invocations=363 (full 27):
 PSYoungGen      total 455104K, used 242949K [0x00000007d6560000, 0x0000000800000000, 0x0000000800000000)
  eden space 227584K, 100% used [0x00000007d6560000,0x00000007e43a0000,0x00000007e43a0000)
  from space 227520K, 6% used [0x00000007e43a0000,0x00000007e52a16b0,0x00000007f21d0000)
  to   space 227520K, 0% used [0x00000007f21d0000,0x00000007f21d0000,0x0000000800000000)
 PSOldGen        total 1365376K, used 986745K [0x0000000783000000, 0x00000007d6560000, 0x00000007d6560000)
  object space 1365376K, 72% used [0x0000000783000000,0x00000007bf39e420,0x00000007d6560000)
 PSPermGen       total 28032K, used 26383K [0x000000077de00000, 0x000000077f960000, 0x0000000783000000)
  object space 28032K, 94% used [0x000000077de00000,0x000000077f7c3ca8,0x000000077f960000)
2391.903: [GC [PSYoungGen: 242949K->175954K(455104K)] 1229694K->1171349K(1820480K), 0.0307480 secs] [Times: user=0.34 sys=0.00, real=0.03 secs] 
Heap after GC invocations=363 (full 27):
 PSYoungGen      total 455104K, used 175954K [0x00000007d6560000, 0x0000000800000000, 0x0000000800000000)
  eden space 227584K, 0% used [0x00000007d6560000,0x00000007d6560000,0x00000007e43a0000)
  from space 227520K, 77% used [0x00000007f21d0000,0x00000007fcda4b70,0x0000000800000000)
  to   space 227520K, 0% used [0x00000007e43a0000,0x00000007e43a0000,0x00000007f21d0000)
 PSOldGen        total 1365376K, used 995394K [0x0000000783000000, 0x00000007d6560000, 0x00000007d6560000)
  object space 1365376K, 72% used [0x0000000783000000,0x00000007bfc10a70,0x00000007d6560000)
 PSPermGen       total 28032K, used 26383K [0x000000077de00000, 0x000000077f960000, 0x0000000783000000)
  object space 28032K, 94% used [0x000000077de00000,0x000000077f7c3ca8,0x000000077f960000)
}
Total time for which application threads were stopped: 0.0315820 seconds
Application time: 0.2357220 seconds
{Heap before GC invocations=364 (full 27):
 PSYoungGen      total 455104K, used 403538K [0x00000007d6560000, 0x0000000800000000, 0x0000000800000000)
  eden space 227584K, 100% used [0x00000007d6560000,0x00000007e43a0000,0x00000007e43a0000)
  from space 227520K, 77% used [0x00000007f21d0000,0x00000007fcda4b70,0x0000000800000000)
  to   space 227520K, 0% used [0x00000007e43a0000,0x00000007e43a0000,0x00000007f21d0000)
 PSOldGen        total 1365376K, used 995394K [0x0000000783000000, 0x00000007d6560000, 0x00000007d6560000)
  object space 1365376K, 72% used [0x0000000783000000,0x00000007bfc10a70,0x00000007d6560000)
 PSPermGen       total 28032K, used 26643K [0x000000077de00000, 0x000000077f960000, 0x0000000783000000)
  object space 28032K, 95% used [0x000000077de00000,0x000000077f804da8,0x000000077f960000)
2392.171: [GC [PSYoungGen: 403538K->173982K(455104K)] 1398933K->1330162K(1820480K), 0.0492210 secs] [Times: user=0.57 sys=0.00, real=0.05 secs] 
Heap after GC invocations=364 (full 27):
 PSYoungGen      total 455104K, used 173982K [0x00000007d6560000, 0x0000000800000000, 0x0000000800000000)
  eden space 227584K, 0% used [0x00000007d6560000,0x00000007d6560000,0x00000007e43a0000)
  from space 227520K, 76% used [0x00000007e43a0000,0x00000007eed87bf0,0x00000007f21d0000)
  to   space 227520K, 0% used [0x00000007f21d0000,0x00000007f21d0000,0x0000000800000000)
 PSOldGen        total 1365376K, used 1156179K [0x0000000783000000, 0x00000007d6560000, 0x00000007d6560000)
  object space 1365376K, 84% used [0x0000000783000000,0x00000007c9914dd0,0x00000007d6560000)
 PSPermGen       total 28032K, used 26643K [0x000000077de00000, 0x000000077f960000, 0x0000000783000000)
  object space 28032K, 95% used [0x000000077de00000,0x000000077f804da8,0x000000077f960000)
}
{Heap before GC invocations=365 (full 28):
 PSYoungGen      total 455104K, used 173982K [0x00000007d6560000, 0x0000000800000000, 0x0000000800000000)
  eden space 227584K, 0% used [0x00000007d6560000,0x00000007d6560000,0x00000007e43a0000)
  from space 227520K, 76% used [0x00000007e43a0000,0x00000007eed87bf0,0x00000007f21d0000)
  to   space 227520K, 0% used [0x00000007f21d0000,0x00000007f21d0000,0x0000000800000000)
 PSOldGen        total 1365376K, used 1156179K [0x0000000783000000, 0x00000007d6560000, 0x00000007d6560000)
  object space 1365376K, 84% used [0x0000000783000000,0x00000007c9914dd0,0x00000007d6560000)
 PSPermGen       total 28032K, used 26643K [0x000000077de00000, 0x000000077f960000, 0x0000000783000000)
  object space 28032K, 95% used [0x000000077de00000,0x000000077f804da8,0x000000077f960000)
2392.220: [Full GC [PSYoungGen: 173982K->0K(455104K)] [PSOldGen: 1156179K->360911K(1365376K)] 1330162K->360911K(1820480K) [PSPermGen: 26643K->20566K(22720K)], 0.3824730 secs] [Times: user=0.37 sys=0.00, real=0.38 secs] 
Heap after GC invocations=365 (full 28):
 PSYoungGen      total 455104K, used 0K [0x00000007d6560000, 0x0000000800000000, 0x0000000800000000)
  eden space 227584K, 0% used [0x00000007d6560000,0x00000007d6560000,0x00000007e43a0000)
  from space 227520K, 0% used [0x00000007e43a0000,0x00000007e43a0000,0x00000007f21d0000)
  to   space 227520K, 0% used [0x00000007f21d0000,0x00000007f21d0000,0x0000000800000000)
 PSOldGen        total 1365376K, used 360911K [0x0000000783000000, 0x00000007d6560000, 0x00000007d6560000)
  object space 1365376K, 26% used [0x0000000783000000,0x0000000799073c60,0x00000007d6560000)
 PSPermGen       total 22720K, used 20566K [0x000000077de00000, 0x000000077f430000, 0x0000000783000000)
  object space 22720K, 90% used [0x000000077de00000,0x000000077f215a28,0x000000077f430000)
}
Total time for which application threads were stopped: 0.4327280 seconds
Application time: 0.6738840 seconds
{Heap before GC invocations=366 (full 28):
 PSYoungGen      total 455104K, used 227584K [0x00000007d6560000, 0x0000000800000000, 0x0000000800000000)
  eden space 227584K, 100% used [0x00000007d6560000,0x00000007e43a0000,0x00000007e43a0000)
  from space 227520K, 0% used [0x00000007e43a0000,0x00000007e43a0000,0x00000007f21d0000)
  to   space 227520K, 0% used [0x00000007f21d0000,0x00000007f21d0000,0x0000000800000000)
 PSOldGen        total 1365376K, used 360911K [0x0000000783000000, 0x00000007d6560000, 0x00000007d6560000)
  object space 1365376K, 26% used [0x0000000783000000,0x0000000799073c60,0x00000007d6560000)
 PSPermGen       total 22720K, used 20624K [0x000000077de00000, 0x000000077f430000, 0x0000000783000000)
  object space 22720K, 90% used [0x000000077de00000,0x000000077f2242a8,0x000000077f430000)
2393.278: [GC [PSYoungGen: 227584K->39156K(455104K)] 588495K->400067K(1820480K), 0.0467720 secs] [Times: user=0.33 sys=0.02, real=0.05 secs] 
Heap after GC invocations=366 (full 28):
 PSYoungGen      total 455104K, used 39156K [0x00000007d6560000, 0x0000000800000000, 0x0000000800000000)
  eden space 227584K, 0% used [0x00000007d6560000,0x00000007d6560000,0x00000007e43a0000)
  from space 227520K, 17% used [0x00000007f21d0000,0x00000007f480d2d0,0x0000000800000000)
  to   space 227520K, 0% used [0x00000007e43a0000,0x00000007e43a0000,0x00000007f21d0000)
 PSOldGen        total 1365376K, used 360911K [0x0000000783000000, 0x00000007d6560000, 0x00000007d6560000)
  object space 1365376K, 26% used [0x0000000783000000,0x0000000799073c60,0x00000007d6560000)
 PSPermGen       total 22720K, used 20624K [0x000000077de00000, 0x000000077f430000, 0x0000000783000000)
  object space 22720K, 90% used [0x000000077de00000,0x000000077f2242a8,0x000000077f430000)
}
Total time for which application threads were stopped: 0.0485160 seconds
Application time: 0.7837810 seconds
{Heap before GC invocations=367 (full 28):
 PSYoungGen      total 455104K, used 266740K [0x00000007d6560000, 0x0000000800000000, 0x0000000800000000)
  eden space 227584K, 100% used [0x00000007d6560000,0x00000007e43a0000,0x00000007e43a0000)
  from space 227520K, 17% used [0x00000007f21d0000,0x00000007f480d2d0,0x0000000800000000)
  to   space 227520K, 0% used [0x00000007e43a0000,0x00000007e43a0000,0x00000007f21d0000)
 PSOldGen        total 1365376K, used 360911K [0x0000000783000000, 0x00000007d6560000, 0x00000007d6560000)
  object space 1365376K, 26% used [0x0000000783000000,0x0000000799073c60,0x00000007d6560000)
 PSPermGen       total 22720K, used 20624K [0x000000077de00000, 0x000000077f430000, 0x0000000783000000)
  object space 22720K, 90% used [0x000000077de00000,0x000000077f2242a8,0x000000077f430000)
2394.110: [GC [PSYoungGen: 266740K->6944K(455104K)] 627651K->395584K(1820480K), 0.0524700 secs] [Times: user=0.36 sys=0.00, real=0.05 secs] 
Heap after GC invocations=367 (full 28):
 PSYoungGen      total 455104K, used 6944K [0x00000007d6560000, 0x0000000800000000, 0x0000000800000000)
  eden space 227584K, 0% used [0x00000007d6560000,0x00000007d6560000,0x00000007e43a0000)
  from space 227520K, 3% used [0x00000007e43a0000,0x00000007e4a68000,0x00000007f21d0000)
  to   space 227520K, 0% used [0x00000007f21d0000,0x00000007f21d0000,0x0000000800000000)
 PSOldGen        total 1365376K, used 388640K [0x0000000783000000, 0x00000007d6560000, 0x00000007d6560000)
  object space 1365376K, 28% used [0x0000000783000000,0x000000079ab883f0,0x00000007d6560000)
 PSPermGen       total 22720K, used 20624K [0x000000077de00000, 0x000000077f430000, 0x0000000783000000)
  object space 22720K, 90% used [0x000000077de00000,0x000000077f2242a8,0x000000077f430000)
}
Total time for which application threads were stopped: 0.0532580 seconds
Application time: 0.7829570 seconds
{Heap before GC invocations=368 (full 28):
 PSYoungGen      total 455104K, used 234528K [0x00000007d6560000, 0x0000000800000000, 0x0000000800000000)
  eden space 227584K, 100% used [0x00000007d6560000,0x00000007e43a0000,0x00000007e43a0000)
  from space 227520K, 3% used [0x00000007e43a0000,0x00000007e4a68000,0x00000007f21d0000)
  to   space 227520K, 0% used [0x00000007f21d0000,0x00000007f21d0000,0x0000000800000000)
 PSOldGen        total 1365376K, used 388640K [0x0000000783000000, 0x00000007d6560000, 0x00000007d6560000)
  object space 1365376K, 28% used [0x0000000783000000,0x000000079ab883f0,0x00000007d6560000)
 PSPermGen       total 22720K, used 20624K [0x000000077de00000, 0x000000077f430000, 0x0000000783000000)
  object space 22720K, 90% used [0x000000077de00000,0x000000077f2242a8,0x000000077f430000)
2394.946: [GC [PSYoungGen: 234528K->7136K(455104K)] 623168K->395856K(1820480K), 0.0525380 secs] [Times: user=0.35 sys=0.02, real=0.05 secs] 
Heap after GC invocations=368 (full 28):
 PSYoungGen      total 455104K, used 7136K [0x00000007d6560000, 0x0000000800000000, 0x0000000800000000)
  eden space 227584K, 0% used [0x00000007d6560000,0x00000007d6560000,0x00000007e43a0000)
  from space 227520K, 3% used [0x00000007f21d0000,0x00000007f28c8000,0x0000000800000000)
  to   space 227520K, 0% used [0x00000007e43a0000,0x00000007e43a0000,0x00000007f21d0000)
 PSOldGen        total 1365376K, used 388720K [0x0000000783000000, 0x00000007d6560000, 0x00000007d6560000)
  object space 1365376K, 28% used [0x0000000783000000,0x000000079ab9c3f0,0x00000007d6560000)
 PSPermGen       total 22720K, used 20624K [0x000000077de00000, 0x000000077f430000, 0x0000000783000000)
  object space 22720K, 90% used [0x000000077de00000,0x000000077f2242a8,0x000000077f430000)
}
Total time for which application threads were stopped: 0.0533260 seconds
Application time: 0.5372410 seconds
{Heap before GC invocations=369 (full 28):
 PSYoungGen      total 455104K, used 234720K [0x00000007d6560000, 0x0000000800000000, 0x0000000800000000)
  eden space 227584K, 100% used [0x00000007d6560000,0x00000007e43a0000,0x00000007e43a0000)
  from space 227520K, 3% used [0x00000007f21d0000,0x00000007f28c8000,0x0000000800000000)
  to   space 227520K, 0% used [0x00000007e43a0000,0x00000007e43a0000,0x00000007f21d0000)
 PSOldGen        total 1365376K, used 388720K [0x0000000783000000, 0x00000007d6560000, 0x00000007d6560000)
  object space 1365376K, 28% used [0x0000000783000000,0x000000079ab9c3f0,0x00000007d6560000)
 PSPermGen       total 22720K, used 20751K [0x000000077de00000, 0x000000077f430000, 0x0000000783000000)
  object space 22720K, 91% used [0x000000077de00000,0x000000077f243c28,0x000000077f430000)
2395.536: [GC [PSYoungGen: 234720K->80303K(455104K)] 623440K->469248K(1820480K), 0.0310750 secs] [Times: user=0.19 sys=0.02, real=0.03 secs] 
Heap after GC invocations=369 (full 28):
 PSYoungGen      total 455104K, used 80303K [0x00000007d6560000, 0x0000000800000000, 0x0000000800000000)
  eden space 227584K, 0% used [0x00000007d6560000,0x00000007d6560000,0x00000007e43a0000)
  from space 227520K, 35% used [0x00000007e43a0000,0x00000007e920bdb0,0x00000007f21d0000)
  to   space 227520K, 0% used [0x00000007f21d0000,0x00000007f21d0000,0x0000000800000000)
 PSOldGen        total 1365376K, used 388944K [0x0000000783000000, 0x00000007d6560000, 0x00000007d6560000)
  object space 1365376K, 28% used [0x0000000783000000,0x000000079abd43f0,0x00000007d6560000)
 PSPermGen       total 22720K, used 20751K [0x000000077de00000, 0x000000077f430000, 0x0000000783000000)
  object space 22720K, 91% used [0x000000077de00000,0x000000077f243c28,0x000000077f430000)
}
Total time for which application threads were stopped: 0.0317930 seconds
Application time: 1.0977640 seconds
{Heap before GC invocations=370 (full 28):
 PSYoungGen      total 455104K, used 307887K [0x00000007d6560000, 0x0000000800000000, 0x0000000800000000)
  eden space 227584K, 100% used [0x00000007d6560000,0x00000007e43a0000,0x00000007e43a0000)
  from space 227520K, 35% used [0x00000007e43a0000,0x00000007e920bdb0,0x00000007f21d0000)
  to   space 227520K, 0% used [0x00000007f21d0000,0x00000007f21d0000,0x0000000800000000)
 PSOldGen        total 1365376K, used 388944K [0x0000000783000000, 0x00000007d6560000, 0x00000007d6560000)
  object space 1365376K, 28% used [0x0000000783000000,0x000000079abd43f0,0x00000007d6560000)
 PSPermGen       total 22720K, used 20852K [0x000000077de00000, 0x000000077f430000, 0x0000000783000000)
  object space 22720K, 91% used [0x000000077de00000,0x000000077f25d368,0x000000077f430000)
2396.666: [GC [PSYoungGen: 307887K->64900K(455104K)] 696832K->461701K(1820480K), 0.0374010 secs] [Times: user=0.26 sys=0.00, real=0.03 secs] 
Heap after GC invocations=370 (full 28):
 PSYoungGen      total 455104K, used 64900K [0x00000007d6560000, 0x0000000800000000, 0x0000000800000000)
  eden space 227584K, 0% used [0x00000007d6560000,0x00000007d6560000,0x00000007e43a0000)
  from space 227520K, 28% used [0x00000007f21d0000,0x00000007f6131170,0x0000000800000000)
  to   space 227520K, 0% used [0x00000007e43a0000,0x00000007e43a0000,0x00000007f21d0000)
 PSOldGen        total 1365376K, used 396801K [0x0000000783000000, 0x00000007d6560000, 0x00000007d6560000)
  object space 1365376K, 29% used [0x0000000783000000,0x000000079b380450,0x00000007d6560000)
 PSPermGen       total 22720K, used 20852K [0x000000077de00000, 0x000000077f430000, 0x0000000783000000)
  object space 22720K, 91% used [0x000000077de00000,0x000000077f25d368,0x000000077f430000)
}
Total time for which application threads were stopped: 0.0382100 seconds
Application time: 0.2188670 seconds
{Heap before GC invocations=371 (full 28):
 PSYoungGen      total 455104K, used 292484K [0x00000007d6560000, 0x0000000800000000, 0x0000000800000000)
  eden space 227584K, 100% used [0x00000007d6560000,0x00000007e43a0000,0x00000007e43a0000)
  from space 227520K, 28% used [0x00000007f21d0000,0x00000007f6131170,0x0000000800000000)
  to   space 227520K, 0% used [0x00000007e43a0000,0x00000007e43a0000,0x00000007f21d0000)
 PSOldGen        total 1365376K, used 396801K [0x0000000783000000, 0x00000007d6560000, 0x00000007d6560000)
  object space 1365376K, 29% used [0x0000000783000000,0x000000079b380450,0x00000007d6560000)
 PSPermGen       total 22720K, used 21120K [0x000000077de00000, 0x000000077f430000, 0x0000000783000000)
  object space 22720K, 92% used [0x000000077de00000,0x000000077f2a0328,0x000000077f430000)
2396.923: [GC [PSYoungGen: 292484K->178159K(455104K)] 689285K->631590K(1820480K), 0.0352160 secs] [Times: user=0.38 sys=0.00, real=0.04 secs] 
Heap after GC invocations=371 (full 28):
 PSYoungGen      total 455104K, used 178159K [0x00000007d6560000, 0x0000000800000000, 0x0000000800000000)
  eden space 227584K, 0% used [0x00000007d6560000,0x00000007d6560000,0x00000007e43a0000)
  from space 227520K, 78% used [0x00000007e43a0000,0x00000007ef19bf90,0x00000007f21d0000)
  to   space 227520K, 0% used [0x00000007f21d0000,0x00000007f21d0000,0x0000000800000000)
 PSOldGen        total 1365376K, used 453430K [0x0000000783000000, 0x00000007d6560000, 0x00000007d6560000)
  object space 1365376K, 33% used [0x0000000783000000,0x000000079eacdbd0,0x00000007d6560000)
 PSPermGen       total 22720K, used 21120K [0x000000077de00000, 0x000000077f430000, 0x0000000783000000)
  object space 22720K, 92% used [0x000000077de00000,0x000000077f2a0328,0x000000077f430000)
}
Total time for which application threads were stopped: 0.0360060 seconds
Application time: 0.2235590 seconds
{Heap before GC invocations=372 (full 28):
 PSYoungGen      total 455104K, used 405743K [0x00000007d6560000, 0x0000000800000000, 0x0000000800000000)
  eden space 227584K, 100% used [0x00000007d6560000,0x00000007e43a0000,0x00000007e43a0000)
  from space 227520K, 78% used [0x00000007e43a0000,0x00000007ef19bf90,0x00000007f21d0000)
  to   space 227520K, 0% used [0x00000007f21d0000,0x00000007f21d0000,0x0000000800000000)
 PSOldGen        total 1365376K, used 453430K [0x0000000783000000, 0x00000007d6560000, 0x00000007d6560000)
  object space 1365376K, 33% used [0x0000000783000000,0x000000079eacdbd0,0x00000007d6560000)
 PSPermGen       total 22720K, used 21388K [0x000000077de00000, 0x000000077f430000, 0x0000000783000000)
  object space 22720K, 94% used [0x000000077de00000,0x000000077f2e3228,0x000000077f430000)
2397.183: [GC [PSYoungGen: 405743K->178269K(455104K)] 859174K->793259K(1820480K), 0.0483190 secs] [Times: user=0.56 sys=0.00, real=0.05 secs] 
Heap after GC invocations=372 (full 28):
 PSYoungGen      total 455104K, used 178269K [0x00000007d6560000, 0x0000000800000000, 0x0000000800000000)
  eden space 227584K, 0% used [0x00000007d6560000,0x00000007d6560000,0x00000007e43a0000)
  from space 227520K, 78% used [0x00000007f21d0000,0x00000007fcfe7570,0x0000000800000000)
  to   space 227520K, 0% used [0x00000007e43a0000,0x00000007e43a0000,0x00000007f21d0000)
 PSOldGen        total 1365376K, used 614990K [0x0000000783000000, 0x00000007d6560000, 0x00000007d6560000)
  object space 1365376K, 45% used [0x0000000783000000,0x00000007a88939b0,0x00000007d6560000)
 PSPermGen       total 22720K, used 21388K [0x000000077de00000, 0x000000077f430000, 0x0000000783000000)
  object space 22720K, 94% used [0x000000077de00000,0x000000077f2e3228,0x000000077f430000)
}
Total time for which application threads were stopped: 0.0491600 seconds
Application time: 0.5625110 seconds
{Heap before GC invocations=373 (full 28):
 PSYoungGen      total 455104K, used 405853K [0x00000007d6560000, 0x0000000800000000, 0x0000000800000000)
  eden space 227584K, 100% used [0x00000007d6560000,0x00000007e43a0000,0x00000007e43a0000)
  from space 227520K, 78% used [0x00000007f21d0000,0x00000007fcfe7570,0x0000000800000000)
  to   space 227520K, 0% used [0x00000007e43a0000,0x00000007e43a0000,0x00000007f21d0000)
 PSOldGen        total 1365376K, used 614990K [0x0000000783000000, 0x00000007d6560000, 0x00000007d6560000)
  object space 1365376K, 45% used [0x0000000783000000,0x00000007a88939b0,0x00000007d6560000)
 PSPermGen       total 22720K, used 21503K [0x000000077de00000, 0x000000077f430000, 0x0000000783000000)
  object space 22720K, 94% used [0x000000077de00000,0x000000077f2ffea8,0x000000077f430000)
2397.794: [GC [PSYoungGen: 405853K->75695K(455104K)] 1020843K->852776K(1820480K), 0.0522110 secs] [Times: user=0.47 sys=0.00, real=0.05 secs] 
Heap after GC invocations=373 (full 28):
 PSYoungGen      total 455104K, used 75695K [0x00000007d6560000, 0x0000000800000000, 0x0000000800000000)
  eden space 227584K, 0% used [0x00000007d6560000,0x00000007d6560000,0x00000007e43a0000)
  from space 227520K, 33% used [0x00000007e43a0000,0x00000007e8d8bc40,0x00000007f21d0000)
  to   space 227520K, 0% used [0x00000007f21d0000,0x00000007f21d0000,0x0000000800000000)
 PSOldGen        total 1365376K, used 777081K [0x0000000783000000, 0x00000007d6560000, 0x00000007d6560000)
  object space 1365376K, 56% used [0x0000000783000000,0x00000007b26de6a0,0x00000007d6560000)
 PSPermGen       total 22720K, used 21503K [0x000000077de00000, 0x000000077f430000, 0x0000000783000000)
  object space 22720K, 94% used [0x000000077de00000,0x000000077f2ffea8,0x000000077f430000)
}
Total time for which application threads were stopped: 0.0530300 seconds
Application time: 0.7839060 seconds
{Heap before GC invocations=374 (full 28):
 PSYoungGen      total 455104K, used 303279K [0x00000007d6560000, 0x0000000800000000, 0x0000000800000000)
  eden space 227584K, 100% used [0x00000007d6560000,0x00000007e43a0000,0x00000007e43a0000)
  from space 227520K, 33% used [0x00000007e43a0000,0x00000007e8d8bc40,0x00000007f21d0000)
  to   space 227520K, 0% used [0x00000007f21d0000,0x00000007f21d0000,0x0000000800000000)
 PSOldGen        total 1365376K, used 777081K [0x0000000783000000, 0x00000007d6560000, 0x00000007d6560000)
  object space 1365376K, 56% used [0x0000000783000000,0x00000007b26de6a0,0x00000007d6560000)
 PSPermGen       total 22720K, used 21503K [0x000000077de00000, 0x000000077f430000, 0x0000000783000000)
  object space 22720K, 94% used [0x000000077de00000,0x000000077f2ffea8,0x000000077f430000)
2398.631: [GC [PSYoungGen: 303279K->7040K(455104K)] 1080360K->849210K(1820480K), 0.0554330 secs] [Times: user=0.34 sys=0.00, real=0.06 secs] 
Heap after GC invocations=374 (full 28):
 PSYoungGen      total 455104K, used 7040K [0x00000007d6560000, 0x0000000800000000, 0x0000000800000000)
  eden space 227584K, 0% used [0x00000007d6560000,0x00000007d6560000,0x00000007e43a0000)
  from space 227520K, 3% used [0x00000007f21d0000,0x00000007f28b0000,0x0000000800000000)
  to   space 227520K, 0% used [0x00000007e43a0000,0x00000007e43a0000,0x00000007f21d0000)
 PSOldGen        total 1365376K, used 842170K [0x0000000783000000, 0x00000007d6560000, 0x00000007d6560000)
  object space 1365376K, 61% used [0x0000000783000000,0x00000007b666e9f0,0x00000007d6560000)
 PSPermGen       total 22720K, used 21503K [0x000000077de00000, 0x000000077f430000, 0x0000000783000000)
  object space 22720K, 94% used [0x000000077de00000,0x000000077f2ffea8,0x000000077f430000)
}
Total time for which application threads were stopped: 0.0561640 seconds
Application time: 0.7848200 seconds
{Heap before GC invocations=375 (full 28):
 PSYoungGen      total 455104K, used 234624K [0x00000007d6560000, 0x0000000800000000, 0x0000000800000000)
  eden space 227584K, 100% used [0x00000007d6560000,0x00000007e43a0000,0x00000007e43a0000)
  from space 227520K, 3% used [0x00000007f21d0000,0x00000007f28b0000,0x0000000800000000)
  to   space 227520K, 0% used [0x00000007e43a0000,0x00000007e43a0000,0x00000007f21d0000)
 PSOldGen        total 1365376K, used 842170K [0x0000000783000000, 0x00000007d6560000, 0x00000007d6560000)
  object space 1365376K, 61% used [0x0000000783000000,0x00000007b666e9f0,0x00000007d6560000)
 PSPermGen       total 22720K, used 21503K [0x000000077de00000, 0x000000077f430000, 0x0000000783000000)
  object space 22720K, 94% used [0x000000077de00000,0x000000077f2ffea8,0x000000077f430000)
2399.472: [GC [PSYoungGen: 234624K->6848K(455104K)] 1076794K->849114K(1820480K), 0.0542400 secs] [Times: user=0.38 sys=0.00, real=0.06 secs] 
Heap after GC invocations=375 (full 28):
 PSYoungGen      total 455104K, used 6848K [0x00000007d6560000, 0x0000000800000000, 0x0000000800000000)
  eden space 227584K, 0% used [0x00000007d6560000,0x00000007d6560000,0x00000007e43a0000)
  from space 227520K, 3% used [0x00000007e43a0000,0x00000007e4a50000,0x00000007f21d0000)
  to   space 227520K, 0% used [0x00000007f21d0000,0x00000007f21d0000,0x0000000800000000)
 PSOldGen        total 1365376K, used 842266K [0x0000000783000000, 0x00000007d6560000, 0x00000007d6560000)
  object space 1365376K, 61% used [0x0000000783000000,0x00000007b66869f0,0x00000007d6560000)
 PSPermGen       total 22720K, used 21503K [0x000000077de00000, 0x000000077f430000, 0x0000000783000000)
  object space 22720K, 94% used [0x000000077de00000,0x000000077f2ffea8,0x000000077f430000)
}
Total time for which application threads were stopped: 0.0551090 seconds
Application time: 0.7498960 seconds
{Heap before GC invocations=376 (full 28):
 PSYoungGen      total 455104K, used 234432K [0x00000007d6560000, 0x0000000800000000, 0x0000000800000000)
  eden space 227584K, 100% used [0x00000007d6560000,0x00000007e43a0000,0x00000007e43a0000)
  from space 227520K, 3% used [0x00000007e43a0000,0x00000007e4a50000,0x00000007f21d0000)
  to   space 227520K, 0% used [0x00000007f21d0000,0x00000007f21d0000,0x0000000800000000)
 PSOldGen        total 1365376K, used 842266K [0x0000000783000000, 0x00000007d6560000, 0x00000007d6560000)
  object space 1365376K, 61% used [0x0000000783000000,0x00000007b66869f0,0x00000007d6560000)
 PSPermGen       total 22720K, used 21503K [0x000000077de00000, 0x000000077f430000, 0x0000000783000000)
  object space 22720K, 94% used [0x000000077de00000,0x000000077f2ffea8,0x000000077f430000)
2400.277: [GC [PSYoungGen: 234432K->7264K(455104K)] 1076698K->849626K(1820480K), 0.0530600 secs] [Times: user=0.36 sys=0.01, real=0.05 secs] 
Heap after GC invocations=376 (full 28):
 PSYoungGen      total 455104K, used 7264K [0x00000007d6560000, 0x0000000800000000, 0x0000000800000000)
  eden space 227584K, 0% used [0x00000007d6560000,0x00000007d6560000,0x00000007e43a0000)
  from space 227520K, 3% used [0x00000007f21d0000,0x00000007f28e8000,0x0000000800000000)
  to   space 227520K, 0% used [0x00000007e43a0000,0x00000007e43a0000,0x00000007f21d0000)
 PSOldGen        total 1365376K, used 842362K [0x0000000783000000, 0x00000007d6560000, 0x00000007d6560000)
  object space 1365376K, 61% used [0x0000000783000000,0x00000007b669e9f0,0x00000007d6560000)
 PSPermGen       total 22720K, used 21503K [0x000000077de00000, 0x000000077f430000, 0x0000000783000000)
  object space 22720K, 94% used [0x000000077de00000,0x000000077f2ffea8,0x000000077f430000)
}
Total time for which application threads were stopped: 0.0538740 seconds
Application time: 2.1379350 seconds
{Heap before GC invocations=377 (full 28):
 PSYoungGen      total 455104K, used 234848K [0x00000007d6560000, 0x0000000800000000, 0x0000000800000000)
  eden space 227584K, 100% used [0x00000007d6560000,0x00000007e43a0000,0x00000007e43a0000)
  from space 227520K, 3% used [0x00000007f21d0000,0x00000007f28e8000,0x0000000800000000)
  to   space 227520K, 0% used [0x00000007e43a0000,0x00000007e43a0000,0x00000007f21d0000)
 PSOldGen        total 1365376K, used 842362K [0x0000000783000000, 0x00000007d6560000, 0x00000007d6560000)
  object space 1365376K, 61% used [0x0000000783000000,0x00000007b669e9f0,0x00000007d6560000)
 PSPermGen       total 22720K, used 21631K [0x000000077de00000, 0x000000077f430000, 0x0000000783000000)
  object space 22720K, 95% used [0x000000077de00000,0x000000077f31fd68,0x000000077f430000)
2402.469: [GC [PSYoungGen: 234848K->81480K(455104K)] 1077210K->924170K(1820480K), 0.0339380 secs] [Times: user=0.25 sys=0.00, real=0.03 secs] 
Heap after GC invocations=377 (full 28):
 PSYoungGen      total 455104K, used 81480K [0x00000007d6560000, 0x0000000800000000, 0x0000000800000000)
  eden space 227584K, 0% used [0x00000007d6560000,0x00000007d6560000,0x00000007e43a0000)
  from space 227520K, 35% used [0x00000007e43a0000,0x00000007e9332070,0x00000007f21d0000)
  to   space 227520K, 0% used [0x00000007f21d0000,0x00000007f21d0000,0x0000000800000000)
 PSOldGen        total 1365376K, used 842690K [0x0000000783000000, 0x00000007d6560000, 0x00000007d6560000)
  object space 1365376K, 61% used [0x0000000783000000,0x00000007b66f09f0,0x00000007d6560000)
 PSPermGen       total 22720K, used 21631K [0x000000077de00000, 0x000000077f430000, 0x0000000783000000)
  object space 22720K, 95% used [0x000000077de00000,0x000000077f31fd68,0x000000077f430000)
}
Total time for which application threads were stopped: 0.0348070 seconds
Application time: 0.2141790 seconds
{Heap before GC invocations=378 (full 28):
 PSYoungGen      total 455104K, used 309064K [0x00000007d6560000, 0x0000000800000000, 0x0000000800000000)
  eden space 227584K, 100% used [0x00000007d6560000,0x00000007e43a0000,0x00000007e43a0000)
  from space 227520K, 35% used [0x00000007e43a0000,0x00000007e9332070,0x00000007f21d0000)
  to   space 227520K, 0% used [0x00000007f21d0000,0x00000007f21d0000,0x0000000800000000)
 PSOldGen        total 1365376K, used 842690K [0x0000000783000000, 0x00000007d6560000, 0x00000007d6560000)
  object space 1365376K, 61% used [0x0000000783000000,0x00000007b66f09f0,0x00000007d6560000)
 PSPermGen       total 22720K, used 21901K [0x000000077de00000, 0x000000077f430000, 0x0000000783000000)
  object space 22720K, 96% used [0x000000077de00000,0x000000077f3634a8,0x000000077f430000)
2402.718: [GC [PSYoungGen: 309064K->178892K(455104K)] 1151754K->1093704K(1820480K), 0.0379470 secs] [Times: user=0.41 sys=0.00, real=0.04 secs] 
Heap after GC invocations=378 (full 28):
 PSYoungGen      total 455104K, used 178892K [0x00000007d6560000, 0x0000000800000000, 0x0000000800000000)
  eden space 227584K, 0% used [0x00000007d6560000,0x00000007d6560000,0x00000007e43a0000)
  from space 227520K, 78% used [0x00000007f21d0000,0x00000007fd0831b0,0x0000000800000000)
  to   space 227520K, 0% used [0x00000007e43a0000,0x00000007e43a0000,0x00000007f21d0000)
 PSOldGen        total 1365376K, used 914811K [0x0000000783000000, 0x00000007d6560000, 0x00000007d6560000)
  object space 1365376K, 67% used [0x0000000783000000,0x00000007bad5ef70,0x00000007d6560000)
 PSPermGen       total 22720K, used 21901K [0x000000077de00000, 0x000000077f430000, 0x0000000783000000)
  object space 22720K, 96% used [0x000000077de00000,0x000000077f3634a8,0x000000077f430000)
}
Total time for which application threads were stopped: 0.0388400 seconds
Application time: 0.2149970 seconds
{Heap before GC invocations=379 (full 28):
 PSYoungGen      total 455104K, used 406476K [0x00000007d6560000, 0x0000000800000000, 0x0000000800000000)
  eden space 227584K, 100% used [0x00000007d6560000,0x00000007e43a0000,0x00000007e43a0000)
  from space 227520K, 78% used [0x00000007f21d0000,0x00000007fd0831b0,0x0000000800000000)
  to   space 227520K, 0% used [0x00000007e43a0000,0x00000007e43a0000,0x00000007f21d0000)
 PSOldGen        total 1365376K, used 914811K [0x0000000783000000, 0x00000007d6560000, 0x00000007d6560000)
  object space 1365376K, 67% used [0x0000000783000000,0x00000007bad5ef70,0x00000007d6560000)
 PSPermGen       total 22720K, used 22177K [0x000000077de00000, 0x000000077f430000, 0x0000000783000000)
  object space 22720K, 97% used [0x000000077de00000,0x000000077f3a86e8,0x000000077f430000)
2402.972: [GC [PSYoungGen: 406476K->181500K(455104K)] 1321288K->1259216K(1820480K), 0.0501880 secs] [Times: user=0.60 sys=0.00, real=0.05 secs] 
Heap after GC invocations=379 (full 28):
 PSYoungGen      total 455104K, used 181500K [0x00000007d6560000, 0x0000000800000000, 0x0000000800000000)
  eden space 227584K, 0% used [0x00000007d6560000,0x00000007d6560000,0x00000007e43a0000)
  from space 227520K, 79% used [0x00000007e43a0000,0x00000007ef4df3b0,0x00000007f21d0000)
  to   space 227520K, 0% used [0x00000007f21d0000,0x00000007f21d0000,0x0000000800000000)
 PSOldGen        total 1365376K, used 1077716K [0x0000000783000000, 0x00000007d6560000, 0x00000007d6560000)
  object space 1365376K, 78% used [0x0000000783000000,0x00000007c4c75010,0x00000007d6560000)
 PSPermGen       total 22720K, used 22177K [0x000000077de00000, 0x000000077f430000, 0x0000000783000000)
  object space 22720K, 97% used [0x000000077de00000,0x000000077f3a86e8,0x000000077f430000)
}
Total time for which application threads were stopped: 0.0512340 seconds
Application time: 0.6954480 seconds
{Heap before GC invocations=380 (full 28):
 PSYoungGen      total 455104K, used 409084K [0x00000007d6560000, 0x0000000800000000, 0x0000000800000000)
  eden space 227584K, 100% used [0x00000007d6560000,0x00000007e43a0000,0x00000007e43a0000)
  from space 227520K, 79% used [0x00000007e43a0000,0x00000007ef4df3b0,0x00000007f21d0000)
  to   space 227520K, 0% used [0x00000007f21d0000,0x00000007f21d0000,0x0000000800000000)
 PSOldGen        total 1365376K, used 1077716K [0x0000000783000000, 0x00000007d6560000, 0x00000007d6560000)
  object space 1365376K, 78% used [0x0000000783000000,0x00000007c4c75010,0x00000007d6560000)
 PSPermGen       total 22720K, used 22225K [0x000000077de00000, 0x000000077f430000, 0x0000000783000000)
  object space 22720K, 97% used [0x000000077de00000,0x000000077f3b46e8,0x000000077f430000)
2403.719: [GC [PSYoungGen: 409084K->34585K(455104K)] 1486800K->1278508K(1820480K), 0.0564050 secs] [Times: user=0.42 sys=0.02, real=0.06 secs] 
Heap after GC invocations=380 (full 28):
 PSYoungGen      total 455104K, used 34585K [0x00000007d6560000, 0x0000000800000000, 0x0000000800000000)
  eden space 227584K, 0% used [0x00000007d6560000,0x00000007d6560000,0x00000007e43a0000)
  from space 227520K, 15% used [0x00000007f21d0000,0x00000007f4396530,0x0000000800000000)
  to   space 227520K, 0% used [0x00000007e43a0000,0x00000007e43a0000,0x00000007f21d0000)
 PSOldGen        total 1365376K, used 1243923K [0x0000000783000000, 0x00000007d6560000, 0x00000007d6560000)
  object space 1365376K, 91% used [0x0000000783000000,0x00000007ceec4e10,0x00000007d6560000)
 PSPermGen       total 22720K, used 22225K [0x000000077de00000, 0x000000077f430000, 0x0000000783000000)
  object space 22720K, 97% used [0x000000077de00000,0x000000077f3b46e8,0x000000077f430000)
}
{Heap before GC invocations=381 (full 29):
 PSYoungGen      total 455104K, used 34585K [0x00000007d6560000, 0x0000000800000000, 0x0000000800000000)
  eden space 227584K, 0% used [0x00000007d6560000,0x00000007d6560000,0x00000007e43a0000)
  from space 227520K, 15% used [0x00000007f21d0000,0x00000007f4396530,0x0000000800000000)
  to   space 227520K, 0% used [0x00000007e43a0000,0x00000007e43a0000,0x00000007f21d0000)
 PSOldGen        total 1365376K, used 1243923K [0x0000000783000000, 0x00000007d6560000, 0x00000007d6560000)
  object space 1365376K, 91% used [0x0000000783000000,0x00000007ceec4e10,0x00000007d6560000)
 PSPermGen       total 22720K, used 22225K [0x000000077de00000, 0x000000077f430000, 0x0000000783000000)
  object space 22720K, 97% used [0x000000077de00000,0x000000077f3b46e8,0x000000077f430000)
2403.775: [Full GC [PSYoungGen: 34585K->0K(455104K)] [PSOldGen: 1243923K->531115K(1365376K)] 1278508K->531115K(1820480K) [PSPermGen: 22225K->22225K(24896K)], 0.4617610 secs] [Times: user=0.46 sys=0.00, real=0.46 secs] 
Heap after GC invocations=381 (full 29):
 PSYoungGen      total 455104K, used 0K [0x00000007d6560000, 0x0000000800000000, 0x0000000800000000)
  eden space 227584K, 0% used [0x00000007d6560000,0x00000007d6560000,0x00000007e43a0000)
  from space 227520K, 0% used [0x00000007f21d0000,0x00000007f21d0000,0x0000000800000000)
  to   space 227520K, 0% used [0x00000007e43a0000,0x00000007e43a0000,0x00000007f21d0000)
 PSOldGen        total 1365376K, used 531115K [0x0000000783000000, 0x00000007d6560000, 0x00000007d6560000)
  object space 1365376K, 38% used [0x0000000783000000,0x00000007a36aad90,0x00000007d6560000)
 PSPermGen       total 24896K, used 22225K [0x000000077de00000, 0x000000077f650000, 0x0000000783000000)
  object space 24896K, 89% used [0x000000077de00000,0x000000077f3b46e8,0x000000077f650000)
}
Total time for which application threads were stopped: 0.5190980 seconds
Application time: 0.7749510 seconds
{Heap before GC invocations=382 (full 29):
 PSYoungGen      total 455104K, used 227584K [0x00000007d6560000, 0x0000000800000000, 0x0000000800000000)
  eden space 227584K, 100% used [0x00000007d6560000,0x00000007e43a0000,0x00000007e43a0000)
  from space 227520K, 0% used [0x00000007f21d0000,0x00000007f21d0000,0x0000000800000000)
  to   space 227520K, 0% used [0x00000007e43a0000,0x00000007e43a0000,0x00000007f21d0000)
 PSOldGen        total 1365376K, used 531115K [0x0000000783000000, 0x00000007d6560000, 0x00000007d6560000)
  object space 1365376K, 38% used [0x0000000783000000,0x00000007a36aad90,0x00000007d6560000)
 PSPermGen       total 24896K, used 22225K [0x000000077de00000, 0x000000077f650000, 0x0000000783000000)
  object space 24896K, 89% used [0x000000077de00000,0x000000077f3b46e8,0x000000077f650000)
2405.013: [GC [PSYoungGen: 227584K->6976K(455104K)] 758699K->538091K(1820480K), 0.0545850 secs] [Times: user=0.40 sys=0.00, real=0.06 secs] 
Heap after GC invocations=382 (full 29):
 PSYoungGen      total 455104K, used 6976K [0x00000007d6560000, 0x0000000800000000, 0x0000000800000000)
  eden space 227584K, 0% used [0x00000007d6560000,0x00000007d6560000,0x00000007e43a0000)
  from space 227520K, 3% used [0x00000007e43a0000,0x00000007e4a70000,0x00000007f21d0000)
  to   space 227520K, 0% used [0x00000007f21d0000,0x00000007f21d0000,0x0000000800000000)
 PSOldGen        total 1365376K, used 531115K [0x0000000783000000, 0x00000007d6560000, 0x00000007d6560000)
  object space 1365376K, 38% used [0x0000000783000000,0x00000007a36aad90,0x00000007d6560000)
 PSPermGen       total 24896K, used 22225K [0x000000077de00000, 0x000000077f650000, 0x0000000783000000)
  object space 24896K, 89% used [0x000000077de00000,0x000000077f3b46e8,0x000000077f650000)
}
Total time for which application threads were stopped: 0.0554470 seconds
Application time: 0.7572290 seconds
{Heap before GC invocations=383 (full 29):
 PSYoungGen      total 455104K, used 234560K [0x00000007d6560000, 0x0000000800000000, 0x0000000800000000)
  eden space 227584K, 100% used [0x00000007d6560000,0x00000007e43a0000,0x00000007e43a0000)
  from space 227520K, 3% used [0x00000007e43a0000,0x00000007e4a70000,0x00000007f21d0000)
  to   space 227520K, 0% used [0x00000007f21d0000,0x00000007f21d0000,0x0000000800000000)
 PSOldGen        total 1365376K, used 531115K [0x0000000783000000, 0x00000007d6560000, 0x00000007d6560000)
  object space 1365376K, 38% used [0x0000000783000000,0x00000007a36aad90,0x00000007d6560000)
 PSPermGen       total 24896K, used 22238K [0x000000077de00000, 0x000000077f650000, 0x0000000783000000)
  object space 24896K, 89% used [0x000000077de00000,0x000000077f3b7aa8,0x000000077f650000)
2405.825: [GC [PSYoungGen: 234560K->13794K(455104K)] 765675K->545013K(1820480K), 0.0518370 secs] [Times: user=0.32 sys=0.02, real=0.05 secs] 
Heap after GC invocations=383 (full 29):
 PSYoungGen      total 455104K, used 13794K [0x00000007d6560000, 0x0000000800000000, 0x0000000800000000)
  eden space 227584K, 0% used [0x00000007d6560000,0x00000007d6560000,0x00000007e43a0000)
  from space 227520K, 6% used [0x00000007f21d0000,0x00000007f2f48880,0x0000000800000000)
  to   space 227520K, 0% used [0x00000007e43a0000,0x00000007e43a0000,0x00000007f21d0000)
 PSOldGen        total 1365376K, used 531219K [0x0000000783000000, 0x00000007d6560000, 0x00000007d6560000)
  object space 1365376K, 38% used [0x0000000783000000,0x00000007a36c4d90,0x00000007d6560000)
 PSPermGen       total 24896K, used 22238K [0x000000077de00000, 0x000000077f650000, 0x0000000783000000)
  object space 24896K, 89% used [0x000000077de00000,0x000000077f3b7aa8,0x000000077f650000)
}
Total time for which application threads were stopped: 0.0526690 seconds
Application time: 0.7446480 seconds
{Heap before GC invocations=384 (full 29):
 PSYoungGen      total 455104K, used 241378K [0x00000007d6560000, 0x0000000800000000, 0x0000000800000000)
  eden space 227584K, 100% used [0x00000007d6560000,0x00000007e43a0000,0x00000007e43a0000)
  from space 227520K, 6% used [0x00000007f21d0000,0x00000007f2f48880,0x0000000800000000)
  to   space 227520K, 0% used [0x00000007e43a0000,0x00000007e43a0000,0x00000007f21d0000)
 PSOldGen        total 1365376K, used 531219K [0x0000000783000000, 0x00000007d6560000, 0x00000007d6560000)
  object space 1365376K, 38% used [0x0000000783000000,0x00000007a36c4d90,0x00000007d6560000)
 PSPermGen       total 24896K, used 22238K [0x000000077de00000, 0x000000077f650000, 0x0000000783000000)
  object space 24896K, 89% used [0x000000077de00000,0x000000077f3b7aa8,0x000000077f650000)
2406.624: [GC [PSYoungGen: 241378K->6944K(455104K)] 772597K->540554K(1820480K), 0.0535590 secs] [Times: user=0.31 sys=0.00, real=0.05 secs] 
Heap after GC invocations=384 (full 29):
 PSYoungGen      total 455104K, used 6944K [0x00000007d6560000, 0x0000000800000000, 0x0000000800000000)
  eden space 227584K, 0% used [0x00000007d6560000,0x00000007d6560000,0x00000007e43a0000)
  from space 227520K, 3% used [0x00000007e43a0000,0x00000007e4a68000,0x00000007f21d0000)
  to   space 227520K, 0% used [0x00000007f21d0000,0x00000007f21d0000,0x0000000800000000)
 PSOldGen        total 1365376K, used 533610K [0x0000000783000000, 0x00000007d6560000, 0x00000007d6560000)
  object space 1365376K, 39% used [0x0000000783000000,0x00000007a391aac0,0x00000007d6560000)
 PSPermGen       total 24896K, used 22238K [0x000000077de00000, 0x000000077f650000, 0x0000000783000000)
  object space 24896K, 89% used [0x000000077de00000,0x000000077f3b7aa8,0x000000077f650000)
}
Total time for which application threads were stopped: 0.0552870 seconds
Application time: 2.6494130 seconds
{Heap before GC invocations=385 (full 29):
 PSYoungGen      total 455104K, used 234528K [0x00000007d6560000, 0x0000000800000000, 0x0000000800000000)
  eden space 227584K, 100% used [0x00000007d6560000,0x00000007e43a0000,0x00000007e43a0000)
  from space 227520K, 3% used [0x00000007e43a0000,0x00000007e4a68000,0x00000007f21d0000)
  to   space 227520K, 0% used [0x00000007f21d0000,0x00000007f21d0000,0x0000000800000000)
 PSOldGen        total 1365376K, used 533610K [0x0000000783000000, 0x00000007d6560000, 0x00000007d6560000)
  object space 1365376K, 39% used [0x0000000783000000,0x00000007a391aac0,0x00000007d6560000)
 PSPermGen       total 24896K, used 22465K [0x000000077de00000, 0x000000077f650000, 0x0000000783000000)
  object space 24896K, 90% used [0x000000077de00000,0x000000077f3f07a8,0x000000077f650000)
2409.328: [GC [PSYoungGen: 234528K->144420K(455104K)] 768138K->678191K(1820480K), 0.0307920 secs] [Times: user=0.25 sys=0.00, real=0.03 secs] 
Heap after GC invocations=385 (full 29):
 PSYoungGen      total 455104K, used 144420K [0x00000007d6560000, 0x0000000800000000, 0x0000000800000000)
  eden space 227584K, 0% used [0x00000007d6560000,0x00000007d6560000,0x00000007e43a0000)
  from space 227520K, 63% used [0x00000007f21d0000,0x00000007faed93d0,0x0000000800000000)
  to   space 227520K, 0% used [0x00000007e43a0000,0x00000007e43a0000,0x00000007f21d0000)
 PSOldGen        total 1365376K, used 533770K [0x0000000783000000, 0x00000007d6560000, 0x00000007d6560000)
  object space 1365376K, 39% used [0x0000000783000000,0x00000007a3942ac0,0x00000007d6560000)
 PSPermGen       total 24896K, used 22465K [0x000000077de00000, 0x000000077f650000, 0x0000000783000000)
  object space 24896K, 90% used [0x000000077de00000,0x000000077f3f07a8,0x000000077f650000)
}
Total time for which application threads were stopped: 0.0316390 seconds
Application time: 0.2224050 seconds
{Heap before GC invocations=386 (full 29):
 PSYoungGen      total 455104K, used 372004K [0x00000007d6560000, 0x0000000800000000, 0x0000000800000000)
  eden space 227584K, 100% used [0x00000007d6560000,0x00000007e43a0000,0x00000007e43a0000)
  from space 227520K, 63% used [0x00000007f21d0000,0x00000007faed93d0,0x0000000800000000)
  to   space 227520K, 0% used [0x00000007e43a0000,0x00000007e43a0000,0x00000007f21d0000)
 PSOldGen        total 1365376K, used 533770K [0x0000000783000000, 0x00000007d6560000, 0x00000007d6560000)
  object space 1365376K, 39% used [0x0000000783000000,0x00000007a3942ac0,0x00000007d6560000)
 PSPermGen       total 24896K, used 22734K [0x000000077de00000, 0x000000077f650000, 0x0000000783000000)
  object space 24896K, 91% used [0x000000077de00000,0x000000077f433828,0x000000077f650000)
2409.582: [GC [PSYoungGen: 372004K->178427K(455104K)] 905775K->844475K(1820480K), 0.0449580 secs] [Times: user=0.51 sys=0.00, real=0.05 secs] 
Heap after GC invocations=386 (full 29):
 PSYoungGen      total 455104K, used 178427K [0x00000007d6560000, 0x0000000800000000, 0x0000000800000000)
  eden space 227584K, 0% used [0x00000007d6560000,0x00000007d6560000,0x00000007e43a0000)
  from space 227520K, 78% used [0x00000007e43a0000,0x00000007ef1dec60,0x00000007f21d0000)
  to   space 227520K, 0% used [0x00000007f21d0000,0x00000007f21d0000,0x0000000800000000)
 PSOldGen        total 1365376K, used 666047K [0x0000000783000000, 0x00000007d6560000, 0x00000007d6560000)
  object space 1365376K, 48% used [0x0000000783000000,0x00000007aba6ffa0,0x00000007d6560000)
 PSPermGen       total 24896K, used 22734K [0x000000077de00000, 0x000000077f650000, 0x0000000783000000)
  object space 24896K, 91% used [0x000000077de00000,0x000000077f433828,0x000000077f650000)
}
Total time for which application threads were stopped: 0.0457510 seconds
Application time: 0.2851430 seconds
{Heap before GC invocations=387 (full 29):
 PSYoungGen      total 455104K, used 406011K [0x00000007d6560000, 0x0000000800000000, 0x0000000800000000)
  eden space 227584K, 100% used [0x00000007d6560000,0x00000007e43a0000,0x00000007e43a0000)
  from space 227520K, 78% used [0x00000007e43a0000,0x00000007ef1dec60,0x00000007f21d0000)
  to   space 227520K, 0% used [0x00000007f21d0000,0x00000007f21d0000,0x0000000800000000)
 PSOldGen        total 1365376K, used 666047K [0x0000000783000000, 0x00000007d6560000, 0x00000007d6560000)
  object space 1365376K, 48% used [0x0000000783000000,0x00000007aba6ffa0,0x00000007d6560000)
 PSPermGen       total 24896K, used 22980K [0x000000077de00000, 0x000000077f650000, 0x0000000783000000)
  object space 24896K, 92% used [0x000000077de00000,0x000000077f471268,0x000000077f650000)
2409.913: [GC [PSYoungGen: 406011K->161508K(455104K)] 1072059K->990359K(1820480K), 0.0500440 secs] [Times: user=0.57 sys=0.00, real=0.05 secs] 
Heap after GC invocations=387 (full 29):
 PSYoungGen      total 455104K, used 161508K [0x00000007d6560000, 0x0000000800000000, 0x0000000800000000)
  eden space 227584K, 0% used [0x00000007d6560000,0x00000007d6560000,0x00000007e43a0000)
  from space 227520K, 70% used [0x00000007f21d0000,0x00000007fbf89090,0x0000000800000000)
  to   space 227520K, 0% used [0x00000007e43a0000,0x00000007e43a0000,0x00000007f21d0000)
 PSOldGen        total 1365376K, used 828851K [0x0000000783000000, 0x00000007d6560000, 0x00000007d6560000)
  object space 1365376K, 60% used [0x0000000783000000,0x00000007b596cd80,0x00000007d6560000)
 PSPermGen       total 24896K, used 22980K [0x000000077de00000, 0x000000077f650000, 0x0000000783000000)
  object space 24896K, 92% used [0x000000077de00000,0x000000077f471268,0x000000077f650000)
}
Total time for which application threads were stopped: 0.0509040 seconds
Application time: 0.8542350 seconds
{Heap before GC invocations=388 (full 29):
 PSYoungGen      total 455104K, used 389092K [0x00000007d6560000, 0x0000000800000000, 0x0000000800000000)
  eden space 227584K, 100% used [0x00000007d6560000,0x00000007e43a0000,0x00000007e43a0000)
  from space 227520K, 70% used [0x00000007f21d0000,0x00000007fbf89090,0x0000000800000000)
  to   space 227520K, 0% used [0x00000007e43a0000,0x00000007e43a0000,0x00000007f21d0000)
 PSOldGen        total 1365376K, used 828851K [0x0000000783000000, 0x00000007d6560000, 0x00000007d6560000)
  object space 1365376K, 60% used [0x0000000783000000,0x00000007b596cd80,0x00000007d6560000)
 PSPermGen       total 24896K, used 23001K [0x000000077de00000, 0x000000077f650000, 0x0000000783000000)
  object space 24896K, 92% used [0x000000077de00000,0x000000077f476668,0x000000077f650000)
2410.818: [GC [PSYoungGen: 389092K->18016K(455104K)] 1217943K->993423K(1820480K), 0.0590330 secs] [Times: user=0.45 sys=0.01, real=0.06 secs] 
Heap after GC invocations=388 (full 29):
 PSYoungGen      total 455104K, used 18016K [0x00000007d6560000, 0x0000000800000000, 0x0000000800000000)
  eden space 227584K, 0% used [0x00000007d6560000,0x00000007d6560000,0x00000007e43a0000)
  from space 227520K, 7% used [0x00000007e43a0000,0x00000007e5538020,0x00000007f21d0000)
  to   space 227520K, 0% used [0x00000007f21d0000,0x00000007f21d0000,0x0000000800000000)
 PSOldGen        total 1365376K, used 975407K [0x0000000783000000, 0x00000007d6560000, 0x00000007d6560000)
  object space 1365376K, 71% used [0x0000000783000000,0x00000007be88bd50,0x00000007d6560000)
 PSPermGen       total 24896K, used 23001K [0x000000077de00000, 0x000000077f650000, 0x0000000783000000)
  object space 24896K, 92% used [0x000000077de00000,0x000000077f476668,0x000000077f650000)
}
Total time for which application threads were stopped: 0.0598170 seconds
Application time: 0.9353240 seconds
{Heap before GC invocations=389 (full 29):
 PSYoungGen      total 455104K, used 245600K [0x00000007d6560000, 0x0000000800000000, 0x0000000800000000)
  eden space 227584K, 100% used [0x00000007d6560000,0x00000007e43a0000,0x00000007e43a0000)
  from space 227520K, 7% used [0x00000007e43a0000,0x00000007e5538020,0x00000007f21d0000)
  to   space 227520K, 0% used [0x00000007f21d0000,0x00000007f21d0000,0x0000000800000000)
 PSOldGen        total 1365376K, used 975407K [0x0000000783000000, 0x00000007d6560000, 0x00000007d6560000)
  object space 1365376K, 71% used [0x0000000783000000,0x00000007be88bd50,0x00000007d6560000)
 PSPermGen       total 24896K, used 23001K [0x000000077de00000, 0x000000077f650000, 0x0000000783000000)
  object space 24896K, 92% used [0x000000077de00000,0x000000077f476668,0x000000077f650000)
2411.813: [GC [PSYoungGen: 245600K->6976K(455104K)] 1221007K->992911K(1820480K), 0.0545550 secs] [Times: user=0.40 sys=0.00, real=0.06 secs] 
Heap after GC invocations=389 (full 29):
 PSYoungGen      total 455104K, used 6976K [0x00000007d6560000, 0x0000000800000000, 0x0000000800000000)
  eden space 227584K, 0% used [0x00000007d6560000,0x00000007d6560000,0x00000007e43a0000)
  from space 227520K, 3% used [0x00000007f21d0000,0x00000007f28a0000,0x0000000800000000)
  to   space 227520K, 0% used [0x00000007e43a0000,0x00000007e43a0000,0x00000007f21d0000)
 PSOldGen        total 1365376K, used 985935K [0x0000000783000000, 0x00000007d6560000, 0x00000007d6560000)
  object space 1365376K, 72% used [0x0000000783000000,0x00000007bf2d3d90,0x00000007d6560000)
 PSPermGen       total 24896K, used 23001K [0x000000077de00000, 0x000000077f650000, 0x0000000783000000)
  object space 24896K, 92% used [0x000000077de00000,0x000000077f476668,0x000000077f650000)
}
Total time for which application threads were stopped: 0.0554540 seconds
Application time: 0.7576320 seconds
{Heap before GC invocations=390 (full 29):
 PSYoungGen      total 455104K, used 234560K [0x00000007d6560000, 0x0000000800000000, 0x0000000800000000)
  eden space 227584K, 100% used [0x00000007d6560000,0x00000007e43a0000,0x00000007e43a0000)
  from space 227520K, 3% used [0x00000007f21d0000,0x00000007f28a0000,0x0000000800000000)
  to   space 227520K, 0% used [0x00000007e43a0000,0x00000007e43a0000,0x00000007f21d0000)
 PSOldGen        total 1365376K, used 985935K [0x0000000783000000, 0x00000007d6560000, 0x00000007d6560000)
  object space 1365376K, 72% used [0x0000000783000000,0x00000007bf2d3d90,0x00000007d6560000)
 PSPermGen       total 24896K, used 23001K [0x000000077de00000, 0x000000077f650000, 0x0000000783000000)
  object space 24896K, 92% used [0x000000077de00000,0x000000077f476668,0x000000077f650000)
2412.626: [GC [PSYoungGen: 234560K->7296K(455104K)] 1220495K->993311K(1820480K), 0.0549700 secs] [Times: user=0.39 sys=0.00, real=0.05 secs] 
Heap after GC invocations=390 (full 29):
 PSYoungGen      total 455104K, used 7296K [0x00000007d6560000, 0x0000000800000000, 0x0000000800000000)
  eden space 227584K, 0% used [0x00000007d6560000,0x00000007d6560000,0x00000007e43a0000)
  from space 227520K, 3% used [0x00000007e43a0000,0x00000007e4ac0000,0x00000007f21d0000)
  to   space 227520K, 0% used [0x00000007f21d0000,0x00000007f21d0000,0x0000000800000000)
 PSOldGen        total 1365376K, used 986015K [0x0000000783000000, 0x00000007d6560000, 0x00000007d6560000)
  object space 1365376K, 72% used [0x0000000783000000,0x00000007bf2e7d90,0x00000007d6560000)
 PSPermGen       total 24896K, used 23001K [0x000000077de00000, 0x000000077f650000, 0x0000000783000000)
  object space 24896K, 92% used [0x000000077de00000,0x000000077f476668,0x000000077f650000)
}
Total time for which application threads were stopped: 0.0557580 seconds
Application time: 60.7736220 seconds
Total time for which application threads were stopped: 0.0006810 seconds
Application time: 0.0005810 seconds
Total time for which application threads were stopped: 0.0005740 seconds
Application time: 0.0001080 seconds
Total time for which application threads were stopped: 0.0002570 seconds
Application time: 122.3965530 seconds
{Heap before GC invocations=391 (full 29):
 PSYoungGen      total 455104K, used 234880K [0x00000007d6560000, 0x0000000800000000, 0x0000000800000000)
  eden space 227584K, 100% used [0x00000007d6560000,0x00000007e43a0000,0x00000007e43a0000)
  from space 227520K, 3% used [0x00000007e43a0000,0x00000007e4ac0000,0x00000007f21d0000)
  to   space 227520K, 0% used [0x00000007f21d0000,0x00000007f21d0000,0x0000000800000000)
 PSOldGen        total 1365376K, used 986015K [0x0000000783000000, 0x00000007d6560000, 0x00000007d6560000)
  object space 1365376K, 72% used [0x0000000783000000,0x00000007bf2e7d90,0x00000007d6560000)
 PSPermGen       total 24896K, used 23013K [0x000000077de00000, 0x000000077f650000, 0x0000000783000000)
  object space 24896K, 92% used [0x000000077de00000,0x000000077f479668,0x000000077f650000)
2595.854: [GC [PSYoungGen: 234880K->12065K(455104K)] 1220895K->998425K(1820480K), 0.0488570 secs] [Times: user=0.35 sys=0.00, real=0.04 secs] 
Heap after GC invocations=391 (full 29):
 PSYoungGen      total 455104K, used 12065K [0x00000007d6560000, 0x0000000800000000, 0x0000000800000000)
  eden space 227584K, 0% used [0x00000007d6560000,0x00000007d6560000,0x00000007e43a0000)
  from space 227520K, 5% used [0x00000007f21d0000,0x00000007f2d98670,0x0000000800000000)
  to   space 227520K, 0% used [0x00000007e43a0000,0x00000007e43a0000,0x00000007f21d0000)
 PSOldGen        total 1365376K, used 986359K [0x0000000783000000, 0x00000007d6560000, 0x00000007d6560000)
  object space 1365376K, 72% used [0x0000000783000000,0x00000007bf33dd90,0x00000007d6560000)
 PSPermGen       total 24896K, used 23013K [0x000000077de00000, 0x000000077f650000, 0x0000000783000000)
  object space 24896K, 92% used [0x000000077de00000,0x000000077f479668,0x000000077f650000)
}
Total time for which application threads were stopped: 0.0496370 seconds
Application time: 0.2198030 seconds
{Heap before GC invocations=392 (full 29):
 PSYoungGen      total 455104K, used 239649K [0x00000007d6560000, 0x0000000800000000, 0x0000000800000000)
  eden space 227584K, 100% used [0x00000007d6560000,0x00000007e43a0000,0x00000007e43a0000)
  from space 227520K, 5% used [0x00000007f21d0000,0x00000007f2d98670,0x0000000800000000)
  to   space 227520K, 0% used [0x00000007e43a0000,0x00000007e43a0000,0x00000007f21d0000)
 PSOldGen        total 1365376K, used 986359K [0x0000000783000000, 0x00000007d6560000, 0x00000007d6560000)
  object space 1365376K, 72% used [0x0000000783000000,0x00000007bf33dd90,0x00000007d6560000)
 PSPermGen       total 24896K, used 23293K [0x000000077de00000, 0x000000077f650000, 0x0000000783000000)
  object space 24896K, 93% used [0x000000077de00000,0x000000077f4bf4a8,0x000000077f650000)
2596.124: [GC [PSYoungGen: 239649K->179372K(455104K)] 1226009K->1171167K(1820480K), 0.0313390 secs] [Times: user=0.33 sys=0.00, real=0.04 secs] 
Heap after GC invocations=392 (full 29):
 PSYoungGen      total 455104K, used 179372K [0x00000007d6560000, 0x0000000800000000, 0x0000000800000000)
  eden space 227584K, 0% used [0x00000007d6560000,0x00000007d6560000,0x00000007e43a0000)
  from space 227520K, 78% used [0x00000007e43a0000,0x00000007ef2cb2a0,0x00000007f21d0000)
  to   space 227520K, 0% used [0x00000007f21d0000,0x00000007f21d0000,0x0000000800000000)
 PSOldGen        total 1365376K, used 991795K [0x0000000783000000, 0x00000007d6560000, 0x00000007d6560000)
  object space 1365376K, 72% used [0x0000000783000000,0x00000007bf88cd40,0x00000007d6560000)
 PSPermGen       total 24896K, used 23293K [0x000000077de00000, 0x000000077f650000, 0x0000000783000000)
  object space 24896K, 93% used [0x000000077de00000,0x000000077f4bf4a8,0x000000077f650000)
}
Total time for which application threads were stopped: 0.0321820 seconds
Application time: 0.2211660 seconds
{Heap before GC invocations=393 (full 29):
 PSYoungGen      total 455104K, used 406956K [0x00000007d6560000, 0x0000000800000000, 0x0000000800000000)
  eden space 227584K, 100% used [0x00000007d6560000,0x00000007e43a0000,0x00000007e43a0000)
  from space 227520K, 78% used [0x00000007e43a0000,0x00000007ef2cb2a0,0x00000007f21d0000)
  to   space 227520K, 0% used [0x00000007f21d0000,0x00000007f21d0000,0x0000000800000000)
 PSOldGen        total 1365376K, used 991795K [0x0000000783000000, 0x00000007d6560000, 0x00000007d6560000)
  object space 1365376K, 72% used [0x0000000783000000,0x00000007bf88cd40,0x00000007d6560000)
 PSPermGen       total 24896K, used 23566K [0x000000077de00000, 0x000000077f650000, 0x0000000783000000)
  object space 24896K, 94% used [0x000000077de00000,0x000000077f503a28,0x000000077f650000)
2596.377: [GC [PSYoungGen: 406956K->180601K(455104K)] 1398751K->1337695K(1820480K), 0.0506250 secs] [Times: user=0.57 sys=0.02, real=0.05 secs] 
Heap after GC invocations=393 (full 29):
 PSYoungGen      total 455104K, used 180601K [0x00000007d6560000, 0x0000000800000000, 0x0000000800000000)
  eden space 227584K, 0% used [0x00000007d6560000,0x00000007d6560000,0x00000007e43a0000)
  from space 227520K, 79% used [0x00000007f21d0000,0x00000007fd22e4d0,0x0000000800000000)
  to   space 227520K, 0% used [0x00000007e43a0000,0x00000007e43a0000,0x00000007f21d0000)
 PSOldGen        total 1365376K, used 1157093K [0x0000000783000000, 0x00000007d6560000, 0x00000007d6560000)
  object space 1365376K, 84% used [0x0000000783000000,0x00000007c99f9780,0x00000007d6560000)
 PSPermGen       total 24896K, used 23566K [0x000000077de00000, 0x000000077f650000, 0x0000000783000000)
  object space 24896K, 94% used [0x000000077de00000,0x000000077f503a28,0x000000077f650000)
}
{Heap before GC invocations=394 (full 30):
 PSYoungGen      total 455104K, used 180601K [0x00000007d6560000, 0x0000000800000000, 0x0000000800000000)
  eden space 227584K, 0% used [0x00000007d6560000,0x00000007d6560000,0x00000007e43a0000)
  from space 227520K, 79% used [0x00000007f21d0000,0x00000007fd22e4d0,0x0000000800000000)
  to   space 227520K, 0% used [0x00000007e43a0000,0x00000007e43a0000,0x00000007f21d0000)
 PSOldGen        total 1365376K, used 1157093K [0x0000000783000000, 0x00000007d6560000, 0x00000007d6560000)
  object space 1365376K, 84% used [0x0000000783000000,0x00000007c99f9780,0x00000007d6560000)
 PSPermGen       total 24896K, used 23566K [0x000000077de00000, 0x000000077f650000, 0x0000000783000000)
  object space 24896K, 94% used [0x000000077de00000,0x000000077f503a28,0x000000077f650000)
2596.428: [Full GC [PSYoungGen: 180601K->0K(455104K)] [PSOldGen: 1157093K->435933K(1365376K)] 1337695K->435933K(1820480K) [PSPermGen: 23566K->23566K(25920K)], 0.3856780 secs] [Times: user=0.38 sys=0.00, real=0.38 secs] 
Heap after GC invocations=394 (full 30):
 PSYoungGen      total 455104K, used 0K [0x00000007d6560000, 0x0000000800000000, 0x0000000800000000)
  eden space 227584K, 0% used [0x00000007d6560000,0x00000007d6560000,0x00000007e43a0000)
  from space 227520K, 0% used [0x00000007f21d0000,0x00000007f21d0000,0x0000000800000000)
  to   space 227520K, 0% used [0x00000007e43a0000,0x00000007e43a0000,0x00000007f21d0000)
 PSOldGen        total 1365376K, used 435933K [0x0000000783000000, 0x00000007d6560000, 0x00000007d6560000)
  object space 1365376K, 31% used [0x0000000783000000,0x000000079d9b7740,0x00000007d6560000)
 PSPermGen       total 25920K, used 23566K [0x000000077de00000, 0x000000077f750000, 0x0000000783000000)
  object space 25920K, 90% used [0x000000077de00000,0x000000077f503a28,0x000000077f750000)
}
Total time for which application threads were stopped: 0.4373040 seconds
Application time: 0.7033790 seconds
{Heap before GC invocations=395 (full 30):
 PSYoungGen      total 455104K, used 227584K [0x00000007d6560000, 0x0000000800000000, 0x0000000800000000)
  eden space 227584K, 100% used [0x00000007d6560000,0x00000007e43a0000,0x00000007e43a0000)
  from space 227520K, 0% used [0x00000007f21d0000,0x00000007f21d0000,0x0000000800000000)
  to   space 227520K, 0% used [0x00000007e43a0000,0x00000007e43a0000,0x00000007f21d0000)
 PSOldGen        total 1365376K, used 435933K [0x0000000783000000, 0x00000007d6560000, 0x00000007d6560000)
  object space 1365376K, 31% used [0x0000000783000000,0x000000079d9b7740,0x00000007d6560000)
 PSPermGen       total 25920K, used 23622K [0x000000077de00000, 0x000000077f750000, 0x0000000783000000)
  object space 25920K, 91% used [0x000000077de00000,0x000000077f5119a8,0x000000077f750000)
2597.518: [GC [PSYoungGen: 227584K->38332K(455104K)] 663517K->474266K(1820480K), 0.0470590 secs] [Times: user=0.31 sys=0.01, real=0.05 secs] 
Heap after GC invocations=395 (full 30):
 PSYoungGen      total 455104K, used 38332K [0x00000007d6560000, 0x0000000800000000, 0x0000000800000000)
  eden space 227584K, 0% used [0x00000007d6560000,0x00000007d6560000,0x00000007e43a0000)
  from space 227520K, 16% used [0x00000007e43a0000,0x00000007e690f3d0,0x00000007f21d0000)
  to   space 227520K, 0% used [0x00000007f21d0000,0x00000007f21d0000,0x0000000800000000)
 PSOldGen        total 1365376K, used 435933K [0x0000000783000000, 0x00000007d6560000, 0x00000007d6560000)
  object space 1365376K, 31% used [0x0000000783000000,0x000000079d9b7740,0x00000007d6560000)
 PSPermGen       total 25920K, used 23622K [0x000000077de00000, 0x000000077f750000, 0x0000000783000000)
  object space 25920K, 91% used [0x000000077de00000,0x000000077f5119a8,0x000000077f750000)
}
Total time for which application threads were stopped: 0.0484110 seconds
Application time: 0.8117250 seconds
{Heap before GC invocations=396 (full 30):
 PSYoungGen      total 455104K, used 265916K [0x00000007d6560000, 0x0000000800000000, 0x0000000800000000)
  eden space 227584K, 100% used [0x00000007d6560000,0x00000007e43a0000,0x00000007e43a0000)
  from space 227520K, 16% used [0x00000007e43a0000,0x00000007e690f3d0,0x00000007f21d0000)
  to   space 227520K, 0% used [0x00000007f21d0000,0x00000007f21d0000,0x0000000800000000)
 PSOldGen        total 1365376K, used 435933K [0x0000000783000000, 0x00000007d6560000, 0x00000007d6560000)
  object space 1365376K, 31% used [0x0000000783000000,0x000000079d9b7740,0x00000007d6560000)
 PSPermGen       total 25920K, used 23622K [0x000000077de00000, 0x000000077f750000, 0x0000000783000000)
  object space 25920K, 91% used [0x000000077de00000,0x000000077f5119a8,0x000000077f750000)
2598.378: [GC [PSYoungGen: 265916K->6912K(455104K)] 701850K->465478K(1820480K), 0.0545250 secs] [Times: user=0.40 sys=0.00, real=0.05 secs] 
Heap after GC invocations=396 (full 30):
 PSYoungGen      total 455104K, used 6912K [0x00000007d6560000, 0x0000000800000000, 0x0000000800000000)
  eden space 227584K, 0% used [0x00000007d6560000,0x00000007d6560000,0x00000007e43a0000)
  from space 227520K, 3% used [0x00000007f21d0000,0x00000007f2890000,0x0000000800000000)
  to   space 227520K, 0% used [0x00000007e43a0000,0x00000007e43a0000,0x00000007f21d0000)
 PSOldGen        total 1365376K, used 458566K [0x0000000783000000, 0x00000007d6560000, 0x00000007d6560000)
  object space 1365376K, 33% used [0x0000000783000000,0x000000079efd1980,0x00000007d6560000)
 PSPermGen       total 25920K, used 23622K [0x000000077de00000, 0x000000077f750000, 0x0000000783000000)
  object space 25920K, 91% used [0x000000077de00000,0x000000077f5119a8,0x000000077f750000)
}
Total time for which application threads were stopped: 0.0553210 seconds
Application time: 0.7783420 seconds
{Heap before GC invocations=397 (full 30):
 PSYoungGen      total 455104K, used 234496K [0x00000007d6560000, 0x0000000800000000, 0x0000000800000000)
  eden space 227584K, 100% used [0x00000007d6560000,0x00000007e43a0000,0x00000007e43a0000)
  from space 227520K, 3% used [0x00000007f21d0000,0x00000007f2890000,0x0000000800000000)
  to   space 227520K, 0% used [0x00000007e43a0000,0x00000007e43a0000,0x00000007f21d0000)
 PSOldGen        total 1365376K, used 458566K [0x0000000783000000, 0x00000007d6560000, 0x00000007d6560000)
  object space 1365376K, 33% used [0x0000000783000000,0x000000079efd1980,0x00000007d6560000)
 PSPermGen       total 25920K, used 23622K [0x000000077de00000, 0x000000077f750000, 0x0000000783000000)
  object space 25920K, 91% used [0x000000077de00000,0x000000077f5119a8,0x000000077f750000)
2599.211: [GC [PSYoungGen: 234496K->7136K(455104K)] 693062K->465814K(1820480K), 0.0520210 secs] [Times: user=0.38 sys=0.00, real=0.06 secs] 
Heap after GC invocations=397 (full 30):
 PSYoungGen      total 455104K, used 7136K [0x00000007d6560000, 0x0000000800000000, 0x0000000800000000)
  eden space 227584K, 0% used [0x00000007d6560000,0x00000007d6560000,0x00000007e43a0000)
  from space 227520K, 3% used [0x00000007e43a0000,0x00000007e4a98000,0x00000007f21d0000)
  to   space 227520K, 0% used [0x00000007f21d0000,0x00000007f21d0000,0x0000000800000000)
 PSOldGen        total 1365376K, used 458678K [0x0000000783000000, 0x00000007d6560000, 0x00000007d6560000)
  object space 1365376K, 33% used [0x0000000783000000,0x000000079efed980,0x00000007d6560000)
 PSPermGen       total 25920K, used 23622K [0x000000077de00000, 0x000000077f750000, 0x0000000783000000)
  object space 25920K, 91% used [0x000000077de00000,0x000000077f5119a8,0x000000077f750000)
}
Total time for which application threads were stopped: 0.0527800 seconds
Application time: 0.5713740 seconds
{Heap before GC invocations=398 (full 30):
 PSYoungGen      total 455104K, used 234720K [0x00000007d6560000, 0x0000000800000000, 0x0000000800000000)
  eden space 227584K, 100% used [0x00000007d6560000,0x00000007e43a0000,0x00000007e43a0000)
  from space 227520K, 3% used [0x00000007e43a0000,0x00000007e4a98000,0x00000007f21d0000)
  to   space 227520K, 0% used [0x00000007f21d0000,0x00000007f21d0000,0x0000000800000000)
 PSOldGen        total 1365376K, used 458678K [0x0000000783000000, 0x00000007d6560000, 0x00000007d6560000)
  object space 1365376K, 33% used [0x0000000783000000,0x000000079efed980,0x00000007d6560000)
 PSPermGen       total 25920K, used 23720K [0x000000077de00000, 0x000000077f750000, 0x0000000783000000)
  object space 25920K, 91% used [0x000000077de00000,0x000000077f52a1e8,0x000000077f750000)
2599.836: [GC [PSYoungGen: 234720K->62323K(455104K)] 693398K->521290K(1820480K), 0.0353330 secs] [Times: user=0.20 sys=0.02, real=0.04 secs] 
Heap after GC invocations=398 (full 30):
 PSYoungGen      total 455104K, used 62323K [0x00000007d6560000, 0x0000000800000000, 0x0000000800000000)
  eden space 227584K, 0% used [0x00000007d6560000,0x00000007d6560000,0x00000007e43a0000)
  from space 227520K, 27% used [0x00000007f21d0000,0x00000007f5eaced0,0x0000000800000000)
  to   space 227520K, 0% used [0x00000007e43a0000,0x00000007e43a0000,0x00000007f21d0000)
 PSOldGen        total 1365376K, used 458966K [0x0000000783000000, 0x00000007d6560000, 0x00000007d6560000)
  object space 1365376K, 33% used [0x0000000783000000,0x000000079f035980,0x00000007d6560000)
 PSPermGen       total 25920K, used 23720K [0x000000077de00000, 0x000000077f750000, 0x0000000783000000)
  object space 25920K, 91% used [0x000000077de00000,0x000000077f52a1e8,0x000000077f750000)
}
Total time for which application threads were stopped: 0.0360440 seconds
Application time: 1.9126240 seconds
{Heap before GC invocations=399 (full 30):
 PSYoungGen      total 455104K, used 289907K [0x00000007d6560000, 0x0000000800000000, 0x0000000800000000)
  eden space 227584K, 100% used [0x00000007d6560000,0x00000007e43a0000,0x00000007e43a0000)
  from space 227520K, 27% used [0x00000007f21d0000,0x00000007f5eaced0,0x0000000800000000)
  to   space 227520K, 0% used [0x00000007e43a0000,0x00000007e43a0000,0x00000007f21d0000)
 PSOldGen        total 1365376K, used 458966K [0x0000000783000000, 0x00000007d6560000, 0x00000007d6560000)
  object space 1365376K, 33% used [0x0000000783000000,0x000000079f035980,0x00000007d6560000)
 PSPermGen       total 25920K, used 23816K [0x000000077de00000, 0x000000077f750000, 0x0000000783000000)
  object space 25920K, 91% used [0x000000077de00000,0x000000077f5422a8,0x000000077f750000)
2601.784: [GC [PSYoungGen: 289907K->61338K(455104K)] 748874K->522258K(1820480K), 0.0367460 secs] [Times: user=0.23 sys=0.02, real=0.03 secs] 
Heap after GC invocations=399 (full 30):
 PSYoungGen      total 455104K, used 61338K [0x00000007d6560000, 0x0000000800000000, 0x0000000800000000)
  eden space 227584K, 0% used [0x00000007d6560000,0x00000007d6560000,0x00000007e43a0000)
  from space 227520K, 26% used [0x00000007e43a0000,0x00000007e7f86920,0x00000007f21d0000)
  to   space 227520K, 0% used [0x00000007f21d0000,0x00000007f21d0000,0x0000000800000000)
 PSOldGen        total 1365376K, used 460919K [0x0000000783000000, 0x00000007d6560000, 0x00000007d6560000)
  object space 1365376K, 33% used [0x0000000783000000,0x000000079f21df90,0x00000007d6560000)
 PSPermGen       total 25920K, used 23816K [0x000000077de00000, 0x000000077f750000, 0x0000000783000000)
  object space 25920K, 91% used [0x000000077de00000,0x000000077f5422a8,0x000000077f750000)
}
Total time for which application threads were stopped: 0.0375560 seconds
Application time: 0.2152030 seconds
{Heap before GC invocations=400 (full 30):
 PSYoungGen      total 455104K, used 288921K [0x00000007d6560000, 0x0000000800000000, 0x0000000800000000)
  eden space 227584K, 99% used [0x00000007d6560000,0x00000007e439fd10,0x00000007e43a0000)
  from space 227520K, 26% used [0x00000007e43a0000,0x00000007e7f86920,0x00000007f21d0000)
  to   space 227520K, 0% used [0x00000007f21d0000,0x00000007f21d0000,0x0000000800000000)
 PSOldGen        total 1365376K, used 460919K [0x0000000783000000, 0x00000007d6560000, 0x00000007d6560000)
  object space 1365376K, 33% used [0x0000000783000000,0x000000079f21df90,0x00000007d6560000)
 PSPermGen       total 25920K, used 24084K [0x000000077de00000, 0x000000077f750000, 0x0000000783000000)
  object space 25920K, 92% used [0x000000077de00000,0x000000077f5853e8,0x000000077f750000)
2602.037: [GC [PSYoungGen: 288921K->179503K(455104K)] 749841K->693615K(1820480K), 0.0343930 secs] [Times: user=0.37 sys=0.00, real=0.03 secs] 
Heap after GC invocations=400 (full 30):
 PSYoungGen      total 455104K, used 179503K [0x00000007d6560000, 0x0000000800000000, 0x0000000800000000)
  eden space 227584K, 0% used [0x00000007d6560000,0x00000007d6560000,0x00000007e43a0000)
  from space 227520K, 78% used [0x00000007f21d0000,0x00000007fd11bcd0,0x0000000800000000)
  to   space 227520K, 0% used [0x00000007e43a0000,0x00000007e43a0000,0x00000007f21d0000)
 PSOldGen        total 1365376K, used 514112K [0x0000000783000000, 0x00000007d6560000, 0x00000007d6560000)
  object space 1365376K, 37% used [0x0000000783000000,0x00000007a26101d0,0x00000007d6560000)
 PSPermGen       total 25920K, used 24084K [0x000000077de00000, 0x000000077f750000, 0x0000000783000000)
  object space 25920K, 92% used [0x000000077de00000,0x000000077f5853e8,0x000000077f750000)
}
Total time for which application threads were stopped: 0.0351730 seconds
Application time: 0.2196520 seconds
{Heap before GC invocations=401 (full 30):
 PSYoungGen      total 455104K, used 407087K [0x00000007d6560000, 0x0000000800000000, 0x0000000800000000)
  eden space 227584K, 100% used [0x00000007d6560000,0x00000007e43a0000,0x00000007e43a0000)
  from space 227520K, 78% used [0x00000007f21d0000,0x00000007fd11bcd0,0x0000000800000000)
  to   space 227520K, 0% used [0x00000007e43a0000,0x00000007e43a0000,0x00000007f21d0000)
 PSOldGen        total 1365376K, used 514112K [0x0000000783000000, 0x00000007d6560000, 0x00000007d6560000)
  object space 1365376K, 37% used [0x0000000783000000,0x00000007a26101d0,0x00000007d6560000)
 PSPermGen       total 25920K, used 24357K [0x000000077de00000, 0x000000077f750000, 0x0000000783000000)
  object space 25920K, 93% used [0x000000077de00000,0x000000077f5c9728,0x000000077f750000)
2602.292: [GC [PSYoungGen: 407087K->180146K(455104K)] 921199K->857429K(1820480K), 0.0490900 secs] [Times: user=0.59 sys=0.00, real=0.05 secs] 
Heap after GC invocations=401 (full 30):
 PSYoungGen      total 455104K, used 180146K [0x00000007d6560000, 0x0000000800000000, 0x0000000800000000)
  eden space 227584K, 0% used [0x00000007d6560000,0x00000007d6560000,0x00000007e43a0000)
  from space 227520K, 79% used [0x00000007e43a0000,0x00000007ef38c800,0x00000007f21d0000)
  to   space 227520K, 0% used [0x00000007f21d0000,0x00000007f21d0000,0x0000000800000000)
 PSOldGen        total 1365376K, used 677283K [0x0000000783000000, 0x00000007d6560000, 0x00000007d6560000)
  object space 1365376K, 49% used [0x0000000783000000,0x00000007ac568e50,0x00000007d6560000)
 PSPermGen       total 25920K, used 24357K [0x000000077de00000, 0x000000077f750000, 0x0000000783000000)
  object space 25920K, 93% used [0x000000077de00000,0x000000077f5c9728,0x000000077f750000)
}
Total time for which application threads were stopped: 0.0499010 seconds
Application time: 0.5629800 seconds
{Heap before GC invocations=402 (full 30):
 PSYoungGen      total 455104K, used 407730K [0x00000007d6560000, 0x0000000800000000, 0x0000000800000000)
  eden space 227584K, 100% used [0x00000007d6560000,0x00000007e43a0000,0x00000007e43a0000)
  from space 227520K, 79% used [0x00000007e43a0000,0x00000007ef38c800,0x00000007f21d0000)
  to   space 227520K, 0% used [0x00000007f21d0000,0x00000007f21d0000,0x0000000800000000)
 PSOldGen        total 1365376K, used 677283K [0x0000000783000000, 0x00000007d6560000, 0x00000007d6560000)
  object space 1365376K, 49% used [0x0000000783000000,0x00000007ac568e50,0x00000007d6560000)
 PSPermGen       total 25920K, used 24474K [0x000000077de00000, 0x000000077f750000, 0x0000000783000000)
  object space 25920K, 94% used [0x000000077de00000,0x000000077f5e6a68,0x000000077f750000)
2602.905: [GC [PSYoungGen: 407730K->75794K(455104K)] 1085013K->918072K(1820480K), 0.0535490 secs] [Times: user=0.48 sys=0.01, real=0.05 secs] 
Heap after GC invocations=402 (full 30):
 PSYoungGen      total 455104K, used 75794K [0x00000007d6560000, 0x0000000800000000, 0x0000000800000000)
  eden space 227584K, 0% used [0x00000007d6560000,0x00000007d6560000,0x00000007e43a0000)
  from space 227520K, 33% used [0x00000007f21d0000,0x00000007f6bd4830,0x0000000800000000)
  to   space 227520K, 0% used [0x00000007e43a0000,0x00000007e43a0000,0x00000007f21d0000)
 PSOldGen        total 1365376K, used 842278K [0x0000000783000000, 0x00000007d6560000, 0x00000007d6560000)
  object space 1365376K, 61% used [0x0000000783000000,0x00000007b66898d0,0x00000007d6560000)
 PSPermGen       total 25920K, used 24474K [0x000000077de00000, 0x000000077f750000, 0x0000000783000000)
  object space 25920K, 94% used [0x000000077de00000,0x000000077f5e6a68,0x000000077f750000)
}
Total time for which application threads were stopped: 0.0544340 seconds
Application time: 0.8103170 seconds
{Heap before GC invocations=403 (full 30):
 PSYoungGen      total 455104K, used 303378K [0x00000007d6560000, 0x0000000800000000, 0x0000000800000000)
  eden space 227584K, 100% used [0x00000007d6560000,0x00000007e43a0000,0x00000007e43a0000)
  from space 227520K, 33% used [0x00000007f21d0000,0x00000007f6bd4830,0x0000000800000000)
  to   space 227520K, 0% used [0x00000007e43a0000,0x00000007e43a0000,0x00000007f21d0000)
 PSOldGen        total 1365376K, used 842278K [0x0000000783000000, 0x00000007d6560000, 0x00000007d6560000)
  object space 1365376K, 61% used [0x0000000783000000,0x00000007b66898d0,0x00000007d6560000)
 PSPermGen       total 25920K, used 24474K [0x000000077de00000, 0x000000077f750000, 0x0000000783000000)
  object space 25920K, 94% used [0x000000077de00000,0x000000077f5e6a68,0x000000077f750000)
2603.770: [GC [PSYoungGen: 303378K->7072K(455104K)] 1145656K->915226K(1820480K), 0.0546350 secs] [Times: user=0.39 sys=0.00, real=0.05 secs] 
Heap after GC invocations=403 (full 30):
 PSYoungGen      total 455104K, used 7072K [0x00000007d6560000, 0x0000000800000000, 0x0000000800000000)
  eden space 227584K, 0% used [0x00000007d6560000,0x00000007d6560000,0x00000007e43a0000)
  from space 227520K, 3% used [0x00000007e43a0000,0x00000007e4a88000,0x00000007f21d0000)
  to   space 227520K, 0% used [0x00000007f21d0000,0x00000007f21d0000,0x0000000800000000)
 PSOldGen        total 1365376K, used 908154K [0x0000000783000000, 0x00000007d6560000, 0x00000007d6560000)
  object space 1365376K, 66% used [0x0000000783000000,0x00000007ba6de8f0,0x00000007d6560000)
 PSPermGen       total 25920K, used 24474K [0x000000077de00000, 0x000000077f750000, 0x0000000783000000)
  object space 25920K, 94% used [0x000000077de00000,0x000000077f5e6a68,0x000000077f750000)
}
Total time for which application threads were stopped: 0.0555000 seconds
Application time: 0.7940080 seconds
{Heap before GC invocations=404 (full 30):
 PSYoungGen      total 455104K, used 234656K [0x00000007d6560000, 0x0000000800000000, 0x0000000800000000)
  eden space 227584K, 100% used [0x00000007d6560000,0x00000007e43a0000,0x00000007e43a0000)
  from space 227520K, 3% used [0x00000007e43a0000,0x00000007e4a88000,0x00000007f21d0000)
  to   space 227520K, 0% used [0x00000007f21d0000,0x00000007f21d0000,0x0000000800000000)
 PSOldGen        total 1365376K, used 908154K [0x0000000783000000, 0x00000007d6560000, 0x00000007d6560000)
  object space 1365376K, 66% used [0x0000000783000000,0x00000007ba6de8f0,0x00000007d6560000)
 PSPermGen       total 25920K, used 24475K [0x000000077de00000, 0x000000077f750000, 0x0000000783000000)
  object space 25920K, 94% used [0x000000077de00000,0x000000077f5e6f40,0x000000077f750000)
2604.619: [GC [PSYoungGen: 234656K->7008K(455104K)] 1142810K->915258K(1820480K), 0.0564940 secs] [Times: user=0.42 sys=0.00, real=0.06 secs] 
Heap after GC invocations=404 (full 30):
 PSYoungGen      total 455104K, used 7008K [0x00000007d6560000, 0x0000000800000000, 0x0000000800000000)
  eden space 227584K, 0% used [0x00000007d6560000,0x00000007d6560000,0x00000007e43a0000)
  from space 227520K, 3% used [0x00000007f21d0000,0x00000007f28a8000,0x0000000800000000)
  to   space 227520K, 0% used [0x00000007e43a0000,0x00000007e43a0000,0x00000007f21d0000)
 PSOldGen        total 1365376K, used 908250K [0x0000000783000000, 0x00000007d6560000, 0x00000007d6560000)
  object space 1365376K, 66% used [0x0000000783000000,0x00000007ba6f68f0,0x00000007d6560000)
 PSPermGen       total 25920K, used 24475K [0x000000077de00000, 0x000000077f750000, 0x0000000783000000)
  object space 25920K, 94% used [0x000000077de00000,0x000000077f5e6f40,0x000000077f750000)
}
Total time for which application threads were stopped: 0.0572440 seconds
Application time: 0.7885650 seconds
{Heap before GC invocations=405 (full 30):
 PSYoungGen      total 455104K, used 234592K [0x00000007d6560000, 0x0000000800000000, 0x0000000800000000)
  eden space 227584K, 100% used [0x00000007d6560000,0x00000007e43a0000,0x00000007e43a0000)
  from space 227520K, 3% used [0x00000007f21d0000,0x00000007f28a8000,0x0000000800000000)
  to   space 227520K, 0% used [0x00000007e43a0000,0x00000007e43a0000,0x00000007f21d0000)
 PSOldGen        total 1365376K, used 908250K [0x0000000783000000, 0x00000007d6560000, 0x00000007d6560000)
  object space 1365376K, 66% used [0x0000000783000000,0x00000007ba6f68f0,0x00000007d6560000)
 PSPermGen       total 25920K, used 24475K [0x000000077de00000, 0x000000077f750000, 0x0000000783000000)
  object space 25920K, 94% used [0x000000077de00000,0x000000077f5e6f40,0x000000077f750000)
2605.465: [GC [PSYoungGen: 234592K->7328K(455104K)] 1142842K->915634K(1820480K), 0.0559890 secs] [Times: user=0.40 sys=0.00, real=0.05 secs] 
Heap after GC invocations=405 (full 30):
 PSYoungGen      total 455104K, used 7328K [0x00000007d6560000, 0x0000000800000000, 0x0000000800000000)
  eden space 227584K, 0% used [0x00000007d6560000,0x00000007d6560000,0x00000007e43a0000)
  from space 227520K, 3% used [0x00000007e43a0000,0x00000007e4ac8000,0x00000007f21d0000)
  to   space 227520K, 0% used [0x00000007f21d0000,0x00000007f21d0000,0x0000000800000000)
 PSOldGen        total 1365376K, used 908306K [0x0000000783000000, 0x00000007d6560000, 0x00000007d6560000)
  object space 1365376K, 66% used [0x0000000783000000,0x00000007ba7048f0,0x00000007d6560000)
 PSPermGen       total 25920K, used 24475K [0x000000077de00000, 0x000000077f750000, 0x0000000783000000)
  object space 25920K, 94% used [0x000000077de00000,0x000000077f5e6f40,0x000000077f750000)
}
Total time for which application threads were stopped: 0.0570350 seconds
Application time: 2.3512090 seconds
{Heap before GC invocations=406 (full 30):
 PSYoungGen      total 455104K, used 234912K [0x00000007d6560000, 0x0000000800000000, 0x0000000800000000)
  eden space 227584K, 100% used [0x00000007d6560000,0x00000007e43a0000,0x00000007e43a0000)
  from space 227520K, 3% used [0x00000007e43a0000,0x00000007e4ac8000,0x00000007f21d0000)
  to   space 227520K, 0% used [0x00000007f21d0000,0x00000007f21d0000,0x0000000800000000)
 PSOldGen        total 1365376K, used 908306K [0x0000000783000000, 0x00000007d6560000, 0x00000007d6560000)
  object space 1365376K, 66% used [0x0000000783000000,0x00000007ba7048f0,0x00000007d6560000)
 PSPermGen       total 25920K, used 24635K [0x000000077de00000, 0x000000077f750000, 0x0000000783000000)
  object space 25920K, 95% used [0x000000077de00000,0x000000077f60ec00,0x000000077f750000)
2607.873: [GC [PSYoungGen: 234912K->101173K(455104K)] 1143218K->1009863K(1820480K), 0.0308700 secs] [Times: user=0.24 sys=0.00, real=0.03 secs] 
Heap after GC invocations=406 (full 30):
 PSYoungGen      total 455104K, used 101173K [0x00000007d6560000, 0x0000000800000000, 0x0000000800000000)
  eden space 227584K, 0% used [0x00000007d6560000,0x00000007d6560000,0x00000007e43a0000)
  from space 227520K, 44% used [0x00000007f21d0000,0x00000007f849d680,0x0000000800000000)
  to   space 227520K, 0% used [0x00000007e43a0000,0x00000007e43a0000,0x00000007f21d0000)
 PSOldGen        total 1365376K, used 908690K [0x0000000783000000, 0x00000007d6560000, 0x00000007d6560000)
  object space 1365376K, 66% used [0x0000000783000000,0x00000007ba7648f0,0x00000007d6560000)
 PSPermGen       total 25920K, used 24635K [0x000000077de00000, 0x000000077f750000, 0x0000000783000000)
  object space 25920K, 95% used [0x000000077de00000,0x000000077f60ec00,0x000000077f750000)
}
Total time for which application threads were stopped: 0.0317600 seconds
Application time: 0.2103860 seconds
{Heap before GC invocations=407 (full 30):
 PSYoungGen      total 455104K, used 328757K [0x00000007d6560000, 0x0000000800000000, 0x0000000800000000)
  eden space 227584K, 100% used [0x00000007d6560000,0x00000007e43a0000,0x00000007e43a0000)
  from space 227520K, 44% used [0x00000007f21d0000,0x00000007f849d680,0x0000000800000000)
  to   space 227520K, 0% used [0x00000007e43a0000,0x00000007e43a0000,0x00000007f21d0000)
 PSOldGen        total 1365376K, used 908690K [0x0000000783000000, 0x00000007d6560000, 0x00000007d6560000)
  object space 1365376K, 66% used [0x0000000783000000,0x00000007ba7648f0,0x00000007d6560000)
 PSPermGen       total 25920K, used 24906K [0x000000077de00000, 0x000000077f750000, 0x0000000783000000)
  object space 25920K, 96% used [0x000000077de00000,0x000000077f652940,0x000000077f750000)
2608.116: [GC [PSYoungGen: 328757K->181318K(455104K)] 1237447K->1181039K(1820480K), 0.0408130 secs] [Times: user=0.44 sys=0.01, real=0.04 secs] 
Heap after GC invocations=407 (full 30):
 PSYoungGen      total 455104K, used 181318K [0x00000007d6560000, 0x0000000800000000, 0x0000000800000000)
  eden space 227584K, 0% used [0x00000007d6560000,0x00000007d6560000,0x00000007e43a0000)
  from space 227520K, 79% used [0x00000007e43a0000,0x00000007ef4b1b40,0x00000007f21d0000)
  to   space 227520K, 0% used [0x00000007f21d0000,0x00000007f21d0000,0x0000000800000000)
 PSOldGen        total 1365376K, used 999720K [0x0000000783000000, 0x00000007d6560000, 0x00000007d6560000)
  object space 1365376K, 73% used [0x0000000783000000,0x00000007c004a120,0x00000007d6560000)
 PSPermGen       total 25920K, used 24906K [0x000000077de00000, 0x000000077f750000, 0x0000000783000000)
  object space 25920K, 96% used [0x000000077de00000,0x000000077f652940,0x000000077f750000)
}
Total time for which application threads were stopped: 0.0416930 seconds
Application time: 0.2934500 seconds
{Heap before GC invocations=408 (full 30):
 PSYoungGen      total 455104K, used 408902K [0x00000007d6560000, 0x0000000800000000, 0x0000000800000000)
  eden space 227584K, 100% used [0x00000007d6560000,0x00000007e43a0000,0x00000007e43a0000)
  from space 227520K, 79% used [0x00000007e43a0000,0x00000007ef4b1b40,0x00000007f21d0000)
  to   space 227520K, 0% used [0x00000007f21d0000,0x00000007f21d0000,0x0000000800000000)
 PSOldGen        total 1365376K, used 999720K [0x0000000783000000, 0x00000007d6560000, 0x00000007d6560000)
  object space 1365376K, 73% used [0x0000000783000000,0x00000007c004a120,0x00000007d6560000)
 PSPermGen       total 25920K, used 25155K [0x000000077de00000, 0x000000077f750000, 0x0000000783000000)
  object space 25920K, 97% used [0x000000077de00000,0x000000077f690c80,0x000000077f750000)
2608.451: [GC [PSYoungGen: 408902K->163309K(455104K)] 1408623K->1327563K(1820480K), 0.0511630 secs] [Times: user=0.57 sys=0.00, real=0.05 secs] 
Heap after GC invocations=408 (full 30):
 PSYoungGen      total 455104K, used 163309K [0x00000007d6560000, 0x0000000800000000, 0x0000000800000000)
  eden space 227584K, 0% used [0x00000007d6560000,0x00000007d6560000,0x00000007e43a0000)
  from space 227520K, 71% used [0x00000007f21d0000,0x00000007fc14b5f0,0x0000000800000000)
  to   space 227520K, 0% used [0x00000007e43a0000,0x00000007e43a0000,0x00000007f21d0000)
 PSOldGen        total 1365376K, used 1164254K [0x0000000783000000, 0x00000007d6560000, 0x00000007d6560000)
  object space 1365376K, 85% used [0x0000000783000000,0x00000007ca0f7820,0x00000007d6560000)
 PSPermGen       total 25920K, used 25155K [0x000000077de00000, 0x000000077f750000, 0x0000000783000000)
  object space 25920K, 97% used [0x000000077de00000,0x000000077f690c80,0x000000077f750000)
}
{Heap before GC invocations=409 (full 31):
 PSYoungGen      total 455104K, used 163309K [0x00000007d6560000, 0x0000000800000000, 0x0000000800000000)
  eden space 227584K, 0% used [0x00000007d6560000,0x00000007d6560000,0x00000007e43a0000)
  from space 227520K, 71% used [0x00000007f21d0000,0x00000007fc14b5f0,0x0000000800000000)
  to   space 227520K, 0% used [0x00000007e43a0000,0x00000007e43a0000,0x00000007f21d0000)
 PSOldGen        total 1365376K, used 1164254K [0x0000000783000000, 0x00000007d6560000, 0x00000007d6560000)
  object space 1365376K, 85% used [0x0000000783000000,0x00000007ca0f7820,0x00000007d6560000)
 PSPermGen       total 25920K, used 25155K [0x000000077de00000, 0x000000077f750000, 0x0000000783000000)
  object space 25920K, 97% used [0x000000077de00000,0x000000077f690c80,0x000000077f750000)
2608.502: [Full GC [PSYoungGen: 163309K->0K(455104K)] [PSOldGen: 1164254K->437164K(1365376K)] 1327563K->437164K(1820480K) [PSPermGen: 25155K->25155K(27456K)], 0.4318670 secs] [Times: user=0.43 sys=0.00, real=0.43 secs] 
Heap after GC invocations=409 (full 31):
 PSYoungGen      total 455104K, used 0K [0x00000007d6560000, 0x0000000800000000, 0x0000000800000000)
  eden space 227584K, 0% used [0x00000007d6560000,0x00000007d6560000,0x00000007e43a0000)
  from space 227520K, 0% used [0x00000007f21d0000,0x00000007f21d0000,0x0000000800000000)
  to   space 227520K, 0% used [0x00000007e43a0000,0x00000007e43a0000,0x00000007f21d0000)
 PSOldGen        total 1365376K, used 437164K [0x0000000783000000, 0x00000007d6560000, 0x00000007d6560000)
  object space 1365376K, 32% used [0x0000000783000000,0x000000079daeb2d8,0x00000007d6560000)
 PSPermGen       total 27456K, used 25155K [0x000000077de00000, 0x000000077f8d0000, 0x0000000783000000)
  object space 27456K, 91% used [0x000000077de00000,0x000000077f690c80,0x000000077f8d0000)
}
Total time for which application threads were stopped: 0.4841120 seconds
Application time: 0.7246750 seconds
{Heap before GC invocations=410 (full 31):
 PSYoungGen      total 455104K, used 227584K [0x00000007d6560000, 0x0000000800000000, 0x0000000800000000)
  eden space 227584K, 100% used [0x00000007d6560000,0x00000007e43a0000,0x00000007e43a0000)
  from space 227520K, 0% used [0x00000007f21d0000,0x00000007f21d0000,0x0000000800000000)
  to   space 227520K, 0% used [0x00000007e43a0000,0x00000007e43a0000,0x00000007f21d0000)
 PSOldGen        total 1365376K, used 437164K [0x0000000783000000, 0x00000007d6560000, 0x00000007d6560000)
  object space 1365376K, 32% used [0x0000000783000000,0x000000079daeb2d8,0x00000007d6560000)
 PSPermGen       total 27456K, used 25195K [0x000000077de00000, 0x000000077f8d0000, 0x0000000783000000)
  object space 27456K, 91% used [0x000000077de00000,0x000000077f69ad00,0x000000077f8d0000)
2609.660: [GC [PSYoungGen: 227584K->30339K(455104K)] 664748K->467504K(1820480K), 0.0500520 secs] [Times: user=0.35 sys=0.01, real=0.05 secs] 
Heap after GC invocations=410 (full 31):
 PSYoungGen      total 455104K, used 30339K [0x00000007d6560000, 0x0000000800000000, 0x0000000800000000)
  eden space 227584K, 0% used [0x00000007d6560000,0x00000007d6560000,0x00000007e43a0000)
  from space 227520K, 13% used [0x00000007e43a0000,0x00000007e6140fa0,0x00000007f21d0000)
  to   space 227520K, 0% used [0x00000007f21d0000,0x00000007f21d0000,0x0000000800000000)
 PSOldGen        total 1365376K, used 437164K [0x0000000783000000, 0x00000007d6560000, 0x00000007d6560000)
  object space 1365376K, 32% used [0x0000000783000000,0x000000079daeb2d8,0x00000007d6560000)
 PSPermGen       total 27456K, used 25195K [0x000000077de00000, 0x000000077f8d0000, 0x0000000783000000)
  object space 27456K, 91% used [0x000000077de00000,0x000000077f69ad00,0x000000077f8d0000)
}
Total time for which application threads were stopped: 0.0518260 seconds
Application time: 0.8111290 seconds
{Heap before GC invocations=411 (full 31):
 PSYoungGen      total 455104K, used 257923K [0x00000007d6560000, 0x0000000800000000, 0x0000000800000000)
  eden space 227584K, 100% used [0x00000007d6560000,0x00000007e43a0000,0x00000007e43a0000)
  from space 227520K, 13% used [0x00000007e43a0000,0x00000007e6140fa0,0x00000007f21d0000)
  to   space 227520K, 0% used [0x00000007f21d0000,0x00000007f21d0000,0x0000000800000000)
 PSOldGen        total 1365376K, used 437164K [0x0000000783000000, 0x00000007d6560000, 0x00000007d6560000)
  object space 1365376K, 32% used [0x0000000783000000,0x000000079daeb2d8,0x00000007d6560000)
 PSPermGen       total 27456K, used 25195K [0x000000077de00000, 0x000000077f8d0000, 0x0000000783000000)
  object space 27456K, 91% used [0x000000077de00000,0x000000077f69ad00,0x000000077f8d0000)
2610.523: [GC [PSYoungGen: 257923K->7008K(455104K)] 695088K->466514K(1820480K), 0.0541720 secs] [Times: user=0.39 sys=0.00, real=0.06 secs] 
Heap after GC invocations=411 (full 31):
 PSYoungGen      total 455104K, used 7008K [0x00000007d6560000, 0x0000000800000000, 0x0000000800000000)
  eden space 227584K, 0% used [0x00000007d6560000,0x00000007d6560000,0x00000007e43a0000)
  from space 227520K, 3% used [0x00000007f21d0000,0x00000007f28a8000,0x0000000800000000)
  to   space 227520K, 0% used [0x00000007e43a0000,0x00000007e43a0000,0x00000007f21d0000)
 PSOldGen        total 1365376K, used 459506K [0x0000000783000000, 0x00000007d6560000, 0x00000007d6560000)
  object space 1365376K, 33% used [0x0000000783000000,0x000000079f0bca48,0x00000007d6560000)
 PSPermGen       total 27456K, used 25195K [0x000000077de00000, 0x000000077f8d0000, 0x0000000783000000)
  object space 27456K, 91% used [0x000000077de00000,0x000000077f69ad00,0x000000077f8d0000)
}
Total time for which application threads were stopped: 0.0551540 seconds
Application time: 0.8010710 seconds
{Heap before GC invocations=412 (full 31):
 PSYoungGen      total 455104K, used 234592K [0x00000007d6560000, 0x0000000800000000, 0x0000000800000000)
  eden space 227584K, 100% used [0x00000007d6560000,0x00000007e43a0000,0x00000007e43a0000)
  from space 227520K, 3% used [0x00000007f21d0000,0x00000007f28a8000,0x0000000800000000)
  to   space 227520K, 0% used [0x00000007e43a0000,0x00000007e43a0000,0x00000007f21d0000)
 PSOldGen        total 1365376K, used 459506K [0x0000000783000000, 0x00000007d6560000, 0x00000007d6560000)
  object space 1365376K, 33% used [0x0000000783000000,0x000000079f0bca48,0x00000007d6560000)
 PSPermGen       total 27456K, used 25195K [0x000000077de00000, 0x000000077f8d0000, 0x0000000783000000)
  object space 27456K, 91% used [0x000000077de00000,0x000000077f69ad00,0x000000077f8d0000)
2611.379: [GC [PSYoungGen: 234592K->7424K(455104K)] 694098K->467018K(1820480K), 0.0540310 secs] [Times: user=0.39 sys=0.00, real=0.05 secs] 
Heap after GC invocations=412 (full 31):
 PSYoungGen      total 455104K, used 7424K [0x00000007d6560000, 0x0000000800000000, 0x0000000800000000)
  eden space 227584K, 0% used [0x00000007d6560000,0x00000007d6560000,0x00000007e43a0000)
  from space 227520K, 3% used [0x00000007e43a0000,0x00000007e4ae0000,0x00000007f21d0000)
  to   space 227520K, 0% used [0x00000007f21d0000,0x00000007f21d0000,0x0000000800000000)
 PSOldGen        total 1365376K, used 459594K [0x0000000783000000, 0x00000007d6560000, 0x00000007d6560000)
  object space 1365376K, 33% used [0x0000000783000000,0x000000079f0d2a48,0x00000007d6560000)
 PSPermGen       total 27456K, used 25195K [0x000000077de00000, 0x000000077f8d0000, 0x0000000783000000)
  object space 27456K, 91% used [0x000000077de00000,0x000000077f69ad00,0x000000077f8d0000)
}
Total time for which application threads were stopped: 0.0547720 seconds
Application time: 0.7556970 seconds
{Heap before GC invocations=413 (full 31):
 PSYoungGen      total 455104K, used 235008K [0x00000007d6560000, 0x0000000800000000, 0x0000000800000000)
  eden space 227584K, 100% used [0x00000007d6560000,0x00000007e43a0000,0x00000007e43a0000)
  from space 227520K, 3% used [0x00000007e43a0000,0x00000007e4ae0000,0x00000007f21d0000)
  to   space 227520K, 0% used [0x00000007f21d0000,0x00000007f21d0000,0x0000000800000000)
 PSOldGen        total 1365376K, used 459594K [0x0000000783000000, 0x00000007d6560000, 0x00000007d6560000)
  object space 1365376K, 33% used [0x0000000783000000,0x000000079f0d2a48,0x00000007d6560000)
 PSPermGen       total 27456K, used 25195K [0x000000077de00000, 0x000000077f8d0000, 0x0000000783000000)
  object space 27456K, 91% used [0x000000077de00000,0x000000077f69ad00,0x000000077f8d0000)
2612.189: [GC [PSYoungGen: 235008K->6784K(455104K)] 694602K->466874K(1820480K), 0.0524160 secs] [Times: user=0.38 sys=0.00, real=0.05 secs] 
Heap after GC invocations=413 (full 31):
 PSYoungGen      total 455104K, used 6784K [0x00000007d6560000, 0x0000000800000000, 0x0000000800000000)
  eden space 227584K, 0% used [0x00000007d6560000,0x00000007d6560000,0x00000007e43a0000)
  from space 227520K, 2% used [0x00000007f21d0000,0x00000007f2870000,0x0000000800000000)
  to   space 227520K, 0% used [0x00000007e43a0000,0x00000007e43a0000,0x00000007f21d0000)
 PSOldGen        total 1365376K, used 460090K [0x0000000783000000, 0x00000007d6560000, 0x00000007d6560000)
  object space 1365376K, 33% used [0x0000000783000000,0x000000079f14ea48,0x00000007d6560000)
 PSPermGen       total 27456K, used 25195K [0x000000077de00000, 0x000000077f8d0000, 0x0000000783000000)
  object space 27456K, 91% used [0x000000077de00000,0x000000077f69ad00,0x000000077f8d0000)
}
Total time for which application threads were stopped: 0.0532050 seconds
Application time: 1.9904590 seconds
{Heap before GC invocations=414 (full 31):
 PSYoungGen      total 455104K, used 234368K [0x00000007d6560000, 0x0000000800000000, 0x0000000800000000)
  eden space 227584K, 100% used [0x00000007d6560000,0x00000007e43a0000,0x00000007e43a0000)
  from space 227520K, 2% used [0x00000007f21d0000,0x00000007f2870000,0x0000000800000000)
  to   space 227520K, 0% used [0x00000007e43a0000,0x00000007e43a0000,0x00000007f21d0000)
 PSOldGen        total 1365376K, used 460090K [0x0000000783000000, 0x00000007d6560000, 0x00000007d6560000)
  object space 1365376K, 33% used [0x0000000783000000,0x000000079f14ea48,0x00000007d6560000)
 PSPermGen       total 27456K, used 25447K [0x000000077de00000, 0x000000077f8d0000, 0x0000000783000000)
  object space 27456K, 92% used [0x000000077de00000,0x000000077f6d9c40,0x000000077f8d0000)
2614.233: [GC [PSYoungGen: 234368K->161131K(455104K)] 694458K->621302K(1820480K), 0.0285610 secs] [Times: user=0.28 sys=0.00, real=0.03 secs] 
Heap after GC invocations=414 (full 31):
 PSYoungGen      total 455104K, used 161131K [0x00000007d6560000, 0x0000000800000000, 0x0000000800000000)
  eden space 227584K, 0% used [0x00000007d6560000,0x00000007d6560000,0x00000007e43a0000)
  from space 227520K, 70% used [0x00000007e43a0000,0x00000007ee0fae40,0x00000007f21d0000)
  to   space 227520K, 0% used [0x00000007f21d0000,0x00000007f21d0000,0x0000000800000000)
 PSOldGen        total 1365376K, used 460170K [0x0000000783000000, 0x00000007d6560000, 0x00000007d6560000)
  object space 1365376K, 33% used [0x0000000783000000,0x000000079f162a48,0x00000007d6560000)
 PSPermGen       total 27456K, used 25447K [0x000000077de00000, 0x000000077f8d0000, 0x0000000783000000)
  object space 27456K, 92% used [0x000000077de00000,0x000000077f6d9c40,0x000000077f8d0000)
}
Total time for which application threads were stopped: 0.0293490 seconds
Application time: 0.2097230 seconds
{Heap before GC invocations=415 (full 31):
 PSYoungGen      total 455104K, used 388715K [0x00000007d6560000, 0x0000000800000000, 0x0000000800000000)
  eden space 227584K, 100% used [0x00000007d6560000,0x00000007e43a0000,0x00000007e43a0000)
  from space 227520K, 70% used [0x00000007e43a0000,0x00000007ee0fae40,0x00000007f21d0000)
  to   space 227520K, 0% used [0x00000007f21d0000,0x00000007f21d0000,0x0000000800000000)
 PSOldGen        total 1365376K, used 460170K [0x0000000783000000, 0x00000007d6560000, 0x00000007d6560000)
  object space 1365376K, 33% used [0x0000000783000000,0x000000079f162a48,0x00000007d6560000)
 PSPermGen       total 27456K, used 25721K [0x000000077de00000, 0x000000077f8d0000, 0x0000000783000000)
  object space 27456K, 93% used [0x000000077de00000,0x000000077f71e700,0x000000077f8d0000)
2614.472: [GC [PSYoungGen: 388715K->181294K(455104K)] 848886K->789083K(1820480K), 0.0461380 secs] [Times: user=0.52 sys=0.01, real=0.05 secs] 
Heap after GC invocations=415 (full 31):
 PSYoungGen      total 455104K, used 181294K [0x00000007d6560000, 0x0000000800000000, 0x0000000800000000)
  eden space 227584K, 0% used [0x00000007d6560000,0x00000007d6560000,0x00000007e43a0000)
  from space 227520K, 79% used [0x00000007f21d0000,0x00000007fd2db9b0,0x0000000800000000)
  to   space 227520K, 0% used [0x00000007e43a0000,0x00000007e43a0000,0x00000007f21d0000)
 PSOldGen        total 1365376K, used 607789K [0x0000000783000000, 0x00000007d6560000, 0x00000007d6560000)
  object space 1365376K, 44% used [0x0000000783000000,0x00000007a818b558,0x00000007d6560000)
 PSPermGen       total 27456K, used 25721K [0x000000077de00000, 0x000000077f8d0000, 0x0000000783000000)
  object space 27456K, 93% used [0x000000077de00000,0x000000077f71e700,0x000000077f8d0000)
}
Total time for which application threads were stopped: 0.0470320 seconds
Application time: 0.3038140 seconds
{Heap before GC invocations=416 (full 31):
 PSYoungGen      total 455104K, used 408878K [0x00000007d6560000, 0x0000000800000000, 0x0000000800000000)
  eden space 227584K, 100% used [0x00000007d6560000,0x00000007e43a0000,0x00000007e43a0000)
  from space 227520K, 79% used [0x00000007f21d0000,0x00000007fd2db9b0,0x0000000800000000)
  to   space 227520K, 0% used [0x00000007e43a0000,0x00000007e43a0000,0x00000007f21d0000)
 PSOldGen        total 1365376K, used 607789K [0x0000000783000000, 0x00000007d6560000, 0x00000007d6560000)
  object space 1365376K, 44% used [0x0000000783000000,0x00000007a818b558,0x00000007d6560000)
 PSPermGen       total 27456K, used 25959K [0x000000077de00000, 0x000000077f8d0000, 0x0000000783000000)
  object space 27456K, 94% used [0x000000077de00000,0x000000077f759d40,0x000000077f8d0000)
2614.823: [GC [PSYoungGen: 408878K->155569K(455104K)] 1016667K->929352K(1820480K), 0.0513390 secs] [Times: user=0.59 sys=0.00, real=0.06 secs] 
Heap after GC invocations=416 (full 31):
 PSYoungGen      total 455104K, used 155569K [0x00000007d6560000, 0x0000000800000000, 0x0000000800000000)
  eden space 227584K, 0% used [0x00000007d6560000,0x00000007d6560000,0x00000007e43a0000)
  from space 227520K, 68% used [0x00000007e43a0000,0x00000007edb8c4c0,0x00000007f21d0000)
  to   space 227520K, 0% used [0x00000007f21d0000,0x00000007f21d0000,0x0000000800000000)
 PSOldGen        total 1365376K, used 773783K [0x0000000783000000, 0x00000007d6560000, 0x00000007d6560000)
  object space 1365376K, 56% used [0x0000000783000000,0x00000007b23a5d28,0x00000007d6560000)
 PSPermGen       total 27456K, used 25959K [0x000000077de00000, 0x000000077f8d0000, 0x0000000783000000)
  object space 27456K, 94% used [0x000000077de00000,0x000000077f759d40,0x000000077f8d0000)
}
Total time for which application threads were stopped: 0.0522260 seconds
Application time: 0.7734680 seconds
{Heap before GC invocations=417 (full 31):
 PSYoungGen      total 455104K, used 383153K [0x00000007d6560000, 0x0000000800000000, 0x0000000800000000)
  eden space 227584K, 100% used [0x00000007d6560000,0x00000007e43a0000,0x00000007e43a0000)
  from space 227520K, 68% used [0x00000007e43a0000,0x00000007edb8c4c0,0x00000007f21d0000)
  to   space 227520K, 0% used [0x00000007f21d0000,0x00000007f21d0000,0x0000000800000000)
 PSOldGen        total 1365376K, used 773783K [0x0000000783000000, 0x00000007d6560000, 0x00000007d6560000)
  object space 1365376K, 56% used [0x0000000783000000,0x00000007b23a5d28,0x00000007d6560000)
 PSPermGen       total 27456K, used 25980K [0x000000077de00000, 0x000000077f8d0000, 0x0000000783000000)
  object space 27456K, 94% used [0x000000077de00000,0x000000077f75f080,0x000000077f8d0000)
2615.649: [GC [PSYoungGen: 383153K->17837K(455104K)] 1156936K->933260K(1820480K), 0.0541590 secs] [Times: user=0.40 sys=0.00, real=0.05 secs] 
Heap after GC invocations=417 (full 31):
 PSYoungGen      total 455104K, used 17837K [0x00000007d6560000, 0x0000000800000000, 0x0000000800000000)
  eden space 227584K, 0% used [0x00000007d6560000,0x00000007d6560000,0x00000007e43a0000)
  from space 227520K, 7% used [0x00000007f21d0000,0x00000007f333b450,0x0000000800000000)
  to   space 227520K, 0% used [0x00000007e43a0000,0x00000007e43a0000,0x00000007f21d0000)
 PSOldGen        total 1365376K, used 915423K [0x0000000783000000, 0x00000007d6560000, 0x00000007d6560000)
  object space 1365376K, 67% used [0x0000000783000000,0x00000007badf7c58,0x00000007d6560000)
 PSPermGen       total 27456K, used 25980K [0x000000077de00000, 0x000000077f8d0000, 0x0000000783000000)
  object space 27456K, 94% used [0x000000077de00000,0x000000077f75f080,0x000000077f8d0000)
}
Total time for which application threads were stopped: 0.0551630 seconds
Application time: 0.8138600 seconds
{Heap before GC invocations=418 (full 31):
 PSYoungGen      total 455104K, used 245421K [0x00000007d6560000, 0x0000000800000000, 0x0000000800000000)
  eden space 227584K, 100% used [0x00000007d6560000,0x00000007e43a0000,0x00000007e43a0000)
  from space 227520K, 7% used [0x00000007f21d0000,0x00000007f333b450,0x0000000800000000)
  to   space 227520K, 0% used [0x00000007e43a0000,0x00000007e43a0000,0x00000007f21d0000)
 PSOldGen        total 1365376K, used 915423K [0x0000000783000000, 0x00000007d6560000, 0x00000007d6560000)
  object space 1365376K, 67% used [0x0000000783000000,0x00000007badf7c58,0x00000007d6560000)
 PSPermGen       total 27456K, used 25980K [0x000000077de00000, 0x000000077f8d0000, 0x0000000783000000)
  object space 27456K, 94% used [0x000000077de00000,0x000000077f75f080,0x000000077f8d0000)
2616.517: [GC [PSYoungGen: 245421K->7040K(455104K)] 1160844K->933261K(1820480K), 0.0583460 secs] [Times: user=0.39 sys=0.01, real=0.05 secs] 
Heap after GC invocations=418 (full 31):
 PSYoungGen      total 455104K, used 7040K [0x00000007d6560000, 0x0000000800000000, 0x0000000800000000)
  eden space 227584K, 0% used [0x00000007d6560000,0x00000007d6560000,0x00000007e43a0000)
  from space 227520K, 3% used [0x00000007e43a0000,0x00000007e4a80000,0x00000007f21d0000)
  to   space 227520K, 0% used [0x00000007f21d0000,0x00000007f21d0000,0x0000000800000000)
 PSOldGen        total 1365376K, used 926221K [0x0000000783000000, 0x00000007d6560000, 0x00000007d6560000)
  object space 1365376K, 67% used [0x0000000783000000,0x00000007bb8835a8,0x00000007d6560000)
 PSPermGen       total 27456K, used 25980K [0x000000077de00000, 0x000000077f8d0000, 0x0000000783000000)
  object space 27456K, 94% used [0x000000077de00000,0x000000077f75f080,0x000000077f8d0000)
}
Total time for which application threads were stopped: 0.0590750 seconds
Application time: 0.7998040 seconds
{Heap before GC invocations=419 (full 31):
 PSYoungGen      total 455104K, used 234624K [0x00000007d6560000, 0x0000000800000000, 0x0000000800000000)
  eden space 227584K, 100% used [0x00000007d6560000,0x00000007e43a0000,0x00000007e43a0000)
  from space 227520K, 3% used [0x00000007e43a0000,0x00000007e4a80000,0x00000007f21d0000)
  to   space 227520K, 0% used [0x00000007f21d0000,0x00000007f21d0000,0x0000000800000000)
 PSOldGen        total 1365376K, used 926221K [0x0000000783000000, 0x00000007d6560000, 0x00000007d6560000)
  object space 1365376K, 67% used [0x0000000783000000,0x00000007bb8835a8,0x00000007d6560000)
 PSPermGen       total 27456K, used 25980K [0x000000077de00000, 0x000000077f8d0000, 0x0000000783000000)
  object space 27456K, 94% used [0x000000077de00000,0x000000077f75f080,0x000000077f8d0000)
2617.376: [GC [PSYoungGen: 234624K->7168K(455104K)] 1160845K->933413K(1820480K), 0.0547680 secs] [Times: user=0.39 sys=0.00, real=0.05 secs] 
Heap after GC invocations=419 (full 31):
 PSYoungGen      total 455104K, used 7168K [0x00000007d6560000, 0x0000000800000000, 0x0000000800000000)
  eden space 227584K, 0% used [0x00000007d6560000,0x00000007d6560000,0x00000007e43a0000)
  from space 227520K, 3% used [0x00000007f21d0000,0x00000007f28d0000,0x0000000800000000)
  to   space 227520K, 0% used [0x00000007e43a0000,0x00000007e43a0000,0x00000007f21d0000)
 PSOldGen        total 1365376K, used 926245K [0x0000000783000000, 0x00000007d6560000, 0x00000007d6560000)
  object space 1365376K, 67% used [0x0000000783000000,0x00000007bb8895a8,0x00000007d6560000)
 PSPermGen       total 27456K, used 25980K [0x000000077de00000, 0x000000077f8d0000, 0x0000000783000000)
  object space 27456K, 94% used [0x000000077de00000,0x000000077f75f080,0x000000077f8d0000)
}
Total time for which application threads were stopped: 0.0555340 seconds
Application time: 3.2298200 seconds
{Heap before GC invocations=420 (full 31):
 PSYoungGen      total 455104K, used 234752K [0x00000007d6560000, 0x0000000800000000, 0x0000000800000000)
  eden space 227584K, 100% used [0x00000007d6560000,0x00000007e43a0000,0x00000007e43a0000)
  from space 227520K, 3% used [0x00000007f21d0000,0x00000007f28d0000,0x0000000800000000)
  to   space 227520K, 0% used [0x00000007e43a0000,0x00000007e43a0000,0x00000007f21d0000)
 PSOldGen        total 1365376K, used 926245K [0x0000000783000000, 0x00000007d6560000, 0x00000007d6560000)
  object space 1365376K, 67% used [0x0000000783000000,0x00000007bb8895a8,0x00000007d6560000)
 PSPermGen       total 27456K, used 26035K [0x000000077de00000, 0x000000077f8d0000, 0x0000000783000000)
  object space 27456K, 94% used [0x000000077de00000,0x000000077f76cf40,0x000000077f8d0000)
2620.662: [GC [PSYoungGen: 234752K->35808K(455104K)] 1160997K->962197K(1820480K), 0.0494300 secs] [Times: user=0.39 sys=0.00, real=0.05 secs] 
Heap after GC invocations=420 (full 31):
 PSYoungGen      total 455104K, used 35808K [0x00000007d6560000, 0x0000000800000000, 0x0000000800000000)
  eden space 227584K, 0% used [0x00000007d6560000,0x00000007d6560000,0x00000007e43a0000)
  from space 227520K, 15% used [0x00000007e43a0000,0x00000007e6698240,0x00000007f21d0000)
  to   space 227520K, 0% used [0x00000007f21d0000,0x00000007f21d0000,0x0000000800000000)
 PSOldGen        total 1365376K, used 926389K [0x0000000783000000, 0x00000007d6560000, 0x00000007d6560000)
  object space 1365376K, 67% used [0x0000000783000000,0x00000007bb8ad5a8,0x00000007d6560000)
 PSPermGen       total 27456K, used 26035K [0x000000077de00000, 0x000000077f8d0000, 0x0000000783000000)
  object space 27456K, 94% used [0x000000077de00000,0x000000077f76cf40,0x000000077f8d0000)
}
Total time for which application threads were stopped: 0.0502720 seconds
Application time: 0.2068750 seconds
{Heap before GC invocations=421 (full 31):
 PSYoungGen      total 455104K, used 263392K [0x00000007d6560000, 0x0000000800000000, 0x0000000800000000)
  eden space 227584K, 100% used [0x00000007d6560000,0x00000007e43a0000,0x00000007e43a0000)
  from space 227520K, 15% used [0x00000007e43a0000,0x00000007e6698240,0x00000007f21d0000)
  to   space 227520K, 0% used [0x00000007f21d0000,0x00000007f21d0000,0x0000000800000000)
 PSOldGen        total 1365376K, used 926389K [0x0000000783000000, 0x00000007d6560000, 0x00000007d6560000)
  object space 1365376K, 67% used [0x0000000783000000,0x00000007bb8ad5a8,0x00000007d6560000)
 PSPermGen       total 27456K, used 26308K [0x000000077de00000, 0x000000077f8d0000, 0x0000000783000000)
  object space 27456K, 95% used [0x000000077de00000,0x000000077f7b1100,0x000000077f8d0000)
2620.919: [GC [PSYoungGen: 263392K->180408K(455104K)] 1189781K->1135711K(1820480K), 0.0328770 secs] [Times: user=0.37 sys=0.00, real=0.03 secs] 
Heap after GC invocations=421 (full 31):
 PSYoungGen      total 455104K, used 180408K [0x00000007d6560000, 0x0000000800000000, 0x0000000800000000)
  eden space 227584K, 0% used [0x00000007d6560000,0x00000007d6560000,0x00000007e43a0000)
  from space 227520K, 79% used [0x00000007f21d0000,0x00000007fd1fe1f0,0x0000000800000000)
  to   space 227520K, 0% used [0x00000007e43a0000,0x00000007e43a0000,0x00000007f21d0000)
 PSOldGen        total 1365376K, used 955303K [0x0000000783000000, 0x00000007d6560000, 0x00000007d6560000)
  object space 1365376K, 69% used [0x0000000783000000,0x00000007bd4e9cd8,0x00000007d6560000)
 PSPermGen       total 27456K, used 26308K [0x000000077de00000, 0x000000077f8d0000, 0x0000000783000000)
  object space 27456K, 95% used [0x000000077de00000,0x000000077f7b1100,0x000000077f8d0000)
}
Total time for which application threads were stopped: 0.0336560 seconds
Application time: 0.2048500 seconds
{Heap before GC invocations=422 (full 31):
 PSYoungGen      total 455104K, used 407992K [0x00000007d6560000, 0x0000000800000000, 0x0000000800000000)
  eden space 227584K, 100% used [0x00000007d6560000,0x00000007e43a0000,0x00000007e43a0000)
  from space 227520K, 79% used [0x00000007f21d0000,0x00000007fd1fe1f0,0x0000000800000000)
  to   space 227520K, 0% used [0x00000007e43a0000,0x00000007e43a0000,0x00000007f21d0000)
 PSOldGen        total 1365376K, used 955303K [0x0000000783000000, 0x00000007d6560000, 0x00000007d6560000)
  object space 1365376K, 69% used [0x0000000783000000,0x00000007bd4e9cd8,0x00000007d6560000)
 PSPermGen       total 27456K, used 26587K [0x000000077de00000, 0x000000077f8d0000, 0x0000000783000000)
  object space 27456K, 96% used [0x000000077de00000,0x000000077f7f6f40,0x000000077f8d0000)
2621.159: [GC [PSYoungGen: 407992K->182859K(455104K)] 1363295K->1303053K(1820480K), 0.0497110 secs] [Times: user=0.57 sys=0.01, real=0.05 secs] 
Heap after GC invocations=422 (full 31):
 PSYoungGen      total 455104K, used 182859K [0x00000007d6560000, 0x0000000800000000, 0x0000000800000000)
  eden space 227584K, 0% used [0x00000007d6560000,0x00000007d6560000,0x00000007e43a0000)
  from space 227520K, 80% used [0x00000007e43a0000,0x00000007ef632d40,0x00000007f21d0000)
  to   space 227520K, 0% used [0x00000007f21d0000,0x00000007f21d0000,0x0000000800000000)
 PSOldGen        total 1365376K, used 1120193K [0x0000000783000000, 0x00000007d6560000, 0x00000007d6560000)
  object space 1365376K, 82% used [0x0000000783000000,0x00000007c75f07a8,0x00000007d6560000)
 PSPermGen       total 27456K, used 26587K [0x000000077de00000, 0x000000077f8d0000, 0x0000000783000000)
  object space 27456K, 96% used [0x000000077de00000,0x000000077f7f6f40,0x000000077f8d0000)
}
Total time for which application threads were stopped: 0.0521240 seconds
Application time: 0.5616230 seconds
{Heap before GC invocations=423 (full 31):
 PSYoungGen      total 455104K, used 410443K [0x00000007d6560000, 0x0000000800000000, 0x0000000800000000)
  eden space 227584K, 100% used [0x00000007d6560000,0x00000007e43a0000,0x00000007e43a0000)
  from space 227520K, 80% used [0x00000007e43a0000,0x00000007ef632d40,0x00000007f21d0000)
  to   space 227520K, 0% used [0x00000007f21d0000,0x00000007f21d0000,0x0000000800000000)
 PSOldGen        total 1365376K, used 1120193K [0x0000000783000000, 0x00000007d6560000, 0x00000007d6560000)
  object space 1365376K, 82% used [0x0000000783000000,0x00000007c75f07a8,0x00000007d6560000)
 PSPermGen       total 27456K, used 26701K [0x000000077de00000, 0x000000077f8d0000, 0x0000000783000000)
  object space 27456K, 97% used [0x000000077de00000,0x000000077f813740,0x000000077f8d0000)
2621.771: [GC [PSYoungGen: 410443K->74946K(455104K)] 1530637K->1363505K(1820480K), 0.0550920 secs] [Times: user=0.42 sys=0.08, real=0.06 secs] 
Heap after GC invocations=423 (full 31):
 PSYoungGen      total 455104K, used 74946K [0x00000007d6560000, 0x0000000800000000, 0x0000000800000000)
  eden space 227584K, 0% used [0x00000007d6560000,0x00000007d6560000,0x00000007e43a0000)
  from space 227520K, 32% used [0x00000007f21d0000,0x00000007f6b00aa0,0x0000000800000000)
  to   space 227520K, 0% used [0x00000007e43a0000,0x00000007e43a0000,0x00000007f21d0000)
 PSOldGen        total 1365376K, used 1288559K [0x0000000783000000, 0x00000007d6560000, 0x00000007d6560000)
  object space 1365376K, 94% used [0x0000000783000000,0x00000007d1a5bc08,0x00000007d6560000)
 PSPermGen       total 27456K, used 26701K [0x000000077de00000, 0x000000077f8d0000, 0x0000000783000000)
  object space 27456K, 97% used [0x000000077de00000,0x000000077f813740,0x000000077f8d0000)
}
{Heap before GC invocations=424 (full 32):
 PSYoungGen      total 455104K, used 74946K [0x00000007d6560000, 0x0000000800000000, 0x0000000800000000)
  eden space 227584K, 0% used [0x00000007d6560000,0x00000007d6560000,0x00000007e43a0000)
  from space 227520K, 32% used [0x00000007f21d0000,0x00000007f6b00aa0,0x0000000800000000)
  to   space 227520K, 0% used [0x00000007e43a0000,0x00000007e43a0000,0x00000007f21d0000)
 PSOldGen        total 1365376K, used 1288559K [0x0000000783000000, 0x00000007d6560000, 0x00000007d6560000)
  object space 1365376K, 94% used [0x0000000783000000,0x00000007d1a5bc08,0x00000007d6560000)
 PSPermGen       total 27456K, used 26701K [0x000000077de00000, 0x000000077f8d0000, 0x0000000783000000)
  object space 27456K, 97% used [0x000000077de00000,0x000000077f813740,0x000000077f8d0000)
2621.826: [Full GC [PSYoungGen: 74946K->0K(455104K)] [PSOldGen: 1288559K->463282K(1365376K)] 1363505K->463282K(1820480K) [PSPermGen: 26701K->20738K(22720K)], 0.4615270 secs] [Times: user=0.45 sys=0.01, real=0.46 secs] 
Heap after GC invocations=424 (full 32):
 PSYoungGen      total 455104K, used 0K [0x00000007d6560000, 0x0000000800000000, 0x0000000800000000)
  eden space 227584K, 0% used [0x00000007d6560000,0x00000007d6560000,0x00000007e43a0000)
  from space 227520K, 0% used [0x00000007f21d0000,0x00000007f21d0000,0x0000000800000000)
  to   space 227520K, 0% used [0x00000007e43a0000,0x00000007e43a0000,0x00000007f21d0000)
 PSOldGen        total 1365376K, used 463282K [0x0000000783000000, 0x00000007d6560000, 0x00000007d6560000)
  object space 1365376K, 33% used [0x0000000783000000,0x000000079f46c9d0,0x00000007d6560000)
 PSPermGen       total 22720K, used 20738K [0x000000077de00000, 0x000000077f430000, 0x0000000783000000)
  object space 22720K, 91% used [0x000000077de00000,0x000000077f240b68,0x000000077f430000)
}
Total time for which application threads were stopped: 0.5175470 seconds
Application time: 0.7796390 seconds
{Heap before GC invocations=425 (full 32):
 PSYoungGen      total 455104K, used 227584K [0x00000007d6560000, 0x0000000800000000, 0x0000000800000000)
  eden space 227584K, 100% used [0x00000007d6560000,0x00000007e43a0000,0x00000007e43a0000)
  from space 227520K, 0% used [0x00000007f21d0000,0x00000007f21d0000,0x0000000800000000)
  to   space 227520K, 0% used [0x00000007e43a0000,0x00000007e43a0000,0x00000007f21d0000)
 PSOldGen        total 1365376K, used 463282K [0x0000000783000000, 0x00000007d6560000, 0x00000007d6560000)
  object space 1365376K, 33% used [0x0000000783000000,0x000000079f46c9d0,0x00000007d6560000)
 PSPermGen       total 22720K, used 20738K [0x000000077de00000, 0x000000077f430000, 0x0000000783000000)
  object space 22720K, 91% used [0x000000077de00000,0x000000077f240b68,0x000000077f430000)
2623.070: [GC [PSYoungGen: 227584K->7008K(455104K)] 690866K->470290K(1820480K), 0.0578350 secs] [Times: user=0.36 sys=0.01, real=0.06 secs] 
Heap after GC invocations=425 (full 32):
 PSYoungGen      total 455104K, used 7008K [0x00000007d6560000, 0x0000000800000000, 0x0000000800000000)
  eden space 227584K, 0% used [0x00000007d6560000,0x00000007d6560000,0x00000007e43a0000)
  from space 227520K, 3% used [0x00000007e43a0000,0x00000007e4a78000,0x00000007f21d0000)
  to   space 227520K, 0% used [0x00000007f21d0000,0x00000007f21d0000,0x0000000800000000)
 PSOldGen        total 1365376K, used 463282K [0x0000000783000000, 0x00000007d6560000, 0x00000007d6560000)
  object space 1365376K, 33% used [0x0000000783000000,0x000000079f46c9d0,0x00000007d6560000)
 PSPermGen       total 22720K, used 20738K [0x000000077de00000, 0x000000077f430000, 0x0000000783000000)
  object space 22720K, 91% used [0x000000077de00000,0x000000077f240b68,0x000000077f430000)
}
Total time for which application threads were stopped: 0.0598160 seconds
Application time: 0.7791810 seconds
{Heap before GC invocations=426 (full 32):
 PSYoungGen      total 455104K, used 234592K [0x00000007d6560000, 0x0000000800000000, 0x0000000800000000)
  eden space 227584K, 100% used [0x00000007d6560000,0x00000007e43a0000,0x00000007e43a0000)
  from space 227520K, 3% used [0x00000007e43a0000,0x00000007e4a78000,0x00000007f21d0000)
  to   space 227520K, 0% used [0x00000007f21d0000,0x00000007f21d0000,0x0000000800000000)
 PSOldGen        total 1365376K, used 463282K [0x0000000783000000, 0x00000007d6560000, 0x00000007d6560000)
  object space 1365376K, 33% used [0x0000000783000000,0x000000079f46c9d0,0x00000007d6560000)
 PSPermGen       total 22720K, used 20738K [0x000000077de00000, 0x000000077f430000, 0x0000000783000000)
  object space 22720K, 91% used [0x000000077de00000,0x000000077f240b68,0x000000077f430000)
2623.907: [GC [PSYoungGen: 234592K->7200K(455104K)] 697874K->470538K(1820480K), 0.0515210 secs] [Times: user=0.34 sys=0.01, real=0.05 secs] 
Heap after GC invocations=426 (full 32):
 PSYoungGen      total 455104K, used 7200K [0x00000007d6560000, 0x0000000800000000, 0x0000000800000000)
  eden space 227584K, 0% used [0x00000007d6560000,0x00000007d6560000,0x00000007e43a0000)
  from space 227520K, 3% used [0x00000007f21d0000,0x00000007f28d8000,0x0000000800000000)
  to   space 227520K, 0% used [0x00000007e43a0000,0x00000007e43a0000,0x00000007f21d0000)
 PSOldGen        total 1365376K, used 463338K [0x0000000783000000, 0x00000007d6560000, 0x00000007d6560000)
  object space 1365376K, 33% used [0x0000000783000000,0x000000079f47a9d0,0x00000007d6560000)
 PSPermGen       total 22720K, used 20738K [0x000000077de00000, 0x000000077f430000, 0x0000000783000000)
  object space 22720K, 91% used [0x000000077de00000,0x000000077f240b68,0x000000077f430000)
}
Total time for which application threads were stopped: 0.0523460 seconds
Application time: 0.7536840 seconds
{Heap before GC invocations=427 (full 32):
 PSYoungGen      total 455104K, used 234784K [0x00000007d6560000, 0x0000000800000000, 0x0000000800000000)
  eden space 227584K, 100% used [0x00000007d6560000,0x00000007e43a0000,0x00000007e43a0000)
  from space 227520K, 3% used [0x00000007f21d0000,0x00000007f28d8000,0x0000000800000000)
  to   space 227520K, 0% used [0x00000007e43a0000,0x00000007e43a0000,0x00000007f21d0000)
 PSOldGen        total 1365376K, used 463338K [0x0000000783000000, 0x00000007d6560000, 0x00000007d6560000)
  object space 1365376K, 33% used [0x0000000783000000,0x000000079f47a9d0,0x00000007d6560000)
 PSPermGen       total 22720K, used 20738K [0x000000077de00000, 0x000000077f430000, 0x0000000783000000)
  object space 22720K, 91% used [0x000000077de00000,0x000000077f240b68,0x000000077f430000)
2624.713: [GC [PSYoungGen: 234784K->7200K(455104K)] 698122K->470762K(1820480K), 0.0521960 secs] [Times: user=0.36 sys=0.00, real=0.06 secs] 
Heap after GC invocations=427 (full 32):
 PSYoungGen      total 455104K, used 7200K [0x00000007d6560000, 0x0000000800000000, 0x0000000800000000)
  eden space 227584K, 0% used [0x00000007d6560000,0x00000007d6560000,0x00000007e43a0000)
  from space 227520K, 3% used [0x00000007e43a0000,0x00000007e4aa8000,0x00000007f21d0000)
  to   space 227520K, 0% used [0x00000007f21d0000,0x00000007f21d0000,0x0000000800000000)
 PSOldGen        total 1365376K, used 463562K [0x0000000783000000, 0x00000007d6560000, 0x00000007d6560000)
  object space 1365376K, 33% used [0x0000000783000000,0x000000079f4b29d0,0x00000007d6560000)
 PSPermGen       total 22720K, used 20738K [0x000000077de00000, 0x000000077f430000, 0x0000000783000000)
  object space 22720K, 91% used [0x000000077de00000,0x000000077f240b68,0x000000077f430000)
}
Total time for which application threads were stopped: 0.0529570 seconds
Application time: 183.2394590 seconds
{Heap before GC invocations=428 (full 32):
 PSYoungGen      total 455104K, used 234784K [0x00000007d6560000, 0x0000000800000000, 0x0000000800000000)
  eden space 227584K, 100% used [0x00000007d6560000,0x00000007e43a0000,0x00000007e43a0000)
  from space 227520K, 3% used [0x00000007e43a0000,0x00000007e4aa8000,0x00000007f21d0000)
  to   space 227520K, 0% used [0x00000007f21d0000,0x00000007f21d0000,0x0000000800000000)
 PSOldGen        total 1365376K, used 463562K [0x0000000783000000, 0x00000007d6560000, 0x00000007d6560000)
  object space 1365376K, 33% used [0x0000000783000000,0x000000079f4b29d0,0x00000007d6560000)
 PSPermGen       total 22720K, used 20912K [0x000000077de00000, 0x000000077f430000, 0x0000000783000000)
  object space 22720K, 92% used [0x000000077de00000,0x000000077f26c128,0x000000077f430000)
2808.006: [GC [PSYoungGen: 234784K->110958K(455104K)] 698346K->574808K(1820480K), 0.0297920 secs] [Times: user=0.24 sys=0.01, real=0.03 secs] 
Heap after GC invocations=428 (full 32):
 PSYoungGen      total 455104K, used 110958K [0x00000007d6560000, 0x0000000800000000, 0x0000000800000000)
  eden space 227584K, 0% used [0x00000007d6560000,0x00000007d6560000,0x00000007e43a0000)
  from space 227520K, 48% used [0x00000007f21d0000,0x00000007f8e2b8a0,0x0000000800000000)
  to   space 227520K, 0% used [0x00000007e43a0000,0x00000007e43a0000,0x00000007f21d0000)
 PSOldGen        total 1365376K, used 463850K [0x0000000783000000, 0x00000007d6560000, 0x00000007d6560000)
  object space 1365376K, 33% used [0x0000000783000000,0x000000079f4fa9d0,0x00000007d6560000)
 PSPermGen       total 22720K, used 20912K [0x000000077de00000, 0x000000077f430000, 0x0000000783000000)
  object space 22720K, 92% used [0x000000077de00000,0x000000077f26c128,0x000000077f430000)
}
Total time for which application threads were stopped: 0.0306010 seconds
Application time: 0.2110460 seconds
{Heap before GC invocations=429 (full 32):
 PSYoungGen      total 455104K, used 338542K [0x00000007d6560000, 0x0000000800000000, 0x0000000800000000)
  eden space 227584K, 100% used [0x00000007d6560000,0x00000007e43a0000,0x00000007e43a0000)
  from space 227520K, 48% used [0x00000007f21d0000,0x00000007f8e2b8a0,0x0000000800000000)
  to   space 227520K, 0% used [0x00000007e43a0000,0x00000007e43a0000,0x00000007f21d0000)
 PSOldGen        total 1365376K, used 463850K [0x0000000783000000, 0x00000007d6560000, 0x00000007d6560000)
  object space 1365376K, 33% used [0x0000000783000000,0x000000079f4fa9d0,0x00000007d6560000)
 PSPermGen       total 22720K, used 21190K [0x000000077de00000, 0x000000077f430000, 0x0000000783000000)
  object space 22720K, 93% used [0x000000077de00000,0x000000077f2b18a8,0x000000077f430000)
2808.248: [GC [PSYoungGen: 338542K->184977K(455104K)] 802392K->748741K(1820480K), 0.0406960 secs] [Times: user=0.44 sys=0.02, real=0.04 secs] 
Heap after GC invocations=429 (full 32):
 PSYoungGen      total 455104K, used 184977K [0x00000007d6560000, 0x0000000800000000, 0x0000000800000000)
  eden space 227584K, 0% used [0x00000007d6560000,0x00000007d6560000,0x00000007e43a0000)
  from space 227520K, 81% used [0x00000007e43a0000,0x00000007ef8446c0,0x00000007f21d0000)
  to   space 227520K, 0% used [0x00000007f21d0000,0x00000007f21d0000,0x0000000800000000)
 PSOldGen        total 1365376K, used 563763K [0x0000000783000000, 0x00000007d6560000, 0x00000007d6560000)
  object space 1365376K, 41% used [0x0000000783000000,0x00000007a568cfc0,0x00000007d6560000)
 PSPermGen       total 22720K, used 21190K [0x000000077de00000, 0x000000077f430000, 0x0000000783000000)
  object space 22720K, 93% used [0x000000077de00000,0x000000077f2b18a8,0x000000077f430000)
}
Total time for which application threads were stopped: 0.0414670 seconds
Application time: 0.2144550 seconds
{Heap before GC invocations=430 (full 32):
 PSYoungGen      total 455104K, used 412561K [0x00000007d6560000, 0x0000000800000000, 0x0000000800000000)
  eden space 227584K, 100% used [0x00000007d6560000,0x00000007e43a0000,0x00000007e43a0000)
  from space 227520K, 81% used [0x00000007e43a0000,0x00000007ef8446c0,0x00000007f21d0000)
  to   space 227520K, 0% used [0x00000007f21d0000,0x00000007f21d0000,0x0000000800000000)
 PSOldGen        total 1365376K, used 563763K [0x0000000783000000, 0x00000007d6560000, 0x00000007d6560000)
  object space 1365376K, 41% used [0x0000000783000000,0x00000007a568cfc0,0x00000007d6560000)
 PSPermGen       total 22720K, used 21470K [0x000000077de00000, 0x000000077f430000, 0x0000000783000000)
  object space 22720K, 94% used [0x000000077de00000,0x000000077f2f7b68,0x000000077f430000)
2808.503: [GC [PSYoungGen: 412561K->185949K(455104K)] 976325K->917791K(1820480K), 0.0500280 secs] [Times: user=0.59 sys=0.00, real=0.04 secs] 
Heap after GC invocations=430 (full 32):
 PSYoungGen      total 455104K, used 185949K [0x00000007d6560000, 0x0000000800000000, 0x0000000800000000)
  eden space 227584K, 0% used [0x00000007d6560000,0x00000007d6560000,0x00000007e43a0000)
  from space 227520K, 81% used [0x00000007f21d0000,0x00000007fd767640,0x0000000800000000)
  to   space 227520K, 0% used [0x00000007e43a0000,0x00000007e43a0000,0x00000007f21d0000)
 PSOldGen        total 1365376K, used 731841K [0x0000000783000000, 0x00000007d6560000, 0x00000007d6560000)
  object space 1365376K, 53% used [0x0000000783000000,0x00000007afab0690,0x00000007d6560000)
 PSPermGen       total 22720K, used 21470K [0x000000077de00000, 0x000000077f430000, 0x0000000783000000)
  object space 22720K, 94% used [0x000000077de00000,0x000000077f2f7b68,0x000000077f430000)
}
Total time for which application threads were stopped: 0.0508060 seconds
Application time: 0.7294830 seconds
{Heap before GC invocations=431 (full 32):
 PSYoungGen      total 455104K, used 413533K [0x00000007d6560000, 0x0000000800000000, 0x0000000800000000)
  eden space 227584K, 100% used [0x00000007d6560000,0x00000007e43a0000,0x00000007e43a0000)
  from space 227520K, 81% used [0x00000007f21d0000,0x00000007fd767640,0x0000000800000000)
  to   space 227520K, 0% used [0x00000007e43a0000,0x00000007e43a0000,0x00000007f21d0000)
 PSOldGen        total 1365376K, used 731841K [0x0000000783000000, 0x00000007d6560000, 0x00000007d6560000)
  object space 1365376K, 53% used [0x0000000783000000,0x00000007afab0690,0x00000007d6560000)
 PSPermGen       total 22720K, used 21533K [0x000000077de00000, 0x000000077f430000, 0x0000000783000000)
  object space 22720K, 94% used [0x000000077de00000,0x000000077f307528,0x000000077f430000)
2809.284: [GC [PSYoungGen: 413533K->40898K(455104K)] 1145375K->942883K(1820480K), 0.0562270 secs] [Times: user=0.44 sys=0.02, real=0.05 secs] 
Heap after GC invocations=431 (full 32):
 PSYoungGen      total 455104K, used 40898K [0x00000007d6560000, 0x0000000800000000, 0x0000000800000000)
  eden space 227584K, 0% used [0x00000007d6560000,0x00000007d6560000,0x00000007e43a0000)
  from space 227520K, 17% used [0x00000007e43a0000,0x00000007e6b90b50,0x00000007f21d0000)
  to   space 227520K, 0% used [0x00000007f21d0000,0x00000007f21d0000,0x0000000800000000)
 PSOldGen        total 1365376K, used 901984K [0x0000000783000000, 0x00000007d6560000, 0x00000007d6560000)
  object space 1365376K, 66% used [0x0000000783000000,0x00000007ba0d80d0,0x00000007d6560000)
 PSPermGen       total 22720K, used 21533K [0x000000077de00000, 0x000000077f430000, 0x0000000783000000)
  object space 22720K, 94% used [0x000000077de00000,0x000000077f307528,0x000000077f430000)
}
Total time for which application threads were stopped: 0.0573790 seconds
Application time: 0.9482410 seconds
{Heap before GC invocations=432 (full 32):
 PSYoungGen      total 455104K, used 268482K [0x00000007d6560000, 0x0000000800000000, 0x0000000800000000)
  eden space 227584K, 100% used [0x00000007d6560000,0x00000007e43a0000,0x00000007e43a0000)
  from space 227520K, 17% used [0x00000007e43a0000,0x00000007e6b90b50,0x00000007f21d0000)
  to   space 227520K, 0% used [0x00000007f21d0000,0x00000007f21d0000,0x0000000800000000)
 PSOldGen        total 1365376K, used 901984K [0x0000000783000000, 0x00000007d6560000, 0x00000007d6560000)
  object space 1365376K, 66% used [0x0000000783000000,0x00000007ba0d80d0,0x00000007d6560000)
 PSPermGen       total 22720K, used 21533K [0x000000077de00000, 0x000000077f430000, 0x0000000783000000)
  object space 22720K, 94% used [0x000000077de00000,0x000000077f307528,0x000000077f430000)
2810.290: [GC [PSYoungGen: 268482K->7008K(455104K)] 1170467K->941840K(1820480K), 0.0562340 secs] [Times: user=0.40 sys=0.01, real=0.06 secs] 
Heap after GC invocations=432 (full 32):
 PSYoungGen      total 455104K, used 7008K [0x00000007d6560000, 0x0000000800000000, 0x0000000800000000)
  eden space 227584K, 0% used [0x00000007d6560000,0x00000007d6560000,0x00000007e43a0000)
  from space 227520K, 3% used [0x00000007f21d0000,0x00000007f28a8000,0x0000000800000000)
  to   space 227520K, 0% used [0x00000007e43a0000,0x00000007e43a0000,0x00000007f21d0000)
 PSOldGen        total 1365376K, used 934832K [0x0000000783000000, 0x00000007d6560000, 0x00000007d6560000)
  object space 1365376K, 68% used [0x0000000783000000,0x00000007bc0ec280,0x00000007d6560000)
 PSPermGen       total 22720K, used 21533K [0x000000077de00000, 0x000000077f430000, 0x0000000783000000)
  object space 22720K, 94% used [0x000000077de00000,0x000000077f307528,0x000000077f430000)
}
Total time for which application threads were stopped: 0.0574030 seconds
Application time: 0.8624910 seconds
{Heap before GC invocations=433 (full 32):
 PSYoungGen      total 455104K, used 234592K [0x00000007d6560000, 0x0000000800000000, 0x0000000800000000)
  eden space 227584K, 100% used [0x00000007d6560000,0x00000007e43a0000,0x00000007e43a0000)
  from space 227520K, 3% used [0x00000007f21d0000,0x00000007f28a8000,0x0000000800000000)
  to   space 227520K, 0% used [0x00000007e43a0000,0x00000007e43a0000,0x00000007f21d0000)
 PSOldGen        total 1365376K, used 934832K [0x0000000783000000, 0x00000007d6560000, 0x00000007d6560000)
  object space 1365376K, 68% used [0x0000000783000000,0x00000007bc0ec280,0x00000007d6560000)
 PSPermGen       total 22720K, used 21533K [0x000000077de00000, 0x000000077f430000, 0x0000000783000000)
  object space 22720K, 94% used [0x000000077de00000,0x000000077f307528,0x000000077f430000)
2811.209: [GC [PSYoungGen: 234592K->7104K(455104K)] 1169424K->941968K(1820480K), 0.0550100 secs] [Times: user=0.38 sys=0.02, real=0.05 secs] 
Heap after GC invocations=433 (full 32):
 PSYoungGen      total 455104K, used 7104K [0x00000007d6560000, 0x0000000800000000, 0x0000000800000000)
  eden space 227584K, 0% used [0x00000007d6560000,0x00000007d6560000,0x00000007e43a0000)
  from space 227520K, 3% used [0x00000007e43a0000,0x00000007e4a90000,0x00000007f21d0000)
  to   space 227520K, 0% used [0x00000007f21d0000,0x00000007f21d0000,0x0000000800000000)
 PSOldGen        total 1365376K, used 934864K [0x0000000783000000, 0x00000007d6560000, 0x00000007d6560000)
  object space 1365376K, 68% used [0x0000000783000000,0x00000007bc0f4280,0x00000007d6560000)
 PSPermGen       total 22720K, used 21533K [0x000000077de00000, 0x000000077f430000, 0x0000000783000000)
  object space 22720K, 94% used [0x000000077de00000,0x000000077f307528,0x000000077f430000)
}
Total time for which application threads were stopped: 0.0557200 seconds
Application time: 0.8001280 seconds
{Heap before GC invocations=434 (full 32):
 PSYoungGen      total 455104K, used 234688K [0x00000007d6560000, 0x0000000800000000, 0x0000000800000000)
  eden space 227584K, 100% used [0x00000007d6560000,0x00000007e43a0000,0x00000007e43a0000)
  from space 227520K, 3% used [0x00000007e43a0000,0x00000007e4a90000,0x00000007f21d0000)
  to   space 227520K, 0% used [0x00000007f21d0000,0x00000007f21d0000,0x0000000800000000)
 PSOldGen        total 1365376K, used 934864K [0x0000000783000000, 0x00000007d6560000, 0x00000007d6560000)
  object space 1365376K, 68% used [0x0000000783000000,0x00000007bc0f4280,0x00000007d6560000)
 PSPermGen       total 22720K, used 21533K [0x000000077de00000, 0x000000077f430000, 0x0000000783000000)
  object space 22720K, 94% used [0x000000077de00000,0x000000077f307528,0x000000077f430000)
2812.065: [GC [PSYoungGen: 234688K->7008K(455104K)] 1169552K->942032K(1820480K), 0.0534860 secs] [Times: user=0.37 sys=0.02, real=0.05 secs] 
Heap after GC invocations=434 (full 32):
 PSYoungGen      total 455104K, used 7008K [0x00000007d6560000, 0x0000000800000000, 0x0000000800000000)
  eden space 227584K, 0% used [0x00000007d6560000,0x00000007d6560000,0x00000007e43a0000)
  from space 227520K, 3% used [0x00000007f21d0000,0x00000007f28a8000,0x0000000800000000)
  to   space 227520K, 0% used [0x00000007e43a0000,0x00000007e43a0000,0x00000007f21d0000)
 PSOldGen        total 1365376K, used 935024K [0x0000000783000000, 0x00000007d6560000, 0x00000007d6560000)
  object space 1365376K, 68% used [0x0000000783000000,0x00000007bc11c280,0x00000007d6560000)
 PSPermGen       total 22720K, used 21533K [0x000000077de00000, 0x000000077f430000, 0x0000000783000000)
  object space 22720K, 94% used [0x000000077de00000,0x000000077f307528,0x000000077f430000)
}
Total time for which application threads were stopped: 0.0542680 seconds
Application time: 1.2856530 seconds
{Heap before GC invocations=435 (full 32):
 PSYoungGen      total 455104K, used 234592K [0x00000007d6560000, 0x0000000800000000, 0x0000000800000000)
  eden space 227584K, 100% used [0x00000007d6560000,0x00000007e43a0000,0x00000007e43a0000)
  from space 227520K, 3% used [0x00000007f21d0000,0x00000007f28a8000,0x0000000800000000)
  to   space 227520K, 0% used [0x00000007e43a0000,0x00000007e43a0000,0x00000007f21d0000)
 PSOldGen        total 1365376K, used 935024K [0x0000000783000000, 0x00000007d6560000, 0x00000007d6560000)
  object space 1365376K, 68% used [0x0000000783000000,0x00000007bc11c280,0x00000007d6560000)
 PSPermGen       total 22720K, used 21745K [0x000000077de00000, 0x000000077f430000, 0x0000000783000000)
  object space 22720K, 95% used [0x000000077de00000,0x000000077f33c7a8,0x000000077f430000)
2813.405: [GC [PSYoungGen: 234592K->136052K(455104K)] 1169616K->1071301K(1820480K), 0.0309690 secs] [Times: user=0.29 sys=0.00, real=0.03 secs] 
Heap after GC invocations=435 (full 32):
 PSYoungGen      total 455104K, used 136052K [0x00000007d6560000, 0x0000000800000000, 0x0000000800000000)
  eden space 227584K, 0% used [0x00000007d6560000,0x00000007d6560000,0x00000007e43a0000)
  from space 227520K, 59% used [0x00000007e43a0000,0x00000007ec87d1b0,0x00000007f21d0000)
  to   space 227520K, 0% used [0x00000007f21d0000,0x00000007f21d0000,0x0000000800000000)
 PSOldGen        total 1365376K, used 935248K [0x0000000783000000, 0x00000007d6560000, 0x00000007d6560000)
  object space 1365376K, 68% used [0x0000000783000000,0x00000007bc154280,0x00000007d6560000)
 PSPermGen       total 22720K, used 21745K [0x000000077de00000, 0x000000077f430000, 0x0000000783000000)
  object space 22720K, 95% used [0x000000077de00000,0x000000077f33c7a8,0x000000077f430000)
}
Total time for which application threads were stopped: 0.0318730 seconds
Application time: 0.2134090 seconds
{Heap before GC invocations=436 (full 32):
 PSYoungGen      total 455104K, used 363636K [0x00000007d6560000, 0x0000000800000000, 0x0000000800000000)
  eden space 227584K, 100% used [0x00000007d6560000,0x00000007e43a0000,0x00000007e43a0000)
  from space 227520K, 59% used [0x00000007e43a0000,0x00000007ec87d1b0,0x00000007f21d0000)
  to   space 227520K, 0% used [0x00000007f21d0000,0x00000007f21d0000,0x0000000800000000)
 PSOldGen        total 1365376K, used 935248K [0x0000000783000000, 0x00000007d6560000, 0x00000007d6560000)
  object space 1365376K, 68% used [0x0000000783000000,0x00000007bc154280,0x00000007d6560000)
 PSPermGen       total 22720K, used 22019K [0x000000077de00000, 0x000000077f430000, 0x0000000783000000)
  object space 22720K, 96% used [0x000000077de00000,0x000000077f380c68,0x000000077f430000)
2813.650: [GC [PSYoungGen: 363636K->181520K(455104K)] 1298885K->1240190K(1820480K), 0.0460090 secs] [Times: user=0.47 sys=0.00, real=0.05 secs] 
Heap after GC invocations=436 (full 32):
 PSYoungGen      total 455104K, used 181520K [0x00000007d6560000, 0x0000000800000000, 0x0000000800000000)
  eden space 227584K, 0% used [0x00000007d6560000,0x00000007d6560000,0x00000007e43a0000)
  from space 227520K, 79% used [0x00000007f21d0000,0x00000007fd3140a0,0x0000000800000000)
  to   space 227520K, 0% used [0x00000007e43a0000,0x00000007e43a0000,0x00000007f21d0000)
 PSOldGen        total 1365376K, used 1058670K [0x0000000783000000, 0x00000007d6560000, 0x00000007d6560000)
  object space 1365376K, 77% used [0x0000000783000000,0x00000007c39dba50,0x00000007d6560000)
 PSPermGen       total 22720K, used 22019K [0x000000077de00000, 0x000000077f430000, 0x0000000783000000)
  object space 22720K, 96% used [0x000000077de00000,0x000000077f380c68,0x000000077f430000)
}
Total time for which application threads were stopped: 0.0468440 seconds
Application time: 0.2746920 seconds
{Heap before GC invocations=437 (full 32):
 PSYoungGen      total 455104K, used 409104K [0x00000007d6560000, 0x0000000800000000, 0x0000000800000000)
  eden space 227584K, 100% used [0x00000007d6560000,0x00000007e43a0000,0x00000007e43a0000)
  from space 227520K, 79% used [0x00000007f21d0000,0x00000007fd3140a0,0x0000000800000000)
  to   space 227520K, 0% used [0x00000007e43a0000,0x00000007e43a0000,0x00000007f21d0000)
 PSOldGen        total 1365376K, used 1058670K [0x0000000783000000, 0x00000007d6560000, 0x00000007d6560000)
  object space 1365376K, 77% used [0x0000000783000000,0x00000007c39dba50,0x00000007d6560000)
 PSPermGen       total 22720K, used 22272K [0x000000077de00000, 0x000000077f430000, 0x0000000783000000)
  object space 22720K, 98% used [0x000000077de00000,0x000000077f3c00e8,0x000000077f430000)
2813.972: [GC [PSYoungGen: 409104K->165342K(455104K)] 1467774K->1389726K(1820480K), 0.0520430 secs] [Times: user=0.60 sys=0.00, real=0.05 secs] 
Heap after GC invocations=437 (full 32):
 PSYoungGen      total 455104K, used 165342K [0x00000007d6560000, 0x0000000800000000, 0x0000000800000000)
  eden space 227584K, 0% used [0x00000007d6560000,0x00000007d6560000,0x00000007e43a0000)
  from space 227520K, 72% used [0x00000007e43a0000,0x00000007ee5179f0,0x00000007f21d0000)
  to   space 227520K, 0% used [0x00000007f21d0000,0x00000007f21d0000,0x0000000800000000)
 PSOldGen        total 1365376K, used 1224383K [0x0000000783000000, 0x00000007d6560000, 0x00000007d6560000)
  object space 1365376K, 89% used [0x0000000783000000,0x00000007cdbafea0,0x00000007d6560000)
 PSPermGen       total 22720K, used 22272K [0x000000077de00000, 0x000000077f430000, 0x0000000783000000)
  object space 22720K, 98% used [0x000000077de00000,0x000000077f3c00e8,0x000000077f430000)
}
{Heap before GC invocations=438 (full 33):
 PSYoungGen      total 455104K, used 165342K [0x00000007d6560000, 0x0000000800000000, 0x0000000800000000)
  eden space 227584K, 0% used [0x00000007d6560000,0x00000007d6560000,0x00000007e43a0000)
  from space 227520K, 72% used [0x00000007e43a0000,0x00000007ee5179f0,0x00000007f21d0000)
  to   space 227520K, 0% used [0x00000007f21d0000,0x00000007f21d0000,0x0000000800000000)
 PSOldGen        total 1365376K, used 1224383K [0x0000000783000000, 0x00000007d6560000, 0x00000007d6560000)
  object space 1365376K, 89% used [0x0000000783000000,0x00000007cdbafea0,0x00000007d6560000)
 PSPermGen       total 22720K, used 22272K [0x000000077de00000, 0x000000077f430000, 0x0000000783000000)
  object space 22720K, 98% used [0x000000077de00000,0x000000077f3c00e8,0x000000077f430000)
2814.024: [Full GC [PSYoungGen: 165342K->0K(455104K)] [PSOldGen: 1224383K->541246K(1365376K)] 1389726K->541246K(1820480K) [PSPermGen: 22272K->22272K(24384K)], 0.4621340 secs] [Times: user=0.46 sys=0.00, real=0.47 secs] 
Heap after GC invocations=438 (full 33):
 PSYoungGen      total 455104K, used 0K [0x00000007d6560000, 0x0000000800000000, 0x0000000800000000)
  eden space 227584K, 0% used [0x00000007d6560000,0x00000007d6560000,0x00000007e43a0000)
  from space 227520K, 0% used [0x00000007e43a0000,0x00000007e43a0000,0x00000007f21d0000)
  to   space 227520K, 0% used [0x00000007f21d0000,0x00000007f21d0000,0x0000000800000000)
 PSOldGen        total 1365376K, used 541246K [0x0000000783000000, 0x00000007d6560000, 0x00000007d6560000)
  object space 1365376K, 39% used [0x0000000783000000,0x00000007a408fa28,0x00000007d6560000)
 PSPermGen       total 24384K, used 22272K [0x000000077de00000, 0x000000077f5d0000, 0x0000000783000000)
  object space 24384K, 91% used [0x000000077de00000,0x000000077f3c00e8,0x000000077f5d0000)
}
Total time for which application threads were stopped: 0.5151510 seconds
Application time: 0.7404250 seconds
{Heap before GC invocations=439 (full 33):
 PSYoungGen      total 455104K, used 227584K [0x00000007d6560000, 0x0000000800000000, 0x0000000800000000)
  eden space 227584K, 100% used [0x00000007d6560000,0x00000007e43a0000,0x00000007e43a0000)
  from space 227520K, 0% used [0x00000007e43a0000,0x00000007e43a0000,0x00000007f21d0000)
  to   space 227520K, 0% used [0x00000007f21d0000,0x00000007f21d0000,0x0000000800000000)
 PSOldGen        total 1365376K, used 541246K [0x0000000783000000, 0x00000007d6560000, 0x00000007d6560000)
  object space 1365376K, 39% used [0x0000000783000000,0x00000007a408fa28,0x00000007d6560000)
 PSPermGen       total 24384K, used 22305K [0x000000077de00000, 0x000000077f5d0000, 0x0000000783000000)
  object space 24384K, 91% used [0x000000077de00000,0x000000077f3c8728,0x000000077f5d0000)
2815.228: [GC [PSYoungGen: 227584K->25146K(455104K)] 768830K->566392K(1820480K), 0.0513290 secs] [Times: user=0.31 sys=0.01, real=0.05 secs] 
Heap after GC invocations=439 (full 33):
 PSYoungGen      total 455104K, used 25146K [0x00000007d6560000, 0x0000000800000000, 0x0000000800000000)
  eden space 227584K, 0% used [0x00000007d6560000,0x00000007d6560000,0x00000007e43a0000)
  from space 227520K, 11% used [0x00000007f21d0000,0x00000007f3a5e830,0x0000000800000000)
  to   space 227520K, 0% used [0x00000007e43a0000,0x00000007e43a0000,0x00000007f21d0000)
 PSOldGen        total 1365376K, used 541246K [0x0000000783000000, 0x00000007d6560000, 0x00000007d6560000)
  object space 1365376K, 39% used [0x0000000783000000,0x00000007a408fa28,0x00000007d6560000)
 PSPermGen       total 24384K, used 22305K [0x000000077de00000, 0x000000077f5d0000, 0x0000000783000000)
  object space 24384K, 91% used [0x000000077de00000,0x000000077f3c8728,0x000000077f5d0000)
}
Total time for which application threads were stopped: 0.0520330 seconds
Application time: 0.8026620 seconds
{Heap before GC invocations=440 (full 33):
 PSYoungGen      total 455104K, used 252730K [0x00000007d6560000, 0x0000000800000000, 0x0000000800000000)
  eden space 227584K, 100% used [0x00000007d6560000,0x00000007e43a0000,0x00000007e43a0000)
  from space 227520K, 11% used [0x00000007f21d0000,0x00000007f3a5e830,0x0000000800000000)
  to   space 227520K, 0% used [0x00000007e43a0000,0x00000007e43a0000,0x00000007f21d0000)
 PSOldGen        total 1365376K, used 541246K [0x0000000783000000, 0x00000007d6560000, 0x00000007d6560000)
  object space 1365376K, 39% used [0x0000000783000000,0x00000007a408fa28,0x00000007d6560000)
 PSPermGen       total 24384K, used 22305K [0x000000077de00000, 0x000000077f5d0000, 0x0000000783000000)
  object space 24384K, 91% used [0x000000077de00000,0x000000077f3c8728,0x000000077f5d0000)
2816.082: [GC [PSYoungGen: 252730K->6912K(455104K)] 793976K->565870K(1820480K), 0.0551510 secs] [Times: user=0.39 sys=0.01, real=0.06 secs] 
Heap after GC invocations=440 (full 33):
 PSYoungGen      total 455104K, used 6912K [0x00000007d6560000, 0x0000000800000000, 0x0000000800000000)
  eden space 227584K, 0% used [0x00000007d6560000,0x00000007d6560000,0x00000007e43a0000)
  from space 227520K, 3% used [0x00000007e43a0000,0x00000007e4a60000,0x00000007f21d0000)
  to   space 227520K, 0% used [0x00000007f21d0000,0x00000007f21d0000,0x0000000800000000)
 PSOldGen        total 1365376K, used 558958K [0x0000000783000000, 0x00000007d6560000, 0x00000007d6560000)
  object space 1365376K, 40% used [0x0000000783000000,0x00000007a51db8d8,0x00000007d6560000)
 PSPermGen       total 24384K, used 22305K [0x000000077de00000, 0x000000077f5d0000, 0x0000000783000000)
  object space 24384K, 91% used [0x000000077de00000,0x000000077f3c8728,0x000000077f5d0000)
}
Total time for which application threads were stopped: 0.0558840 seconds
Application time: 0.8020180 seconds
{Heap before GC invocations=441 (full 33):
 PSYoungGen      total 455104K, used 234496K [0x00000007d6560000, 0x0000000800000000, 0x0000000800000000)
  eden space 227584K, 100% used [0x00000007d6560000,0x00000007e43a0000,0x00000007e43a0000)
  from space 227520K, 3% used [0x00000007e43a0000,0x00000007e4a60000,0x00000007f21d0000)
  to   space 227520K, 0% used [0x00000007f21d0000,0x00000007f21d0000,0x0000000800000000)
 PSOldGen        total 1365376K, used 558958K [0x0000000783000000, 0x00000007d6560000, 0x00000007d6560000)
  object space 1365376K, 40% used [0x0000000783000000,0x00000007a51db8d8,0x00000007d6560000)
 PSPermGen       total 24384K, used 22305K [0x000000077de00000, 0x000000077f5d0000, 0x0000000783000000)
  object space 24384K, 91% used [0x000000077de00000,0x000000077f3c8728,0x000000077f5d0000)
2816.940: [GC [PSYoungGen: 234496K->7232K(455104K)] 793454K->566254K(1820480K), 0.0535860 secs] [Times: user=0.36 sys=0.00, real=0.06 secs] 
Heap after GC invocations=441 (full 33):
 PSYoungGen      total 455104K, used 7232K [0x00000007d6560000, 0x0000000800000000, 0x0000000800000000)
  eden space 227584K, 0% used [0x00000007d6560000,0x00000007d6560000,0x00000007e43a0000)
  from space 227520K, 3% used [0x00000007f21d0000,0x00000007f28e0000,0x0000000800000000)
  to   space 227520K, 0% used [0x00000007e43a0000,0x00000007e43a0000,0x00000007f21d0000)
 PSOldGen        total 1365376K, used 559022K [0x0000000783000000, 0x00000007d6560000, 0x00000007d6560000)
  object space 1365376K, 40% used [0x0000000783000000,0x00000007a51eb8d8,0x00000007d6560000)
 PSPermGen       total 24384K, used 22305K [0x000000077de00000, 0x000000077f5d0000, 0x0000000783000000)
  object space 24384K, 91% used [0x000000077de00000,0x000000077f3c8728,0x000000077f5d0000)
}
Total time for which application threads were stopped: 0.0543210 seconds
Application time: 0.8237080 seconds
{Heap before GC invocations=442 (full 33):
 PSYoungGen      total 455104K, used 234816K [0x00000007d6560000, 0x0000000800000000, 0x0000000800000000)
  eden space 227584K, 100% used [0x00000007d6560000,0x00000007e43a0000,0x00000007e43a0000)
  from space 227520K, 3% used [0x00000007f21d0000,0x00000007f28e0000,0x0000000800000000)
  to   space 227520K, 0% used [0x00000007e43a0000,0x00000007e43a0000,0x00000007f21d0000)
 PSOldGen        total 1365376K, used 559022K [0x0000000783000000, 0x00000007d6560000, 0x00000007d6560000)
  object space 1365376K, 40% used [0x0000000783000000,0x00000007a51eb8d8,0x00000007d6560000)
 PSPermGen       total 24384K, used 22305K [0x000000077de00000, 0x000000077f5d0000, 0x0000000783000000)
  object space 24384K, 91% used [0x000000077de00000,0x000000077f3c8728,0x000000077f5d0000)
2817.818: [GC [PSYoungGen: 234816K->6848K(455104K)] 793838K->566270K(1820480K), 0.0563160 secs] [Times: user=0.38 sys=0.00, real=0.06 secs] 
Heap after GC invocations=442 (full 33):
 PSYoungGen      total 455104K, used 6848K [0x00000007d6560000, 0x0000000800000000, 0x0000000800000000)
  eden space 227584K, 0% used [0x00000007d6560000,0x00000007d6560000,0x00000007e43a0000)
  from space 227520K, 3% used [0x00000007e43a0000,0x00000007e4a50000,0x00000007f21d0000)
  to   space 227520K, 0% used [0x00000007f21d0000,0x00000007f21d0000,0x0000000800000000)
 PSOldGen        total 1365376K, used 559422K [0x0000000783000000, 0x00000007d6560000, 0x00000007d6560000)
  object space 1365376K, 40% used [0x0000000783000000,0x00000007a524f8d8,0x00000007d6560000)
 PSPermGen       total 24384K, used 22305K [0x000000077de00000, 0x000000077f5d0000, 0x0000000783000000)
  object space 24384K, 91% used [0x000000077de00000,0x000000077f3c8728,0x000000077f5d0000)
}
Total time for which application threads were stopped: 0.0571670 seconds
Application time: 1.4210290 seconds
{Heap before GC invocations=443 (full 33):
 PSYoungGen      total 455104K, used 234432K [0x00000007d6560000, 0x0000000800000000, 0x0000000800000000)
  eden space 227584K, 100% used [0x00000007d6560000,0x00000007e43a0000,0x00000007e43a0000)
  from space 227520K, 3% used [0x00000007e43a0000,0x00000007e4a50000,0x00000007f21d0000)
  to   space 227520K, 0% used [0x00000007f21d0000,0x00000007f21d0000,0x0000000800000000)
 PSOldGen        total 1365376K, used 559422K [0x0000000783000000, 0x00000007d6560000, 0x00000007d6560000)
  object space 1365376K, 40% used [0x0000000783000000,0x00000007a524f8d8,0x00000007d6560000)
 PSPermGen       total 24384K, used 22547K [0x000000077de00000, 0x000000077f5d0000, 0x0000000783000000)
  object space 24384K, 92% used [0x000000077de00000,0x000000077f404de8,0x000000077f5d0000)
2819.297: [GC [PSYoungGen: 234432K->155416K(455104K)] 793854K->714918K(1820480K), 0.0288560 secs] [Times: user=0.25 sys=0.01, real=0.03 secs] 
Heap after GC invocations=443 (full 33):
 PSYoungGen      total 455104K, used 155416K [0x00000007d6560000, 0x0000000800000000, 0x0000000800000000)
  eden space 227584K, 0% used [0x00000007d6560000,0x00000007d6560000,0x00000007e43a0000)
  from space 227520K, 68% used [0x00000007f21d0000,0x00000007fb996030,0x0000000800000000)
  to   space 227520K, 0% used [0x00000007e43a0000,0x00000007e43a0000,0x00000007f21d0000)
 PSOldGen        total 1365376K, used 559502K [0x0000000783000000, 0x00000007d6560000, 0x00000007d6560000)
  object space 1365376K, 40% used [0x0000000783000000,0x00000007a52638d8,0x00000007d6560000)
 PSPermGen       total 24384K, used 22547K [0x000000077de00000, 0x000000077f5d0000, 0x0000000783000000)
  object space 24384K, 92% used [0x000000077de00000,0x000000077f404de8,0x000000077f5d0000)
}
Total time for which application threads were stopped: 0.0296560 seconds
Application time: 0.2037190 seconds
{Heap before GC invocations=444 (full 33):
 PSYoungGen      total 455104K, used 383000K [0x00000007d6560000, 0x0000000800000000, 0x0000000800000000)
  eden space 227584K, 100% used [0x00000007d6560000,0x00000007e43a0000,0x00000007e43a0000)
  from space 227520K, 68% used [0x00000007f21d0000,0x00000007fb996030,0x0000000800000000)
  to   space 227520K, 0% used [0x00000007e43a0000,0x00000007e43a0000,0x00000007f21d0000)
 PSOldGen        total 1365376K, used 559502K [0x0000000783000000, 0x00000007d6560000, 0x00000007d6560000)
  object space 1365376K, 40% used [0x0000000783000000,0x00000007a52638d8,0x00000007d6560000)
 PSPermGen       total 24384K, used 22823K [0x000000077de00000, 0x000000077f5d0000, 0x0000000783000000)
  object space 24384K, 93% used [0x000000077de00000,0x000000077f449de8,0x000000077f5d0000)
2819.530: [GC [PSYoungGen: 383000K->183690K(455104K)] 942502K->885103K(1820480K), 0.0459090 secs] [Times: user=0.53 sys=0.00, real=0.05 secs] 
Heap after GC invocations=444 (full 33):
 PSYoungGen      total 455104K, used 183690K [0x00000007d6560000, 0x0000000800000000, 0x0000000800000000)
  eden space 227584K, 0% used [0x00000007d6560000,0x00000007d6560000,0x00000007e43a0000)
  from space 227520K, 80% used [0x00000007e43a0000,0x00000007ef7029e0,0x00000007f21d0000)
  to   space 227520K, 0% used [0x00000007f21d0000,0x00000007f21d0000,0x0000000800000000)
 PSOldGen        total 1365376K, used 701412K [0x0000000783000000, 0x00000007d6560000, 0x00000007d6560000)
  object space 1365376K, 51% used [0x0000000783000000,0x00000007adcf93e8,0x00000007d6560000)
 PSPermGen       total 24384K, used 22823K [0x000000077de00000, 0x000000077f5d0000, 0x0000000783000000)
  object space 24384K, 93% used [0x000000077de00000,0x000000077f449de8,0x000000077f5d0000)
}
Total time for which application threads were stopped: 0.0467470 seconds
Application time: 0.2958940 seconds
{Heap before GC invocations=445 (full 33):
 PSYoungGen      total 455104K, used 411274K [0x00000007d6560000, 0x0000000800000000, 0x0000000800000000)
  eden space 227584K, 100% used [0x00000007d6560000,0x00000007e43a0000,0x00000007e43a0000)
  from space 227520K, 80% used [0x00000007e43a0000,0x00000007ef7029e0,0x00000007f21d0000)
  to   space 227520K, 0% used [0x00000007f21d0000,0x00000007f21d0000,0x0000000800000000)
 PSOldGen        total 1365376K, used 701412K [0x0000000783000000, 0x00000007d6560000, 0x00000007d6560000)
  object space 1365376K, 51% used [0x0000000783000000,0x00000007adcf93e8,0x00000007d6560000)
 PSPermGen       total 24384K, used 23064K [0x000000077de00000, 0x000000077f5d0000, 0x0000000783000000)
  object space 24384K, 94% used [0x000000077de00000,0x000000077f486028,0x000000077f5d0000)
2819.873: [GC [PSYoungGen: 411274K->158859K(455104K)] 1112687K->1027217K(1820480K), 0.0509030 secs] [Times: user=0.59 sys=0.00, real=0.06 secs] 
Heap after GC invocations=445 (full 33):
 PSYoungGen      total 455104K, used 158859K [0x00000007d6560000, 0x0000000800000000, 0x0000000800000000)
  eden space 227584K, 0% used [0x00000007d6560000,0x00000007d6560000,0x00000007e43a0000)
  from space 227520K, 69% used [0x00000007f21d0000,0x00000007fbcf2f40,0x0000000800000000)
  to   space 227520K, 0% used [0x00000007e43a0000,0x00000007e43a0000,0x00000007f21d0000)
 PSOldGen        total 1365376K, used 868357K [0x0000000783000000, 0x00000007d6560000, 0x00000007d6560000)
  object space 1365376K, 63% used [0x0000000783000000,0x00000007b8001578,0x00000007d6560000)
 PSPermGen       total 24384K, used 23064K [0x000000077de00000, 0x000000077f5d0000, 0x0000000783000000)
  object space 24384K, 94% used [0x000000077de00000,0x000000077f486028,0x000000077f5d0000)
}
Total time for which application threads were stopped: 0.0517360 seconds
Application time: 0.7416430 seconds
{Heap before GC invocations=446 (full 33):
 PSYoungGen      total 455104K, used 386443K [0x00000007d6560000, 0x0000000800000000, 0x0000000800000000)
  eden space 227584K, 100% used [0x00000007d6560000,0x00000007e43a0000,0x00000007e43a0000)
  from space 227520K, 69% used [0x00000007f21d0000,0x00000007fbcf2f40,0x0000000800000000)
  to   space 227520K, 0% used [0x00000007e43a0000,0x00000007e43a0000,0x00000007f21d0000)
 PSOldGen        total 1365376K, used 868357K [0x0000000783000000, 0x00000007d6560000, 0x00000007d6560000)
  object space 1365376K, 63% used [0x0000000783000000,0x00000007b8001578,0x00000007d6560000)
 PSPermGen       total 24384K, used 23101K [0x000000077de00000, 0x000000077f5d0000, 0x0000000783000000)
  object space 24384K, 94% used [0x000000077de00000,0x000000077f48f6e8,0x000000077f5d0000)
2820.666: [GC [PSYoungGen: 386443K->26462K(455104K)] 1254801K->1039071K(1820480K), 0.0543710 secs] [Times: user=0.40 sys=0.00, real=0.05 secs] 
Heap after GC invocations=446 (full 33):
 PSYoungGen      total 455104K, used 26462K [0x00000007d6560000, 0x0000000800000000, 0x0000000800000000)
  eden space 227584K, 0% used [0x00000007d6560000,0x00000007d6560000,0x00000007e43a0000)
  from space 227520K, 11% used [0x00000007e43a0000,0x00000007e5d77be0,0x00000007f21d0000)
  to   space 227520K, 0% used [0x00000007f21d0000,0x00000007f21d0000,0x0000000800000000)
 PSOldGen        total 1365376K, used 1012608K [0x0000000783000000, 0x00000007d6560000, 0x00000007d6560000)
  object space 1365376K, 74% used [0x0000000783000000,0x00000007c0ce0368,0x00000007d6560000)
 PSPermGen       total 24384K, used 23101K [0x000000077de00000, 0x000000077f5d0000, 0x0000000783000000)
  object space 24384K, 94% used [0x000000077de00000,0x000000077f48f6e8,0x000000077f5d0000)
}
Total time for which application threads were stopped: 0.0551910 seconds
Application time: 0.8274090 seconds
{Heap before GC invocations=447 (full 33):
 PSYoungGen      total 455104K, used 254046K [0x00000007d6560000, 0x0000000800000000, 0x0000000800000000)
  eden space 227584K, 100% used [0x00000007d6560000,0x00000007e43a0000,0x00000007e43a0000)
  from space 227520K, 11% used [0x00000007e43a0000,0x00000007e5d77be0,0x00000007f21d0000)
  to   space 227520K, 0% used [0x00000007f21d0000,0x00000007f21d0000,0x0000000800000000)
 PSOldGen        total 1365376K, used 1012608K [0x0000000783000000, 0x00000007d6560000, 0x00000007d6560000)
  object space 1365376K, 74% used [0x0000000783000000,0x00000007c0ce0368,0x00000007d6560000)
 PSPermGen       total 24384K, used 23101K [0x000000077de00000, 0x000000077f5d0000, 0x0000000783000000)
  object space 24384K, 94% used [0x000000077de00000,0x000000077f48f6e8,0x000000077f5d0000)
2821.549: [GC [PSYoungGen: 254046K->7008K(455104K)] 1266655K->1039172K(1820480K), 0.0568860 secs] [Times: user=0.37 sys=0.01, real=0.06 secs] 
Heap after GC invocations=447 (full 33):
 PSYoungGen      total 455104K, used 7008K [0x00000007d6560000, 0x0000000800000000, 0x0000000800000000)
  eden space 227584K, 0% used [0x00000007d6560000,0x00000007d6560000,0x00000007e43a0000)
  from space 227520K, 3% used [0x00000007f21d0000,0x00000007f28a8000,0x0000000800000000)
  to   space 227520K, 0% used [0x00000007e43a0000,0x00000007e43a0000,0x00000007f21d0000)
 PSOldGen        total 1365376K, used 1032164K [0x0000000783000000, 0x00000007d6560000, 0x00000007d6560000)
  object space 1365376K, 75% used [0x0000000783000000,0x00000007c1ff91c8,0x00000007d6560000)
 PSPermGen       total 24384K, used 23101K [0x000000077de00000, 0x000000077f5d0000, 0x0000000783000000)
  object space 24384K, 94% used [0x000000077de00000,0x000000077f48f6e8,0x000000077f5d0000)
}
Total time for which application threads were stopped: 0.0577120 seconds
Application time: 0.8115510 seconds
{Heap before GC invocations=448 (full 33):
 PSYoungGen      total 455104K, used 234592K [0x00000007d6560000, 0x0000000800000000, 0x0000000800000000)
  eden space 227584K, 100% used [0x00000007d6560000,0x00000007e43a0000,0x00000007e43a0000)
  from space 227520K, 3% used [0x00000007f21d0000,0x00000007f28a8000,0x0000000800000000)
  to   space 227520K, 0% used [0x00000007e43a0000,0x00000007e43a0000,0x00000007f21d0000)
 PSOldGen        total 1365376K, used 1032164K [0x0000000783000000, 0x00000007d6560000, 0x00000007d6560000)
  object space 1365376K, 75% used [0x0000000783000000,0x00000007c1ff91c8,0x00000007d6560000)
 PSPermGen       total 24384K, used 23101K [0x000000077de00000, 0x000000077f5d0000, 0x0000000783000000)
  object space 24384K, 94% used [0x000000077de00000,0x000000077f48f6e8,0x000000077f5d0000)
2822.418: [GC [PSYoungGen: 234592K->7072K(455104K)] 1266756K->1039292K(1820480K), 0.0557110 secs] [Times: user=0.41 sys=0.00, real=0.06 secs] 
Heap after GC invocations=448 (full 33):
 PSYoungGen      total 455104K, used 7072K [0x00000007d6560000, 0x0000000800000000, 0x0000000800000000)
  eden space 227584K, 0% used [0x00000007d6560000,0x00000007d6560000,0x00000007e43a0000)
  from space 227520K, 3% used [0x00000007e43a0000,0x00000007e4a88000,0x00000007f21d0000)
  to   space 227520K, 0% used [0x00000007f21d0000,0x00000007f21d0000,0x0000000800000000)
 PSOldGen        total 1365376K, used 1032220K [0x0000000783000000, 0x00000007d6560000, 0x00000007d6560000)
  object space 1365376K, 75% used [0x0000000783000000,0x00000007c20071c8,0x00000007d6560000)
 PSPermGen       total 24384K, used 23101K [0x000000077de00000, 0x000000077f5d0000, 0x0000000783000000)
  object space 24384K, 94% used [0x000000077de00000,0x000000077f48f6e8,0x000000077f5d0000)
}
Total time for which application threads were stopped: 0.0564480 seconds
Application time: 2.8001070 seconds
{Heap before GC invocations=449 (full 33):
 PSYoungGen      total 455104K, used 234656K [0x00000007d6560000, 0x0000000800000000, 0x0000000800000000)
  eden space 227584K, 100% used [0x00000007d6560000,0x00000007e43a0000,0x00000007e43a0000)
  from space 227520K, 3% used [0x00000007e43a0000,0x00000007e4a88000,0x00000007f21d0000)
  to   space 227520K, 0% used [0x00000007f21d0000,0x00000007f21d0000,0x0000000800000000)
 PSOldGen        total 1365376K, used 1032220K [0x0000000783000000, 0x00000007d6560000, 0x00000007d6560000)
  object space 1365376K, 75% used [0x0000000783000000,0x00000007c20071c8,0x00000007d6560000)
 PSPermGen       total 24384K, used 23106K [0x000000077de00000, 0x000000077f5d0000, 0x0000000783000000)
  object space 24384K, 94% used [0x000000077de00000,0x000000077f490b28,0x000000077f5d0000)
2825.274: [GC [PSYoungGen: 234656K->9478K(455104K)] 1266876K->1041827K(1820480K), 0.0538620 secs] [Times: user=0.38 sys=0.02, real=0.05 secs] 
Heap after GC invocations=449 (full 33):
 PSYoungGen      total 455104K, used 9478K [0x00000007d6560000, 0x0000000800000000, 0x0000000800000000)
  eden space 227584K, 0% used [0x00000007d6560000,0x00000007d6560000,0x00000007e43a0000)
  from space 227520K, 4% used [0x00000007f21d0000,0x00000007f2b11b10,0x0000000800000000)
  to   space 227520K, 0% used [0x00000007e43a0000,0x00000007e43a0000,0x00000007f21d0000)
 PSOldGen        total 1365376K, used 1032348K [0x0000000783000000, 0x00000007d6560000, 0x00000007d6560000)
  object space 1365376K, 75% used [0x0000000783000000,0x00000007c20271c8,0x00000007d6560000)
 PSPermGen       total 24384K, used 23106K [0x000000077de00000, 0x000000077f5d0000, 0x0000000783000000)
  object space 24384K, 94% used [0x000000077de00000,0x000000077f490b28,0x000000077f5d0000)
}
Total time for which application threads were stopped: 0.0547280 seconds
Application time: 0.2018930 seconds
{Heap before GC invocations=450 (full 33):
 PSYoungGen      total 455104K, used 237062K [0x00000007d6560000, 0x0000000800000000, 0x0000000800000000)
  eden space 227584K, 100% used [0x00000007d6560000,0x00000007e43a0000,0x00000007e43a0000)
  from space 227520K, 4% used [0x00000007f21d0000,0x00000007f2b11b10,0x0000000800000000)
  to   space 227520K, 0% used [0x00000007e43a0000,0x00000007e43a0000,0x00000007f21d0000)
 PSOldGen        total 1365376K, used 1032348K [0x0000000783000000, 0x00000007d6560000, 0x00000007d6560000)
  object space 1365376K, 75% used [0x0000000783000000,0x00000007c20271c8,0x00000007d6560000)
 PSPermGen       total 24384K, used 23387K [0x000000077de00000, 0x000000077f5d0000, 0x0000000783000000)
  object space 24384K, 95% used [0x000000077de00000,0x000000077f4d6f68,0x000000077f5d0000)
2825.531: [GC [PSYoungGen: 237062K->181606K(455104K)] 1269411K->1216775K(1820480K), 0.0300240 secs] [Times: user=0.34 sys=0.00, real=0.03 secs] 
Heap after GC invocations=450 (full 33):
 PSYoungGen      total 455104K, used 181606K [0x00000007d6560000, 0x0000000800000000, 0x0000000800000000)
  eden space 227584K, 0% used [0x00000007d6560000,0x00000007d6560000,0x00000007e43a0000)
  from space 227520K, 79% used [0x00000007e43a0000,0x00000007ef4f99b0,0x00000007f21d0000)
  to   space 227520K, 0% used [0x00000007f21d0000,0x00000007f21d0000,0x0000000800000000)
 PSOldGen        total 1365376K, used 1035169K [0x0000000783000000, 0x00000007d6560000, 0x00000007d6560000)
  object space 1365376K, 75% used [0x0000000783000000,0x00000007c22e8528,0x00000007d6560000)
 PSPermGen       total 24384K, used 23387K [0x000000077de00000, 0x000000077f5d0000, 0x0000000783000000)
  object space 24384K, 95% used [0x000000077de00000,0x000000077f4d6f68,0x000000077f5d0000)
}
Total time for which application threads were stopped: 0.0309290 seconds
Application time: 0.2032870 seconds
{Heap before GC invocations=451 (full 33):
 PSYoungGen      total 455104K, used 409183K [0x00000007d6560000, 0x0000000800000000, 0x0000000800000000)
  eden space 227584K, 99% used [0x00000007d6560000,0x00000007e439e400,0x00000007e43a0000)
  from space 227520K, 79% used [0x00000007e43a0000,0x00000007ef4f99b0,0x00000007f21d0000)
  to   space 227520K, 0% used [0x00000007f21d0000,0x00000007f21d0000,0x0000000800000000)
 PSOldGen        total 1365376K, used 1035169K [0x0000000783000000, 0x00000007d6560000, 0x00000007d6560000)
  object space 1365376K, 75% used [0x0000000783000000,0x00000007c22e8528,0x00000007d6560000)
 PSPermGen       total 24384K, used 23666K [0x000000077de00000, 0x000000077f5d0000, 0x0000000783000000)
  object space 24384K, 97% used [0x000000077de00000,0x000000077f51cb68,0x000000077f5d0000)
2825.765: [GC [PSYoungGen: 409183K->184109K(455104K)] 1444352K->1385525K(1820480K), 0.0495690 secs] [Times: user=0.56 sys=0.01, real=0.05 secs] 
Heap after GC invocations=451 (full 33):
 PSYoungGen      total 455104K, used 184109K [0x00000007d6560000, 0x0000000800000000, 0x0000000800000000)
  eden space 227584K, 0% used [0x00000007d6560000,0x00000007d6560000,0x00000007e43a0000)
  from space 227520K, 80% used [0x00000007f21d0000,0x00000007fd59b770,0x0000000800000000)
  to   space 227520K, 0% used [0x00000007e43a0000,0x00000007e43a0000,0x00000007f21d0000)
 PSOldGen        total 1365376K, used 1201416K [0x0000000783000000, 0x00000007d6560000, 0x00000007d6560000)
  object space 1365376K, 87% used [0x0000000783000000,0x00000007cc542048,0x00000007d6560000)
 PSPermGen       total 24384K, used 23666K [0x000000077de00000, 0x000000077f5d0000, 0x0000000783000000)
  object space 24384K, 97% used [0x000000077de00000,0x000000077f51cb68,0x000000077f5d0000)
}
{Heap before GC invocations=452 (full 34):
 PSYoungGen      total 455104K, used 184109K [0x00000007d6560000, 0x0000000800000000, 0x0000000800000000)
  eden space 227584K, 0% used [0x00000007d6560000,0x00000007d6560000,0x00000007e43a0000)
  from space 227520K, 80% used [0x00000007f21d0000,0x00000007fd59b770,0x0000000800000000)
  to   space 227520K, 0% used [0x00000007e43a0000,0x00000007e43a0000,0x00000007f21d0000)
 PSOldGen        total 1365376K, used 1201416K [0x0000000783000000, 0x00000007d6560000, 0x00000007d6560000)
  object space 1365376K, 87% used [0x0000000783000000,0x00000007cc542048,0x00000007d6560000)
 PSPermGen       total 24384K, used 23666K [0x000000077de00000, 0x000000077f5d0000, 0x0000000783000000)
  object space 24384K, 97% used [0x000000077de00000,0x000000077f51cb68,0x000000077f5d0000)
2825.815: [Full GC [PSYoungGen: 184109K->0K(455104K)] [PSOldGen: 1201416K->391732K(1365376K)] 1385525K->391732K(1820480K) [PSPermGen: 23666K->23666K(26048K)], 0.3893110 secs] [Times: user=0.39 sys=0.00, real=0.39 secs] 
Heap after GC invocations=452 (full 34):
 PSYoungGen      total 455104K, used 0K [0x00000007d6560000, 0x0000000800000000, 0x0000000800000000)
  eden space 227584K, 0% used [0x00000007d6560000,0x00000007d6560000,0x00000007e43a0000)
  from space 227520K, 0% used [0x00000007f21d0000,0x00000007f21d0000,0x0000000800000000)
  to   space 227520K, 0% used [0x00000007e43a0000,0x00000007e43a0000,0x00000007f21d0000)
 PSOldGen        total 1365376K, used 391732K [0x0000000783000000, 0x00000007d6560000, 0x00000007d6560000)
  object space 1365376K, 28% used [0x0000000783000000,0x000000079ae8d170,0x00000007d6560000)
 PSPermGen       total 26048K, used 23666K [0x000000077de00000, 0x000000077f770000, 0x0000000783000000)
  object space 26048K, 90% used [0x000000077de00000,0x000000077f51cb68,0x000000077f770000)
}
Total time for which application threads were stopped: 0.4398260 seconds
Application time: 0.6776210 seconds
{Heap before GC invocations=453 (full 34):
 PSYoungGen      total 455104K, used 227584K [0x00000007d6560000, 0x0000000800000000, 0x0000000800000000)
  eden space 227584K, 100% used [0x00000007d6560000,0x00000007e43a0000,0x00000007e43a0000)
  from space 227520K, 0% used [0x00000007f21d0000,0x00000007f21d0000,0x0000000800000000)
  to   space 227520K, 0% used [0x00000007e43a0000,0x00000007e43a0000,0x00000007f21d0000)
 PSOldGen        total 1365376K, used 391732K [0x0000000783000000, 0x00000007d6560000, 0x00000007d6560000)
  object space 1365376K, 28% used [0x0000000783000000,0x000000079ae8d170,0x00000007d6560000)
 PSPermGen       total 26048K, used 23728K [0x000000077de00000, 0x000000077f770000, 0x0000000783000000)
  object space 26048K, 91% used [0x000000077de00000,0x000000077f52c2e8,0x000000077f770000)
2826.883: [GC [PSYoungGen: 227584K->41713K(455104K)] 619316K->433446K(1820480K), 0.0466090 secs] [Times: user=0.35 sys=0.00, real=0.05 secs] 
Heap after GC invocations=453 (full 34):
 PSYoungGen      total 455104K, used 41713K [0x00000007d6560000, 0x0000000800000000, 0x0000000800000000)
  eden space 227584K, 0% used [0x00000007d6560000,0x00000007d6560000,0x00000007e43a0000)
  from space 227520K, 18% used [0x00000007e43a0000,0x00000007e6c5c7a0,0x00000007f21d0000)
  to   space 227520K, 0% used [0x00000007f21d0000,0x00000007f21d0000,0x0000000800000000)
 PSOldGen        total 1365376K, used 391732K [0x0000000783000000, 0x00000007d6560000, 0x00000007d6560000)
  object space 1365376K, 28% used [0x0000000783000000,0x000000079ae8d170,0x00000007d6560000)
 PSPermGen       total 26048K, used 23728K [0x000000077de00000, 0x000000077f770000, 0x0000000783000000)
  object space 26048K, 91% used [0x000000077de00000,0x000000077f52c2e8,0x000000077f770000)
}
Total time for which application threads were stopped: 0.0476500 seconds
Application time: 0.8013040 seconds
{Heap before GC invocations=454 (full 34):
 PSYoungGen      total 455104K, used 269297K [0x00000007d6560000, 0x0000000800000000, 0x0000000800000000)
  eden space 227584K, 100% used [0x00000007d6560000,0x00000007e43a0000,0x00000007e43a0000)
  from space 227520K, 18% used [0x00000007e43a0000,0x00000007e6c5c7a0,0x00000007f21d0000)
  to   space 227520K, 0% used [0x00000007f21d0000,0x00000007f21d0000,0x0000000800000000)
 PSOldGen        total 1365376K, used 391732K [0x0000000783000000, 0x00000007d6560000, 0x00000007d6560000)
  object space 1365376K, 28% used [0x0000000783000000,0x000000079ae8d170,0x00000007d6560000)
 PSPermGen       total 26048K, used 23728K [0x000000077de00000, 0x000000077f770000, 0x0000000783000000)
  object space 26048K, 91% used [0x000000077de00000,0x000000077f52c2e8,0x000000077f770000)
2827.732: [GC [PSYoungGen: 269297K->7040K(455104K)] 661030K->432447K(1820480K), 0.0559050 secs] [Times: user=0.39 sys=0.00, real=0.06 secs] 
Heap after GC invocations=454 (full 34):
 PSYoungGen      total 455104K, used 7040K [0x00000007d6560000, 0x0000000800000000, 0x0000000800000000)
  eden space 227584K, 0% used [0x00000007d6560000,0x00000007d6560000,0x00000007e43a0000)
  from space 227520K, 3% used [0x00000007f21d0000,0x00000007f28b0000,0x0000000800000000)
  to   space 227520K, 0% used [0x00000007e43a0000,0x00000007e43a0000,0x00000007f21d0000)
 PSOldGen        total 1365376K, used 425407K [0x0000000783000000, 0x00000007d6560000, 0x00000007d6560000)
  object space 1365376K, 31% used [0x0000000783000000,0x000000079cf6fd70,0x00000007d6560000)
 PSPermGen       total 26048K, used 23728K [0x000000077de00000, 0x000000077f770000, 0x0000000783000000)
  object space 26048K, 91% used [0x000000077de00000,0x000000077f52c2e8,0x000000077f770000)
}
Total time for which application threads were stopped: 0.0569710 seconds
Application time: 0.7879320 seconds
{Heap before GC invocations=455 (full 34):
 PSYoungGen      total 455104K, used 234624K [0x00000007d6560000, 0x0000000800000000, 0x0000000800000000)
  eden space 227584K, 100% used [0x00000007d6560000,0x00000007e43a0000,0x00000007e43a0000)
  from space 227520K, 3% used [0x00000007f21d0000,0x00000007f28b0000,0x0000000800000000)
  to   space 227520K, 0% used [0x00000007e43a0000,0x00000007e43a0000,0x00000007f21d0000)
 PSOldGen        total 1365376K, used 425407K [0x0000000783000000, 0x00000007d6560000, 0x00000007d6560000)
  object space 1365376K, 31% used [0x0000000783000000,0x000000079cf6fd70,0x00000007d6560000)
 PSPermGen       total 26048K, used 23728K [0x000000077de00000, 0x000000077f770000, 0x0000000783000000)
  object space 26048K, 91% used [0x000000077de00000,0x000000077f52c2e8,0x000000077f770000)
2828.577: [GC [PSYoungGen: 234624K->7072K(455104K)] 660031K->432527K(1820480K), 0.0543610 secs] [Times: user=0.37 sys=0.01, real=0.05 secs] 
Heap after GC invocations=455 (full 34):
 PSYoungGen      total 455104K, used 7072K [0x00000007d6560000, 0x0000000800000000, 0x0000000800000000)
  eden space 227584K, 0% used [0x00000007d6560000,0x00000007d6560000,0x00000007e43a0000)
  from space 227520K, 3% used [0x00000007e43a0000,0x00000007e4a88000,0x00000007f21d0000)
  to   space 227520K, 0% used [0x00000007f21d0000,0x00000007f21d0000,0x0000000800000000)
 PSOldGen        total 1365376K, used 425455K [0x0000000783000000, 0x00000007d6560000, 0x00000007d6560000)
  object space 1365376K, 31% used [0x0000000783000000,0x000000079cf7bd70,0x00000007d6560000)
 PSPermGen       total 26048K, used 23728K [0x000000077de00000, 0x000000077f770000, 0x0000000783000000)
  object space 26048K, 91% used [0x000000077de00000,0x000000077f52c2e8,0x000000077f770000)
}
Total time for which application threads were stopped: 0.0551490 seconds
Application time: 0.5512630 seconds
{Heap before GC invocations=456 (full 34):
 PSYoungGen      total 455104K, used 234656K [0x00000007d6560000, 0x0000000800000000, 0x0000000800000000)
  eden space 227584K, 100% used [0x00000007d6560000,0x00000007e43a0000,0x00000007e43a0000)
  from space 227520K, 3% used [0x00000007e43a0000,0x00000007e4a88000,0x00000007f21d0000)
  to   space 227520K, 0% used [0x00000007f21d0000,0x00000007f21d0000,0x0000000800000000)
 PSOldGen        total 1365376K, used 425455K [0x0000000783000000, 0x00000007d6560000, 0x00000007d6560000)
  object space 1365376K, 31% used [0x0000000783000000,0x000000079cf7bd70,0x00000007d6560000)
 PSPermGen       total 26048K, used 23831K [0x000000077de00000, 0x000000077f770000, 0x0000000783000000)
  object space 26048K, 91% used [0x000000077de00000,0x000000077f545ea8,0x000000077f770000)
2829.183: [GC [PSYoungGen: 234656K->66490K(455104K)] 660111K->492265K(1820480K), 0.0364910 secs] [Times: user=0.25 sys=0.00, real=0.04 secs] 
Heap after GC invocations=456 (full 34):
 PSYoungGen      total 455104K, used 66490K [0x00000007d6560000, 0x0000000800000000, 0x0000000800000000)
  eden space 227584K, 0% used [0x00000007d6560000,0x00000007d6560000,0x00000007e43a0000)
  from space 227520K, 29% used [0x00000007f21d0000,0x00000007f62be9d0,0x0000000800000000)
  to   space 227520K, 0% used [0x00000007e43a0000,0x00000007e43a0000,0x00000007f21d0000)
 PSOldGen        total 1365376K, used 425775K [0x0000000783000000, 0x00000007d6560000, 0x00000007d6560000)
  object space 1365376K, 31% used [0x0000000783000000,0x000000079cfcbd70,0x00000007d6560000)
 PSPermGen       total 26048K, used 23831K [0x000000077de00000, 0x000000077f770000, 0x0000000783000000)
  object space 26048K, 91% used [0x000000077de00000,0x000000077f545ea8,0x000000077f770000)
}
Total time for which application threads were stopped: 0.0373730 seconds
Application time: 2.8545390 seconds
{Heap before GC invocations=457 (full 34):
 PSYoungGen      total 455104K, used 294074K [0x00000007d6560000, 0x0000000800000000, 0x0000000800000000)
  eden space 227584K, 100% used [0x00000007d6560000,0x00000007e43a0000,0x00000007e43a0000)
  from space 227520K, 29% used [0x00000007f21d0000,0x00000007f62be9d0,0x0000000800000000)
  to   space 227520K, 0% used [0x00000007e43a0000,0x00000007e43a0000,0x00000007f21d0000)
 PSOldGen        total 1365376K, used 425775K [0x0000000783000000, 0x00000007d6560000, 0x00000007d6560000)
  object space 1365376K, 31% used [0x0000000783000000,0x000000079cfcbd70,0x00000007d6560000)
 PSPermGen       total 26048K, used 23957K [0x000000077de00000, 0x000000077f770000, 0x0000000783000000)
  object space 26048K, 91% used [0x000000077de00000,0x000000077f565468,0x000000077f770000)
2832.075: [GC [PSYoungGen: 294074K->80861K(455104K)] 719849K->507044K(1820480K), 0.0379340 secs] [Times: user=0.25 sys=0.01, real=0.03 secs] 
Heap after GC invocations=457 (full 34):
 PSYoungGen      total 455104K, used 80861K [0x00000007d6560000, 0x0000000800000000, 0x0000000800000000)
  eden space 227584K, 0% used [0x00000007d6560000,0x00000007d6560000,0x00000007e43a0000)
  from space 227520K, 35% used [0x00000007e43a0000,0x00000007e9297500,0x00000007f21d0000)
  to   space 227520K, 0% used [0x00000007f21d0000,0x00000007f21d0000,0x0000000800000000)
 PSOldGen        total 1365376K, used 426183K [0x0000000783000000, 0x00000007d6560000, 0x00000007d6560000)
  object space 1365376K, 31% used [0x0000000783000000,0x000000079d031e90,0x00000007d6560000)
 PSPermGen       total 26048K, used 23957K [0x000000077de00000, 0x000000077f770000, 0x0000000783000000)
  object space 26048K, 91% used [0x000000077de00000,0x000000077f565468,0x000000077f770000)
}
Total time for which application threads were stopped: 0.0388710 seconds
Application time: 0.1948270 seconds
{Heap before GC invocations=458 (full 34):
 PSYoungGen      total 455104K, used 308445K [0x00000007d6560000, 0x0000000800000000, 0x0000000800000000)
  eden space 227584K, 100% used [0x00000007d6560000,0x00000007e43a0000,0x00000007e43a0000)
  from space 227520K, 35% used [0x00000007e43a0000,0x00000007e9297500,0x00000007f21d0000)
  to   space 227520K, 0% used [0x00000007f21d0000,0x00000007f21d0000,0x0000000800000000)
 PSOldGen        total 1365376K, used 426183K [0x0000000783000000, 0x00000007d6560000, 0x00000007d6560000)
  object space 1365376K, 31% used [0x0000000783000000,0x000000079d031e90,0x00000007d6560000)
 PSPermGen       total 26048K, used 24239K [0x000000077de00000, 0x000000077f770000, 0x0000000783000000)
  object space 26048K, 93% used [0x000000077de00000,0x000000077f5abf68,0x000000077f770000)
2832.309: [GC [PSYoungGen: 308445K->187388K(455104K)] 734628K->684682K(1820480K), 0.0369950 secs] [Times: user=0.41 sys=0.00, real=0.04 secs] 
Heap after GC invocations=458 (full 34):
 PSYoungGen      total 455104K, used 187388K [0x00000007d6560000, 0x0000000800000000, 0x0000000800000000)
  eden space 227584K, 0% used [0x00000007d6560000,0x00000007d6560000,0x00000007e43a0000)
  from space 227520K, 82% used [0x00000007f21d0000,0x00000007fd8cf370,0x0000000800000000)
  to   space 227520K, 0% used [0x00000007e43a0000,0x00000007e43a0000,0x00000007f21d0000)
 PSOldGen        total 1365376K, used 497293K [0x0000000783000000, 0x00000007d6560000, 0x00000007d6560000)
  object space 1365376K, 36% used [0x0000000783000000,0x00000007a15a37a0,0x00000007d6560000)
 PSPermGen       total 26048K, used 24239K [0x000000077de00000, 0x000000077f770000, 0x0000000783000000)
  object space 26048K, 93% used [0x000000077de00000,0x000000077f5abf68,0x000000077f770000)
}
Total time for which application threads were stopped: 0.0379130 seconds
Application time: 0.2164540 seconds
{Heap before GC invocations=459 (full 34):
 PSYoungGen      total 455104K, used 414972K [0x00000007d6560000, 0x0000000800000000, 0x0000000800000000)
  eden space 227584K, 100% used [0x00000007d6560000,0x00000007e43a0000,0x00000007e43a0000)
  from space 227520K, 82% used [0x00000007f21d0000,0x00000007fd8cf370,0x0000000800000000)
  to   space 227520K, 0% used [0x00000007e43a0000,0x00000007e43a0000,0x00000007f21d0000)
 PSOldGen        total 1365376K, used 497293K [0x0000000783000000, 0x00000007d6560000, 0x00000007d6560000)
  object space 1365376K, 36% used [0x0000000783000000,0x00000007a15a37a0,0x00000007d6560000)
 PSPermGen       total 26048K, used 24522K [0x000000077de00000, 0x000000077f770000, 0x0000000783000000)
  object space 26048K, 94% used [0x000000077de00000,0x000000077f5f29a8,0x000000077f770000)
2832.563: [GC [PSYoungGen: 414972K->187249K(455104K)] 912266K->855362K(1820480K), 0.0497410 secs] [Times: user=0.60 sys=0.00, real=0.05 secs] 
Heap after GC invocations=459 (full 34):
 PSYoungGen      total 455104K, used 187249K [0x00000007d6560000, 0x0000000800000000, 0x0000000800000000)
  eden space 227584K, 0% used [0x00000007d6560000,0x00000007d6560000,0x00000007e43a0000)
  from space 227520K, 82% used [0x00000007e43a0000,0x00000007efa7c600,0x00000007f21d0000)
  to   space 227520K, 0% used [0x00000007f21d0000,0x00000007f21d0000,0x0000000800000000)
 PSOldGen        total 1365376K, used 668112K [0x0000000783000000, 0x00000007d6560000, 0x00000007d6560000)
  object space 1365376K, 48% used [0x0000000783000000,0x00000007abc743c0,0x00000007d6560000)
 PSPermGen       total 26048K, used 24522K [0x000000077de00000, 0x000000077f770000, 0x0000000783000000)
  object space 26048K, 94% used [0x000000077de00000,0x000000077f5f29a8,0x000000077f770000)
}
Total time for which application threads were stopped: 0.0506770 seconds
Application time: 0.6606520 seconds
{Heap before GC invocations=460 (full 34):
 PSYoungGen      total 455104K, used 414833K [0x00000007d6560000, 0x0000000800000000, 0x0000000800000000)
  eden space 227584K, 100% used [0x00000007d6560000,0x00000007e43a0000,0x00000007e43a0000)
  from space 227520K, 82% used [0x00000007e43a0000,0x00000007efa7c600,0x00000007f21d0000)
  to   space 227520K, 0% used [0x00000007f21d0000,0x00000007f21d0000,0x0000000800000000)
 PSOldGen        total 1365376K, used 668112K [0x0000000783000000, 0x00000007d6560000, 0x00000007d6560000)
  object space 1365376K, 48% used [0x0000000783000000,0x00000007abc743c0,0x00000007d6560000)
 PSPermGen       total 26048K, used 24596K [0x000000077de00000, 0x000000077f770000, 0x0000000783000000)
  object space 26048K, 94% used [0x000000077de00000,0x000000077f605368,0x000000077f770000)
2833.275: [GC [PSYoungGen: 414833K->47731K(455104K)] 1082946K->887425K(1820480K), 0.0638490 secs] [Times: user=0.43 sys=0.01, real=0.06 secs] 
Heap after GC invocations=460 (full 34):
 PSYoungGen      total 455104K, used 47731K [0x00000007d6560000, 0x0000000800000000, 0x0000000800000000)
  eden space 227584K, 0% used [0x00000007d6560000,0x00000007d6560000,0x00000007e43a0000)
  from space 227520K, 20% used [0x00000007f21d0000,0x00000007f506cc50,0x0000000800000000)
  to   space 227520K, 0% used [0x00000007e43a0000,0x00000007e43a0000,0x00000007f21d0000)
 PSOldGen        total 1365376K, used 839694K [0x0000000783000000, 0x00000007d6560000, 0x00000007d6560000)
  object space 1365376K, 61% used [0x0000000783000000,0x00000007b6403940,0x00000007d6560000)
 PSPermGen       total 26048K, used 24596K [0x000000077de00000, 0x000000077f770000, 0x0000000783000000)
  object space 26048K, 94% used [0x000000077de00000,0x000000077f605368,0x000000077f770000)
}
Total time for which application threads were stopped: 0.0646830 seconds
Application time: 0.8169690 seconds
{Heap before GC invocations=461 (full 34):
 PSYoungGen      total 455104K, used 275315K [0x00000007d6560000, 0x0000000800000000, 0x0000000800000000)
  eden space 227584K, 100% used [0x00000007d6560000,0x00000007e43a0000,0x00000007e43a0000)
  from space 227520K, 20% used [0x00000007f21d0000,0x00000007f506cc50,0x0000000800000000)
  to   space 227520K, 0% used [0x00000007e43a0000,0x00000007e43a0000,0x00000007f21d0000)
 PSOldGen        total 1365376K, used 839694K [0x0000000783000000, 0x00000007d6560000, 0x00000007d6560000)
  object space 1365376K, 61% used [0x0000000783000000,0x00000007b6403940,0x00000007d6560000)
 PSPermGen       total 26048K, used 24596K [0x000000077de00000, 0x000000077f770000, 0x0000000783000000)
  object space 26048K, 94% used [0x000000077de00000,0x000000077f605368,0x000000077f770000)
2834.156: [GC [PSYoungGen: 275315K->7008K(455104K)] 1115009K->887248K(1820480K), 0.0586310 secs] [Times: user=0.41 sys=0.02, real=0.06 secs] 
Heap after GC invocations=461 (full 34):
 PSYoungGen      total 455104K, used 7008K [0x00000007d6560000, 0x0000000800000000, 0x0000000800000000)
  eden space 227584K, 0% used [0x00000007d6560000,0x00000007d6560000,0x00000007e43a0000)
  from space 227520K, 3% used [0x00000007e43a0000,0x00000007e4a78000,0x00000007f21d0000)
  to   space 227520K, 0% used [0x00000007f21d0000,0x00000007f21d0000,0x0000000800000000)
 PSOldGen        total 1365376K, used 880240K [0x0000000783000000, 0x00000007d6560000, 0x00000007d6560000)
  object space 1365376K, 64% used [0x0000000783000000,0x00000007b8b9c1c0,0x00000007d6560000)
 PSPermGen       total 26048K, used 24596K [0x000000077de00000, 0x000000077f770000, 0x0000000783000000)
  object space 26048K, 94% used [0x000000077de00000,0x000000077f605368,0x000000077f770000)
}
Total time for which application threads were stopped: 0.0593770 seconds
Application time: 0.8041790 seconds
{Heap before GC invocations=462 (full 34):
 PSYoungGen      total 455104K, used 234592K [0x00000007d6560000, 0x0000000800000000, 0x0000000800000000)
  eden space 227584K, 100% used [0x00000007d6560000,0x00000007e43a0000,0x00000007e43a0000)
  from space 227520K, 3% used [0x00000007e43a0000,0x00000007e4a78000,0x00000007f21d0000)
  to   space 227520K, 0% used [0x00000007f21d0000,0x00000007f21d0000,0x0000000800000000)
 PSOldGen        total 1365376K, used 880240K [0x0000000783000000, 0x00000007d6560000, 0x00000007d6560000)
  object space 1365376K, 64% used [0x0000000783000000,0x00000007b8b9c1c0,0x00000007d6560000)
 PSPermGen       total 26048K, used 24596K [0x000000077de00000, 0x000000077f770000, 0x0000000783000000)
  object space 26048K, 94% used [0x000000077de00000,0x000000077f605368,0x000000077f770000)
2835.020: [GC [PSYoungGen: 234592K->6976K(455104K)] 1114832K->887240K(1820480K), 0.0552980 secs] [Times: user=0.40 sys=0.01, real=0.05 secs] 
Heap after GC invocations=462 (full 34):
 PSYoungGen      total 455104K, used 6976K [0x00000007d6560000, 0x0000000800000000, 0x0000000800000000)
  eden space 227584K, 0% used [0x00000007d6560000,0x00000007d6560000,0x00000007e43a0000)
  from space 227520K, 3% used [0x00000007f21d0000,0x00000007f28a0000,0x0000000800000000)
  to   space 227520K, 0% used [0x00000007e43a0000,0x00000007e43a0000,0x00000007f21d0000)
 PSOldGen        total 1365376K, used 880264K [0x0000000783000000, 0x00000007d6560000, 0x00000007d6560000)
  object space 1365376K, 64% used [0x0000000783000000,0x00000007b8ba21c0,0x00000007d6560000)
 PSPermGen       total 26048K, used 24596K [0x000000077de00000, 0x000000077f770000, 0x0000000783000000)
  object space 26048K, 94% used [0x000000077de00000,0x000000077f605368,0x000000077f770000)
}
Total time for which application threads were stopped: 0.0560360 seconds
Application time: 0.7759600 seconds
{Heap before GC invocations=463 (full 34):
 PSYoungGen      total 455104K, used 234560K [0x00000007d6560000, 0x0000000800000000, 0x0000000800000000)
  eden space 227584K, 100% used [0x00000007d6560000,0x00000007e43a0000,0x00000007e43a0000)
  from space 227520K, 3% used [0x00000007f21d0000,0x00000007f28a0000,0x0000000800000000)
  to   space 227520K, 0% used [0x00000007e43a0000,0x00000007e43a0000,0x00000007f21d0000)
 PSOldGen        total 1365376K, used 880264K [0x0000000783000000, 0x00000007d6560000, 0x00000007d6560000)
  object space 1365376K, 64% used [0x0000000783000000,0x00000007b8ba21c0,0x00000007d6560000)
 PSPermGen       total 26048K, used 24599K [0x000000077de00000, 0x000000077f770000, 0x0000000783000000)
  object space 26048K, 94% used [0x000000077de00000,0x000000077f605cd8,0x000000077f770000)
2835.852: [GC [PSYoungGen: 234560K->7296K(455104K)] 1114824K->887624K(1820480K), 0.0542470 secs] [Times: user=0.38 sys=0.00, real=0.06 secs] 
Heap after GC invocations=463 (full 34):
 PSYoungGen      total 455104K, used 7296K [0x00000007d6560000, 0x0000000800000000, 0x0000000800000000)
  eden space 227584K, 0% used [0x00000007d6560000,0x00000007d6560000,0x00000007e43a0000)
  from space 227520K, 3% used [0x00000007e43a0000,0x00000007e4ac0000,0x00000007f21d0000)
  to   space 227520K, 0% used [0x00000007f21d0000,0x00000007f21d0000,0x0000000800000000)
 PSOldGen        total 1365376K, used 880328K [0x0000000783000000, 0x00000007d6560000, 0x00000007d6560000)
  object space 1365376K, 64% used [0x0000000783000000,0x00000007b8bb21c0,0x00000007d6560000)
 PSPermGen       total 26048K, used 24599K [0x000000077de00000, 0x000000077f770000, 0x0000000783000000)
  object space 26048K, 94% used [0x000000077de00000,0x000000077f605cd8,0x000000077f770000)
}
Total time for which application threads were stopped: 0.0554830 seconds
Application time: 60.3193460 seconds
Total time for which application threads were stopped: 0.0006710 seconds
Application time: 0.0001620 seconds
Total time for which application threads were stopped: 0.0002750 seconds
Application time: 0.0010880 seconds
Total time for which application threads were stopped: 0.0006330 seconds
Application time: 0.0014090 seconds
Total time for which application threads were stopped: 0.0009780 seconds
Application time: 122.8722290 seconds
{Heap before GC invocations=464 (full 34):
 PSYoungGen      total 455104K, used 234880K [0x00000007d6560000, 0x0000000800000000, 0x0000000800000000)
  eden space 227584K, 100% used [0x00000007d6560000,0x00000007e43a0000,0x00000007e43a0000)
  from space 227520K, 3% used [0x00000007e43a0000,0x00000007e4ac0000,0x00000007f21d0000)
  to   space 227520K, 0% used [0x00000007f21d0000,0x00000007f21d0000,0x0000000800000000)
 PSOldGen        total 1365376K, used 880328K [0x0000000783000000, 0x00000007d6560000, 0x00000007d6560000)
  object space 1365376K, 64% used [0x0000000783000000,0x00000007b8bb21c0,0x00000007d6560000)
 PSPermGen       total 26048K, used 24792K [0x000000077de00000, 0x000000077f770000, 0x0000000783000000)
  object space 26048K, 95% used [0x000000077de00000,0x000000077f636098,0x000000077f770000)
3019.104: [GC [PSYoungGen: 234880K->124189K(455104K)] 1115208K->1004885K(1820480K), 0.0349020 secs] [Times: user=0.33 sys=0.00, real=0.03 secs] 
Heap after GC invocations=464 (full 34):
 PSYoungGen      total 455104K, used 124189K [0x00000007d6560000, 0x0000000800000000, 0x0000000800000000)
  eden space 227584K, 0% used [0x00000007d6560000,0x00000007d6560000,0x00000007e43a0000)
  from space 227520K, 54% used [0x00000007f21d0000,0x00000007f9b175f0,0x0000000800000000)
  to   space 227520K, 0% used [0x00000007e43a0000,0x00000007e43a0000,0x00000007f21d0000)
 PSOldGen        total 1365376K, used 880696K [0x0000000783000000, 0x00000007d6560000, 0x00000007d6560000)
  object space 1365376K, 64% used [0x0000000783000000,0x00000007b8c0e1c0,0x00000007d6560000)
 PSPermGen       total 26048K, used 24792K [0x000000077de00000, 0x000000077f770000, 0x0000000783000000)
  object space 26048K, 95% used [0x000000077de00000,0x000000077f636098,0x000000077f770000)
}
Total time for which application threads were stopped: 0.0357690 seconds
Application time: 0.2015310 seconds
{Heap before GC invocations=465 (full 34):
 PSYoungGen      total 455104K, used 351773K [0x00000007d6560000, 0x0000000800000000, 0x0000000800000000)
  eden space 227584K, 100% used [0x00000007d6560000,0x00000007e43a0000,0x00000007e43a0000)
  from space 227520K, 54% used [0x00000007f21d0000,0x00000007f9b175f0,0x0000000800000000)
  to   space 227520K, 0% used [0x00000007e43a0000,0x00000007e43a0000,0x00000007f21d0000)
 PSOldGen        total 1365376K, used 880696K [0x0000000783000000, 0x00000007d6560000, 0x00000007d6560000)
  object space 1365376K, 64% used [0x0000000783000000,0x00000007b8c0e1c0,0x00000007d6560000)
 PSPermGen       total 26048K, used 25076K [0x000000077de00000, 0x000000077f770000, 0x0000000783000000)
  object space 26048K, 96% used [0x000000077de00000,0x000000077f67d318,0x000000077f770000)
3019.341: [GC [PSYoungGen: 351773K->189106K(455104K)] 1232469K->1181834K(1820480K), 0.0440330 secs] [Times: user=0.52 sys=0.00, real=0.05 secs] 
Heap after GC invocations=465 (full 34):
 PSYoungGen      total 455104K, used 189106K [0x00000007d6560000, 0x0000000800000000, 0x0000000800000000)
  eden space 227584K, 0% used [0x00000007d6560000,0x00000007d6560000,0x00000007e43a0000)
  from space 227520K, 83% used [0x00000007e43a0000,0x00000007efc4cb40,0x00000007f21d0000)
  to   space 227520K, 0% used [0x00000007f21d0000,0x00000007f21d0000,0x0000000800000000)
 PSOldGen        total 1365376K, used 992727K [0x0000000783000000, 0x00000007d6560000, 0x00000007d6560000)
  object space 1365376K, 72% used [0x0000000783000000,0x00000007bf975d10,0x00000007d6560000)
 PSPermGen       total 26048K, used 25076K [0x000000077de00000, 0x000000077f770000, 0x0000000783000000)
  object space 26048K, 96% used [0x000000077de00000,0x000000077f67d318,0x000000077f770000)
}
Total time for which application threads were stopped: 0.0448470 seconds
Application time: 0.2631690 seconds
{Heap before GC invocations=466 (full 34):
 PSYoungGen      total 455104K, used 416690K [0x00000007d6560000, 0x0000000800000000, 0x0000000800000000)
  eden space 227584K, 100% used [0x00000007d6560000,0x00000007e43a0000,0x00000007e43a0000)
  from space 227520K, 83% used [0x00000007e43a0000,0x00000007efc4cb40,0x00000007f21d0000)
  to   space 227520K, 0% used [0x00000007f21d0000,0x00000007f21d0000,0x0000000800000000)
 PSOldGen        total 1365376K, used 992727K [0x0000000783000000, 0x00000007d6560000, 0x00000007d6560000)
  object space 1365376K, 72% used [0x0000000783000000,0x00000007bf975d10,0x00000007d6560000)
 PSPermGen       total 26048K, used 25331K [0x000000077de00000, 0x000000077f770000, 0x0000000783000000)
  object space 26048K, 97% used [0x000000077de00000,0x000000077f6bcfd8,0x000000077f770000)
3019.649: [GC [PSYoungGen: 416690K->169248K(455104K)] 1409418K->1334084K(1820480K), 0.0519610 secs] [Times: user=0.58 sys=0.00, real=0.05 secs] 
Heap after GC invocations=466 (full 34):
 PSYoungGen      total 455104K, used 169248K [0x00000007d6560000, 0x0000000800000000, 0x0000000800000000)
  eden space 227584K, 0% used [0x00000007d6560000,0x00000007d6560000,0x00000007e43a0000)
  from space 227520K, 74% used [0x00000007f21d0000,0x00000007fc718140,0x0000000800000000)
  to   space 227520K, 0% used [0x00000007e43a0000,0x00000007e43a0000,0x00000007f21d0000)
 PSOldGen        total 1365376K, used 1164836K [0x0000000783000000, 0x00000007d6560000, 0x00000007d6560000)
  object space 1365376K, 85% used [0x0000000783000000,0x00000007ca189020,0x00000007d6560000)
 PSPermGen       total 26048K, used 25331K [0x000000077de00000, 0x000000077f770000, 0x0000000783000000)
  object space 26048K, 97% used [0x000000077de00000,0x000000077f6bcfd8,0x000000077f770000)
}
{Heap before GC invocations=467 (full 35):
 PSYoungGen      total 455104K, used 169248K [0x00000007d6560000, 0x0000000800000000, 0x0000000800000000)
  eden space 227584K, 0% used [0x00000007d6560000,0x00000007d6560000,0x00000007e43a0000)
  from space 227520K, 74% used [0x00000007f21d0000,0x00000007fc718140,0x0000000800000000)
  to   space 227520K, 0% used [0x00000007e43a0000,0x00000007e43a0000,0x00000007f21d0000)
 PSOldGen        total 1365376K, used 1164836K [0x0000000783000000, 0x00000007d6560000, 0x00000007d6560000)
  object space 1365376K, 85% used [0x0000000783000000,0x00000007ca189020,0x00000007d6560000)
 PSPermGen       total 26048K, used 25331K [0x000000077de00000, 0x000000077f770000, 0x0000000783000000)
  object space 26048K, 97% used [0x000000077de00000,0x000000077f6bcfd8,0x000000077f770000)
3019.702: [Full GC [PSYoungGen: 169248K->0K(455104K)] [PSOldGen: 1164836K->537142K(1365376K)] 1334084K->537142K(1820480K) [PSPermGen: 25331K->25331K(27200K)], 0.4532600 secs] [Times: user=0.46 sys=0.00, real=0.46 secs] 
Heap after GC invocations=467 (full 35):
 PSYoungGen      total 455104K, used 0K [0x00000007d6560000, 0x0000000800000000, 0x0000000800000000)
  eden space 227584K, 0% used [0x00000007d6560000,0x00000007d6560000,0x00000007e43a0000)
  from space 227520K, 0% used [0x00000007f21d0000,0x00000007f21d0000,0x0000000800000000)
  to   space 227520K, 0% used [0x00000007e43a0000,0x00000007e43a0000,0x00000007f21d0000)
 PSOldGen        total 1365376K, used 537142K [0x0000000783000000, 0x00000007d6560000, 0x00000007d6560000)
  object space 1365376K, 39% used [0x0000000783000000,0x00000007a3c8dbe8,0x00000007d6560000)
 PSPermGen       total 27200K, used 25331K [0x000000077de00000, 0x000000077f890000, 0x0000000783000000)
  object space 27200K, 93% used [0x000000077de00000,0x000000077f6bcfd8,0x000000077f890000)
}
Total time for which application threads were stopped: 0.5061310 seconds
Application time: 0.7144170 seconds
{Heap before GC invocations=468 (full 35):
 PSYoungGen      total 455104K, used 227584K [0x00000007d6560000, 0x0000000800000000, 0x0000000800000000)
  eden space 227584K, 100% used [0x00000007d6560000,0x00000007e43a0000,0x00000007e43a0000)
  from space 227520K, 0% used [0x00000007f21d0000,0x00000007f21d0000,0x0000000800000000)
  to   space 227520K, 0% used [0x00000007e43a0000,0x00000007e43a0000,0x00000007f21d0000)
 PSOldGen        total 1365376K, used 537142K [0x0000000783000000, 0x00000007d6560000, 0x00000007d6560000)
  object space 1365376K, 39% used [0x0000000783000000,0x00000007a3c8dbe8,0x00000007d6560000)
 PSPermGen       total 27200K, used 25372K [0x000000077de00000, 0x000000077f890000, 0x0000000783000000)
  object space 27200K, 93% used [0x000000077de00000,0x000000077f6c71d8,0x000000077f890000)
3020.870: [GC [PSYoungGen: 227584K->28095K(455104K)] 764726K->565238K(1820480K), 0.0515110 secs] [Times: user=0.39 sys=0.00, real=0.05 secs] 
Heap after GC invocations=468 (full 35):
 PSYoungGen      total 455104K, used 28095K [0x00000007d6560000, 0x0000000800000000, 0x0000000800000000)
  eden space 227584K, 0% used [0x00000007d6560000,0x00000007d6560000,0x00000007e43a0000)
  from space 227520K, 12% used [0x00000007e43a0000,0x00000007e5f0fd10,0x00000007f21d0000)
  to   space 227520K, 0% used [0x00000007f21d0000,0x00000007f21d0000,0x0000000800000000)
 PSOldGen        total 1365376K, used 537142K [0x0000000783000000, 0x00000007d6560000, 0x00000007d6560000)
  object space 1365376K, 39% used [0x0000000783000000,0x00000007a3c8dbe8,0x00000007d6560000)
 PSPermGen       total 27200K, used 25372K [0x000000077de00000, 0x000000077f890000, 0x0000000783000000)
  object space 27200K, 93% used [0x000000077de00000,0x000000077f6c71d8,0x000000077f890000)
}
Total time for which application threads were stopped: 0.0522920 seconds
Application time: 0.7922710 seconds
{Heap before GC invocations=469 (full 35):
 PSYoungGen      total 455104K, used 255679K [0x00000007d6560000, 0x0000000800000000, 0x0000000800000000)
  eden space 227584K, 100% used [0x00000007d6560000,0x00000007e43a0000,0x00000007e43a0000)
  from space 227520K, 12% used [0x00000007e43a0000,0x00000007e5f0fd10,0x00000007f21d0000)
  to   space 227520K, 0% used [0x00000007f21d0000,0x00000007f21d0000,0x0000000800000000)
 PSOldGen        total 1365376K, used 537142K [0x0000000783000000, 0x00000007d6560000, 0x00000007d6560000)
  object space 1365376K, 39% used [0x0000000783000000,0x00000007a3c8dbe8,0x00000007d6560000)
 PSPermGen       total 27200K, used 25372K [0x000000077de00000, 0x000000077f890000, 0x0000000783000000)
  object space 27200K, 93% used [0x000000077de00000,0x000000077f6c71d8,0x000000077f890000)
3021.715: [GC [PSYoungGen: 255679K->6976K(455104K)] 792822K->564924K(1820480K), 0.0551580 secs] [Times: user=0.40 sys=0.00, real=0.05 secs] 
Heap after GC invocations=469 (full 35):
 PSYoungGen      total 455104K, used 6976K [0x00000007d6560000, 0x0000000800000000, 0x0000000800000000)
  eden space 227584K, 0% used [0x00000007d6560000,0x00000007d6560000,0x00000007e43a0000)
  from space 227520K, 3% used [0x00000007f21d0000,0x00000007f28a0000,0x0000000800000000)
  to   space 227520K, 0% used [0x00000007e43a0000,0x00000007e43a0000,0x00000007f21d0000)
 PSOldGen        total 1365376K, used 557948K [0x0000000783000000, 0x00000007d6560000, 0x00000007d6560000)
  object space 1365376K, 40% used [0x0000000783000000,0x00000007a50df3e8,0x00000007d6560000)
 PSPermGen       total 27200K, used 25372K [0x000000077de00000, 0x000000077f890000, 0x0000000783000000)
  object space 27200K, 93% used [0x000000077de00000,0x000000077f6c71d8,0x000000077f890000)
}
Total time for which application threads were stopped: 0.0559490 seconds
Application time: 0.7951990 seconds
{Heap before GC invocations=470 (full 35):
 PSYoungGen      total 455104K, used 234560K [0x00000007d6560000, 0x0000000800000000, 0x0000000800000000)
  eden space 227584K, 100% used [0x00000007d6560000,0x00000007e43a0000,0x00000007e43a0000)
  from space 227520K, 3% used [0x00000007f21d0000,0x00000007f28a0000,0x0000000800000000)
  to   space 227520K, 0% used [0x00000007e43a0000,0x00000007e43a0000,0x00000007f21d0000)
 PSOldGen        total 1365376K, used 557948K [0x0000000783000000, 0x00000007d6560000, 0x00000007d6560000)
  object space 1365376K, 40% used [0x0000000783000000,0x00000007a50df3e8,0x00000007d6560000)
 PSPermGen       total 27200K, used 25372K [0x000000077de00000, 0x000000077f890000, 0x0000000783000000)
  object space 27200K, 93% used [0x000000077de00000,0x000000077f6c71d8,0x000000077f890000)
3022.566: [GC [PSYoungGen: 234560K->7296K(455104K)] 792508K->565316K(1820480K), 0.0552130 secs] [Times: user=0.37 sys=0.01, real=0.05 secs] 
Heap after GC invocations=470 (full 35):
 PSYoungGen      total 455104K, used 7296K [0x00000007d6560000, 0x0000000800000000, 0x0000000800000000)
  eden space 227584K, 0% used [0x00000007d6560000,0x00000007d6560000,0x00000007e43a0000)
  from space 227520K, 3% used [0x00000007e43a0000,0x00000007e4ac0000,0x00000007f21d0000)
  to   space 227520K, 0% used [0x00000007f21d0000,0x00000007f21d0000,0x0000000800000000)
 PSOldGen        total 1365376K, used 558020K [0x0000000783000000, 0x00000007d6560000, 0x00000007d6560000)
  object space 1365376K, 40% used [0x0000000783000000,0x00000007a50f13e8,0x00000007d6560000)
 PSPermGen       total 27200K, used 25372K [0x000000077de00000, 0x000000077f890000, 0x0000000783000000)
  object space 27200K, 93% used [0x000000077de00000,0x000000077f6c71d8,0x000000077f890000)
}
Total time for which application threads were stopped: 0.0559080 seconds
Application time: 0.7639020 seconds
{Heap before GC invocations=471 (full 35):
 PSYoungGen      total 455104K, used 234880K [0x00000007d6560000, 0x0000000800000000, 0x0000000800000000)
  eden space 227584K, 100% used [0x00000007d6560000,0x00000007e43a0000,0x00000007e43a0000)
  from space 227520K, 3% used [0x00000007e43a0000,0x00000007e4ac0000,0x00000007f21d0000)
  to   space 227520K, 0% used [0x00000007f21d0000,0x00000007f21d0000,0x0000000800000000)
 PSOldGen        total 1365376K, used 558020K [0x0000000783000000, 0x00000007d6560000, 0x00000007d6560000)
  object space 1365376K, 40% used [0x0000000783000000,0x00000007a50f13e8,0x00000007d6560000)
 PSPermGen       total 27200K, used 25372K [0x000000077de00000, 0x000000077f890000, 0x0000000783000000)
  object space 27200K, 93% used [0x000000077de00000,0x000000077f6c71d8,0x000000077f890000)
3023.386: [GC [PSYoungGen: 234880K->6880K(455104K)] 792900K->565324K(1820480K), 0.0530020 secs] [Times: user=0.36 sys=0.02, real=0.05 secs] 
Heap after GC invocations=471 (full 35):
 PSYoungGen      total 455104K, used 6880K [0x00000007d6560000, 0x0000000800000000, 0x0000000800000000)
  eden space 227584K, 0% used [0x00000007d6560000,0x00000007d6560000,0x00000007e43a0000)
  from space 227520K, 3% used [0x00000007f21d0000,0x00000007f2888000,0x0000000800000000)
  to   space 227520K, 0% used [0x00000007e43a0000,0x00000007e43a0000,0x00000007f21d0000)
 PSOldGen        total 1365376K, used 558444K [0x0000000783000000, 0x00000007d6560000, 0x00000007d6560000)
  object space 1365376K, 40% used [0x0000000783000000,0x00000007a515b3e8,0x00000007d6560000)
 PSPermGen       total 27200K, used 25372K [0x000000077de00000, 0x000000077f890000, 0x0000000783000000)
  object space 27200K, 93% used [0x000000077de00000,0x000000077f6c71d8,0x000000077f890000)
}
Total time for which application threads were stopped: 0.0539110 seconds
Application time: 1.3417620 seconds
{Heap before GC invocations=472 (full 35):
 PSYoungGen      total 455104K, used 234464K [0x00000007d6560000, 0x0000000800000000, 0x0000000800000000)
  eden space 227584K, 100% used [0x00000007d6560000,0x00000007e43a0000,0x00000007e43a0000)
  from space 227520K, 3% used [0x00000007f21d0000,0x00000007f2888000,0x0000000800000000)
  to   space 227520K, 0% used [0x00000007e43a0000,0x00000007e43a0000,0x00000007f21d0000)
 PSOldGen        total 1365376K, used 558444K [0x0000000783000000, 0x00000007d6560000, 0x00000007d6560000)
  object space 1365376K, 40% used [0x0000000783000000,0x00000007a515b3e8,0x00000007d6560000)
 PSPermGen       total 27200K, used 25583K [0x000000077de00000, 0x000000077f890000, 0x0000000783000000)
  object space 27200K, 94% used [0x000000077de00000,0x000000077f6fbc18,0x000000077f890000)
3024.781: [GC [PSYoungGen: 234464K->135370K(455104K)] 792908K->693903K(1820480K), 0.0287850 secs] [Times: user=0.25 sys=0.00, real=0.03 secs] 
Heap after GC invocations=472 (full 35):
 PSYoungGen      total 455104K, used 135370K [0x00000007d6560000, 0x0000000800000000, 0x0000000800000000)
  eden space 227584K, 0% used [0x00000007d6560000,0x00000007d6560000,0x00000007e43a0000)
  from space 227520K, 59% used [0x00000007e43a0000,0x00000007ec7d2b30,0x00000007f21d0000)
  to   space 227520K, 0% used [0x00000007f21d0000,0x00000007f21d0000,0x0000000800000000)
 PSOldGen        total 1365376K, used 558532K [0x0000000783000000, 0x00000007d6560000, 0x00000007d6560000)
  object space 1365376K, 40% used [0x0000000783000000,0x00000007a51713e8,0x00000007d6560000)
 PSPermGen       total 27200K, used 25583K [0x000000077de00000, 0x000000077f890000, 0x0000000783000000)
  object space 27200K, 94% used [0x000000077de00000,0x000000077f6fbc18,0x000000077f890000)
}
Total time for which application threads were stopped: 0.0295650 seconds
Application time: 0.1973890 seconds
{Heap before GC invocations=473 (full 35):
 PSYoungGen      total 455104K, used 362954K [0x00000007d6560000, 0x0000000800000000, 0x0000000800000000)
  eden space 227584K, 100% used [0x00000007d6560000,0x00000007e43a0000,0x00000007e43a0000)
  from space 227520K, 59% used [0x00000007e43a0000,0x00000007ec7d2b30,0x00000007f21d0000)
  to   space 227520K, 0% used [0x00000007f21d0000,0x00000007f21d0000,0x0000000800000000)
 PSOldGen        total 1365376K, used 558532K [0x0000000783000000, 0x00000007d6560000, 0x00000007d6560000)
  object space 1365376K, 40% used [0x0000000783000000,0x00000007a51713e8,0x00000007d6560000)
 PSPermGen       total 27200K, used 25864K [0x000000077de00000, 0x000000077f890000, 0x0000000783000000)
  object space 27200K, 95% used [0x000000077de00000,0x000000077f742358,0x000000077f890000)
3025.008: [GC [PSYoungGen: 362954K->186898K(455104K)] 921487K->868148K(1820480K), 0.0430820 secs] [Times: user=0.49 sys=0.00, real=0.04 secs] 
Heap after GC invocations=473 (full 35):
 PSYoungGen      total 455104K, used 186898K [0x00000007d6560000, 0x0000000800000000, 0x0000000800000000)
  eden space 227584K, 0% used [0x00000007d6560000,0x00000007d6560000,0x00000007e43a0000)
  from space 227520K, 82% used [0x00000007f21d0000,0x00000007fd854b20,0x0000000800000000)
  to   space 227520K, 0% used [0x00000007e43a0000,0x00000007e43a0000,0x00000007f21d0000)
 PSOldGen        total 1365376K, used 681249K [0x0000000783000000, 0x00000007d6560000, 0x00000007d6560000)
  object space 1365376K, 49% used [0x0000000783000000,0x00000007ac948538,0x00000007d6560000)
 PSPermGen       total 27200K, used 25864K [0x000000077de00000, 0x000000077f890000, 0x0000000783000000)
  object space 27200K, 95% used [0x000000077de00000,0x000000077f742358,0x000000077f890000)
}
Total time for which application threads were stopped: 0.0439120 seconds
Application time: 0.2986680 seconds
{Heap before GC invocations=474 (full 35):
 PSYoungGen      total 455104K, used 414482K [0x00000007d6560000, 0x0000000800000000, 0x0000000800000000)
  eden space 227584K, 100% used [0x00000007d6560000,0x00000007e43a0000,0x00000007e43a0000)
  from space 227520K, 82% used [0x00000007f21d0000,0x00000007fd854b20,0x0000000800000000)
  to   space 227520K, 0% used [0x00000007e43a0000,0x00000007e43a0000,0x00000007f21d0000)
 PSOldGen        total 1365376K, used 681249K [0x0000000783000000, 0x00000007d6560000, 0x00000007d6560000)
  object space 1365376K, 49% used [0x0000000783000000,0x00000007ac948538,0x00000007d6560000)
 PSPermGen       total 27200K, used 26102K [0x000000077de00000, 0x000000077f890000, 0x0000000783000000)
  object space 27200K, 95% used [0x000000077de00000,0x000000077f77d818,0x000000077f890000)
3025.351: [GC [PSYoungGen: 414482K->154822K(455104K)] 1095732K->1006779K(1820480K), 0.0512450 secs] [Times: user=0.52 sys=0.00, real=0.05 secs] 
Heap after GC invocations=474 (full 35):
 PSYoungGen      total 455104K, used 154822K [0x00000007d6560000, 0x0000000800000000, 0x0000000800000000)
  eden space 227584K, 0% used [0x00000007d6560000,0x00000007d6560000,0x00000007e43a0000)
  from space 227520K, 68% used [0x00000007e43a0000,0x00000007edad1950,0x00000007f21d0000)
  to   space 227520K, 0% used [0x00000007f21d0000,0x00000007f21d0000,0x0000000800000000)
 PSOldGen        total 1365376K, used 851957K [0x0000000783000000, 0x00000007d6560000, 0x00000007d6560000)
  object space 1365376K, 62% used [0x0000000783000000,0x00000007b6ffd678,0x00000007d6560000)
 PSPermGen       total 27200K, used 26102K [0x000000077de00000, 0x000000077f890000, 0x0000000783000000)
  object space 27200K, 95% used [0x000000077de00000,0x000000077f77d818,0x000000077f890000)
}
Total time for which application threads were stopped: 0.0520930 seconds
Application time: 0.7471340 seconds
{Heap before GC invocations=475 (full 35):
 PSYoungGen      total 455104K, used 382406K [0x00000007d6560000, 0x0000000800000000, 0x0000000800000000)
  eden space 227584K, 100% used [0x00000007d6560000,0x00000007e43a0000,0x00000007e43a0000)
  from space 227520K, 68% used [0x00000007e43a0000,0x00000007edad1950,0x00000007f21d0000)
  to   space 227520K, 0% used [0x00000007f21d0000,0x00000007f21d0000,0x0000000800000000)
 PSOldGen        total 1365376K, used 851957K [0x0000000783000000, 0x00000007d6560000, 0x00000007d6560000)
  object space 1365376K, 62% used [0x0000000783000000,0x00000007b6ffd678,0x00000007d6560000)
 PSPermGen       total 27200K, used 26122K [0x000000077de00000, 0x000000077f890000, 0x0000000783000000)
  object space 27200K, 96% used [0x000000077de00000,0x000000077f782918,0x000000077f890000)
3026.151: [GC [PSYoungGen: 382406K->17466K(455104K)] 1234363K->1010068K(1820480K), 0.0541170 secs] [Times: user=0.38 sys=0.01, real=0.06 secs] 
Heap after GC invocations=475 (full 35):
 PSYoungGen      total 455104K, used 17466K [0x00000007d6560000, 0x0000000800000000, 0x0000000800000000)
  eden space 227584K, 0% used [0x00000007d6560000,0x00000007d6560000,0x00000007e43a0000)
  from space 227520K, 7% used [0x00000007f21d0000,0x00000007f32de950,0x0000000800000000)
  to   space 227520K, 0% used [0x00000007e43a0000,0x00000007e43a0000,0x00000007f21d0000)
 PSOldGen        total 1365376K, used 992602K [0x0000000783000000, 0x00000007d6560000, 0x00000007d6560000)
  object space 1365376K, 72% used [0x0000000783000000,0x00000007bf9568d8,0x00000007d6560000)
 PSPermGen       total 27200K, used 26122K [0x000000077de00000, 0x000000077f890000, 0x0000000783000000)
  object space 27200K, 96% used [0x000000077de00000,0x000000077f782918,0x000000077f890000)
}
Total time for which application threads were stopped: 0.0560450 seconds
Application time: 0.7853860 seconds
{Heap before GC invocations=476 (full 35):
 PSYoungGen      total 455104K, used 245050K [0x00000007d6560000, 0x0000000800000000, 0x0000000800000000)
  eden space 227584K, 100% used [0x00000007d6560000,0x00000007e43a0000,0x00000007e43a0000)
  from space 227520K, 7% used [0x00000007f21d0000,0x00000007f32de950,0x0000000800000000)
  to   space 227520K, 0% used [0x00000007e43a0000,0x00000007e43a0000,0x00000007f21d0000)
 PSOldGen        total 1365376K, used 992602K [0x0000000783000000, 0x00000007d6560000, 0x00000007d6560000)
  object space 1365376K, 72% used [0x0000000783000000,0x00000007bf9568d8,0x00000007d6560000)
 PSPermGen       total 27200K, used 26122K [0x000000077de00000, 0x000000077f890000, 0x0000000783000000)
  object space 27200K, 96% used [0x000000077de00000,0x000000077f782918,0x000000077f890000)
3026.991: [GC [PSYoungGen: 245050K->6944K(455104K)] 1237652K->1009830K(1820480K), 0.0542750 secs] [Times: user=0.40 sys=0.00, real=0.06 secs] 
Heap after GC invocations=476 (full 35):
 PSYoungGen      total 455104K, used 6944K [0x00000007d6560000, 0x0000000800000000, 0x0000000800000000)
  eden space 227584K, 0% used [0x00000007d6560000,0x00000007d6560000,0x00000007e43a0000)
  from space 227520K, 3% used [0x00000007e43a0000,0x00000007e4a68000,0x00000007f21d0000)
  to   space 227520K, 0% used [0x00000007f21d0000,0x00000007f21d0000,0x0000000800000000)
 PSOldGen        total 1365376K, used 1002886K [0x0000000783000000, 0x00000007d6560000, 0x00000007d6560000)
  object space 1365376K, 73% used [0x0000000783000000,0x00000007c0361be8,0x00000007d6560000)
 PSPermGen       total 27200K, used 26122K [0x000000077de00000, 0x000000077f890000, 0x0000000783000000)
  object space 27200K, 96% used [0x000000077de00000,0x000000077f782918,0x000000077f890000)
}
Total time for which application threads were stopped: 0.0550450 seconds
Application time: 0.7572600 seconds
{Heap before GC invocations=477 (full 35):
 PSYoungGen      total 455104K, used 234528K [0x00000007d6560000, 0x0000000800000000, 0x0000000800000000)
  eden space 227584K, 100% used [0x00000007d6560000,0x00000007e43a0000,0x00000007e43a0000)
  from space 227520K, 3% used [0x00000007e43a0000,0x00000007e4a68000,0x00000007f21d0000)
  to   space 227520K, 0% used [0x00000007f21d0000,0x00000007f21d0000,0x0000000800000000)
 PSOldGen        total 1365376K, used 1002886K [0x0000000783000000, 0x00000007d6560000, 0x00000007d6560000)
  object space 1365376K, 73% used [0x0000000783000000,0x00000007c0361be8,0x00000007d6560000)
 PSPermGen       total 27200K, used 26122K [0x000000077de00000, 0x000000077f890000, 0x0000000783000000)
  object space 27200K, 96% used [0x000000077de00000,0x000000077f782918,0x000000077f890000)
3027.804: [GC [PSYoungGen: 234528K->7072K(455104K)] 1237414K->1010030K(1820480K), 0.0540950 secs] [Times: user=0.35 sys=0.02, real=0.05 secs] 
Heap after GC invocations=477 (full 35):
 PSYoungGen      total 455104K, used 7072K [0x00000007d6560000, 0x0000000800000000, 0x0000000800000000)
  eden space 227584K, 0% used [0x00000007d6560000,0x00000007d6560000,0x00000007e43a0000)
  from space 227520K, 3% used [0x00000007f21d0000,0x00000007f28b8000,0x0000000800000000)
  to   space 227520K, 0% used [0x00000007e43a0000,0x00000007e43a0000,0x00000007f21d0000)
 PSOldGen        total 1365376K, used 1002958K [0x0000000783000000, 0x00000007d6560000, 0x00000007d6560000)
  object space 1365376K, 73% used [0x0000000783000000,0x00000007c0373be8,0x00000007d6560000)
 PSPermGen       total 27200K, used 26122K [0x000000077de00000, 0x000000077f890000, 0x0000000783000000)
  object space 27200K, 96% used [0x000000077de00000,0x000000077f782918,0x000000077f890000)
}
Total time for which application threads were stopped: 0.0548470 seconds
Application time: 2.6804660 seconds
{Heap before GC invocations=478 (full 35):
 PSYoungGen      total 455104K, used 234656K [0x00000007d6560000, 0x0000000800000000, 0x0000000800000000)
  eden space 227584K, 100% used [0x00000007d6560000,0x00000007e43a0000,0x00000007e43a0000)
  from space 227520K, 3% used [0x00000007f21d0000,0x00000007f28b8000,0x0000000800000000)
  to   space 227520K, 0% used [0x00000007e43a0000,0x00000007e43a0000,0x00000007f21d0000)
 PSOldGen        total 1365376K, used 1002958K [0x0000000783000000, 0x00000007d6560000, 0x00000007d6560000)
  object space 1365376K, 73% used [0x0000000783000000,0x00000007c0373be8,0x00000007d6560000)
 PSPermGen       total 27200K, used 26127K [0x000000077de00000, 0x000000077f890000, 0x0000000783000000)
  object space 27200K, 96% used [0x000000077de00000,0x000000077f783c98,0x000000077f890000)
3030.539: [GC [PSYoungGen: 234656K->6944K(455104K)] 1237614K->1010118K(1820480K), 0.0514380 secs] [Times: user=0.38 sys=0.00, real=0.05 secs] 
Heap after GC invocations=478 (full 35):
 PSYoungGen      total 455104K, used 6944K [0x00000007d6560000, 0x0000000800000000, 0x0000000800000000)
  eden space 227584K, 0% used [0x00000007d6560000,0x00000007d6560000,0x00000007e43a0000)
  from space 227520K, 3% used [0x00000007e43a0000,0x00000007e4a68000,0x00000007f21d0000)
  to   space 227520K, 0% used [0x00000007f21d0000,0x00000007f21d0000,0x0000000800000000)
 PSOldGen        total 1365376K, used 1003174K [0x0000000783000000, 0x00000007d6560000, 0x00000007d6560000)
  object space 1365376K, 73% used [0x0000000783000000,0x00000007c03a9be8,0x00000007d6560000)
 PSPermGen       total 27200K, used 26127K [0x000000077de00000, 0x000000077f890000, 0x0000000783000000)
  object space 27200K, 96% used [0x000000077de00000,0x000000077f783c98,0x000000077f890000)
}
Total time for which application threads were stopped: 0.0522640 seconds
Application time: 0.2054560 seconds
{Heap before GC invocations=479 (full 35):
 PSYoungGen      total 455104K, used 234528K [0x00000007d6560000, 0x0000000800000000, 0x0000000800000000)
  eden space 227584K, 100% used [0x00000007d6560000,0x00000007e43a0000,0x00000007e43a0000)
  from space 227520K, 3% used [0x00000007e43a0000,0x00000007e4a68000,0x00000007f21d0000)
  to   space 227520K, 0% used [0x00000007f21d0000,0x00000007f21d0000,0x0000000800000000)
 PSOldGen        total 1365376K, used 1003174K [0x0000000783000000, 0x00000007d6560000, 0x00000007d6560000)
  object space 1365376K, 73% used [0x0000000783000000,0x00000007c03a9be8,0x00000007d6560000)
 PSPermGen       total 27200K, used 26407K [0x000000077de00000, 0x000000077f890000, 0x0000000783000000)
  object space 27200K, 97% used [0x000000077de00000,0x000000077f7c9dd8,0x000000077f890000)
3030.797: [GC [PSYoungGen: 234528K->180048K(455104K)] 1237702K->1183527K(1820480K), 0.0303070 secs] [Times: user=0.27 sys=0.02, real=0.03 secs] 
Heap after GC invocations=479 (full 35):
 PSYoungGen      total 455104K, used 180048K [0x00000007d6560000, 0x0000000800000000, 0x0000000800000000)
  eden space 227584K, 0% used [0x00000007d6560000,0x00000007d6560000,0x00000007e43a0000)
  from space 227520K, 79% used [0x00000007f21d0000,0x00000007fd1a4370,0x0000000800000000)
  to   space 227520K, 0% used [0x00000007e43a0000,0x00000007e43a0000,0x00000007f21d0000)
 PSOldGen        total 1365376K, used 1003478K [0x0000000783000000, 0x00000007d6560000, 0x00000007d6560000)
  object space 1365376K, 73% used [0x0000000783000000,0x00000007c03f5be8,0x00000007d6560000)
 PSPermGen       total 27200K, used 26407K [0x000000077de00000, 0x000000077f890000, 0x0000000783000000)
  object space 27200K, 97% used [0x000000077de00000,0x000000077f7c9dd8,0x000000077f890000)
}
Total time for which application threads were stopped: 0.0310680 seconds
Application time: 0.1904520 seconds
{Heap before GC invocations=480 (full 35):
 PSYoungGen      total 455104K, used 407632K [0x00000007d6560000, 0x0000000800000000, 0x0000000800000000)
  eden space 227584K, 100% used [0x00000007d6560000,0x00000007e43a0000,0x00000007e43a0000)
  from space 227520K, 79% used [0x00000007f21d0000,0x00000007fd1a4370,0x0000000800000000)
  to   space 227520K, 0% used [0x00000007e43a0000,0x00000007e43a0000,0x00000007f21d0000)
 PSOldGen        total 1365376K, used 1003478K [0x0000000783000000, 0x00000007d6560000, 0x00000007d6560000)
  object space 1365376K, 73% used [0x0000000783000000,0x00000007c03f5be8,0x00000007d6560000)
 PSPermGen       total 27200K, used 26693K [0x000000077de00000, 0x000000077f890000, 0x0000000783000000)
  object space 27200K, 98% used [0x000000077de00000,0x000000077f8114d8,0x000000077f890000)
3031.019: [GC [PSYoungGen: 407632K->188568K(455104K)] 1411111K->1357204K(1820480K), 0.0506480 secs] [Times: user=0.56 sys=0.01, real=0.05 secs] 
Heap after GC invocations=480 (full 35):
 PSYoungGen      total 455104K, used 188568K [0x00000007d6560000, 0x0000000800000000, 0x0000000800000000)
  eden space 227584K, 0% used [0x00000007d6560000,0x00000007d6560000,0x00000007e43a0000)
  from space 227520K, 82% used [0x00000007e43a0000,0x00000007efbc60a0,0x00000007f21d0000)
  to   space 227520K, 0% used [0x00000007f21d0000,0x00000007f21d0000,0x0000000800000000)
 PSOldGen        total 1365376K, used 1168635K [0x0000000783000000, 0x00000007d6560000, 0x00000007d6560000)
  object space 1365376K, 85% used [0x0000000783000000,0x00000007ca53eff8,0x00000007d6560000)
 PSPermGen       total 27200K, used 26693K [0x000000077de00000, 0x000000077f890000, 0x0000000783000000)
  object space 27200K, 98% used [0x000000077de00000,0x000000077f8114d8,0x000000077f890000)
}
{Heap before GC invocations=481 (full 36):
 PSYoungGen      total 455104K, used 188568K [0x00000007d6560000, 0x0000000800000000, 0x0000000800000000)
  eden space 227584K, 0% used [0x00000007d6560000,0x00000007d6560000,0x00000007e43a0000)
  from space 227520K, 82% used [0x00000007e43a0000,0x00000007efbc60a0,0x00000007f21d0000)
  to   space 227520K, 0% used [0x00000007f21d0000,0x00000007f21d0000,0x0000000800000000)
 PSOldGen        total 1365376K, used 1168635K [0x0000000783000000, 0x00000007d6560000, 0x00000007d6560000)
  object space 1365376K, 85% used [0x0000000783000000,0x00000007ca53eff8,0x00000007d6560000)
 PSPermGen       total 27200K, used 26693K [0x000000077de00000, 0x000000077f890000, 0x0000000783000000)
  object space 27200K, 98% used [0x000000077de00000,0x000000077f8114d8,0x000000077f890000)
3031.069: [Full GC [PSYoungGen: 188568K->0K(455104K)] [PSOldGen: 1168635K->369776K(1365376K)] 1357204K->369776K(1820480K) [PSPermGen: 26693K->20583K(22976K)], 0.3900670 secs] [Times: user=0.39 sys=0.00, real=0.39 secs] 
Heap after GC invocations=481 (full 36):
 PSYoungGen      total 455104K, used 0K [0x00000007d6560000, 0x0000000800000000, 0x0000000800000000)
  eden space 227584K, 0% used [0x00000007d6560000,0x00000007d6560000,0x00000007e43a0000)
  from space 227520K, 0% used [0x00000007e43a0000,0x00000007e43a0000,0x00000007f21d0000)
  to   space 227520K, 0% used [0x00000007f21d0000,0x00000007f21d0000,0x0000000800000000)
 PSOldGen        total 1365376K, used 369776K [0x0000000783000000, 0x00000007d6560000, 0x00000007d6560000)
  object space 1365376K, 27% used [0x0000000783000000,0x000000079991c2f8,0x00000007d6560000)
 PSPermGen       total 22976K, used 20583K [0x000000077de00000, 0x000000077f470000, 0x0000000783000000)
  object space 22976K, 89% used [0x000000077de00000,0x000000077f219c08,0x000000077f470000)
}
Total time for which application threads were stopped: 0.4417270 seconds
Application time: 0.6792120 seconds
{Heap before GC invocations=482 (full 36):
 PSYoungGen      total 455104K, used 227584K [0x00000007d6560000, 0x0000000800000000, 0x0000000800000000)
  eden space 227584K, 100% used [0x00000007d6560000,0x00000007e43a0000,0x00000007e43a0000)
  from space 227520K, 0% used [0x00000007e43a0000,0x00000007e43a0000,0x00000007f21d0000)
  to   space 227520K, 0% used [0x00000007f21d0000,0x00000007f21d0000,0x0000000800000000)
 PSOldGen        total 1365376K, used 369776K [0x0000000783000000, 0x00000007d6560000, 0x00000007d6560000)
  object space 1365376K, 27% used [0x0000000783000000,0x000000079991c2f8,0x00000007d6560000)
 PSPermGen       total 22976K, used 20635K [0x000000077de00000, 0x000000077f470000, 0x0000000783000000)
  object space 22976K, 89% used [0x000000077de00000,0x000000077f226d48,0x000000077f470000)
3032.139: [GC [PSYoungGen: 227584K->36345K(455104K)] 597360K->406122K(1820480K), 0.0475160 secs] [Times: user=0.31 sys=0.00, real=0.05 secs] 
Heap after GC invocations=482 (full 36):
 PSYoungGen      total 455104K, used 36345K [0x00000007d6560000, 0x0000000800000000, 0x0000000800000000)
  eden space 227584K, 0% used [0x00000007d6560000,0x00000007d6560000,0x00000007e43a0000)
  from space 227520K, 15% used [0x00000007f21d0000,0x00000007f454e640,0x0000000800000000)
  to   space 227520K, 0% used [0x00000007e43a0000,0x00000007e43a0000,0x00000007f21d0000)
 PSOldGen        total 1365376K, used 369776K [0x0000000783000000, 0x00000007d6560000, 0x00000007d6560000)
  object space 1365376K, 27% used [0x0000000783000000,0x000000079991c2f8,0x00000007d6560000)
 PSPermGen       total 22976K, used 20635K [0x000000077de00000, 0x000000077f470000, 0x0000000783000000)
  object space 22976K, 89% used [0x000000077de00000,0x000000077f226d48,0x000000077f470000)
}
Total time for which application threads were stopped: 0.0483140 seconds
Application time: 0.7775650 seconds
{Heap before GC invocations=483 (full 36):
 PSYoungGen      total 455104K, used 263929K [0x00000007d6560000, 0x0000000800000000, 0x0000000800000000)
  eden space 227584K, 100% used [0x00000007d6560000,0x00000007e43a0000,0x00000007e43a0000)
  from space 227520K, 15% used [0x00000007f21d0000,0x00000007f454e640,0x0000000800000000)
  to   space 227520K, 0% used [0x00000007e43a0000,0x00000007e43a0000,0x00000007f21d0000)
 PSOldGen        total 1365376K, used 369776K [0x0000000783000000, 0x00000007d6560000, 0x00000007d6560000)
  object space 1365376K, 27% used [0x0000000783000000,0x000000079991c2f8,0x00000007d6560000)
 PSPermGen       total 22976K, used 20635K [0x000000077de00000, 0x000000077f470000, 0x0000000783000000)
  object space 22976K, 89% used [0x000000077de00000,0x000000077f226d48,0x000000077f470000)
3032.965: [GC [PSYoungGen: 263929K->6976K(455104K)] 633706K->403105K(1820480K), 0.0549140 secs] [Times: user=0.35 sys=0.01, real=0.06 secs] 
Heap after GC invocations=483 (full 36):
 PSYoungGen      total 455104K, used 6976K [0x00000007d6560000, 0x0000000800000000, 0x0000000800000000)
  eden space 227584K, 0% used [0x00000007d6560000,0x00000007d6560000,0x00000007e43a0000)
  from space 227520K, 3% used [0x00000007e43a0000,0x00000007e4a70000,0x00000007f21d0000)
  to   space 227520K, 0% used [0x00000007f21d0000,0x00000007f21d0000,0x0000000800000000)
 PSOldGen        total 1365376K, used 396129K [0x0000000783000000, 0x00000007d6560000, 0x00000007d6560000)
  object space 1365376K, 29% used [0x0000000783000000,0x000000079b2d8468,0x00000007d6560000)
 PSPermGen       total 22976K, used 20635K [0x000000077de00000, 0x000000077f470000, 0x0000000783000000)
  object space 22976K, 89% used [0x000000077de00000,0x000000077f226d48,0x000000077f470000)
}
Total time for which application threads were stopped: 0.0558020 seconds
Application time: 0.7619510 seconds
{Heap before GC invocations=484 (full 36):
 PSYoungGen      total 455104K, used 234560K [0x00000007d6560000, 0x0000000800000000, 0x0000000800000000)
  eden space 227584K, 100% used [0x00000007d6560000,0x00000007e43a0000,0x00000007e43a0000)
  from space 227520K, 3% used [0x00000007e43a0000,0x00000007e4a70000,0x00000007f21d0000)
  to   space 227520K, 0% used [0x00000007f21d0000,0x00000007f21d0000,0x0000000800000000)
 PSOldGen        total 1365376K, used 396129K [0x0000000783000000, 0x00000007d6560000, 0x00000007d6560000)
  object space 1365376K, 29% used [0x0000000783000000,0x000000079b2d8468,0x00000007d6560000)
 PSPermGen       total 22976K, used 20635K [0x000000077de00000, 0x000000077f470000, 0x0000000783000000)
  object space 22976K, 89% used [0x000000077de00000,0x000000077f226d48,0x000000077f470000)
3033.783: [GC [PSYoungGen: 234560K->7104K(455104K)] 630689K->403313K(1820480K), 0.0541000 secs] [Times: user=0.38 sys=0.00, real=0.05 secs] 
Heap after GC invocations=484 (full 36):
 PSYoungGen      total 455104K, used 7104K [0x00000007d6560000, 0x0000000800000000, 0x0000000800000000)
  eden space 227584K, 0% used [0x00000007d6560000,0x00000007d6560000,0x00000007e43a0000)
  from space 227520K, 3% used [0x00000007f21d0000,0x00000007f28c0000,0x0000000800000000)
  to   space 227520K, 0% used [0x00000007e43a0000,0x00000007e43a0000,0x00000007f21d0000)
 PSOldGen        total 1365376K, used 396209K [0x0000000783000000, 0x00000007d6560000, 0x00000007d6560000)
  object space 1365376K, 29% used [0x0000000783000000,0x000000079b2ec468,0x00000007d6560000)
 PSPermGen       total 22976K, used 20635K [0x000000077de00000, 0x000000077f470000, 0x0000000783000000)
  object space 22976K, 89% used [0x000000077de00000,0x000000077f226d48,0x000000077f470000)
}
Total time for which application threads were stopped: 0.0549300 seconds
Application time: 0.6433920 seconds
{Heap before GC invocations=485 (full 36):
 PSYoungGen      total 455104K, used 234688K [0x00000007d6560000, 0x0000000800000000, 0x0000000800000000)
  eden space 227584K, 100% used [0x00000007d6560000,0x00000007e43a0000,0x00000007e43a0000)
  from space 227520K, 3% used [0x00000007f21d0000,0x00000007f28c0000,0x0000000800000000)
  to   space 227520K, 0% used [0x00000007e43a0000,0x00000007e43a0000,0x00000007f21d0000)
 PSOldGen        total 1365376K, used 396209K [0x0000000783000000, 0x00000007d6560000, 0x00000007d6560000)
  object space 1365376K, 29% used [0x0000000783000000,0x000000079b2ec468,0x00000007d6560000)
 PSPermGen       total 22976K, used 20681K [0x000000077de00000, 0x000000077f470000, 0x0000000783000000)
  object space 22976K, 90% used [0x000000077de00000,0x000000077f2325c8,0x000000077f470000)
3034.481: [GC [PSYoungGen: 234688K->31547K(455104K)] 630897K->427980K(1820480K), 0.0465660 secs] [Times: user=0.35 sys=0.00, real=0.05 secs] 
Heap after GC invocations=485 (full 36):
 PSYoungGen      total 455104K, used 31547K [0x00000007d6560000, 0x0000000800000000, 0x0000000800000000)
  eden space 227584K, 0% used [0x00000007d6560000,0x00000007d6560000,0x00000007e43a0000)
  from space 227520K, 13% used [0x00000007e43a0000,0x00000007e626ed40,0x00000007f21d0000)
  to   space 227520K, 0% used [0x00000007f21d0000,0x00000007f21d0000,0x0000000800000000)
 PSOldGen        total 1365376K, used 396433K [0x0000000783000000, 0x00000007d6560000, 0x00000007d6560000)
  object space 1365376K, 29% used [0x0000000783000000,0x000000079b324468,0x00000007d6560000)
 PSPermGen       total 22976K, used 20681K [0x000000077de00000, 0x000000077f470000, 0x0000000783000000)
  object space 22976K, 90% used [0x000000077de00000,0x000000077f2325c8,0x000000077f470000)
}
Total time for which application threads were stopped: 0.0472890 seconds
Application time: 2.4456360 seconds
{Heap before GC invocations=486 (full 36):
 PSYoungGen      total 455104K, used 259119K [0x00000007d6560000, 0x0000000800000000, 0x0000000800000000)
  eden space 227584K, 99% used [0x00000007d6560000,0x00000007e439d280,0x00000007e43a0000)
  from space 227520K, 13% used [0x00000007e43a0000,0x00000007e626ed40,0x00000007f21d0000)
  to   space 227520K, 0% used [0x00000007f21d0000,0x00000007f21d0000,0x0000000800000000)
 PSOldGen        total 1365376K, used 396433K [0x0000000783000000, 0x00000007d6560000, 0x00000007d6560000)
  object space 1365376K, 29% used [0x0000000783000000,0x000000079b324468,0x00000007d6560000)
 PSPermGen       total 22976K, used 20837K [0x000000077de00000, 0x000000077f470000, 0x0000000783000000)
  object space 22976K, 90% used [0x000000077de00000,0x000000077f259508,0x000000077f470000)
3036.974: [GC [PSYoungGen: 259119K->100317K(455104K)] 655553K->497685K(1820480K), 0.0368650 secs] [Times: user=0.24 sys=0.00, real=0.03 secs] 
Heap after GC invocations=486 (full 36):
 PSYoungGen      total 455104K, used 100317K [0x00000007d6560000, 0x0000000800000000, 0x0000000800000000)
  eden space 227584K, 0% used [0x00000007d6560000,0x00000007d6560000,0x00000007e43a0000)
  from space 227520K, 44% used [0x00000007f21d0000,0x00000007f83c7590,0x0000000800000000)
  to   space 227520K, 0% used [0x00000007e43a0000,0x00000007e43a0000,0x00000007f21d0000)
 PSOldGen        total 1365376K, used 397367K [0x0000000783000000, 0x00000007d6560000, 0x00000007d6560000)
  object space 1365376K, 29% used [0x0000000783000000,0x000000079b40df08,0x00000007d6560000)
 PSPermGen       total 22976K, used 20837K [0x000000077de00000, 0x000000077f470000, 0x0000000783000000)
  object space 22976K, 90% used [0x000000077de00000,0x000000077f259508,0x000000077f470000)
}
Total time for which application threads were stopped: 0.0377160 seconds
Application time: 0.1917330 seconds
{Heap before GC invocations=487 (full 36):
 PSYoungGen      total 455104K, used 327901K [0x00000007d6560000, 0x0000000800000000, 0x0000000800000000)
  eden space 227584K, 100% used [0x00000007d6560000,0x00000007e43a0000,0x00000007e43a0000)
  from space 227520K, 44% used [0x00000007f21d0000,0x00000007f83c7590,0x0000000800000000)
  to   space 227520K, 0% used [0x00000007e43a0000,0x00000007e43a0000,0x00000007f21d0000)
 PSOldGen        total 1365376K, used 397367K [0x0000000783000000, 0x00000007d6560000, 0x00000007d6560000)
  object space 1365376K, 29% used [0x0000000783000000,0x000000079b40df08,0x00000007d6560000)
 PSPermGen       total 22976K, used 21119K [0x000000077de00000, 0x000000077f470000, 0x0000000783000000)
  object space 22976K, 91% used [0x000000077de00000,0x000000077f29fe88,0x000000077f470000)
3037.204: [GC [PSYoungGen: 327901K->188059K(455104K)] 725269K->674672K(1820480K), 0.0388930 secs] [Times: user=0.43 sys=0.00, real=0.03 secs] 
Heap after GC invocations=487 (full 36):
 PSYoungGen      total 455104K, used 188059K [0x00000007d6560000, 0x0000000800000000, 0x0000000800000000)
  eden space 227584K, 0% used [0x00000007d6560000,0x00000007d6560000,0x00000007e43a0000)
  from space 227520K, 82% used [0x00000007e43a0000,0x00000007efb46cb0,0x00000007f21d0000)
  to   space 227520K, 0% used [0x00000007f21d0000,0x00000007f21d0000,0x0000000800000000)
 PSOldGen        total 1365376K, used 486613K [0x0000000783000000, 0x00000007d6560000, 0x00000007d6560000)
  object space 1365376K, 35% used [0x0000000783000000,0x00000007a0b35718,0x00000007d6560000)
 PSPermGen       total 22976K, used 21119K [0x000000077de00000, 0x000000077f470000, 0x0000000783000000)
  object space 22976K, 91% used [0x000000077de00000,0x000000077f29fe88,0x000000077f470000)
}
Total time for which application threads were stopped: 0.0397020 seconds
Application time: 0.2764600 seconds
{Heap before GC invocations=488 (full 36):
 PSYoungGen      total 455104K, used 415643K [0x00000007d6560000, 0x0000000800000000, 0x0000000800000000)
  eden space 227584K, 100% used [0x00000007d6560000,0x00000007e43a0000,0x00000007e43a0000)
  from space 227520K, 82% used [0x00000007e43a0000,0x00000007efb46cb0,0x00000007f21d0000)
  to   space 227520K, 0% used [0x00000007f21d0000,0x00000007f21d0000,0x0000000800000000)
 PSOldGen        total 1365376K, used 486613K [0x0000000783000000, 0x00000007d6560000, 0x00000007d6560000)
  object space 1365376K, 35% used [0x0000000783000000,0x00000007a0b35718,0x00000007d6560000)
 PSPermGen       total 22976K, used 21366K [0x000000077de00000, 0x000000077f470000, 0x0000000783000000)
  object space 22976K, 92% used [0x000000077de00000,0x000000077f2ddbc8,0x000000077f470000)
3037.520: [GC [PSYoungGen: 415643K->163519K(455104K)] 902256K->820710K(1820480K), 0.0496400 secs] [Times: user=0.54 sys=0.01, real=0.05 secs] 
Heap after GC invocations=488 (full 36):
 PSYoungGen      total 455104K, used 163519K [0x00000007d6560000, 0x0000000800000000, 0x0000000800000000)
  eden space 227584K, 0% used [0x00000007d6560000,0x00000007d6560000,0x00000007e43a0000)
  from space 227520K, 71% used [0x00000007f21d0000,0x00000007fc17ff00,0x0000000800000000)
  to   space 227520K, 0% used [0x00000007e43a0000,0x00000007e43a0000,0x00000007f21d0000)
 PSOldGen        total 1365376K, used 657190K [0x0000000783000000, 0x00000007d6560000, 0x00000007d6560000)
  object space 1365376K, 48% used [0x0000000783000000,0x00000007ab1c9ae8,0x00000007d6560000)
 PSPermGen       total 22976K, used 21366K [0x000000077de00000, 0x000000077f470000, 0x0000000783000000)
  object space 22976K, 92% used [0x000000077de00000,0x000000077f2ddbc8,0x000000077f470000)
}
Total time for which application threads were stopped: 0.0504600 seconds
Application time: 0.7268240 seconds
{Heap before GC invocations=489 (full 36):
 PSYoungGen      total 455104K, used 391103K [0x00000007d6560000, 0x0000000800000000, 0x0000000800000000)
  eden space 227584K, 100% used [0x00000007d6560000,0x00000007e43a0000,0x00000007e43a0000)
  from space 227520K, 71% used [0x00000007f21d0000,0x00000007fc17ff00,0x0000000800000000)
  to   space 227520K, 0% used [0x00000007e43a0000,0x00000007e43a0000,0x00000007f21d0000)
 PSOldGen        total 1365376K, used 657190K [0x0000000783000000, 0x00000007d6560000, 0x00000007d6560000)
  object space 1365376K, 48% used [0x0000000783000000,0x00000007ab1c9ae8,0x00000007d6560000)
 PSPermGen       total 22976K, used 21398K [0x000000077de00000, 0x000000077f470000, 0x0000000783000000)
  object space 22976K, 93% used [0x000000077de00000,0x000000077f2e5848,0x000000077f470000)
3038.297: [GC [PSYoungGen: 391103K->23017K(455104K)] 1048294K->828433K(1820480K), 0.0588300 secs] [Times: user=0.44 sys=0.01, real=0.06 secs] 
Heap after GC invocations=489 (full 36):
 PSYoungGen      total 455104K, used 23017K [0x00000007d6560000, 0x0000000800000000, 0x0000000800000000)
  eden space 227584K, 0% used [0x00000007d6560000,0x00000007d6560000,0x00000007e43a0000)
  from space 227520K, 10% used [0x00000007e43a0000,0x00000007e5a1a470,0x00000007f21d0000)
  to   space 227520K, 0% used [0x00000007f21d0000,0x00000007f21d0000,0x0000000800000000)
 PSOldGen        total 1365376K, used 805416K [0x0000000783000000, 0x00000007d6560000, 0x00000007d6560000)
  object space 1365376K, 58% used [0x0000000783000000,0x00000007b428a2a8,0x00000007d6560000)
 PSPermGen       total 22976K, used 21398K [0x000000077de00000, 0x000000077f470000, 0x0000000783000000)
  object space 22976K, 93% used [0x000000077de00000,0x000000077f2e5848,0x000000077f470000)
}
Total time for which application threads were stopped: 0.0595690 seconds
Application time: 1.0019500 seconds
{Heap before GC invocations=490 (full 36):
 PSYoungGen      total 455104K, used 250601K [0x00000007d6560000, 0x0000000800000000, 0x0000000800000000)
  eden space 227584K, 100% used [0x00000007d6560000,0x00000007e43a0000,0x00000007e43a0000)
  from space 227520K, 10% used [0x00000007e43a0000,0x00000007e5a1a470,0x00000007f21d0000)
  to   space 227520K, 0% used [0x00000007f21d0000,0x00000007f21d0000,0x0000000800000000)
 PSOldGen        total 1365376K, used 805416K [0x0000000783000000, 0x00000007d6560000, 0x00000007d6560000)
  object space 1365376K, 58% used [0x0000000783000000,0x00000007b428a2a8,0x00000007d6560000)
 PSPermGen       total 22976K, used 21398K [0x000000077de00000, 0x000000077f470000, 0x0000000783000000)
  object space 22976K, 93% used [0x000000077de00000,0x000000077f2e5848,0x000000077f470000)
3039.359: [GC [PSYoungGen: 250601K->7040K(455104K)] 1056017K->827155K(1820480K), 0.0544260 secs] [Times: user=0.41 sys=0.00, real=0.05 secs] 
Heap after GC invocations=490 (full 36):
 PSYoungGen      total 455104K, used 7040K [0x00000007d6560000, 0x0000000800000000, 0x0000000800000000)
  eden space 227584K, 0% used [0x00000007d6560000,0x00000007d6560000,0x00000007e43a0000)
  from space 227520K, 3% used [0x00000007f21d0000,0x00000007f28b0000,0x0000000800000000)
  to   space 227520K, 0% used [0x00000007e43a0000,0x00000007e43a0000,0x00000007f21d0000)
 PSOldGen        total 1365376K, used 820115K [0x0000000783000000, 0x00000007d6560000, 0x00000007d6560000)
  object space 1365376K, 60% used [0x0000000783000000,0x00000007b50e4e58,0x00000007d6560000)
 PSPermGen       total 22976K, used 21398K [0x000000077de00000, 0x000000077f470000, 0x0000000783000000)
  object space 22976K, 93% used [0x000000077de00000,0x000000077f2e5848,0x000000077f470000)
}
Total time for which application threads were stopped: 0.0551530 seconds
Application time: 0.7592130 seconds
{Heap before GC invocations=491 (full 36):
 PSYoungGen      total 455104K, used 234624K [0x00000007d6560000, 0x0000000800000000, 0x0000000800000000)
  eden space 227584K, 100% used [0x00000007d6560000,0x00000007e43a0000,0x00000007e43a0000)
  from space 227520K, 3% used [0x00000007f21d0000,0x00000007f28b0000,0x0000000800000000)
  to   space 227520K, 0% used [0x00000007e43a0000,0x00000007e43a0000,0x00000007f21d0000)
 PSOldGen        total 1365376K, used 820115K [0x0000000783000000, 0x00000007d6560000, 0x00000007d6560000)
  object space 1365376K, 60% used [0x0000000783000000,0x00000007b50e4e58,0x00000007d6560000)
 PSPermGen       total 22976K, used 21398K [0x000000077de00000, 0x000000077f470000, 0x0000000783000000)
  object space 22976K, 93% used [0x000000077de00000,0x000000077f2e5848,0x000000077f470000)
3040.173: [GC [PSYoungGen: 234624K->7200K(455104K)] 1054739K->827379K(1820480K), 0.0528210 secs] [Times: user=0.39 sys=0.00, real=0.06 secs] 
Heap after GC invocations=491 (full 36):
 PSYoungGen      total 455104K, used 7200K [0x00000007d6560000, 0x0000000800000000, 0x0000000800000000)
  eden space 227584K, 0% used [0x00000007d6560000,0x00000007d6560000,0x00000007e43a0000)
  from space 227520K, 3% used [0x00000007e43a0000,0x00000007e4aa8000,0x00000007f21d0000)
  to   space 227520K, 0% used [0x00000007f21d0000,0x00000007f21d0000,0x0000000800000000)
 PSOldGen        total 1365376K, used 820179K [0x0000000783000000, 0x00000007d6560000, 0x00000007d6560000)
  object space 1365376K, 60% used [0x0000000783000000,0x00000007b50f4e58,0x00000007d6560000)
 PSPermGen       total 22976K, used 21398K [0x000000077de00000, 0x000000077f470000, 0x0000000783000000)
  object space 22976K, 93% used [0x000000077de00000,0x000000077f2e5848,0x000000077f470000)
}
Total time for which application threads were stopped: 0.0536680 seconds
Application time: 3.1301400 seconds
{Heap before GC invocations=492 (full 36):
 PSYoungGen      total 455104K, used 234784K [0x00000007d6560000, 0x0000000800000000, 0x0000000800000000)
  eden space 227584K, 100% used [0x00000007d6560000,0x00000007e43a0000,0x00000007e43a0000)
  from space 227520K, 3% used [0x00000007e43a0000,0x00000007e4aa8000,0x00000007f21d0000)
  to   space 227520K, 0% used [0x00000007f21d0000,0x00000007f21d0000,0x0000000800000000)
 PSOldGen        total 1365376K, used 820179K [0x0000000783000000, 0x00000007d6560000, 0x00000007d6560000)
  object space 1365376K, 60% used [0x0000000783000000,0x00000007b50f4e58,0x00000007d6560000)
 PSPermGen       total 22976K, used 21398K [0x000000077de00000, 0x000000077f470000, 0x0000000783000000)
  object space 22976K, 93% used [0x000000077de00000,0x000000077f2e5848,0x000000077f470000)
3043.357: [GC [PSYoungGen: 234784K->7008K(455104K)] 1054963K->827539K(1820480K), 0.0556080 secs] [Times: user=0.40 sys=0.00, real=0.05 secs] 
Heap after GC invocations=492 (full 36):
 PSYoungGen      total 455104K, used 7008K [0x00000007d6560000, 0x0000000800000000, 0x0000000800000000)
  eden space 227584K, 0% used [0x00000007d6560000,0x00000007d6560000,0x00000007e43a0000)
  from space 227520K, 3% used [0x00000007f21d0000,0x00000007f28a8000,0x0000000800000000)
  to   space 227520K, 0% used [0x00000007e43a0000,0x00000007e43a0000,0x00000007f21d0000)
 PSOldGen        total 1365376K, used 820531K [0x0000000783000000, 0x00000007d6560000, 0x00000007d6560000)
  object space 1365376K, 60% used [0x0000000783000000,0x00000007b514ce58,0x00000007d6560000)
 PSPermGen       total 22976K, used 21398K [0x000000077de00000, 0x000000077f470000, 0x0000000783000000)
  object space 22976K, 93% used [0x000000077de00000,0x000000077f2e5848,0x000000077f470000)
}
Total time for which application threads were stopped: 0.0564940 seconds
Application time: 0.2104440 seconds
{Heap before GC invocations=493 (full 36):
 PSYoungGen      total 455104K, used 234592K [0x00000007d6560000, 0x0000000800000000, 0x0000000800000000)
  eden space 227584K, 100% used [0x00000007d6560000,0x00000007e43a0000,0x00000007e43a0000)
  from space 227520K, 3% used [0x00000007f21d0000,0x00000007f28a8000,0x0000000800000000)
  to   space 227520K, 0% used [0x00000007e43a0000,0x00000007e43a0000,0x00000007f21d0000)
 PSOldGen        total 1365376K, used 820531K [0x0000000783000000, 0x00000007d6560000, 0x00000007d6560000)
  object space 1365376K, 60% used [0x0000000783000000,0x00000007b514ce58,0x00000007d6560000)
 PSPermGen       total 22976K, used 21679K [0x000000077de00000, 0x000000077f470000, 0x0000000783000000)
  object space 22976K, 94% used [0x000000077de00000,0x000000077f32bd48,0x000000077f470000)
3043.624: [GC [PSYoungGen: 234592K->180900K(455104K)] 1055123K->1001672K(1820480K), 0.0298670 secs] [Times: user=0.28 sys=0.00, real=0.02 secs] 
Heap after GC invocations=493 (full 36):
 PSYoungGen      total 455104K, used 180900K [0x00000007d6560000, 0x0000000800000000, 0x0000000800000000)
  eden space 227584K, 0% used [0x00000007d6560000,0x00000007d6560000,0x00000007e43a0000)
  from space 227520K, 79% used [0x00000007e43a0000,0x00000007ef4493e0,0x00000007f21d0000)
  to   space 227520K, 0% used [0x00000007f21d0000,0x00000007f21d0000,0x0000000800000000)
 PSOldGen        total 1365376K, used 820771K [0x0000000783000000, 0x00000007d6560000, 0x00000007d6560000)
  object space 1365376K, 60% used [0x0000000783000000,0x00000007b5188e58,0x00000007d6560000)
 PSPermGen       total 22976K, used 21679K [0x000000077de00000, 0x000000077f470000, 0x0000000783000000)
  object space 22976K, 94% used [0x000000077de00000,0x000000077f32bd48,0x000000077f470000)
}
Total time for which application threads were stopped: 0.0306670 seconds
Application time: 0.1958100 seconds
{Heap before GC invocations=494 (full 36):
 PSYoungGen      total 455104K, used 408484K [0x00000007d6560000, 0x0000000800000000, 0x0000000800000000)
  eden space 227584K, 100% used [0x00000007d6560000,0x00000007e43a0000,0x00000007e43a0000)
  from space 227520K, 79% used [0x00000007e43a0000,0x00000007ef4493e0,0x00000007f21d0000)
  to   space 227520K, 0% used [0x00000007f21d0000,0x00000007f21d0000,0x0000000800000000)
 PSOldGen        total 1365376K, used 820771K [0x0000000783000000, 0x00000007d6560000, 0x00000007d6560000)
  object space 1365376K, 60% used [0x0000000783000000,0x00000007b5188e58,0x00000007d6560000)
 PSPermGen       total 22976K, used 21961K [0x000000077de00000, 0x000000077f470000, 0x0000000783000000)
  object space 22976K, 95% used [0x000000077de00000,0x000000077f372408,0x000000077f470000)
3043.851: [GC [PSYoungGen: 408484K->188287K(455104K)] 1229256K->1174487K(1820480K), 0.0495440 secs] [Times: user=0.59 sys=0.00, real=0.05 secs] 
Heap after GC invocations=494 (full 36):
 PSYoungGen      total 455104K, used 188287K [0x00000007d6560000, 0x0000000800000000, 0x0000000800000000)
  eden space 227584K, 0% used [0x00000007d6560000,0x00000007d6560000,0x00000007e43a0000)
  from space 227520K, 82% used [0x00000007f21d0000,0x00000007fd9aff20,0x0000000800000000)
  to   space 227520K, 0% used [0x00000007e43a0000,0x00000007e43a0000,0x00000007f21d0000)
 PSOldGen        total 1365376K, used 986199K [0x0000000783000000, 0x00000007d6560000, 0x00000007d6560000)
  object space 1365376K, 72% used [0x0000000783000000,0x00000007bf315f88,0x00000007d6560000)
 PSPermGen       total 22976K, used 21961K [0x000000077de00000, 0x000000077f470000, 0x0000000783000000)
  object space 22976K, 95% used [0x000000077de00000,0x000000077f372408,0x000000077f470000)
}
Total time for which application threads were stopped: 0.0505070 seconds
Application time: 0.5700480 seconds
{Heap before GC invocations=495 (full 36):
 PSYoungGen      total 455104K, used 415871K [0x00000007d6560000, 0x0000000800000000, 0x0000000800000000)
  eden space 227584K, 100% used [0x00000007d6560000,0x00000007e43a0000,0x00000007e43a0000)
  from space 227520K, 82% used [0x00000007f21d0000,0x00000007fd9aff20,0x0000000800000000)
  to   space 227520K, 0% used [0x00000007e43a0000,0x00000007e43a0000,0x00000007f21d0000)
 PSOldGen        total 1365376K, used 986199K [0x0000000783000000, 0x00000007d6560000, 0x00000007d6560000)
  object space 1365376K, 72% used [0x0000000783000000,0x00000007bf315f88,0x00000007d6560000)
 PSPermGen       total 22976K, used 22070K [0x000000077de00000, 0x000000077f470000, 0x0000000783000000)
  object space 22976K, 96% used [0x000000077de00000,0x000000077f38db88,0x000000077f470000)
3044.471: [GC [PSYoungGen: 415871K->71296K(455104K)] 1402071K->1228489K(1820480K), 0.0549480 secs] [Times: user=0.51 sys=0.00, real=0.06 secs] 
Heap after GC invocations=495 (full 36):
 PSYoungGen      total 455104K, used 71296K [0x00000007d6560000, 0x0000000800000000, 0x0000000800000000)
  eden space 227584K, 0% used [0x00000007d6560000,0x00000007d6560000,0x00000007e43a0000)
  from space 227520K, 31% used [0x00000007e43a0000,0x00000007e8940350,0x00000007f21d0000)
  to   space 227520K, 0% used [0x00000007f21d0000,0x00000007f21d0000,0x0000000800000000)
 PSOldGen        total 1365376K, used 1157192K [0x0000000783000000, 0x00000007d6560000, 0x00000007d6560000)
  object space 1365376K, 84% used [0x0000000783000000,0x00000007c9a122b8,0x00000007d6560000)
 PSPermGen       total 22976K, used 22070K [0x000000077de00000, 0x000000077f470000, 0x0000000783000000)
  object space 22976K, 96% used [0x000000077de00000,0x000000077f38db88,0x000000077f470000)
}
{Heap before GC invocations=496 (full 37):
 PSYoungGen      total 455104K, used 71296K [0x00000007d6560000, 0x0000000800000000, 0x0000000800000000)
  eden space 227584K, 0% used [0x00000007d6560000,0x00000007d6560000,0x00000007e43a0000)
  from space 227520K, 31% used [0x00000007e43a0000,0x00000007e8940350,0x00000007f21d0000)
  to   space 227520K, 0% used [0x00000007f21d0000,0x00000007f21d0000,0x0000000800000000)
 PSOldGen        total 1365376K, used 1157192K [0x0000000783000000, 0x00000007d6560000, 0x00000007d6560000)
  object space 1365376K, 84% used [0x0000000783000000,0x00000007c9a122b8,0x00000007d6560000)
 PSPermGen       total 22976K, used 22070K [0x000000077de00000, 0x000000077f470000, 0x0000000783000000)
  object space 22976K, 96% used [0x000000077de00000,0x000000077f38db88,0x000000077f470000)
3044.526: [Full GC [PSYoungGen: 71296K->0K(455104K)] [PSOldGen: 1157192K->501910K(1365376K)] 1228489K->501910K(1820480K) [PSPermGen: 22070K->22070K(24128K)], 0.4324230 secs] [Times: user=0.43 sys=0.00, real=0.43 secs] 
Heap after GC invocations=496 (full 37):
 PSYoungGen      total 455104K, used 0K [0x00000007d6560000, 0x0000000800000000, 0x0000000800000000)
  eden space 227584K, 0% used [0x00000007d6560000,0x00000007d6560000,0x00000007e43a0000)
  from space 227520K, 0% used [0x00000007e43a0000,0x00000007e43a0000,0x00000007f21d0000)
  to   space 227520K, 0% used [0x00000007f21d0000,0x00000007f21d0000,0x0000000800000000)
 PSOldGen        total 1365376K, used 501910K [0x0000000783000000, 0x00000007d6560000, 0x00000007d6560000)
  object space 1365376K, 36% used [0x0000000783000000,0x00000007a1a25a30,0x00000007d6560000)
 PSPermGen       total 24128K, used 22070K [0x000000077de00000, 0x000000077f590000, 0x0000000783000000)
  object space 24128K, 91% used [0x000000077de00000,0x000000077f38db88,0x000000077f590000)
}
Total time for which application threads were stopped: 0.4883680 seconds
Application time: 0.7733330 seconds
{Heap before GC invocations=497 (full 37):
 PSYoungGen      total 455104K, used 227584K [0x00000007d6560000, 0x0000000800000000, 0x0000000800000000)
  eden space 227584K, 100% used [0x00000007d6560000,0x00000007e43a0000,0x00000007e43a0000)
  from space 227520K, 0% used [0x00000007e43a0000,0x00000007e43a0000,0x00000007f21d0000)
  to   space 227520K, 0% used [0x00000007f21d0000,0x00000007f21d0000,0x0000000800000000)
 PSOldGen        total 1365376K, used 501910K [0x0000000783000000, 0x00000007d6560000, 0x00000007d6560000)
  object space 1365376K, 36% used [0x0000000783000000,0x00000007a1a25a30,0x00000007d6560000)
 PSPermGen       total 24128K, used 22074K [0x000000077de00000, 0x000000077f590000, 0x0000000783000000)
  object space 24128K, 91% used [0x000000077de00000,0x000000077f38e848,0x000000077f590000)
3045.734: [GC [PSYoungGen: 227584K->8703K(455104K)] 729494K->510614K(1820480K), 0.0560620 secs] [Times: user=0.40 sys=0.01, real=0.05 secs] 
Heap after GC invocations=497 (full 37):
 PSYoungGen      total 455104K, used 8703K [0x00000007d6560000, 0x0000000800000000, 0x0000000800000000)
  eden space 227584K, 0% used [0x00000007d6560000,0x00000007d6560000,0x00000007e43a0000)
  from space 227520K, 3% used [0x00000007f21d0000,0x00000007f2a4fe30,0x0000000800000000)
  to   space 227520K, 0% used [0x00000007e43a0000,0x00000007e43a0000,0x00000007f21d0000)
 PSOldGen        total 1365376K, used 501910K [0x0000000783000000, 0x00000007d6560000, 0x00000007d6560000)
  object space 1365376K, 36% used [0x0000000783000000,0x00000007a1a25a30,0x00000007d6560000)
 PSPermGen       total 24128K, used 22074K [0x000000077de00000, 0x000000077f590000, 0x0000000783000000)
  object space 24128K, 91% used [0x000000077de00000,0x000000077f38e848,0x000000077f590000)
}
Total time for which application threads were stopped: 0.0581870 seconds
Application time: 0.7532280 seconds
{Heap before GC invocations=498 (full 37):
 PSYoungGen      total 455104K, used 236287K [0x00000007d6560000, 0x0000000800000000, 0x0000000800000000)
  eden space 227584K, 100% used [0x00000007d6560000,0x00000007e43a0000,0x00000007e43a0000)
  from space 227520K, 3% used [0x00000007f21d0000,0x00000007f2a4fe30,0x0000000800000000)
  to   space 227520K, 0% used [0x00000007e43a0000,0x00000007e43a0000,0x00000007f21d0000)
 PSOldGen        total 1365376K, used 501910K [0x0000000783000000, 0x00000007d6560000, 0x00000007d6560000)
  object space 1365376K, 36% used [0x0000000783000000,0x00000007a1a25a30,0x00000007d6560000)
 PSPermGen       total 24128K, used 22087K [0x000000077de00000, 0x000000077f590000, 0x0000000783000000)
  object space 24128K, 91% used [0x000000077de00000,0x000000077f391e48,0x000000077f590000)
3046.545: [GC [PSYoungGen: 236287K->14031K(455104K)] 738198K->517632K(1820480K), 0.0517210 secs] [Times: user=0.36 sys=0.02, real=0.05 secs] 
Heap after GC invocations=498 (full 37):
 PSYoungGen      total 455104K, used 14031K [0x00000007d6560000, 0x0000000800000000, 0x0000000800000000)
  eden space 227584K, 0% used [0x00000007d6560000,0x00000007d6560000,0x00000007e43a0000)
  from space 227520K, 6% used [0x00000007e43a0000,0x00000007e5153cf0,0x00000007f21d0000)
  to   space 227520K, 0% used [0x00000007f21d0000,0x00000007f21d0000,0x0000000800000000)
 PSOldGen        total 1365376K, used 503601K [0x0000000783000000, 0x00000007d6560000, 0x00000007d6560000)
  object space 1365376K, 36% used [0x0000000783000000,0x00000007a1bcc590,0x00000007d6560000)
 PSPermGen       total 24128K, used 22087K [0x000000077de00000, 0x000000077f590000, 0x0000000783000000)
  object space 24128K, 91% used [0x000000077de00000,0x000000077f391e48,0x000000077f590000)
}
Total time for which application threads were stopped: 0.0531800 seconds
Application time: 0.7850230 seconds
{Heap before GC invocations=499 (full 37):
 PSYoungGen      total 455104K, used 241615K [0x00000007d6560000, 0x0000000800000000, 0x0000000800000000)
  eden space 227584K, 100% used [0x00000007d6560000,0x00000007e43a0000,0x00000007e43a0000)
  from space 227520K, 6% used [0x00000007e43a0000,0x00000007e5153cf0,0x00000007f21d0000)
  to   space 227520K, 0% used [0x00000007f21d0000,0x00000007f21d0000,0x0000000800000000)
 PSOldGen        total 1365376K, used 503601K [0x0000000783000000, 0x00000007d6560000, 0x00000007d6560000)
  object space 1365376K, 36% used [0x0000000783000000,0x00000007a1bcc590,0x00000007d6560000)
 PSPermGen       total 24128K, used 22087K [0x000000077de00000, 0x000000077f590000, 0x0000000783000000)
  object space 24128K, 91% used [0x000000077de00000,0x000000077f391e48,0x000000077f590000)
3047.382: [GC [PSYoungGen: 241615K->7104K(455104K)] 745216K->514934K(1820480K), 0.0520480 secs] [Times: user=0.36 sys=0.00, real=0.06 secs] 
Heap after GC invocations=499 (full 37):
 PSYoungGen      total 455104K, used 7104K [0x00000007d6560000, 0x0000000800000000, 0x0000000800000000)
  eden space 227584K, 0% used [0x00000007d6560000,0x00000007d6560000,0x00000007e43a0000)
  from space 227520K, 3% used [0x00000007f21d0000,0x00000007f28c0000,0x0000000800000000)
  to   space 227520K, 0% used [0x00000007e43a0000,0x00000007e43a0000,0x00000007f21d0000)
 PSOldGen        total 1365376K, used 507830K [0x0000000783000000, 0x00000007d6560000, 0x00000007d6560000)
  object space 1365376K, 37% used [0x0000000783000000,0x00000007a1fedb80,0x00000007d6560000)
 PSPermGen       total 24128K, used 22087K [0x000000077de00000, 0x000000077f590000, 0x0000000783000000)
  object space 24128K, 91% used [0x000000077de00000,0x000000077f391e48,0x000000077f590000)
}
Total time for which application threads were stopped: 0.0527710 seconds
Application time: 15.0010670 seconds
Total time for which application threads were stopped: 0.0004970 seconds
Application time: 168.2043700 seconds
{Heap before GC invocations=500 (full 37):
 PSYoungGen      total 455104K, used 234688K [0x00000007d6560000, 0x0000000800000000, 0x0000000800000000)
  eden space 227584K, 100% used [0x00000007d6560000,0x00000007e43a0000,0x00000007e43a0000)
  from space 227520K, 3% used [0x00000007f21d0000,0x00000007f28c0000,0x0000000800000000)
  to   space 227520K, 0% used [0x00000007e43a0000,0x00000007e43a0000,0x00000007f21d0000)
 PSOldGen        total 1365376K, used 507830K [0x0000000783000000, 0x00000007d6560000, 0x00000007d6560000)
  object space 1365376K, 37% used [0x0000000783000000,0x00000007a1fedb80,0x00000007d6560000)
 PSPermGen       total 24128K, used 22259K [0x000000077de00000, 0x000000077f590000, 0x0000000783000000)
  object space 24128K, 92% used [0x000000077de00000,0x000000077f3bce28,0x000000077f590000)
3230.643: [GC [PSYoungGen: 234688K->110387K(455104K)] 742518K->618482K(1820480K), 0.0295570 secs] [Times: user=0.25 sys=0.00, real=0.03 secs] 
Heap after GC invocations=500 (full 37):
 PSYoungGen      total 455104K, used 110387K [0x00000007d6560000, 0x0000000800000000, 0x0000000800000000)
  eden space 227584K, 0% used [0x00000007d6560000,0x00000007d6560000,0x00000007e43a0000)
  from space 227520K, 48% used [0x00000007e43a0000,0x00000007eaf6cd50,0x00000007f21d0000)
  to   space 227520K, 0% used [0x00000007f21d0000,0x00000007f21d0000,0x0000000800000000)
 PSOldGen        total 1365376K, used 508094K [0x0000000783000000, 0x00000007d6560000, 0x00000007d6560000)
  object space 1365376K, 37% used [0x0000000783000000,0x00000007a202fb80,0x00000007d6560000)
 PSPermGen       total 24128K, used 22259K [0x000000077de00000, 0x000000077f590000, 0x0000000783000000)
  object space 24128K, 92% used [0x000000077de00000,0x000000077f3bce28,0x000000077f590000)
}
Total time for which application threads were stopped: 0.0316840 seconds
Application time: 0.1913250 seconds
{Heap before GC invocations=501 (full 37):
 PSYoungGen      total 455104K, used 337971K [0x00000007d6560000, 0x0000000800000000, 0x0000000800000000)
  eden space 227584K, 100% used [0x00000007d6560000,0x00000007e43a0000,0x00000007e43a0000)
  from space 227520K, 48% used [0x00000007e43a0000,0x00000007eaf6cd50,0x00000007f21d0000)
  to   space 227520K, 0% used [0x00000007f21d0000,0x00000007f21d0000,0x0000000800000000)
 PSOldGen        total 1365376K, used 508094K [0x0000000783000000, 0x00000007d6560000, 0x00000007d6560000)
  object space 1365376K, 37% used [0x0000000783000000,0x00000007a202fb80,0x00000007d6560000)
 PSPermGen       total 24128K, used 22544K [0x000000077de00000, 0x000000077f590000, 0x0000000783000000)
  object space 24128K, 93% used [0x000000077de00000,0x000000077f404228,0x000000077f590000)
3230.864: [GC [PSYoungGen: 337971K->190433K(455104K)] 846066K->797538K(1820480K), 0.0449130 secs] [Times: user=0.45 sys=0.00, real=0.04 secs] 
Heap after GC invocations=501 (full 37):
 PSYoungGen      total 455104K, used 190433K [0x00000007d6560000, 0x0000000800000000, 0x0000000800000000)
  eden space 227584K, 0% used [0x00000007d6560000,0x00000007d6560000,0x00000007e43a0000)
  from space 227520K, 83% used [0x00000007f21d0000,0x00000007fdbc85f0,0x0000000800000000)
  to   space 227520K, 0% used [0x00000007e43a0000,0x00000007e43a0000,0x00000007f21d0000)
 PSOldGen        total 1365376K, used 607105K [0x0000000783000000, 0x00000007d6560000, 0x00000007d6560000)
  object space 1365376K, 44% used [0x0000000783000000,0x00000007a80e04d0,0x00000007d6560000)
 PSPermGen       total 24128K, used 22544K [0x000000077de00000, 0x000000077f590000, 0x0000000783000000)
  object space 24128K, 93% used [0x000000077de00000,0x000000077f404228,0x000000077f590000)
}
Total time for which application threads were stopped: 0.0459230 seconds
Application time: 0.2599860 seconds
{Heap before GC invocations=502 (full 37):
 PSYoungGen      total 455104K, used 418017K [0x00000007d6560000, 0x0000000800000000, 0x0000000800000000)
  eden space 227584K, 100% used [0x00000007d6560000,0x00000007e43a0000,0x00000007e43a0000)
  from space 227520K, 83% used [0x00000007f21d0000,0x00000007fdbc85f0,0x0000000800000000)
  to   space 227520K, 0% used [0x00000007e43a0000,0x00000007e43a0000,0x00000007f21d0000)
 PSOldGen        total 1365376K, used 607105K [0x0000000783000000, 0x00000007d6560000, 0x00000007d6560000)
  object space 1365376K, 44% used [0x0000000783000000,0x00000007a80e04d0,0x00000007d6560000)
 PSPermGen       total 24128K, used 22803K [0x000000077de00000, 0x000000077f590000, 0x0000000783000000)
  object space 24128K, 94% used [0x000000077de00000,0x000000077f444de8,0x000000077f590000)
3231.172: [GC [PSYoungGen: 418017K->172439K(455104K)] 1025122K->952784K(1820480K), 0.0514910 secs] [Times: user=0.57 sys=0.00, real=0.05 secs] 
Heap after GC invocations=502 (full 37):
 PSYoungGen      total 455104K, used 172439K [0x00000007d6560000, 0x0000000800000000, 0x0000000800000000)
  eden space 227584K, 0% used [0x00000007d6560000,0x00000007d6560000,0x00000007e43a0000)
  from space 227520K, 75% used [0x00000007e43a0000,0x00000007eec05f00,0x00000007f21d0000)
  to   space 227520K, 0% used [0x00000007f21d0000,0x00000007f21d0000,0x0000000800000000)
 PSOldGen        total 1365376K, used 780344K [0x0000000783000000, 0x00000007d6560000, 0x00000007d6560000)
  object space 1365376K, 57% used [0x0000000783000000,0x00000007b2a0e3a0,0x00000007d6560000)
 PSPermGen       total 24128K, used 22803K [0x000000077de00000, 0x000000077f590000, 0x0000000783000000)
  object space 24128K, 94% used [0x000000077de00000,0x000000077f444de8,0x000000077f590000)
}
Total time for which application threads were stopped: 0.0538200 seconds
Application time: 0.7303190 seconds
{Heap before GC invocations=503 (full 37):
 PSYoungGen      total 455104K, used 400023K [0x00000007d6560000, 0x0000000800000000, 0x0000000800000000)
  eden space 227584K, 100% used [0x00000007d6560000,0x00000007e43a0000,0x00000007e43a0000)
  from space 227520K, 75% used [0x00000007e43a0000,0x00000007eec05f00,0x00000007f21d0000)
  to   space 227520K, 0% used [0x00000007f21d0000,0x00000007f21d0000,0x0000000800000000)
 PSOldGen        total 1365376K, used 780344K [0x0000000783000000, 0x00000007d6560000, 0x00000007d6560000)
  object space 1365376K, 57% used [0x0000000783000000,0x00000007b2a0e3a0,0x00000007d6560000)
 PSPermGen       total 24128K, used 22849K [0x000000077de00000, 0x000000077f590000, 0x0000000783000000)
  object space 24128K, 94% used [0x000000077de00000,0x000000077f4504e8,0x000000077f590000)
3231.955: [GC [PSYoungGen: 400023K->31215K(455104K)] 1180368K->967230K(1820480K), 0.0600340 secs] [Times: user=0.47 sys=0.03, real=0.06 secs] 
Heap after GC invocations=503 (full 37):
 PSYoungGen      total 455104K, used 31215K [0x00000007d6560000, 0x0000000800000000, 0x0000000800000000)
  eden space 227584K, 0% used [0x00000007d6560000,0x00000007d6560000,0x00000007e43a0000)
  from space 227520K, 13% used [0x00000007f21d0000,0x00000007f404bd70,0x0000000800000000)
  to   space 227520K, 0% used [0x00000007e43a0000,0x00000007e43a0000,0x00000007f21d0000)
 PSOldGen        total 1365376K, used 936015K [0x0000000783000000, 0x00000007d6560000, 0x00000007d6560000)
  object space 1365376K, 68% used [0x0000000783000000,0x00000007bc213d30,0x00000007d6560000)
 PSPermGen       total 24128K, used 22849K [0x000000077de00000, 0x000000077f590000, 0x0000000783000000)
  object space 24128K, 94% used [0x000000077de00000,0x000000077f4504e8,0x000000077f590000)
}
Total time for which application threads were stopped: 0.0616450 seconds
Application time: 0.8194510 seconds
{Heap before GC invocations=504 (full 37):
 PSYoungGen      total 455104K, used 258799K [0x00000007d6560000, 0x0000000800000000, 0x0000000800000000)
  eden space 227584K, 100% used [0x00000007d6560000,0x00000007e43a0000,0x00000007e43a0000)
  from space 227520K, 13% used [0x00000007f21d0000,0x00000007f404bd70,0x0000000800000000)
  to   space 227520K, 0% used [0x00000007e43a0000,0x00000007e43a0000,0x00000007f21d0000)
 PSOldGen        total 1365376K, used 936015K [0x0000000783000000, 0x00000007d6560000, 0x00000007d6560000)
  object space 1365376K, 68% used [0x0000000783000000,0x00000007bc213d30,0x00000007d6560000)
 PSPermGen       total 24128K, used 22849K [0x000000077de00000, 0x000000077f590000, 0x0000000783000000)
  object space 24128K, 94% used [0x000000077de00000,0x000000077f4504e8,0x000000077f590000)
3232.836: [GC [PSYoungGen: 258799K->7040K(455104K)] 1194814K->966706K(1820480K), 0.0560750 secs] [Times: user=0.40 sys=0.02, real=0.05 secs] 
Heap after GC invocations=504 (full 37):
 PSYoungGen      total 455104K, used 7040K [0x00000007d6560000, 0x0000000800000000, 0x0000000800000000)
  eden space 227584K, 0% used [0x00000007d6560000,0x00000007d6560000,0x00000007e43a0000)
  from space 227520K, 3% used [0x00000007e43a0000,0x00000007e4a80000,0x00000007f21d0000)
  to   space 227520K, 0% used [0x00000007f21d0000,0x00000007f21d0000,0x0000000800000000)
 PSOldGen        total 1365376K, used 959666K [0x0000000783000000, 0x00000007d6560000, 0x00000007d6560000)
  object space 1365376K, 70% used [0x0000000783000000,0x00000007bd92ca30,0x00000007d6560000)
 PSPermGen       total 24128K, used 22849K [0x000000077de00000, 0x000000077f590000, 0x0000000783000000)
  object space 24128K, 94% used [0x000000077de00000,0x000000077f4504e8,0x000000077f590000)
}
Total time for which application threads were stopped: 0.0570790 seconds
Application time: 0.8139950 seconds
{Heap before GC invocations=505 (full 37):
 PSYoungGen      total 455104K, used 234624K [0x00000007d6560000, 0x0000000800000000, 0x0000000800000000)
  eden space 227584K, 100% used [0x00000007d6560000,0x00000007e43a0000,0x00000007e43a0000)
  from space 227520K, 3% used [0x00000007e43a0000,0x00000007e4a80000,0x00000007f21d0000)
  to   space 227520K, 0% used [0x00000007f21d0000,0x00000007f21d0000,0x0000000800000000)
 PSOldGen        total 1365376K, used 959666K [0x0000000783000000, 0x00000007d6560000, 0x00000007d6560000)
  object space 1365376K, 70% used [0x0000000783000000,0x00000007bd92ca30,0x00000007d6560000)
 PSPermGen       total 24128K, used 22849K [0x000000077de00000, 0x000000077f590000, 0x0000000783000000)
  object space 24128K, 94% used [0x000000077de00000,0x000000077f4504e8,0x000000077f590000)
3233.711: [GC [PSYoungGen: 234624K->7008K(455104K)] 1194290K->966706K(1820480K), 0.0548620 secs] [Times: user=0.32 sys=0.00, real=0.06 secs] 
Heap after GC invocations=505 (full 37):
 PSYoungGen      total 455104K, used 7008K [0x00000007d6560000, 0x0000000800000000, 0x0000000800000000)
  eden space 227584K, 0% used [0x00000007d6560000,0x00000007d6560000,0x00000007e43a0000)
  from space 227520K, 3% used [0x00000007f21d0000,0x00000007f28a8000,0x0000000800000000)
  to   space 227520K, 0% used [0x00000007e43a0000,0x00000007e43a0000,0x00000007f21d0000)
 PSOldGen        total 1365376K, used 959698K [0x0000000783000000, 0x00000007d6560000, 0x00000007d6560000)
  object space 1365376K, 70% used [0x0000000783000000,0x00000007bd934a30,0x00000007d6560000)
 PSPermGen       total 24128K, used 22849K [0x000000077de00000, 0x000000077f590000, 0x0000000783000000)
  object space 24128K, 94% used [0x000000077de00000,0x000000077f4504e8,0x000000077f590000)
}
Total time for which application threads were stopped: 0.0603890 seconds
Application time: 0.8028770 seconds
{Heap before GC invocations=506 (full 37):
 PSYoungGen      total 455104K, used 234592K [0x00000007d6560000, 0x0000000800000000, 0x0000000800000000)
  eden space 227584K, 100% used [0x00000007d6560000,0x00000007e43a0000,0x00000007e43a0000)
  from space 227520K, 3% used [0x00000007f21d0000,0x00000007f28a8000,0x0000000800000000)
  to   space 227520K, 0% used [0x00000007e43a0000,0x00000007e43a0000,0x00000007f21d0000)
 PSOldGen        total 1365376K, used 959698K [0x0000000783000000, 0x00000007d6560000, 0x00000007d6560000)
  object space 1365376K, 70% used [0x0000000783000000,0x00000007bd934a30,0x00000007d6560000)
 PSPermGen       total 24128K, used 22849K [0x000000077de00000, 0x000000077f590000, 0x0000000783000000)
  object space 24128K, 94% used [0x000000077de00000,0x000000077f4504e8,0x000000077f590000)
3234.570: [GC [PSYoungGen: 234592K->6912K(455104K)] 1194290K->966810K(1820480K), 0.0539890 secs] [Times: user=0.40 sys=0.00, real=0.05 secs] 
Heap after GC invocations=506 (full 37):
 PSYoungGen      total 455104K, used 6912K [0x00000007d6560000, 0x0000000800000000, 0x0000000800000000)
  eden space 227584K, 0% used [0x00000007d6560000,0x00000007d6560000,0x00000007e43a0000)
  from space 227520K, 3% used [0x00000007e43a0000,0x00000007e4a60000,0x00000007f21d0000)
  to   space 227520K, 0% used [0x00000007f21d0000,0x00000007f21d0000,0x0000000800000000)
 PSOldGen        total 1365376K, used 959898K [0x0000000783000000, 0x00000007d6560000, 0x00000007d6560000)
  object space 1365376K, 70% used [0x0000000783000000,0x00000007bd966a30,0x00000007d6560000)
 PSPermGen       total 24128K, used 22849K [0x000000077de00000, 0x000000077f590000, 0x0000000783000000)
  object space 24128K, 94% used [0x000000077de00000,0x000000077f4504e8,0x000000077f590000)
}
Total time for which application threads were stopped: 0.0548640 seconds
Application time: 1.6584330 seconds
{Heap before GC invocations=507 (full 37):
 PSYoungGen      total 455104K, used 234496K [0x00000007d6560000, 0x0000000800000000, 0x0000000800000000)
  eden space 227584K, 100% used [0x00000007d6560000,0x00000007e43a0000,0x00000007e43a0000)
  from space 227520K, 3% used [0x00000007e43a0000,0x00000007e4a60000,0x00000007f21d0000)
  to   space 227520K, 0% used [0x00000007f21d0000,0x00000007f21d0000,0x0000000800000000)
 PSOldGen        total 1365376K, used 959898K [0x0000000783000000, 0x00000007d6560000, 0x00000007d6560000)
  object space 1365376K, 70% used [0x0000000783000000,0x00000007bd966a30,0x00000007d6560000)
 PSPermGen       total 24128K, used 23116K [0x000000077de00000, 0x000000077f590000, 0x0000000783000000)
  object space 24128K, 95% used [0x000000077de00000,0x000000077f493268,0x000000077f590000)
3236.283: [GC [PSYoungGen: 234496K->171231K(455104K)] 1194394K->1131346K(1820480K), 0.0302040 secs] [Times: user=0.31 sys=0.00, real=0.03 secs] 
Heap after GC invocations=507 (full 37):
 PSYoungGen      total 455104K, used 171231K [0x00000007d6560000, 0x0000000800000000, 0x0000000800000000)
  eden space 227584K, 0% used [0x00000007d6560000,0x00000007d6560000,0x00000007e43a0000)
  from space 227520K, 75% used [0x00000007f21d0000,0x00000007fc907fe0,0x0000000800000000)
  to   space 227520K, 0% used [0x00000007e43a0000,0x00000007e43a0000,0x00000007f21d0000)
 PSOldGen        total 1365376K, used 960114K [0x0000000783000000, 0x00000007d6560000, 0x00000007d6560000)
  object space 1365376K, 70% used [0x0000000783000000,0x00000007bd99ca30,0x00000007d6560000)
 PSPermGen       total 24128K, used 23116K [0x000000077de00000, 0x000000077f590000, 0x0000000783000000)
  object space 24128K, 95% used [0x000000077de00000,0x000000077f493268,0x000000077f590000)
}
Total time for which application threads were stopped: 0.0311530 seconds
Application time: 0.1958490 seconds
{Heap before GC invocations=508 (full 37):
 PSYoungGen      total 455104K, used 398815K [0x00000007d6560000, 0x0000000800000000, 0x0000000800000000)
  eden space 227584K, 100% used [0x00000007d6560000,0x00000007e43a0000,0x00000007e43a0000)
  from space 227520K, 75% used [0x00000007f21d0000,0x00000007fc907fe0,0x0000000800000000)
  to   space 227520K, 0% used [0x00000007e43a0000,0x00000007e43a0000,0x00000007f21d0000)
 PSOldGen        total 1365376K, used 960114K [0x0000000783000000, 0x00000007d6560000, 0x00000007d6560000)
  object space 1365376K, 70% used [0x0000000783000000,0x00000007bd99ca30,0x00000007d6560000)
 PSPermGen       total 24128K, used 23397K [0x000000077de00000, 0x000000077f590000, 0x0000000783000000)
  object space 24128K, 96% used [0x000000077de00000,0x000000077f4d95e8,0x000000077f590000)
3236.510: [GC [PSYoungGen: 398815K->188956K(455104K)] 1358930K->1305851K(1820480K), 0.0489100 secs] [Times: user=0.57 sys=0.00, real=0.05 secs] 
Heap after GC invocations=508 (full 37):
 PSYoungGen      total 455104K, used 188956K [0x00000007d6560000, 0x0000000800000000, 0x0000000800000000)
  eden space 227584K, 0% used [0x00000007d6560000,0x00000007d6560000,0x00000007e43a0000)
  from space 227520K, 83% used [0x00000007e43a0000,0x00000007efc270a0,0x00000007f21d0000)
  to   space 227520K, 0% used [0x00000007f21d0000,0x00000007f21d0000,0x0000000800000000)
 PSOldGen        total 1365376K, used 1116895K [0x0000000783000000, 0x00000007d6560000, 0x00000007d6560000)
  object space 1365376K, 81% used [0x0000000783000000,0x00000007c72b7e40,0x00000007d6560000)
 PSPermGen       total 24128K, used 23397K [0x000000077de00000, 0x000000077f590000, 0x0000000783000000)
  object space 24128K, 96% used [0x000000077de00000,0x000000077f4d95e8,0x000000077f590000)
}
{Heap before GC invocations=509 (full 38):
 PSYoungGen      total 455104K, used 188956K [0x00000007d6560000, 0x0000000800000000, 0x0000000800000000)
  eden space 227584K, 0% used [0x00000007d6560000,0x00000007d6560000,0x00000007e43a0000)
  from space 227520K, 83% used [0x00000007e43a0000,0x00000007efc270a0,0x00000007f21d0000)
  to   space 227520K, 0% used [0x00000007f21d0000,0x00000007f21d0000,0x0000000800000000)
 PSOldGen        total 1365376K, used 1116895K [0x0000000783000000, 0x00000007d6560000, 0x00000007d6560000)
  object space 1365376K, 81% used [0x0000000783000000,0x00000007c72b7e40,0x00000007d6560000)
 PSPermGen       total 24128K, used 23397K [0x000000077de00000, 0x000000077f590000, 0x0000000783000000)
  object space 24128K, 96% used [0x000000077de00000,0x000000077f4d95e8,0x000000077f590000)
3236.559: [Full GC [PSYoungGen: 188956K->0K(455104K)] [PSOldGen: 1116895K->387601K(1365376K)] 1305851K->387601K(1820480K) [PSPermGen: 23397K->23397K(25216K)], 0.3777850 secs] [Times: user=0.38 sys=0.00, real=0.38 secs] 
Heap after GC invocations=509 (full 38):
 PSYoungGen      total 455104K, used 0K [0x00000007d6560000, 0x0000000800000000, 0x0000000800000000)
  eden space 227584K, 0% used [0x00000007d6560000,0x00000007d6560000,0x00000007e43a0000)
  from space 227520K, 0% used [0x00000007e43a0000,0x00000007e43a0000,0x00000007f21d0000)
  to   space 227520K, 0% used [0x00000007f21d0000,0x00000007f21d0000,0x0000000800000000)
 PSOldGen        total 1365376K, used 387601K [0x0000000783000000, 0x00000007d6560000, 0x00000007d6560000)
  object space 1365376K, 28% used [0x0000000783000000,0x000000079aa846e8,0x00000007d6560000)
 PSPermGen       total 25216K, used 23397K [0x000000077de00000, 0x000000077f6a0000, 0x0000000783000000)
  object space 25216K, 92% used [0x000000077de00000,0x000000077f4d95e8,0x000000077f6a0000)
}
Total time for which application threads were stopped: 0.4276630 seconds
Application time: 0.6689590 seconds
{Heap before GC invocations=510 (full 38):
 PSYoungGen      total 455104K, used 227584K [0x00000007d6560000, 0x0000000800000000, 0x0000000800000000)
  eden space 227584K, 100% used [0x00000007d6560000,0x00000007e43a0000,0x00000007e43a0000)
  from space 227520K, 0% used [0x00000007e43a0000,0x00000007e43a0000,0x00000007f21d0000)
  to   space 227520K, 0% used [0x00000007f21d0000,0x00000007f21d0000,0x0000000800000000)
 PSOldGen        total 1365376K, used 387601K [0x0000000783000000, 0x00000007d6560000, 0x00000007d6560000)
  object space 1365376K, 28% used [0x0000000783000000,0x000000079aa846e8,0x00000007d6560000)
 PSPermGen       total 25216K, used 23465K [0x000000077de00000, 0x000000077f6a0000, 0x0000000783000000)
  object space 25216K, 93% used [0x000000077de00000,0x000000077f4ea6e8,0x000000077f6a0000)
3237.608: [GC [PSYoungGen: 227584K->44812K(455104K)] 615185K->432413K(1820480K), 0.0477600 secs] [Times: user=0.33 sys=0.03, real=0.05 secs] 
Heap after GC invocations=510 (full 38):
 PSYoungGen      total 455104K, used 44812K [0x00000007d6560000, 0x0000000800000000, 0x0000000800000000)
  eden space 227584K, 0% used [0x00000007d6560000,0x00000007d6560000,0x00000007e43a0000)
  from space 227520K, 19% used [0x00000007f21d0000,0x00000007f4d930b0,0x0000000800000000)
  to   space 227520K, 0% used [0x00000007e43a0000,0x00000007e43a0000,0x00000007f21d0000)
 PSOldGen        total 1365376K, used 387601K [0x0000000783000000, 0x00000007d6560000, 0x00000007d6560000)
  object space 1365376K, 28% used [0x0000000783000000,0x000000079aa846e8,0x00000007d6560000)
 PSPermGen       total 25216K, used 23465K [0x000000077de00000, 0x000000077f6a0000, 0x0000000783000000)
  object space 25216K, 93% used [0x000000077de00000,0x000000077f4ea6e8,0x000000077f6a0000)
}
Total time for which application threads were stopped: 0.0495040 seconds
Application time: 0.7858880 seconds
{Heap before GC invocations=511 (full 38):
 PSYoungGen      total 455104K, used 272396K [0x00000007d6560000, 0x0000000800000000, 0x0000000800000000)
  eden space 227584K, 100% used [0x00000007d6560000,0x00000007e43a0000,0x00000007e43a0000)
  from space 227520K, 19% used [0x00000007f21d0000,0x00000007f4d930b0,0x0000000800000000)
  to   space 227520K, 0% used [0x00000007e43a0000,0x00000007e43a0000,0x00000007f21d0000)
 PSOldGen        total 1365376K, used 387601K [0x0000000783000000, 0x00000007d6560000, 0x00000007d6560000)
  object space 1365376K, 28% used [0x0000000783000000,0x000000079aa846e8,0x00000007d6560000)
 PSPermGen       total 25216K, used 23465K [0x000000077de00000, 0x000000077f6a0000, 0x0000000783000000)
  object space 25216K, 93% used [0x000000077de00000,0x000000077f4ea6e8,0x000000077f6a0000)
3238.442: [GC [PSYoungGen: 272396K->6944K(455104K)] 659997K->431739K(1820480K), 0.0561540 secs] [Times: user=0.41 sys=0.00, real=0.06 secs] 
Heap after GC invocations=511 (full 38):
 PSYoungGen      total 455104K, used 6944K [0x00000007d6560000, 0x0000000800000000, 0x0000000800000000)
  eden space 227584K, 0% used [0x00000007d6560000,0x00000007d6560000,0x00000007e43a0000)
  from space 227520K, 3% used [0x00000007e43a0000,0x00000007e4a68000,0x00000007f21d0000)
  to   space 227520K, 0% used [0x00000007f21d0000,0x00000007f21d0000,0x0000000800000000)
 PSOldGen        total 1365376K, used 424795K [0x0000000783000000, 0x00000007d6560000, 0x00000007d6560000)
  object space 1365376K, 31% used [0x0000000783000000,0x000000079ced6f08,0x00000007d6560000)
 PSPermGen       total 25216K, used 23465K [0x000000077de00000, 0x000000077f6a0000, 0x0000000783000000)
  object space 25216K, 93% used [0x000000077de00000,0x000000077f4ea6e8,0x000000077f6a0000)
}
Total time for which application threads were stopped: 0.0569750 seconds
Application time: 0.7945510 seconds
{Heap before GC invocations=512 (full 38):
 PSYoungGen      total 455104K, used 234528K [0x00000007d6560000, 0x0000000800000000, 0x0000000800000000)
  eden space 227584K, 100% used [0x00000007d6560000,0x00000007e43a0000,0x00000007e43a0000)
  from space 227520K, 3% used [0x00000007e43a0000,0x00000007e4a68000,0x00000007f21d0000)
  to   space 227520K, 0% used [0x00000007f21d0000,0x00000007f21d0000,0x0000000800000000)
 PSOldGen        total 1365376K, used 424795K [0x0000000783000000, 0x00000007d6560000, 0x00000007d6560000)
  object space 1365376K, 31% used [0x0000000783000000,0x000000079ced6f08,0x00000007d6560000)
 PSPermGen       total 25216K, used 23465K [0x000000077de00000, 0x000000077f6a0000, 0x0000000783000000)
  object space 25216K, 93% used [0x000000077de00000,0x000000077f4ea6e8,0x000000077f6a0000)
3239.294: [GC [PSYoungGen: 234528K->6816K(455104K)] 659323K->431699K(1820480K), 0.0520500 secs] [Times: user=0.36 sys=0.00, real=0.06 secs] 
Heap after GC invocations=512 (full 38):
 PSYoungGen      total 455104K, used 6816K [0x00000007d6560000, 0x0000000800000000, 0x0000000800000000)
  eden space 227584K, 0% used [0x00000007d6560000,0x00000007d6560000,0x00000007e43a0000)
  from space 227520K, 2% used [0x00000007f21d0000,0x00000007f2878000,0x0000000800000000)
  to   space 227520K, 0% used [0x00000007e43a0000,0x00000007e43a0000,0x00000007f21d0000)
 PSOldGen        total 1365376K, used 424883K [0x0000000783000000, 0x00000007d6560000, 0x00000007d6560000)
  object space 1365376K, 31% used [0x0000000783000000,0x000000079ceecf08,0x00000007d6560000)
 PSPermGen       total 25216K, used 23465K [0x000000077de00000, 0x000000077f6a0000, 0x0000000783000000)
  object space 25216K, 93% used [0x000000077de00000,0x000000077f4ea6e8,0x000000077f6a0000)
}
Total time for which application threads were stopped: 0.0529460 seconds
Application time: 0.4448850 seconds
{Heap before GC invocations=513 (full 38):
 PSYoungGen      total 455104K, used 234400K [0x00000007d6560000, 0x0000000800000000, 0x0000000800000000)
  eden space 227584K, 100% used [0x00000007d6560000,0x00000007e43a0000,0x00000007e43a0000)
  from space 227520K, 2% used [0x00000007f21d0000,0x00000007f2878000,0x0000000800000000)
  to   space 227520K, 0% used [0x00000007e43a0000,0x00000007e43a0000,0x00000007f21d0000)
 PSOldGen        total 1365376K, used 424883K [0x0000000783000000, 0x00000007d6560000, 0x00000007d6560000)
  object space 1365376K, 31% used [0x0000000783000000,0x000000079ceecf08,0x00000007d6560000)
 PSPermGen       total 25216K, used 23624K [0x000000077de00000, 0x000000077f6a0000, 0x0000000783000000)
  object space 25216K, 93% used [0x000000077de00000,0x000000077f5120a8,0x000000077f6a0000)
3239.792: [GC [PSYoungGen: 234400K->102270K(455104K)] 659283K->527266K(1820480K), 0.0294930 secs] [Times: user=0.23 sys=0.00, real=0.03 secs] 
Heap after GC invocations=513 (full 38):
 PSYoungGen      total 455104K, used 102270K [0x00000007d6560000, 0x0000000800000000, 0x0000000800000000)
  eden space 227584K, 0% used [0x00000007d6560000,0x00000007d6560000,0x00000007e43a0000)
  from space 227520K, 44% used [0x00000007e43a0000,0x00000007ea77fa10,0x00000007f21d0000)
  to   space 227520K, 0% used [0x00000007f21d0000,0x00000007f21d0000,0x0000000800000000)
 PSOldGen        total 1365376K, used 424995K [0x0000000783000000, 0x00000007d6560000, 0x00000007d6560000)
  object space 1365376K, 31% used [0x0000000783000000,0x000000079cf08f08,0x00000007d6560000)
 PSPermGen       total 25216K, used 23624K [0x000000077de00000, 0x000000077f6a0000, 0x0000000783000000)
  object space 25216K, 93% used [0x000000077de00000,0x000000077f5120a8,0x000000077f6a0000)
}
Total time for which application threads were stopped: 0.0303830 seconds
Application time: 2.1984240 seconds
{Heap before GC invocations=514 (full 38):
 PSYoungGen      total 455104K, used 329854K [0x00000007d6560000, 0x0000000800000000, 0x0000000800000000)
  eden space 227584K, 100% used [0x00000007d6560000,0x00000007e43a0000,0x00000007e43a0000)
  from space 227520K, 44% used [0x00000007e43a0000,0x00000007ea77fa10,0x00000007f21d0000)
  to   space 227520K, 0% used [0x00000007f21d0000,0x00000007f21d0000,0x0000000800000000)
 PSOldGen        total 1365376K, used 424995K [0x0000000783000000, 0x00000007d6560000, 0x00000007d6560000)
  object space 1365376K, 31% used [0x0000000783000000,0x000000079cf08f08,0x00000007d6560000)
 PSPermGen       total 25216K, used 23653K [0x000000077de00000, 0x000000077f6a0000, 0x0000000783000000)
  object space 25216K, 93% used [0x000000077de00000,0x000000077f5195a8,0x000000077f6a0000)
3242.020: [GC [PSYoungGen: 329854K->18681K(455104K)] 754850K->451885K(1820480K), 0.0463440 secs] [Times: user=0.32 sys=0.00, real=0.05 secs] 
Heap after GC invocations=514 (full 38):
 PSYoungGen      total 455104K, used 18681K [0x00000007d6560000, 0x0000000800000000, 0x0000000800000000)
  eden space 227584K, 0% used [0x00000007d6560000,0x00000007d6560000,0x00000007e43a0000)
  from space 227520K, 8% used [0x00000007f21d0000,0x00000007f340e430,0x0000000800000000)
  to   space 227520K, 0% used [0x00000007e43a0000,0x00000007e43a0000,0x00000007f21d0000)
 PSOldGen        total 1365376K, used 433203K [0x0000000783000000, 0x00000007d6560000, 0x00000007d6560000)
  object space 1365376K, 31% used [0x0000000783000000,0x000000079d70cfd8,0x00000007d6560000)
 PSPermGen       total 25216K, used 23653K [0x000000077de00000, 0x000000077f6a0000, 0x0000000783000000)
  object space 25216K, 93% used [0x000000077de00000,0x000000077f5195a8,0x000000077f6a0000)
}
Total time for which application threads were stopped: 0.0470940 seconds
Application time: 0.1862400 seconds
{Heap before GC invocations=515 (full 38):
 PSYoungGen      total 455104K, used 246265K [0x00000007d6560000, 0x0000000800000000, 0x0000000800000000)
  eden space 227584K, 100% used [0x00000007d6560000,0x00000007e43a0000,0x00000007e43a0000)
  from space 227520K, 8% used [0x00000007f21d0000,0x00000007f340e430,0x0000000800000000)
  to   space 227520K, 0% used [0x00000007e43a0000,0x00000007e43a0000,0x00000007f21d0000)
 PSOldGen        total 1365376K, used 433203K [0x0000000783000000, 0x00000007d6560000, 0x00000007d6560000)
  object space 1365376K, 31% used [0x0000000783000000,0x000000079d70cfd8,0x00000007d6560000)
 PSPermGen       total 25216K, used 23939K [0x000000077de00000, 0x000000077f6a0000, 0x0000000783000000)
  object space 25216K, 94% used [0x000000077de00000,0x000000077f560fa8,0x000000077f6a0000)
3242.254: [GC [PSYoungGen: 246265K->186918K(455104K)] 679469K->631800K(1820480K), 0.0300220 secs] [Times: user=0.33 sys=0.00, real=0.02 secs] 
Heap after GC invocations=515 (full 38):
 PSYoungGen      total 455104K, used 186918K [0x00000007d6560000, 0x0000000800000000, 0x0000000800000000)
  eden space 227584K, 0% used [0x00000007d6560000,0x00000007d6560000,0x00000007e43a0000)
  from space 227520K, 82% used [0x00000007e43a0000,0x00000007efa29ad0,0x00000007f21d0000)
  to   space 227520K, 0% used [0x00000007f21d0000,0x00000007f21d0000,0x0000000800000000)
 PSOldGen        total 1365376K, used 444882K [0x0000000783000000, 0x00000007d6560000, 0x00000007d6560000)
  object space 1365376K, 32% used [0x0000000783000000,0x000000079e274858,0x00000007d6560000)
 PSPermGen       total 25216K, used 23939K [0x000000077de00000, 0x000000077f6a0000, 0x0000000783000000)
  object space 25216K, 94% used [0x000000077de00000,0x000000077f560fa8,0x000000077f6a0000)
}
Total time for which application threads were stopped: 0.0308230 seconds
Application time: 0.1998910 seconds
{Heap before GC invocations=516 (full 38):
 PSYoungGen      total 455104K, used 414502K [0x00000007d6560000, 0x0000000800000000, 0x0000000800000000)
  eden space 227584K, 100% used [0x00000007d6560000,0x00000007e43a0000,0x00000007e43a0000)
  from space 227520K, 82% used [0x00000007e43a0000,0x00000007efa29ad0,0x00000007f21d0000)
  to   space 227520K, 0% used [0x00000007f21d0000,0x00000007f21d0000,0x0000000800000000)
 PSOldGen        total 1365376K, used 444882K [0x0000000783000000, 0x00000007d6560000, 0x00000007d6560000)
  object space 1365376K, 32% used [0x0000000783000000,0x000000079e274858,0x00000007d6560000)
 PSPermGen       total 25216K, used 24220K [0x000000077de00000, 0x000000077f6a0000, 0x0000000783000000)
  object space 25216K, 96% used [0x000000077de00000,0x000000077f5a73e8,0x000000077f6a0000)
3242.485: [GC [PSYoungGen: 414502K->187791K(455104K)] 859384K->803718K(1820480K), 0.0493110 secs] [Times: user=0.56 sys=0.00, real=0.05 secs] 
Heap after GC invocations=516 (full 38):
 PSYoungGen      total 455104K, used 187791K [0x00000007d6560000, 0x0000000800000000, 0x0000000800000000)
  eden space 227584K, 0% used [0x00000007d6560000,0x00000007d6560000,0x00000007e43a0000)
  from space 227520K, 82% used [0x00000007f21d0000,0x00000007fd933d20,0x0000000800000000)
  to   space 227520K, 0% used [0x00000007e43a0000,0x00000007e43a0000,0x00000007f21d0000)
 PSOldGen        total 1365376K, used 615927K [0x0000000783000000, 0x00000007d6560000, 0x00000007d6560000)
  object space 1365376K, 45% used [0x0000000783000000,0x00000007a897dcb8,0x00000007d6560000)
 PSPermGen       total 25216K, used 24220K [0x000000077de00000, 0x000000077f6a0000, 0x0000000783000000)
  object space 25216K, 96% used [0x000000077de00000,0x000000077f5a73e8,0x000000077f6a0000)
}
Total time for which application threads were stopped: 0.0503410 seconds
Application time: 0.6149660 seconds
{Heap before GC invocations=517 (full 38):
 PSYoungGen      total 455104K, used 415375K [0x00000007d6560000, 0x0000000800000000, 0x0000000800000000)
  eden space 227584K, 100% used [0x00000007d6560000,0x00000007e43a0000,0x00000007e43a0000)
  from space 227520K, 82% used [0x00000007f21d0000,0x00000007fd933d20,0x0000000800000000)
  to   space 227520K, 0% used [0x00000007e43a0000,0x00000007e43a0000,0x00000007f21d0000)
 PSOldGen        total 1365376K, used 615927K [0x0000000783000000, 0x00000007d6560000, 0x00000007d6560000)
  object space 1365376K, 45% used [0x0000000783000000,0x00000007a897dcb8,0x00000007d6560000)
 PSPermGen       total 25216K, used 24322K [0x000000077de00000, 0x000000077f6a0000, 0x0000000783000000)
  object space 25216K, 96% used [0x000000077de00000,0x000000077f5c09a8,0x000000077f6a0000)
3243.150: [GC [PSYoungGen: 415375K->65070K(455104K)] 1031302K->851467K(1820480K), 0.0547170 secs] [Times: user=0.47 sys=0.00, real=0.06 secs] 
Heap after GC invocations=517 (full 38):
 PSYoungGen      total 455104K, used 65070K [0x00000007d6560000, 0x0000000800000000, 0x0000000800000000)
  eden space 227584K, 0% used [0x00000007d6560000,0x00000007d6560000,0x00000007e43a0000)
  from space 227520K, 28% used [0x00000007e43a0000,0x00000007e832bb30,0x00000007f21d0000)
  to   space 227520K, 0% used [0x00000007f21d0000,0x00000007f21d0000,0x0000000800000000)
 PSOldGen        total 1365376K, used 786396K [0x0000000783000000, 0x00000007d6560000, 0x00000007d6560000)
  object space 1365376K, 57% used [0x0000000783000000,0x00000007b2ff70f8,0x00000007d6560000)
 PSPermGen       total 25216K, used 24322K [0x000000077de00000, 0x000000077f6a0000, 0x0000000783000000)
  object space 25216K, 96% used [0x000000077de00000,0x000000077f5c09a8,0x000000077f6a0000)
}
Total time for which application threads were stopped: 0.0556780 seconds
Application time: 0.8385170 seconds
{Heap before GC invocations=518 (full 38):
 PSYoungGen      total 455104K, used 292654K [0x00000007d6560000, 0x0000000800000000, 0x0000000800000000)
  eden space 227584K, 100% used [0x00000007d6560000,0x00000007e43a0000,0x00000007e43a0000)
  from space 227520K, 28% used [0x00000007e43a0000,0x00000007e832bb30,0x00000007f21d0000)
  to   space 227520K, 0% used [0x00000007f21d0000,0x00000007f21d0000,0x0000000800000000)
 PSOldGen        total 1365376K, used 786396K [0x0000000783000000, 0x00000007d6560000, 0x00000007d6560000)
  object space 1365376K, 57% used [0x0000000783000000,0x00000007b2ff70f8,0x00000007d6560000)
 PSPermGen       total 25216K, used 24322K [0x000000077de00000, 0x000000077f6a0000, 0x0000000783000000)
  object space 25216K, 96% used [0x000000077de00000,0x000000077f5c09a8,0x000000077f6a0000)
3244.044: [GC [PSYoungGen: 292654K->7072K(455104K)] 1079051K->849630K(1820480K), 0.0556600 secs] [Times: user=0.35 sys=0.03, real=0.05 secs] 
Heap after GC invocations=518 (full 38):
 PSYoungGen      total 455104K, used 7072K [0x00000007d6560000, 0x0000000800000000, 0x0000000800000000)
  eden space 227584K, 0% used [0x00000007d6560000,0x00000007d6560000,0x00000007e43a0000)
  from space 227520K, 3% used [0x00000007f21d0000,0x00000007f28b8000,0x0000000800000000)
  to   space 227520K, 0% used [0x00000007e43a0000,0x00000007e43a0000,0x00000007f21d0000)
 PSOldGen        total 1365376K, used 842558K [0x0000000783000000, 0x00000007d6560000, 0x00000007d6560000)
  object space 1365376K, 61% used [0x0000000783000000,0x00000007b66cfb68,0x00000007d6560000)
 PSPermGen       total 25216K, used 24322K [0x000000077de00000, 0x000000077f6a0000, 0x0000000783000000)
  object space 25216K, 96% used [0x000000077de00000,0x000000077f5c09a8,0x000000077f6a0000)
}
Total time for which application threads were stopped: 0.0563910 seconds
Application time: 0.8178830 seconds
{Heap before GC invocations=519 (full 38):
 PSYoungGen      total 455104K, used 234656K [0x00000007d6560000, 0x0000000800000000, 0x0000000800000000)
  eden space 227584K, 100% used [0x00000007d6560000,0x00000007e43a0000,0x00000007e43a0000)
  from space 227520K, 3% used [0x00000007f21d0000,0x00000007f28b8000,0x0000000800000000)
  to   space 227520K, 0% used [0x00000007e43a0000,0x00000007e43a0000,0x00000007f21d0000)
 PSOldGen        total 1365376K, used 842558K [0x0000000783000000, 0x00000007d6560000, 0x00000007d6560000)
  object space 1365376K, 61% used [0x0000000783000000,0x00000007b66cfb68,0x00000007d6560000)
 PSPermGen       total 25216K, used 24322K [0x000000077de00000, 0x000000077f6a0000, 0x0000000783000000)
  object space 25216K, 96% used [0x000000077de00000,0x000000077f5c09a8,0x000000077f6a0000)
3244.918: [GC [PSYoungGen: 234656K->6976K(455104K)] 1077214K->849566K(1820480K), 0.0530040 secs] [Times: user=0.37 sys=0.00, real=0.05 secs] 
Heap after GC invocations=519 (full 38):
 PSYoungGen      total 455104K, used 6976K [0x00000007d6560000, 0x0000000800000000, 0x0000000800000000)
  eden space 227584K, 0% used [0x00000007d6560000,0x00000007d6560000,0x00000007e43a0000)
  from space 227520K, 3% used [0x00000007e43a0000,0x00000007e4a70000,0x00000007f21d0000)
  to   space 227520K, 0% used [0x00000007f21d0000,0x00000007f21d0000,0x0000000800000000)
 PSOldGen        total 1365376K, used 842590K [0x0000000783000000, 0x00000007d6560000, 0x00000007d6560000)
  object space 1365376K, 61% used [0x0000000783000000,0x00000007b66d7b68,0x00000007d6560000)
 PSPermGen       total 25216K, used 24322K [0x000000077de00000, 0x000000077f6a0000, 0x0000000783000000)
  object space 25216K, 96% used [0x000000077de00000,0x000000077f5c09a8,0x000000077f6a0000)
}
Total time for which application threads were stopped: 0.0537430 seconds
Application time: 0.7792430 seconds
{Heap before GC invocations=520 (full 38):
 PSYoungGen      total 455104K, used 234560K [0x00000007d6560000, 0x0000000800000000, 0x0000000800000000)
  eden space 227584K, 100% used [0x00000007d6560000,0x00000007e43a0000,0x00000007e43a0000)
  from space 227520K, 3% used [0x00000007e43a0000,0x00000007e4a70000,0x00000007f21d0000)
  to   space 227520K, 0% used [0x00000007f21d0000,0x00000007f21d0000,0x0000000800000000)
 PSOldGen        total 1365376K, used 842590K [0x0000000783000000, 0x00000007d6560000, 0x00000007d6560000)
  object space 1365376K, 61% used [0x0000000783000000,0x00000007b66d7b68,0x00000007d6560000)
 PSPermGen       total 25216K, used 24322K [0x000000077de00000, 0x000000077f6a0000, 0x0000000783000000)
  object space 25216K, 96% used [0x000000077de00000,0x000000077f5c0b28,0x000000077f6a0000)
3245.751: [GC [PSYoungGen: 234560K->7634K(455104K)] 1077150K->850272K(1820480K), 0.0542900 secs] [Times: user=0.41 sys=0.00, real=0.06 secs] 
Heap after GC invocations=520 (full 38):
 PSYoungGen      total 455104K, used 7634K [0x00000007d6560000, 0x0000000800000000, 0x0000000800000000)
  eden space 227584K, 0% used [0x00000007d6560000,0x00000007d6560000,0x00000007e43a0000)
  from space 227520K, 3% used [0x00000007f21d0000,0x00000007f2944850,0x0000000800000000)
  to   space 227520K, 0% used [0x00000007e43a0000,0x00000007e43a0000,0x00000007f21d0000)
 PSOldGen        total 1365376K, used 842638K [0x0000000783000000, 0x00000007d6560000, 0x00000007d6560000)
  object space 1365376K, 61% used [0x0000000783000000,0x00000007b66e3b68,0x00000007d6560000)
 PSPermGen       total 25216K, used 24322K [0x000000077de00000, 0x000000077f6a0000, 0x0000000783000000)
  object space 25216K, 96% used [0x000000077de00000,0x000000077f5c0b28,0x000000077f6a0000)
}
Total time for which application threads were stopped: 0.0550750 seconds
Application time: 2.5155020 seconds
{Heap before GC invocations=521 (full 38):
 PSYoungGen      total 455104K, used 235218K [0x00000007d6560000, 0x0000000800000000, 0x0000000800000000)
  eden space 227584K, 100% used [0x00000007d6560000,0x00000007e43a0000,0x00000007e43a0000)
  from space 227520K, 3% used [0x00000007f21d0000,0x00000007f2944850,0x0000000800000000)
  to   space 227520K, 0% used [0x00000007e43a0000,0x00000007e43a0000,0x00000007f21d0000)
 PSOldGen        total 1365376K, used 842638K [0x0000000783000000, 0x00000007d6560000, 0x00000007d6560000)
  object space 1365376K, 61% used [0x0000000783000000,0x00000007b66e3b68,0x00000007d6560000)
 PSPermGen       total 25216K, used 24469K [0x000000077de00000, 0x000000077f6a0000, 0x0000000783000000)
  object space 25216K, 97% used [0x000000077de00000,0x000000077f5e5428,0x000000077f6a0000)
3248.322: [GC [PSYoungGen: 235218K->94408K(455104K)] 1077856K->937551K(1820480K), 0.0332620 secs] [Times: user=0.26 sys=0.00, real=0.04 secs] 
Heap after GC invocations=521 (full 38):
 PSYoungGen      total 455104K, used 94408K [0x00000007d6560000, 0x0000000800000000, 0x0000000800000000)
  eden space 227584K, 0% used [0x00000007d6560000,0x00000007d6560000,0x00000007e43a0000)
  from space 227520K, 41% used [0x00000007e43a0000,0x00000007e9fd2160,0x00000007f21d0000)
  to   space 227520K, 0% used [0x00000007f21d0000,0x00000007f21d0000,0x0000000800000000)
 PSOldGen        total 1365376K, used 843142K [0x0000000783000000, 0x00000007d6560000, 0x00000007d6560000)
  object space 1365376K, 61% used [0x0000000783000000,0x00000007b6761b68,0x00000007d6560000)
 PSPermGen       total 25216K, used 24469K [0x000000077de00000, 0x000000077f6a0000, 0x0000000783000000)
  object space 25216K, 97% used [0x000000077de00000,0x000000077f5e5428,0x000000077f6a0000)
}
Total time for which application threads were stopped: 0.0340490 seconds
Application time: 0.1873070 seconds
{Heap before GC invocations=522 (full 38):
 PSYoungGen      total 455104K, used 321992K [0x00000007d6560000, 0x0000000800000000, 0x0000000800000000)
  eden space 227584K, 100% used [0x00000007d6560000,0x00000007e43a0000,0x00000007e43a0000)
  from space 227520K, 41% used [0x00000007e43a0000,0x00000007e9fd2160,0x00000007f21d0000)
  to   space 227520K, 0% used [0x00000007f21d0000,0x00000007f21d0000,0x0000000800000000)
 PSOldGen        total 1365376K, used 843142K [0x0000000783000000, 0x00000007d6560000, 0x00000007d6560000)
  object space 1365376K, 61% used [0x0000000783000000,0x00000007b6761b68,0x00000007d6560000)
 PSPermGen       total 25216K, used 24751K [0x000000077de00000, 0x000000077f6a0000, 0x0000000783000000)
  object space 25216K, 98% used [0x000000077de00000,0x000000077f62bda8,0x000000077f6a0000)
3248.543: [GC [PSYoungGen: 321992K->188520K(455104K)] 1165135K->1115382K(1820480K), 0.0408580 secs] [Times: user=0.42 sys=0.00, real=0.04 secs] 
Heap after GC invocations=522 (full 38):
 PSYoungGen      total 455104K, used 188520K [0x00000007d6560000, 0x0000000800000000, 0x0000000800000000)
  eden space 227584K, 0% used [0x00000007d6560000,0x00000007d6560000,0x00000007e43a0000)
  from space 227520K, 82% used [0x00000007f21d0000,0x00000007fd9ea1b0,0x0000000800000000)
  to   space 227520K, 0% used [0x00000007e43a0000,0x00000007e43a0000,0x00000007f21d0000)
 PSOldGen        total 1365376K, used 926861K [0x0000000783000000, 0x00000007d6560000, 0x00000007d6560000)
  object space 1365376K, 67% used [0x0000000783000000,0x00000007bb9237f8,0x00000007d6560000)
 PSPermGen       total 25216K, used 24751K [0x000000077de00000, 0x000000077f6a0000, 0x0000000783000000)
  object space 25216K, 98% used [0x000000077de00000,0x000000077f62bda8,0x000000077f6a0000)
}
Total time for which application threads were stopped: 0.0417650 seconds
Application time: 0.2514050 seconds
{Heap before GC invocations=523 (full 38):
 PSYoungGen      total 455104K, used 416104K [0x00000007d6560000, 0x0000000800000000, 0x0000000800000000)
  eden space 227584K, 100% used [0x00000007d6560000,0x00000007e43a0000,0x00000007e43a0000)
  from space 227520K, 82% used [0x00000007f21d0000,0x00000007fd9ea1b0,0x0000000800000000)
  to   space 227520K, 0% used [0x00000007e43a0000,0x00000007e43a0000,0x00000007f21d0000)
 PSOldGen        total 1365376K, used 926861K [0x0000000783000000, 0x00000007d6560000, 0x00000007d6560000)
  object space 1365376K, 67% used [0x0000000783000000,0x00000007bb9237f8,0x00000007d6560000)
 PSPermGen       total 25216K, used 25013K [0x000000077de00000, 0x000000077f6a0000, 0x0000000783000000)
  object space 25216K, 99% used [0x000000077de00000,0x000000077f66d568,0x000000077f6a0000)
3248.837: [GC [PSYoungGen: 416104K->173715K(455104K)] 1342966K->1272274K(1820480K), 0.0519080 secs] [Times: user=0.52 sys=0.02, real=0.05 secs] 
Heap after GC invocations=523 (full 38):
 PSYoungGen      total 455104K, used 173715K [0x00000007d6560000, 0x0000000800000000, 0x0000000800000000)
  eden space 227584K, 0% used [0x00000007d6560000,0x00000007d6560000,0x00000007e43a0000)
  from space 227520K, 76% used [0x00000007e43a0000,0x00000007eed44f60,0x00000007f21d0000)
  to   space 227520K, 0% used [0x00000007f21d0000,0x00000007f21d0000,0x0000000800000000)
 PSOldGen        total 1365376K, used 1098558K [0x0000000783000000, 0x00000007d6560000, 0x00000007d6560000)
  object space 1365376K, 80% used [0x0000000783000000,0x00000007c60cfba8,0x00000007d6560000)
 PSPermGen       total 25216K, used 25013K [0x000000077de00000, 0x000000077f6a0000, 0x0000000783000000)
  object space 25216K, 99% used [0x000000077de00000,0x000000077f66d568,0x000000077f6a0000)
}
Total time for which application threads were stopped: 0.0527220 seconds
Application time: 0.7007430 seconds
{Heap before GC invocations=524 (full 38):
 PSYoungGen      total 455104K, used 401299K [0x00000007d6560000, 0x0000000800000000, 0x0000000800000000)
  eden space 227584K, 100% used [0x00000007d6560000,0x00000007e43a0000,0x00000007e43a0000)
  from space 227520K, 76% used [0x00000007e43a0000,0x00000007eed44f60,0x00000007f21d0000)
  to   space 227520K, 0% used [0x00000007f21d0000,0x00000007f21d0000,0x0000000800000000)
 PSOldGen        total 1365376K, used 1098558K [0x0000000783000000, 0x00000007d6560000, 0x00000007d6560000)
  object space 1365376K, 80% used [0x0000000783000000,0x00000007c60cfba8,0x00000007d6560000)
 PSPermGen       total 25216K, used 25071K [0x000000077de00000, 0x000000077f6a0000, 0x0000000783000000)
  object space 25216K, 99% used [0x000000077de00000,0x000000077f67bf68,0x000000077f6a0000)
3249.590: [GC [PSYoungGen: 401299K->37617K(455104K)] 1499858K->1294413K(1820480K), 0.0589920 secs] [Times: user=0.43 sys=0.00, real=0.06 secs] 
Heap after GC invocations=524 (full 38):
 PSYoungGen      total 455104K, used 37617K [0x00000007d6560000, 0x0000000800000000, 0x0000000800000000)
  eden space 227584K, 0% used [0x00000007d6560000,0x00000007d6560000,0x00000007e43a0000)
  from space 227520K, 16% used [0x00000007f21d0000,0x00000007f468c520,0x0000000800000000)
  to   space 227520K, 0% used [0x00000007e43a0000,0x00000007e43a0000,0x00000007f21d0000)
 PSOldGen        total 1365376K, used 1256795K [0x0000000783000000, 0x00000007d6560000, 0x00000007d6560000)
  object space 1365376K, 92% used [0x0000000783000000,0x00000007cfb56f18,0x00000007d6560000)
 PSPermGen       total 25216K, used 25071K [0x000000077de00000, 0x000000077f6a0000, 0x0000000783000000)
  object space 25216K, 99% used [0x000000077de00000,0x000000077f67bf68,0x000000077f6a0000)
}
{Heap before GC invocations=525 (full 39):
 PSYoungGen      total 455104K, used 37617K [0x00000007d6560000, 0x0000000800000000, 0x0000000800000000)
  eden space 227584K, 0% used [0x00000007d6560000,0x00000007d6560000,0x00000007e43a0000)
  from space 227520K, 16% used [0x00000007f21d0000,0x00000007f468c520,0x0000000800000000)
  to   space 227520K, 0% used [0x00000007e43a0000,0x00000007e43a0000,0x00000007f21d0000)
 PSOldGen        total 1365376K, used 1256795K [0x0000000783000000, 0x00000007d6560000, 0x00000007d6560000)
  object space 1365376K, 92% used [0x0000000783000000,0x00000007cfb56f18,0x00000007d6560000)
 PSPermGen       total 25216K, used 25071K [0x000000077de00000, 0x000000077f6a0000, 0x0000000783000000)
  object space 25216K, 99% used [0x000000077de00000,0x000000077f67bf68,0x000000077f6a0000)
3249.649: [Full GC [PSYoungGen: 37617K->0K(455104K)] [PSOldGen: 1256795K->547682K(1365376K)] 1294413K->547682K(1820480K) [PSPermGen: 25071K->25071K(27456K)], 0.4691610 secs] [Times: user=0.47 sys=0.00, real=0.47 secs] 
Heap after GC invocations=525 (full 39):
 PSYoungGen      total 455104K, used 0K [0x00000007d6560000, 0x0000000800000000, 0x0000000800000000)
  eden space 227584K, 0% used [0x00000007d6560000,0x00000007d6560000,0x00000007e43a0000)
  from space 227520K, 0% used [0x00000007f21d0000,0x00000007f21d0000,0x0000000800000000)
  to   space 227520K, 0% used [0x00000007e43a0000,0x00000007e43a0000,0x00000007f21d0000)
 PSOldGen        total 1365376K, used 547682K [0x0000000783000000, 0x00000007d6560000, 0x00000007d6560000)
  object space 1365376K, 40% used [0x0000000783000000,0x00000007a46d8938,0x00000007d6560000)
 PSPermGen       total 27456K, used 25071K [0x000000077de00000, 0x000000077f8d0000, 0x0000000783000000)
  object space 27456K, 91% used [0x000000077de00000,0x000000077f67bf68,0x000000077f8d0000)
}
Total time for which application threads were stopped: 0.5290590 seconds
Application time: 0.8160210 seconds
{Heap before GC invocations=526 (full 39):
 PSYoungGen      total 455104K, used 227584K [0x00000007d6560000, 0x0000000800000000, 0x0000000800000000)
  eden space 227584K, 100% used [0x00000007d6560000,0x00000007e43a0000,0x00000007e43a0000)
  from space 227520K, 0% used [0x00000007f21d0000,0x00000007f21d0000,0x0000000800000000)
  to   space 227520K, 0% used [0x00000007e43a0000,0x00000007e43a0000,0x00000007f21d0000)
 PSOldGen        total 1365376K, used 547682K [0x0000000783000000, 0x00000007d6560000, 0x00000007d6560000)
  object space 1365376K, 40% used [0x0000000783000000,0x00000007a46d8938,0x00000007d6560000)
 PSPermGen       total 27456K, used 25071K [0x000000077de00000, 0x000000077f8d0000, 0x0000000783000000)
  object space 27456K, 91% used [0x000000077de00000,0x000000077f67bf68,0x000000077f8d0000)
3250.936: [GC [PSYoungGen: 227584K->6976K(455104K)] 775266K->554658K(1820480K), 0.0513520 secs] [Times: user=0.29 sys=0.03, real=0.05 secs] 
Heap after GC invocations=526 (full 39):
 PSYoungGen      total 455104K, used 6976K [0x00000007d6560000, 0x0000000800000000, 0x0000000800000000)
  eden space 227584K, 0% used [0x00000007d6560000,0x00000007d6560000,0x00000007e43a0000)
  from space 227520K, 3% used [0x00000007e43a0000,0x00000007e4a70000,0x00000007f21d0000)
  to   space 227520K, 0% used [0x00000007f21d0000,0x00000007f21d0000,0x0000000800000000)
 PSOldGen        total 1365376K, used 547682K [0x0000000783000000, 0x00000007d6560000, 0x00000007d6560000)
  object space 1365376K, 40% used [0x0000000783000000,0x00000007a46d8938,0x00000007d6560000)
 PSPermGen       total 27456K, used 25071K [0x000000077de00000, 0x000000077f8d0000, 0x0000000783000000)
  object space 27456K, 91% used [0x000000077de00000,0x000000077f67bf68,0x000000077f8d0000)
}
Total time for which application threads were stopped: 0.0529430 seconds
Application time: 0.8111460 seconds
{Heap before GC invocations=527 (full 39):
 PSYoungGen      total 455104K, used 234560K [0x00000007d6560000, 0x0000000800000000, 0x0000000800000000)
  eden space 227584K, 100% used [0x00000007d6560000,0x00000007e43a0000,0x00000007e43a0000)
  from space 227520K, 3% used [0x00000007e43a0000,0x00000007e4a70000,0x00000007f21d0000)
  to   space 227520K, 0% used [0x00000007f21d0000,0x00000007f21d0000,0x0000000800000000)
 PSOldGen        total 1365376K, used 547682K [0x0000000783000000, 0x00000007d6560000, 0x00000007d6560000)
  object space 1365376K, 40% used [0x0000000783000000,0x00000007a46d8938,0x00000007d6560000)
 PSPermGen       total 27456K, used 25073K [0x000000077de00000, 0x000000077f8d0000, 0x0000000783000000)
  object space 27456K, 91% used [0x000000077de00000,0x000000077f67c6e8,0x000000077f8d0000)
3251.799: [GC [PSYoungGen: 234560K->8377K(455104K)] 782242K->556107K(1820480K), 0.0547530 secs] [Times: user=0.32 sys=0.00, real=0.05 secs] 
Heap after GC invocations=527 (full 39):
 PSYoungGen      total 455104K, used 8377K [0x00000007d6560000, 0x0000000800000000, 0x0000000800000000)
  eden space 227584K, 0% used [0x00000007d6560000,0x00000007d6560000,0x00000007e43a0000)
  from space 227520K, 3% used [0x00000007f21d0000,0x00000007f29fe530,0x0000000800000000)
  to   space 227520K, 0% used [0x00000007e43a0000,0x00000007e43a0000,0x00000007f21d0000)
 PSOldGen        total 1365376K, used 547730K [0x0000000783000000, 0x00000007d6560000, 0x00000007d6560000)
  object space 1365376K, 40% used [0x0000000783000000,0x00000007a46e4938,0x00000007d6560000)
 PSPermGen       total 27456K, used 25073K [0x000000077de00000, 0x000000077f8d0000, 0x0000000783000000)
  object space 27456K, 91% used [0x000000077de00000,0x000000077f67c6e8,0x000000077f8d0000)
}
Total time for which application threads were stopped: 0.0554690 seconds
Application time: 0.7694650 seconds
{Heap before GC invocations=528 (full 39):
 PSYoungGen      total 455104K, used 235961K [0x00000007d6560000, 0x0000000800000000, 0x0000000800000000)
  eden space 227584K, 100% used [0x00000007d6560000,0x00000007e43a0000,0x00000007e43a0000)
  from space 227520K, 3% used [0x00000007f21d0000,0x00000007f29fe530,0x0000000800000000)
  to   space 227520K, 0% used [0x00000007e43a0000,0x00000007e43a0000,0x00000007f21d0000)
 PSOldGen        total 1365376K, used 547730K [0x0000000783000000, 0x00000007d6560000, 0x00000007d6560000)
  object space 1365376K, 40% used [0x0000000783000000,0x00000007a46e4938,0x00000007d6560000)
 PSPermGen       total 27456K, used 25073K [0x000000077de00000, 0x000000077f8d0000, 0x0000000783000000)
  object space 27456K, 91% used [0x000000077de00000,0x000000077f67c6e8,0x000000077f8d0000)
3252.624: [GC [PSYoungGen: 235961K->6848K(455104K)] 783691K->555666K(1820480K), 0.0546310 secs] [Times: user=0.40 sys=0.00, real=0.06 secs] 
Heap after GC invocations=528 (full 39):
 PSYoungGen      total 455104K, used 6848K [0x00000007d6560000, 0x0000000800000000, 0x0000000800000000)
  eden space 227584K, 0% used [0x00000007d6560000,0x00000007d6560000,0x00000007e43a0000)
  from space 227520K, 3% used [0x00000007e43a0000,0x00000007e4a50000,0x00000007f21d0000)
  to   space 227520K, 0% used [0x00000007f21d0000,0x00000007f21d0000,0x0000000800000000)
 PSOldGen        total 1365376K, used 548818K [0x0000000783000000, 0x00000007d6560000, 0x00000007d6560000)
  object space 1365376K, 40% used [0x0000000783000000,0x00000007a47f4848,0x00000007d6560000)
 PSPermGen       total 27456K, used 25073K [0x000000077de00000, 0x000000077f8d0000, 0x0000000783000000)
  object space 27456K, 91% used [0x000000077de00000,0x000000077f67c6e8,0x000000077f8d0000)
}
Total time for which application threads were stopped: 0.0554810 seconds
Application time: 2.1448990 seconds
{Heap before GC invocations=529 (full 39):
 PSYoungGen      total 455104K, used 234429K [0x00000007d6560000, 0x0000000800000000, 0x0000000800000000)
  eden space 227584K, 99% used [0x00000007d6560000,0x00000007e439f530,0x00000007e43a0000)
  from space 227520K, 3% used [0x00000007e43a0000,0x00000007e4a50000,0x00000007f21d0000)
  to   space 227520K, 0% used [0x00000007f21d0000,0x00000007f21d0000,0x0000000800000000)
 PSOldGen        total 1365376K, used 548818K [0x0000000783000000, 0x00000007d6560000, 0x00000007d6560000)
  object space 1365376K, 40% used [0x0000000783000000,0x00000007a47f4848,0x00000007d6560000)
 PSPermGen       total 27456K, used 25307K [0x000000077de00000, 0x000000077f8d0000, 0x0000000783000000)
  object space 27456K, 92% used [0x000000077de00000,0x000000077f6b6ca8,0x000000077f8d0000)
3254.825: [GC [PSYoungGen: 234429K->150668K(455104K)] 783247K->699551K(1820480K), 0.0298380 secs] [Times: user=0.26 sys=0.00, real=0.03 secs] 
Heap after GC invocations=529 (full 39):
 PSYoungGen      total 455104K, used 150668K [0x00000007d6560000, 0x0000000800000000, 0x0000000800000000)
  eden space 227584K, 0% used [0x00000007d6560000,0x00000007d6560000,0x00000007e43a0000)
  from space 227520K, 66% used [0x00000007f21d0000,0x00000007fb4f33d0,0x0000000800000000)
  to   space 227520K, 0% used [0x00000007e43a0000,0x00000007e43a0000,0x00000007f21d0000)
 PSOldGen        total 1365376K, used 548882K [0x0000000783000000, 0x00000007d6560000, 0x00000007d6560000)
  object space 1365376K, 40% used [0x0000000783000000,0x00000007a4804848,0x00000007d6560000)
 PSPermGen       total 27456K, used 25307K [0x000000077de00000, 0x000000077f8d0000, 0x0000000783000000)
  object space 27456K, 92% used [0x000000077de00000,0x000000077f6b6ca8,0x000000077f8d0000)
}
Total time for which application threads were stopped: 0.0306590 seconds
Application time: 0.1769900 seconds
{Heap before GC invocations=530 (full 39):
 PSYoungGen      total 455104K, used 378252K [0x00000007d6560000, 0x0000000800000000, 0x0000000800000000)
  eden space 227584K, 100% used [0x00000007d6560000,0x00000007e43a0000,0x00000007e43a0000)
  from space 227520K, 66% used [0x00000007f21d0000,0x00000007fb4f33d0,0x0000000800000000)
  to   space 227520K, 0% used [0x00000007e43a0000,0x00000007e43a0000,0x00000007f21d0000)
 PSOldGen        total 1365376K, used 548882K [0x0000000783000000, 0x00000007d6560000, 0x00000007d6560000)
  object space 1365376K, 40% used [0x0000000783000000,0x00000007a4804848,0x00000007d6560000)
 PSPermGen       total 27456K, used 25597K [0x000000077de00000, 0x000000077f8d0000, 0x0000000783000000)
  object space 27456K, 93% used [0x000000077de00000,0x000000077f6ff5a8,0x000000077f8d0000)
3255.032: [GC [PSYoungGen: 378252K->193180K(455104K)] 927135K->879145K(1820480K), 0.0454790 secs] [Times: user=0.53 sys=0.00, real=0.05 secs] 
Heap after GC invocations=530 (full 39):
 PSYoungGen      total 455104K, used 193180K [0x00000007d6560000, 0x0000000800000000, 0x0000000800000000)
  eden space 227584K, 0% used [0x00000007d6560000,0x00000007d6560000,0x00000007e43a0000)
  from space 227520K, 84% used [0x00000007e43a0000,0x00000007f00471b0,0x00000007f21d0000)
  to   space 227520K, 0% used [0x00000007f21d0000,0x00000007f21d0000,0x0000000800000000)
 PSOldGen        total 1365376K, used 685964K [0x0000000783000000, 0x00000007d6560000, 0x00000007d6560000)
  object space 1365376K, 50% used [0x0000000783000000,0x00000007acde33c8,0x00000007d6560000)
 PSPermGen       total 27456K, used 25597K [0x000000077de00000, 0x000000077f8d0000, 0x0000000783000000)
  object space 27456K, 93% used [0x000000077de00000,0x000000077f6ff5a8,0x000000077f8d0000)
}
Total time for which application threads were stopped: 0.0463610 seconds
Application time: 0.3581340 seconds
{Heap before GC invocations=531 (full 39):
 PSYoungGen      total 455104K, used 420764K [0x00000007d6560000, 0x0000000800000000, 0x0000000800000000)
  eden space 227584K, 100% used [0x00000007d6560000,0x00000007e43a0000,0x00000007e43a0000)
  from space 227520K, 84% used [0x00000007e43a0000,0x00000007f00471b0,0x00000007f21d0000)
  to   space 227520K, 0% used [0x00000007f21d0000,0x00000007f21d0000,0x0000000800000000)
 PSOldGen        total 1365376K, used 685964K [0x0000000783000000, 0x00000007d6560000, 0x00000007d6560000)
  object space 1365376K, 50% used [0x0000000783000000,0x00000007acde33c8,0x00000007d6560000)
 PSPermGen       total 27456K, used 25812K [0x000000077de00000, 0x000000077f8d0000, 0x0000000783000000)
  object space 27456K, 94% used [0x000000077de00000,0x000000077f7352a8,0x000000077f8d0000)
3255.441: [GC [PSYoungGen: 420764K->139955K(455104K)] 1106729K->1001442K(1820480K), 0.0520380 secs] [Times: user=0.52 sys=0.02, real=0.05 secs] 
Heap after GC invocations=531 (full 39):
 PSYoungGen      total 455104K, used 139955K [0x00000007d6560000, 0x0000000800000000, 0x0000000800000000)
  eden space 227584K, 0% used [0x00000007d6560000,0x00000007d6560000,0x00000007e43a0000)
  from space 227520K, 61% used [0x00000007f21d0000,0x00000007faa7cc60,0x0000000800000000)
  to   space 227520K, 0% used [0x00000007e43a0000,0x00000007e43a0000,0x00000007f21d0000)
 PSOldGen        total 1365376K, used 861487K [0x0000000783000000, 0x00000007d6560000, 0x00000007d6560000)
  object space 1365376K, 63% used [0x0000000783000000,0x00000007b794bc88,0x00000007d6560000)
 PSPermGen       total 27456K, used 25812K [0x000000077de00000, 0x000000077f8d0000, 0x0000000783000000)
  object space 27456K, 94% used [0x000000077de00000,0x000000077f7352a8,0x000000077f8d0000)
}
Total time for which application threads were stopped: 0.0569930 seconds
Application time: 0.7927650 seconds
{Heap before GC invocations=532 (full 39):
 PSYoungGen      total 455104K, used 367539K [0x00000007d6560000, 0x0000000800000000, 0x0000000800000000)
  eden space 227584K, 100% used [0x00000007d6560000,0x00000007e43a0000,0x00000007e43a0000)
  from space 227520K, 61% used [0x00000007f21d0000,0x00000007faa7cc60,0x0000000800000000)
  to   space 227520K, 0% used [0x00000007e43a0000,0x00000007e43a0000,0x00000007f21d0000)
 PSOldGen        total 1365376K, used 861487K [0x0000000783000000, 0x00000007d6560000, 0x00000007d6560000)
  object space 1365376K, 63% used [0x0000000783000000,0x00000007b794bc88,0x00000007d6560000)
 PSPermGen       total 27456K, used 25825K [0x000000077de00000, 0x000000077f8d0000, 0x0000000783000000)
  object space 27456K, 94% used [0x000000077de00000,0x000000077f7384e8,0x000000077f8d0000)
3256.287: [GC [PSYoungGen: 367539K->13594K(455104K)] 1229026K->1001795K(1820480K), 0.0542670 secs] [Times: user=0.36 sys=0.02, real=0.05 secs] 
Heap after GC invocations=532 (full 39):
 PSYoungGen      total 455104K, used 13594K [0x00000007d6560000, 0x0000000800000000, 0x0000000800000000)
  eden space 227584K, 0% used [0x00000007d6560000,0x00000007d6560000,0x00000007e43a0000)
  from space 227520K, 5% used [0x00000007e43a0000,0x00000007e50e6b60,0x00000007f21d0000)
  to   space 227520K, 0% used [0x00000007f21d0000,0x00000007f21d0000,0x0000000800000000)
 PSOldGen        total 1365376K, used 988200K [0x0000000783000000, 0x00000007d6560000, 0x00000007d6560000)
  object space 1365376K, 72% used [0x0000000783000000,0x00000007bf50a288,0x00000007d6560000)
 PSPermGen       total 27456K, used 25825K [0x000000077de00000, 0x000000077f8d0000, 0x0000000783000000)
  object space 27456K, 94% used [0x000000077de00000,0x000000077f7384e8,0x000000077f8d0000)
}
Total time for which application threads were stopped: 0.0551090 seconds
Application time: 0.8086510 seconds
{Heap before GC invocations=533 (full 39):
 PSYoungGen      total 455104K, used 241178K [0x00000007d6560000, 0x0000000800000000, 0x0000000800000000)
  eden space 227584K, 100% used [0x00000007d6560000,0x00000007e43a0000,0x00000007e43a0000)
  from space 227520K, 5% used [0x00000007e43a0000,0x00000007e50e6b60,0x00000007f21d0000)
  to   space 227520K, 0% used [0x00000007f21d0000,0x00000007f21d0000,0x0000000800000000)
 PSOldGen        total 1365376K, used 988200K [0x0000000783000000, 0x00000007d6560000, 0x00000007d6560000)
  object space 1365376K, 72% used [0x0000000783000000,0x00000007bf50a288,0x00000007d6560000)
 PSPermGen       total 27456K, used 25827K [0x000000077de00000, 0x000000077f8d0000, 0x0000000783000000)
  object space 27456K, 94% used [0x000000077de00000,0x000000077f738e60,0x000000077f8d0000)
3257.150: [GC [PSYoungGen: 241178K->7008K(455104K)] 1229379K->1001707K(1820480K), 0.0576520 secs] [Times: user=0.38 sys=0.01, real=0.06 secs] 
Heap after GC invocations=533 (full 39):
 PSYoungGen      total 455104K, used 7008K [0x00000007d6560000, 0x0000000800000000, 0x0000000800000000)
  eden space 227584K, 0% used [0x00000007d6560000,0x00000007d6560000,0x00000007e43a0000)
  from space 227520K, 3% used [0x00000007f21d0000,0x00000007f28a8000,0x0000000800000000)
  to   space 227520K, 0% used [0x00000007e43a0000,0x00000007e43a0000,0x00000007f21d0000)
 PSOldGen        total 1365376K, used 994699K [0x0000000783000000, 0x00000007d6560000, 0x00000007d6560000)
  object space 1365376K, 72% used [0x0000000783000000,0x00000007bfb62c18,0x00000007d6560000)
 PSPermGen       total 27456K, used 25827K [0x000000077de00000, 0x000000077f8d0000, 0x0000000783000000)
  object space 27456K, 94% used [0x000000077de00000,0x000000077f738e60,0x000000077f8d0000)
}
Total time for which application threads were stopped: 0.0585600 seconds
Application time: 0.8011110 seconds
{Heap before GC invocations=534 (full 39):
 PSYoungGen      total 455104K, used 234592K [0x00000007d6560000, 0x0000000800000000, 0x0000000800000000)
  eden space 227584K, 100% used [0x00000007d6560000,0x00000007e43a0000,0x00000007e43a0000)
  from space 227520K, 3% used [0x00000007f21d0000,0x00000007f28a8000,0x0000000800000000)
  to   space 227520K, 0% used [0x00000007e43a0000,0x00000007e43a0000,0x00000007f21d0000)
 PSOldGen        total 1365376K, used 994699K [0x0000000783000000, 0x00000007d6560000, 0x00000007d6560000)
  object space 1365376K, 72% used [0x0000000783000000,0x00000007bfb62c18,0x00000007d6560000)
 PSPermGen       total 27456K, used 25827K [0x000000077de00000, 0x000000077f8d0000, 0x0000000783000000)
  object space 27456K, 94% used [0x000000077de00000,0x000000077f738e60,0x000000077f8d0000)
3258.010: [GC [PSYoungGen: 234592K->7072K(455104K)] 1229291K->1001835K(1820480K), 0.0560540 secs] [Times: user=0.39 sys=0.00, real=0.06 secs] 
Heap after GC invocations=534 (full 39):
 PSYoungGen      total 455104K, used 7072K [0x00000007d6560000, 0x0000000800000000, 0x0000000800000000)
  eden space 227584K, 0% used [0x00000007d6560000,0x00000007d6560000,0x00000007e43a0000)
  from space 227520K, 3% used [0x00000007e43a0000,0x00000007e4a88000,0x00000007f21d0000)
  to   space 227520K, 0% used [0x00000007f21d0000,0x00000007f21d0000,0x0000000800000000)
 PSOldGen        total 1365376K, used 994763K [0x0000000783000000, 0x00000007d6560000, 0x00000007d6560000)
  object space 1365376K, 72% used [0x0000000783000000,0x00000007bfb72c18,0x00000007d6560000)
 PSPermGen       total 27456K, used 25827K [0x000000077de00000, 0x000000077f8d0000, 0x0000000783000000)
  object space 27456K, 94% used [0x000000077de00000,0x000000077f738e60,0x000000077f8d0000)
}
Total time for which application threads were stopped: 0.0569550 seconds
Application time: 60.8008170 seconds
Total time for which application threads were stopped: 0.0007400 seconds
Application time: 0.0003580 seconds
Total time for which application threads were stopped: 0.0003280 seconds
Application time: 0.0001350 seconds
Total time for which application threads were stopped: 0.0003220 seconds
Application time: 0.0003940 seconds
Total time for which application threads were stopped: 0.0009670 seconds
Application time: 0.0002850 seconds
Total time for which application threads were stopped: 0.0004530 seconds
Application time: 0.0000880 seconds
Total time for which application threads were stopped: 0.0002680 seconds
Application time: 0.0003050 seconds
Total time for which application threads were stopped: 0.0004710 seconds
Application time: 0.0001230 seconds
Total time for which application threads were stopped: 0.0003060 seconds
Application time: 0.0001610 seconds
Total time for which application threads were stopped: 0.0005330 seconds
Application time: 34.0025510 seconds
Total time for which application threads were stopped: 0.0005370 seconds
Application time: 88.8477980 seconds
{Heap before GC invocations=535 (full 39):
 PSYoungGen      total 455104K, used 234656K [0x00000007d6560000, 0x0000000800000000, 0x0000000800000000)
  eden space 227584K, 100% used [0x00000007d6560000,0x00000007e43a0000,0x00000007e43a0000)
  from space 227520K, 3% used [0x00000007e43a0000,0x00000007e4a88000,0x00000007f21d0000)
  to   space 227520K, 0% used [0x00000007f21d0000,0x00000007f21d0000,0x0000000800000000)
 PSOldGen        total 1365376K, used 994763K [0x0000000783000000, 0x00000007d6560000, 0x00000007d6560000)
  object space 1365376K, 72% used [0x0000000783000000,0x00000007bfb72c18,0x00000007d6560000)
 PSPermGen       total 27456K, used 25869K [0x000000077de00000, 0x000000077f8d0000, 0x0000000783000000)
  object space 27456K, 94% used [0x000000077de00000,0x000000077f743660,0x000000077f8d0000)
3441.725: [GC [PSYoungGen: 234656K->27285K(455104K)] 1229419K->1022256K(1820480K), 0.0480940 secs] [Times: user=0.33 sys=0.01, real=0.04 secs] 
Heap after GC invocations=535 (full 39):
 PSYoungGen      total 455104K, used 27285K [0x00000007d6560000, 0x0000000800000000, 0x0000000800000000)
  eden space 227584K, 0% used [0x00000007d6560000,0x00000007d6560000,0x00000007e43a0000)
  from space 227520K, 11% used [0x00000007f21d0000,0x00000007f3c75470,0x0000000800000000)
  to   space 227520K, 0% used [0x00000007e43a0000,0x00000007e43a0000,0x00000007f21d0000)
 PSOldGen        total 1365376K, used 994971K [0x0000000783000000, 0x00000007d6560000, 0x00000007d6560000)
  object space 1365376K, 72% used [0x0000000783000000,0x00000007bfba6c18,0x00000007d6560000)
 PSPermGen       total 27456K, used 25869K [0x000000077de00000, 0x000000077f8d0000, 0x0000000783000000)
  object space 27456K, 94% used [0x000000077de00000,0x000000077f743660,0x000000077f8d0000)
}
Total time for which application threads were stopped: 0.0489550 seconds
Application time: 0.1845950 seconds
{Heap before GC invocations=536 (full 39):
 PSYoungGen      total 455104K, used 254869K [0x00000007d6560000, 0x0000000800000000, 0x0000000800000000)
  eden space 227584K, 100% used [0x00000007d6560000,0x00000007e43a0000,0x00000007e43a0000)
  from space 227520K, 11% used [0x00000007f21d0000,0x00000007f3c75470,0x0000000800000000)
  to   space 227520K, 0% used [0x00000007e43a0000,0x00000007e43a0000,0x00000007f21d0000)
 PSOldGen        total 1365376K, used 994971K [0x0000000783000000, 0x00000007d6560000, 0x00000007d6560000)
  object space 1365376K, 72% used [0x0000000783000000,0x00000007bfba6c18,0x00000007d6560000)
 PSPermGen       total 27456K, used 26162K [0x000000077de00000, 0x000000077f8d0000, 0x0000000783000000)
  object space 27456K, 95% used [0x000000077de00000,0x000000077f78c920,0x000000077f8d0000)
3441.959: [GC [PSYoungGen: 254869K->194005K(455104K)] 1249840K->1209531K(1820480K), 0.0331340 secs] [Times: user=0.38 sys=0.00, real=0.03 secs] 
Heap after GC invocations=536 (full 39):
 PSYoungGen      total 455104K, used 194005K [0x00000007d6560000, 0x0000000800000000, 0x0000000800000000)
  eden space 227584K, 0% used [0x00000007d6560000,0x00000007d6560000,0x00000007e43a0000)
  from space 227520K, 85% used [0x00000007e43a0000,0x00000007f01156a0,0x00000007f21d0000)
  to   space 227520K, 0% used [0x00000007f21d0000,0x00000007f21d0000,0x0000000800000000)
 PSOldGen        total 1365376K, used 1015526K [0x0000000783000000, 0x00000007d6560000, 0x00000007d6560000)
  object space 1365376K, 74% used [0x0000000783000000,0x00000007c0fb9858,0x00000007d6560000)
 PSPermGen       total 27456K, used 26162K [0x000000077de00000, 0x000000077f8d0000, 0x0000000783000000)
  object space 27456K, 95% used [0x000000077de00000,0x000000077f78c920,0x000000077f8d0000)
}
Total time for which application threads were stopped: 0.0339910 seconds
Application time: 0.1870730 seconds
{Heap before GC invocations=537 (full 39):
 PSYoungGen      total 455104K, used 421589K [0x00000007d6560000, 0x0000000800000000, 0x0000000800000000)
  eden space 227584K, 100% used [0x00000007d6560000,0x00000007e43a0000,0x00000007e43a0000)
  from space 227520K, 85% used [0x00000007e43a0000,0x00000007f01156a0,0x00000007f21d0000)
  to   space 227520K, 0% used [0x00000007f21d0000,0x00000007f21d0000,0x0000000800000000)
 PSOldGen        total 1365376K, used 1015526K [0x0000000783000000, 0x00000007d6560000, 0x00000007d6560000)
  object space 1365376K, 74% used [0x0000000783000000,0x00000007c0fb9858,0x00000007d6560000)
 PSPermGen       total 27456K, used 26452K [0x000000077de00000, 0x000000077f8d0000, 0x0000000783000000)
  object space 27456K, 96% used [0x000000077de00000,0x000000077f7d5160,0x000000077f8d0000)
3442.180: [GC [PSYoungGen: 421589K->193754K(455104K)] 1437115K->1385400K(1820480K), 0.0516040 secs] [Times: user=0.62 sys=0.00, real=0.05 secs] 
Heap after GC invocations=537 (full 39):
 PSYoungGen      total 455104K, used 193754K [0x00000007d6560000, 0x0000000800000000, 0x0000000800000000)
  eden space 227584K, 0% used [0x00000007d6560000,0x00000007d6560000,0x00000007e43a0000)
  from space 227520K, 85% used [0x00000007f21d0000,0x00000007fdf06a20,0x0000000800000000)
  to   space 227520K, 0% used [0x00000007e43a0000,0x00000007e43a0000,0x00000007f21d0000)
 PSOldGen        total 1365376K, used 1191646K [0x0000000783000000, 0x00000007d6560000, 0x00000007d6560000)
  object space 1365376K, 87% used [0x0000000783000000,0x00000007cbbb7928,0x00000007d6560000)
 PSPermGen       total 27456K, used 26452K [0x000000077de00000, 0x000000077f8d0000, 0x0000000783000000)
  object space 27456K, 96% used [0x000000077de00000,0x000000077f7d5160,0x000000077f8d0000)
}
{Heap before GC invocations=538 (full 40):
 PSYoungGen      total 455104K, used 193754K [0x00000007d6560000, 0x0000000800000000, 0x0000000800000000)
  eden space 227584K, 0% used [0x00000007d6560000,0x00000007d6560000,0x00000007e43a0000)
  from space 227520K, 85% used [0x00000007f21d0000,0x00000007fdf06a20,0x0000000800000000)
  to   space 227520K, 0% used [0x00000007e43a0000,0x00000007e43a0000,0x00000007f21d0000)
 PSOldGen        total 1365376K, used 1191646K [0x0000000783000000, 0x00000007d6560000, 0x00000007d6560000)
  object space 1365376K, 87% used [0x0000000783000000,0x00000007cbbb7928,0x00000007d6560000)
 PSPermGen       total 27456K, used 26452K [0x000000077de00000, 0x000000077f8d0000, 0x0000000783000000)
  object space 27456K, 96% used [0x000000077de00000,0x000000077f7d5160,0x000000077f8d0000)
3442.231: [Full GC [PSYoungGen: 193754K->0K(455104K)] [PSOldGen: 1191646K->404735K(1365376K)] 1385400K->404735K(1820480K) [PSPermGen: 26452K->20641K(22720K)], 0.4151260 secs] [Times: user=0.42 sys=0.00, real=0.42 secs] 
Heap after GC invocations=538 (full 40):
 PSYoungGen      total 455104K, used 0K [0x00000007d6560000, 0x0000000800000000, 0x0000000800000000)
  eden space 227584K, 0% used [0x00000007d6560000,0x00000007d6560000,0x00000007e43a0000)
  from space 227520K, 0% used [0x00000007f21d0000,0x00000007f21d0000,0x0000000800000000)
  to   space 227520K, 0% used [0x00000007e43a0000,0x00000007e43a0000,0x00000007f21d0000)
 PSOldGen        total 1365376K, used 404735K [0x0000000783000000, 0x00000007d6560000, 0x00000007d6560000)
  object space 1365376K, 29% used [0x0000000783000000,0x000000079bb3fd20,0x00000007d6560000)
 PSPermGen       total 22720K, used 20641K [0x000000077de00000, 0x000000077f430000, 0x0000000783000000)
  object space 22720K, 90% used [0x000000077de00000,0x000000077f2286e8,0x000000077f430000)
}
Total time for which application threads were stopped: 0.4676620 seconds
Application time: 0.6665780 seconds
{Heap before GC invocations=539 (full 40):
 PSYoungGen      total 455104K, used 227584K [0x00000007d6560000, 0x0000000800000000, 0x0000000800000000)
  eden space 227584K, 100% used [0x00000007d6560000,0x00000007e43a0000,0x00000007e43a0000)
  from space 227520K, 0% used [0x00000007f21d0000,0x00000007f21d0000,0x0000000800000000)
  to   space 227520K, 0% used [0x00000007e43a0000,0x00000007e43a0000,0x00000007f21d0000)
 PSOldGen        total 1365376K, used 404735K [0x0000000783000000, 0x00000007d6560000, 0x00000007d6560000)
  object space 1365376K, 29% used [0x0000000783000000,0x000000079bb3fd20,0x00000007d6560000)
 PSPermGen       total 22720K, used 20714K [0x000000077de00000, 0x000000077f430000, 0x0000000783000000)
  object space 22720K, 91% used [0x000000077de00000,0x000000077f23a928,0x000000077f430000)
3443.314: [GC [PSYoungGen: 227584K->47446K(455104K)] 632319K->452181K(1820480K), 0.0440370 secs] [Times: user=0.32 sys=0.00, real=0.05 secs] 
Heap after GC invocations=539 (full 40):
 PSYoungGen      total 455104K, used 47446K [0x00000007d6560000, 0x0000000800000000, 0x0000000800000000)
  eden space 227584K, 0% used [0x00000007d6560000,0x00000007d6560000,0x00000007e43a0000)
  from space 227520K, 20% used [0x00000007e43a0000,0x00000007e71f5810,0x00000007f21d0000)
  to   space 227520K, 0% used [0x00000007f21d0000,0x00000007f21d0000,0x0000000800000000)
 PSOldGen        total 1365376K, used 404735K [0x0000000783000000, 0x00000007d6560000, 0x00000007d6560000)
  object space 1365376K, 29% used [0x0000000783000000,0x000000079bb3fd20,0x00000007d6560000)
 PSPermGen       total 22720K, used 20714K [0x000000077de00000, 0x000000077f430000, 0x0000000783000000)
  object space 22720K, 91% used [0x000000077de00000,0x000000077f23a928,0x000000077f430000)
}
Total time for which application threads were stopped: 0.0448070 seconds
Application time: 0.7920530 seconds
{Heap before GC invocations=540 (full 40):
 PSYoungGen      total 455104K, used 275030K [0x00000007d6560000, 0x0000000800000000, 0x0000000800000000)
  eden space 227584K, 100% used [0x00000007d6560000,0x00000007e43a0000,0x00000007e43a0000)
  from space 227520K, 20% used [0x00000007e43a0000,0x00000007e71f5810,0x00000007f21d0000)
  to   space 227520K, 0% used [0x00000007f21d0000,0x00000007f21d0000,0x0000000800000000)
 PSOldGen        total 1365376K, used 404735K [0x0000000783000000, 0x00000007d6560000, 0x00000007d6560000)
  object space 1365376K, 29% used [0x0000000783000000,0x000000079bb3fd20,0x00000007d6560000)
 PSPermGen       total 22720K, used 20714K [0x000000077de00000, 0x000000077f430000, 0x0000000783000000)
  object space 22720K, 91% used [0x000000077de00000,0x000000077f23a928,0x000000077f430000)
3444.151: [GC [PSYoungGen: 275030K->7008K(455104K)] 679765K->450237K(1820480K), 0.0529970 secs] [Times: user=0.38 sys=0.00, real=0.05 secs] 
Heap after GC invocations=540 (full 40):
 PSYoungGen      total 455104K, used 7008K [0x00000007d6560000, 0x0000000800000000, 0x0000000800000000)
  eden space 227584K, 0% used [0x00000007d6560000,0x00000007d6560000,0x00000007e43a0000)
  from space 227520K, 3% used [0x00000007f21d0000,0x00000007f28a8000,0x0000000800000000)
  to   space 227520K, 0% used [0x00000007e43a0000,0x00000007e43a0000,0x00000007f21d0000)
 PSOldGen        total 1365376K, used 443229K [0x0000000783000000, 0x00000007d6560000, 0x00000007d6560000)
  object space 1365376K, 32% used [0x0000000783000000,0x000000079e0d77b0,0x00000007d6560000)
 PSPermGen       total 22720K, used 20714K [0x000000077de00000, 0x000000077f430000, 0x0000000783000000)
  object space 22720K, 91% used [0x000000077de00000,0x000000077f23a928,0x000000077f430000)
}
Total time for which application threads were stopped: 0.0536880 seconds
Application time: 0.7830880 seconds
{Heap before GC invocations=541 (full 40):
 PSYoungGen      total 455104K, used 234592K [0x00000007d6560000, 0x0000000800000000, 0x0000000800000000)
  eden space 227584K, 100% used [0x00000007d6560000,0x00000007e43a0000,0x00000007e43a0000)
  from space 227520K, 3% used [0x00000007f21d0000,0x00000007f28a8000,0x0000000800000000)
  to   space 227520K, 0% used [0x00000007e43a0000,0x00000007e43a0000,0x00000007f21d0000)
 PSOldGen        total 1365376K, used 443229K [0x0000000783000000, 0x00000007d6560000, 0x00000007d6560000)
  object space 1365376K, 32% used [0x0000000783000000,0x000000079e0d77b0,0x00000007d6560000)
 PSPermGen       total 22720K, used 20714K [0x000000077de00000, 0x000000077f430000, 0x0000000783000000)
  object space 22720K, 91% used [0x000000077de00000,0x000000077f23a928,0x000000077f430000)
3444.988: [GC [PSYoungGen: 234592K->7200K(455104K)] 677821K->450549K(1820480K), 0.0520480 secs] [Times: user=0.36 sys=0.00, real=0.05 secs] 
Heap after GC invocations=541 (full 40):
 PSYoungGen      total 455104K, used 7200K [0x00000007d6560000, 0x0000000800000000, 0x0000000800000000)
  eden space 227584K, 0% used [0x00000007d6560000,0x00000007d6560000,0x00000007e43a0000)
  from space 227520K, 3% used [0x00000007e43a0000,0x00000007e4aa8000,0x00000007f21d0000)
  to   space 227520K, 0% used [0x00000007f21d0000,0x00000007f21d0000,0x0000000800000000)
 PSOldGen        total 1365376K, used 443349K [0x0000000783000000, 0x00000007d6560000, 0x00000007d6560000)
  object space 1365376K, 32% used [0x0000000783000000,0x000000079e0f57b0,0x00000007d6560000)
 PSPermGen       total 22720K, used 20714K [0x000000077de00000, 0x000000077f430000, 0x0000000783000000)
  object space 22720K, 91% used [0x000000077de00000,0x000000077f23a928,0x000000077f430000)
}
Total time for which application threads were stopped: 0.0527430 seconds
Application time: 0.7546480 seconds
{Heap before GC invocations=542 (full 40):
 PSYoungGen      total 455104K, used 234784K [0x00000007d6560000, 0x0000000800000000, 0x0000000800000000)
  eden space 227584K, 100% used [0x00000007d6560000,0x00000007e43a0000,0x00000007e43a0000)
  from space 227520K, 3% used [0x00000007e43a0000,0x00000007e4aa8000,0x00000007f21d0000)
  to   space 227520K, 0% used [0x00000007f21d0000,0x00000007f21d0000,0x0000000800000000)
 PSOldGen        total 1365376K, used 443349K [0x0000000783000000, 0x00000007d6560000, 0x00000007d6560000)
  object space 1365376K, 32% used [0x0000000783000000,0x000000079e0f57b0,0x00000007d6560000)
 PSPermGen       total 22720K, used 20716K [0x000000077de00000, 0x000000077f430000, 0x0000000783000000)
  object space 22720K, 91% used [0x000000077de00000,0x000000077f23b228,0x000000077f430000)
3445.795: [GC [PSYoungGen: 234784K->8183K(455104K)] 678133K->451917K(1820480K), 0.0519880 secs] [Times: user=0.34 sys=0.02, real=0.05 secs] 
Heap after GC invocations=542 (full 40):
 PSYoungGen      total 455104K, used 8183K [0x00000007d6560000, 0x0000000800000000, 0x0000000800000000)
  eden space 227584K, 0% used [0x00000007d6560000,0x00000007d6560000,0x00000007e43a0000)
  from space 227520K, 3% used [0x00000007f21d0000,0x00000007f29cdd50,0x0000000800000000)
  to   space 227520K, 0% used [0x00000007e43a0000,0x00000007e43a0000,0x00000007f21d0000)
 PSOldGen        total 1365376K, used 443733K [0x0000000783000000, 0x00000007d6560000, 0x00000007d6560000)
  object space 1365376K, 32% used [0x0000000783000000,0x000000079e1557b0,0x00000007d6560000)
 PSPermGen       total 22720K, used 20716K [0x000000077de00000, 0x000000077f430000, 0x0000000783000000)
  object space 22720K, 91% used [0x000000077de00000,0x000000077f23b228,0x000000077f430000)
}
Total time for which application threads were stopped: 0.0527560 seconds
Application time: 1.6844320 seconds
{Heap before GC invocations=543 (full 40):
 PSYoungGen      total 455104K, used 235767K [0x00000007d6560000, 0x0000000800000000, 0x0000000800000000)
  eden space 227584K, 100% used [0x00000007d6560000,0x00000007e43a0000,0x00000007e43a0000)
  from space 227520K, 3% used [0x00000007f21d0000,0x00000007f29cdd50,0x0000000800000000)
  to   space 227520K, 0% used [0x00000007e43a0000,0x00000007e43a0000,0x00000007f21d0000)
 PSOldGen        total 1365376K, used 443733K [0x0000000783000000, 0x00000007d6560000, 0x00000007d6560000)
  object space 1365376K, 32% used [0x0000000783000000,0x000000079e1557b0,0x00000007d6560000)
 PSPermGen       total 22720K, used 20893K [0x000000077de00000, 0x000000077f430000, 0x0000000783000000)
  object space 22720K, 91% used [0x000000077de00000,0x000000077f2677a8,0x000000077f430000)
3447.535: [GC [PSYoungGen: 235767K->114634K(455104K)] 679501K->558584K(1820480K), 0.0305220 secs] [Times: user=0.23 sys=0.01, real=0.03 secs] 
Heap after GC invocations=543 (full 40):
 PSYoungGen      total 455104K, used 114634K [0x00000007d6560000, 0x0000000800000000, 0x0000000800000000)
  eden space 227584K, 0% used [0x00000007d6560000,0x00000007d6560000,0x00000007e43a0000)
  from space 227520K, 50% used [0x00000007e43a0000,0x00000007eb392b20,0x00000007f21d0000)
  to   space 227520K, 0% used [0x00000007f21d0000,0x00000007f21d0000,0x0000000800000000)
 PSOldGen        total 1365376K, used 443949K [0x0000000783000000, 0x00000007d6560000, 0x00000007d6560000)
  object space 1365376K, 32% used [0x0000000783000000,0x000000079e18b7b0,0x00000007d6560000)
 PSPermGen       total 22720K, used 20893K [0x000000077de00000, 0x000000077f430000, 0x0000000783000000)
  object space 22720K, 91% used [0x000000077de00000,0x000000077f2677a8,0x000000077f430000)
}
Total time for which application threads were stopped: 0.0344860 seconds
Application time: 0.1781750 seconds
{Heap before GC invocations=544 (full 40):
 PSYoungGen      total 455104K, used 342212K [0x00000007d6560000, 0x0000000800000000, 0x0000000800000000)
  eden space 227584K, 99% used [0x00000007d6560000,0x00000007e439e4f0,0x00000007e43a0000)
  from space 227520K, 50% used [0x00000007e43a0000,0x00000007eb392b20,0x00000007f21d0000)
  to   space 227520K, 0% used [0x00000007f21d0000,0x00000007f21d0000,0x0000000800000000)
 PSOldGen        total 1365376K, used 443949K [0x0000000783000000, 0x00000007d6560000, 0x00000007d6560000)
  object space 1365376K, 32% used [0x0000000783000000,0x000000079e18b7b0,0x00000007d6560000)
 PSPermGen       total 22720K, used 21183K [0x000000077de00000, 0x000000077f430000, 0x0000000783000000)
  object space 22720K, 93% used [0x000000077de00000,0x000000077f2afce8,0x000000077f430000)
3447.745: [GC [PSYoungGen: 342212K->193026K(455104K)] 786161K->739667K(1820480K), 0.0405410 secs] [Times: user=0.46 sys=0.00, real=0.04 secs] 
Heap after GC invocations=544 (full 40):
 PSYoungGen      total 455104K, used 193026K [0x00000007d6560000, 0x0000000800000000, 0x0000000800000000)
  eden space 227584K, 0% used [0x00000007d6560000,0x00000007d6560000,0x00000007e43a0000)
  from space 227520K, 84% used [0x00000007f21d0000,0x00000007fde50ac0,0x0000000800000000)
  to   space 227520K, 0% used [0x00000007e43a0000,0x00000007e43a0000,0x00000007f21d0000)
 PSOldGen        total 1365376K, used 546641K [0x0000000783000000, 0x00000007d6560000, 0x00000007d6560000)
  object space 1365376K, 40% used [0x0000000783000000,0x00000007a45d4490,0x00000007d6560000)
 PSPermGen       total 22720K, used 21183K [0x000000077de00000, 0x000000077f430000, 0x0000000783000000)
  object space 22720K, 93% used [0x000000077de00000,0x000000077f2afce8,0x000000077f430000)
}
Total time for which application threads were stopped: 0.0413240 seconds
Application time: 0.2872050 seconds
{Heap before GC invocations=545 (full 40):
 PSYoungGen      total 455104K, used 420610K [0x00000007d6560000, 0x0000000800000000, 0x0000000800000000)
  eden space 227584K, 100% used [0x00000007d6560000,0x00000007e43a0000,0x00000007e43a0000)
  from space 227520K, 84% used [0x00000007f21d0000,0x00000007fde50ac0,0x0000000800000000)
  to   space 227520K, 0% used [0x00000007e43a0000,0x00000007e43a0000,0x00000007f21d0000)
 PSOldGen        total 1365376K, used 546641K [0x0000000783000000, 0x00000007d6560000, 0x00000007d6560000)
  object space 1365376K, 40% used [0x0000000783000000,0x00000007a45d4490,0x00000007d6560000)
 PSPermGen       total 22720K, used 21426K [0x000000077de00000, 0x000000077f430000, 0x0000000783000000)
  object space 22720K, 94% used [0x000000077de00000,0x000000077f2ecb28,0x000000077f430000)
3448.074: [GC [PSYoungGen: 420610K->160507K(455104K)] 967251K->882588K(1820480K), 0.0507780 secs] [Times: user=0.59 sys=0.00, real=0.05 secs] 
Heap after GC invocations=545 (full 40):
 PSYoungGen      total 455104K, used 160507K [0x00000007d6560000, 0x0000000800000000, 0x0000000800000000)
  eden space 227584K, 0% used [0x00000007d6560000,0x00000007d6560000,0x00000007e43a0000)
  from space 227520K, 70% used [0x00000007e43a0000,0x00000007ee05ec80,0x00000007f21d0000)
  to   space 227520K, 0% used [0x00000007f21d0000,0x00000007f21d0000,0x0000000800000000)
 PSOldGen        total 1365376K, used 722081K [0x0000000783000000, 0x00000007d6560000, 0x00000007d6560000)
  object space 1365376K, 52% used [0x0000000783000000,0x00000007af128560,0x00000007d6560000)
 PSPermGen       total 22720K, used 21426K [0x000000077de00000, 0x000000077f430000, 0x0000000783000000)
  object space 22720K, 94% used [0x000000077de00000,0x000000077f2ecb28,0x000000077f430000)
}
Total time for which application threads were stopped: 0.0516890 seconds
Application time: 0.7474890 seconds
{Heap before GC invocations=546 (full 40):
 PSYoungGen      total 455104K, used 388091K [0x00000007d6560000, 0x0000000800000000, 0x0000000800000000)
  eden space 227584K, 100% used [0x00000007d6560000,0x00000007e43a0000,0x00000007e43a0000)
  from space 227520K, 70% used [0x00000007e43a0000,0x00000007ee05ec80,0x00000007f21d0000)
  to   space 227520K, 0% used [0x00000007f21d0000,0x00000007f21d0000,0x0000000800000000)
 PSOldGen        total 1365376K, used 722081K [0x0000000783000000, 0x00000007d6560000, 0x00000007d6560000)
  object space 1365376K, 52% used [0x0000000783000000,0x00000007af128560,0x00000007d6560000)
 PSPermGen       total 22720K, used 21453K [0x000000077de00000, 0x000000077f430000, 0x0000000783000000)
  object space 22720K, 94% used [0x000000077de00000,0x000000077f2f37e8,0x000000077f430000)
3448.873: [GC [PSYoungGen: 388091K->21114K(455104K)] 1110172K->888483K(1820480K), 0.0576130 secs] [Times: user=0.46 sys=0.00, real=0.06 secs] 
Heap after GC invocations=546 (full 40):
 PSYoungGen      total 455104K, used 21114K [0x00000007d6560000, 0x0000000800000000, 0x0000000800000000)
  eden space 227584K, 0% used [0x00000007d6560000,0x00000007d6560000,0x00000007e43a0000)
  from space 227520K, 9% used [0x00000007f21d0000,0x00000007f366e910,0x0000000800000000)
  to   space 227520K, 0% used [0x00000007e43a0000,0x00000007e43a0000,0x00000007f21d0000)
 PSOldGen        total 1365376K, used 867368K [0x0000000783000000, 0x00000007d6560000, 0x00000007d6560000)
  object space 1365376K, 63% used [0x0000000783000000,0x00000007b7f0a3b0,0x00000007d6560000)
 PSPermGen       total 22720K, used 21453K [0x000000077de00000, 0x000000077f430000, 0x0000000783000000)
  object space 22720K, 94% used [0x000000077de00000,0x000000077f2f37e8,0x000000077f430000)
}
Total time for which application threads were stopped: 0.0582970 seconds
Application time: 0.8013710 seconds
{Heap before GC invocations=547 (full 40):
 PSYoungGen      total 455104K, used 248698K [0x00000007d6560000, 0x0000000800000000, 0x0000000800000000)
  eden space 227584K, 100% used [0x00000007d6560000,0x00000007e43a0000,0x00000007e43a0000)
  from space 227520K, 9% used [0x00000007f21d0000,0x00000007f366e910,0x0000000800000000)
  to   space 227520K, 0% used [0x00000007e43a0000,0x00000007e43a0000,0x00000007f21d0000)
 PSOldGen        total 1365376K, used 867368K [0x0000000783000000, 0x00000007d6560000, 0x00000007d6560000)
  object space 1365376K, 63% used [0x0000000783000000,0x00000007b7f0a3b0,0x00000007d6560000)
 PSPermGen       total 22720K, used 21453K [0x000000077de00000, 0x000000077f430000, 0x0000000783000000)
  object space 22720K, 94% used [0x000000077de00000,0x000000077f2f37e8,0x000000077f430000)
3449.732: [GC [PSYoungGen: 248698K->6976K(455104K)] 1116067K->888151K(1820480K), 0.0539840 secs] [Times: user=0.39 sys=0.00, real=0.06 secs] 
Heap after GC invocations=547 (full 40):
 PSYoungGen      total 455104K, used 6976K [0x00000007d6560000, 0x0000000800000000, 0x0000000800000000)
  eden space 227584K, 0% used [0x00000007d6560000,0x00000007d6560000,0x00000007e43a0000)
  from space 227520K, 3% used [0x00000007e43a0000,0x00000007e4a70000,0x00000007f21d0000)
  to   space 227520K, 0% used [0x00000007f21d0000,0x00000007f21d0000,0x0000000800000000)
 PSOldGen        total 1365376K, used 881175K [0x0000000783000000, 0x00000007d6560000, 0x00000007d6560000)
  object space 1365376K, 64% used [0x0000000783000000,0x00000007b8c85f80,0x00000007d6560000)
 PSPermGen       total 22720K, used 21453K [0x000000077de00000, 0x000000077f430000, 0x0000000783000000)
  object space 22720K, 94% used [0x000000077de00000,0x000000077f2f37e8,0x000000077f430000)
}
Total time for which application threads were stopped: 0.0548790 seconds
Application time: 0.7668690 seconds
{Heap before GC invocations=548 (full 40):
 PSYoungGen      total 455104K, used 234560K [0x00000007d6560000, 0x0000000800000000, 0x0000000800000000)
  eden space 227584K, 100% used [0x00000007d6560000,0x00000007e43a0000,0x00000007e43a0000)
  from space 227520K, 3% used [0x00000007e43a0000,0x00000007e4a70000,0x00000007f21d0000)
  to   space 227520K, 0% used [0x00000007f21d0000,0x00000007f21d0000,0x0000000800000000)
 PSOldGen        total 1365376K, used 881175K [0x0000000783000000, 0x00000007d6560000, 0x00000007d6560000)
  object space 1365376K, 64% used [0x0000000783000000,0x00000007b8c85f80,0x00000007d6560000)
 PSPermGen       total 22720K, used 21453K [0x000000077de00000, 0x000000077f430000, 0x0000000783000000)
  object space 22720K, 94% used [0x000000077de00000,0x000000077f2f37e8,0x000000077f430000)
3450.554: [GC [PSYoungGen: 234560K->6944K(455104K)] 1115735K->888207K(1820480K), 0.0543940 secs] [Times: user=0.39 sys=0.00, real=0.06 secs] 
Heap after GC invocations=548 (full 40):
 PSYoungGen      total 455104K, used 6944K [0x00000007d6560000, 0x0000000800000000, 0x0000000800000000)
  eden space 227584K, 0% used [0x00000007d6560000,0x00000007d6560000,0x00000007e43a0000)
  from space 227520K, 3% used [0x00000007f21d0000,0x00000007f2898000,0x0000000800000000)
  to   space 227520K, 0% used [0x00000007e43a0000,0x00000007e43a0000,0x00000007f21d0000)
 PSOldGen        total 1365376K, used 881263K [0x0000000783000000, 0x00000007d6560000, 0x00000007d6560000)
  object space 1365376K, 64% used [0x0000000783000000,0x00000007b8c9bf80,0x00000007d6560000)
 PSPermGen       total 22720K, used 21453K [0x000000077de00000, 0x000000077f430000, 0x0000000783000000)
  object space 22720K, 94% used [0x000000077de00000,0x000000077f2f37e8,0x000000077f430000)
}
Total time for which application threads were stopped: 0.0551690 seconds
Application time: 0.7800830 seconds
{Heap before GC invocations=549 (full 40):
 PSYoungGen      total 455104K, used 234528K [0x00000007d6560000, 0x0000000800000000, 0x0000000800000000)
  eden space 227584K, 100% used [0x00000007d6560000,0x00000007e43a0000,0x00000007e43a0000)
  from space 227520K, 3% used [0x00000007f21d0000,0x00000007f2898000,0x0000000800000000)
  to   space 227520K, 0% used [0x00000007e43a0000,0x00000007e43a0000,0x00000007f21d0000)
 PSOldGen        total 1365376K, used 881263K [0x0000000783000000, 0x00000007d6560000, 0x00000007d6560000)
  object space 1365376K, 64% used [0x0000000783000000,0x00000007b8c9bf80,0x00000007d6560000)
 PSPermGen       total 22720K, used 21454K [0x000000077de00000, 0x000000077f430000, 0x0000000783000000)
  object space 22720K, 94% used [0x000000077de00000,0x000000077f2f3ae8,0x000000077f430000)
3451.389: [GC [PSYoungGen: 234528K->7345K(455104K)] 1115791K->888776K(1820480K), 0.0530350 secs] [Times: user=0.38 sys=0.00, real=0.05 secs] 
Heap after GC invocations=549 (full 40):
 PSYoungGen      total 455104K, used 7345K [0x00000007d6560000, 0x0000000800000000, 0x0000000800000000)
  eden space 227584K, 0% used [0x00000007d6560000,0x00000007d6560000,0x00000007e43a0000)
  from space 227520K, 3% used [0x00000007e43a0000,0x00000007e4acc430,0x00000007f21d0000)
  to   space 227520K, 0% used [0x00000007f21d0000,0x00000007f21d0000,0x0000000800000000)
 PSOldGen        total 1365376K, used 881431K [0x0000000783000000, 0x00000007d6560000, 0x00000007d6560000)
  object space 1365376K, 64% used [0x0000000783000000,0x00000007b8cc5f80,0x00000007d6560000)
 PSPermGen       total 22720K, used 21454K [0x000000077de00000, 0x000000077f430000, 0x0000000783000000)
  object space 22720K, 94% used [0x000000077de00000,0x000000077f2f3ae8,0x000000077f430000)
}
Total time for which application threads were stopped: 0.0537370 seconds
Application time: 1.7617140 seconds
{Heap before GC invocations=550 (full 40):
 PSYoungGen      total 455104K, used 234929K [0x00000007d6560000, 0x0000000800000000, 0x0000000800000000)
  eden space 227584K, 100% used [0x00000007d6560000,0x00000007e43a0000,0x00000007e43a0000)
  from space 227520K, 3% used [0x00000007e43a0000,0x00000007e4acc430,0x00000007f21d0000)
  to   space 227520K, 0% used [0x00000007f21d0000,0x00000007f21d0000,0x0000000800000000)
 PSOldGen        total 1365376K, used 881431K [0x0000000783000000, 0x00000007d6560000, 0x00000007d6560000)
  object space 1365376K, 64% used [0x0000000783000000,0x00000007b8cc5f80,0x00000007d6560000)
 PSPermGen       total 22720K, used 21696K [0x000000077de00000, 0x000000077f430000, 0x0000000783000000)
  object space 22720K, 95% used [0x000000077de00000,0x000000077f330028,0x000000077f430000)
3453.205: [GC [PSYoungGen: 234929K->155667K(455104K)] 1116360K->1037395K(1820480K), 0.0290010 secs] [Times: user=0.28 sys=0.00, real=0.02 secs] 
Heap after GC invocations=550 (full 40):
 PSYoungGen      total 455104K, used 155667K [0x00000007d6560000, 0x0000000800000000, 0x0000000800000000)
  eden space 227584K, 0% used [0x00000007d6560000,0x00000007d6560000,0x00000007e43a0000)
  from space 227520K, 68% used [0x00000007f21d0000,0x00000007fb9d4c90,0x0000000800000000)
  to   space 227520K, 0% used [0x00000007e43a0000,0x00000007e43a0000,0x00000007f21d0000)
 PSOldGen        total 1365376K, used 881727K [0x0000000783000000, 0x00000007d6560000, 0x00000007d6560000)
  object space 1365376K, 64% used [0x0000000783000000,0x00000007b8d0ff80,0x00000007d6560000)
 PSPermGen       total 22720K, used 21696K [0x000000077de00000, 0x000000077f430000, 0x0000000783000000)
  object space 22720K, 95% used [0x000000077de00000,0x000000077f330028,0x000000077f430000)
}
Total time for which application threads were stopped: 0.0297510 seconds
Application time: 0.1938240 seconds
{Heap before GC invocations=551 (full 40):
 PSYoungGen      total 455104K, used 383251K [0x00000007d6560000, 0x0000000800000000, 0x0000000800000000)
  eden space 227584K, 100% used [0x00000007d6560000,0x00000007e43a0000,0x00000007e43a0000)
  from space 227520K, 68% used [0x00000007f21d0000,0x00000007fb9d4c90,0x0000000800000000)
  to   space 227520K, 0% used [0x00000007e43a0000,0x00000007e43a0000,0x00000007f21d0000)
 PSOldGen        total 1365376K, used 881727K [0x0000000783000000, 0x00000007d6560000, 0x00000007d6560000)
  object space 1365376K, 64% used [0x0000000783000000,0x00000007b8d0ff80,0x00000007d6560000)
 PSPermGen       total 22720K, used 21977K [0x000000077de00000, 0x000000077f430000, 0x0000000783000000)
  object space 22720K, 96% used [0x000000077de00000,0x000000077f3765e8,0x000000077f430000)
3453.428: [GC [PSYoungGen: 383251K->187844K(455104K)] 1264979K->1211680K(1820480K), 0.0465140 secs] [Times: user=0.49 sys=0.00, real=0.05 secs] 
Heap after GC invocations=551 (full 40):
 PSYoungGen      total 455104K, used 187844K [0x00000007d6560000, 0x0000000800000000, 0x0000000800000000)
  eden space 227584K, 0% used [0x00000007d6560000,0x00000007d6560000,0x00000007e43a0000)
  from space 227520K, 82% used [0x00000007e43a0000,0x00000007efb11160,0x00000007f21d0000)
  to   space 227520K, 0% used [0x00000007f21d0000,0x00000007f21d0000,0x0000000800000000)
 PSOldGen        total 1365376K, used 1023836K [0x0000000783000000, 0x00000007d6560000, 0x00000007d6560000)
  object space 1365376K, 74% used [0x0000000783000000,0x00000007c17d7060,0x00000007d6560000)
 PSPermGen       total 22720K, used 21977K [0x000000077de00000, 0x000000077f430000, 0x0000000783000000)
  object space 22720K, 96% used [0x000000077de00000,0x000000077f3765e8,0x000000077f430000)
}
Total time for which application threads were stopped: 0.0473410 seconds
Application time: 0.4582860 seconds
{Heap before GC invocations=552 (full 40):
 PSYoungGen      total 455104K, used 415428K [0x00000007d6560000, 0x0000000800000000, 0x0000000800000000)
  eden space 227584K, 100% used [0x00000007d6560000,0x00000007e43a0000,0x00000007e43a0000)
  from space 227520K, 82% used [0x00000007e43a0000,0x00000007efb11160,0x00000007f21d0000)
  to   space 227520K, 0% used [0x00000007f21d0000,0x00000007f21d0000,0x0000000800000000)
 PSOldGen        total 1365376K, used 1023836K [0x0000000783000000, 0x00000007d6560000, 0x00000007d6560000)
  object space 1365376K, 74% used [0x0000000783000000,0x00000007c17d7060,0x00000007d6560000)
 PSPermGen       total 22720K, used 22139K [0x000000077de00000, 0x000000077f430000, 0x0000000783000000)
  object space 22720K, 97% used [0x000000077de00000,0x000000077f39ec68,0x000000077f430000)
3453.934: [GC [PSYoungGen: 415428K->105178K(455104K)] 1439264K->1299752K(1820480K), 0.0514880 secs] [Times: user=0.50 sys=0.00, real=0.06 secs] 
Heap after GC invocations=552 (full 40):
 PSYoungGen      total 455104K, used 105178K [0x00000007d6560000, 0x0000000800000000, 0x0000000800000000)
  eden space 227584K, 0% used [0x00000007d6560000,0x00000007d6560000,0x00000007e43a0000)
  from space 227520K, 46% used [0x00000007f21d0000,0x00000007f8886ad0,0x0000000800000000)
  to   space 227520K, 0% used [0x00000007e43a0000,0x00000007e43a0000,0x00000007f21d0000)
 PSOldGen        total 1365376K, used 1194573K [0x0000000783000000, 0x00000007d6560000, 0x00000007d6560000)
  object space 1365376K, 87% used [0x0000000783000000,0x00000007cbe93640,0x00000007d6560000)
 PSPermGen       total 22720K, used 22139K [0x000000077de00000, 0x000000077f430000, 0x0000000783000000)
  object space 22720K, 97% used [0x000000077de00000,0x000000077f39ec68,0x000000077f430000)
}
{Heap before GC invocations=553 (full 41):
 PSYoungGen      total 455104K, used 105178K [0x00000007d6560000, 0x0000000800000000, 0x0000000800000000)
  eden space 227584K, 0% used [0x00000007d6560000,0x00000007d6560000,0x00000007e43a0000)
  from space 227520K, 46% used [0x00000007f21d0000,0x00000007f8886ad0,0x0000000800000000)
  to   space 227520K, 0% used [0x00000007e43a0000,0x00000007e43a0000,0x00000007f21d0000)
 PSOldGen        total 1365376K, used 1194573K [0x0000000783000000, 0x00000007d6560000, 0x00000007d6560000)
  object space 1365376K, 87% used [0x0000000783000000,0x00000007cbe93640,0x00000007d6560000)
 PSPermGen       total 22720K, used 22139K [0x000000077de00000, 0x000000077f430000, 0x0000000783000000)
  object space 22720K, 97% used [0x000000077de00000,0x000000077f39ec68,0x000000077f430000)
3453.986: [Full GC [PSYoungGen: 105178K->0K(455104K)] [PSOldGen: 1194573K->508618K(1365376K)] 1299752K->508618K(1820480K) [PSPermGen: 22139K->22139K(24448K)], 0.4367930 secs] [Times: user=0.43 sys=0.00, real=0.43 secs] 
Heap after GC invocations=553 (full 41):
 PSYoungGen      total 455104K, used 0K [0x00000007d6560000, 0x0000000800000000, 0x0000000800000000)
  eden space 227584K, 0% used [0x00000007d6560000,0x00000007d6560000,0x00000007e43a0000)
  from space 227520K, 0% used [0x00000007f21d0000,0x00000007f21d0000,0x0000000800000000)
  to   space 227520K, 0% used [0x00000007e43a0000,0x00000007e43a0000,0x00000007f21d0000)
 PSOldGen        total 1365376K, used 508618K [0x0000000783000000, 0x00000007d6560000, 0x00000007d6560000)
  object space 1365376K, 37% used [0x0000000783000000,0x00000007a20b2b10,0x00000007d6560000)
 PSPermGen       total 24448K, used 22139K [0x000000077de00000, 0x000000077f5e0000, 0x0000000783000000)
  object space 24448K, 90% used [0x000000077de00000,0x000000077f39ec68,0x000000077f5e0000)
}
Total time for which application threads were stopped: 0.4891560 seconds
Application time: 0.7578250 seconds
{Heap before GC invocations=554 (full 41):
 PSYoungGen      total 455104K, used 227584K [0x00000007d6560000, 0x0000000800000000, 0x0000000800000000)
  eden space 227584K, 100% used [0x00000007d6560000,0x00000007e43a0000,0x00000007e43a0000)
  from space 227520K, 0% used [0x00000007f21d0000,0x00000007f21d0000,0x0000000800000000)
  to   space 227520K, 0% used [0x00000007e43a0000,0x00000007e43a0000,0x00000007f21d0000)
 PSOldGen        total 1365376K, used 508618K [0x0000000783000000, 0x00000007d6560000, 0x00000007d6560000)
  object space 1365376K, 37% used [0x0000000783000000,0x00000007a20b2b10,0x00000007d6560000)
 PSPermGen       total 24448K, used 22152K [0x000000077de00000, 0x000000077f5e0000, 0x0000000783000000)
  object space 24448K, 90% used [0x000000077de00000,0x000000077f3a21a8,0x000000077f5e0000)
3455.181: [GC [PSYoungGen: 227584K->13780K(455104K)] 736202K->522398K(1820480K), 0.0578440 secs] [Times: user=0.40 sys=0.00, real=0.06 secs] 
Heap after GC invocations=554 (full 41):
 PSYoungGen      total 455104K, used 13780K [0x00000007d6560000, 0x0000000800000000, 0x0000000800000000)
  eden space 227584K, 0% used [0x00000007d6560000,0x00000007d6560000,0x00000007e43a0000)
  from space 227520K, 6% used [0x00000007e43a0000,0x00000007e51150b0,0x00000007f21d0000)
  to   space 227520K, 0% used [0x00000007f21d0000,0x00000007f21d0000,0x0000000800000000)
 PSOldGen        total 1365376K, used 508618K [0x0000000783000000, 0x00000007d6560000, 0x00000007d6560000)
  object space 1365376K, 37% used [0x0000000783000000,0x00000007a20b2b10,0x00000007d6560000)
 PSPermGen       total 24448K, used 22152K [0x000000077de00000, 0x000000077f5e0000, 0x0000000783000000)
  object space 24448K, 90% used [0x000000077de00000,0x000000077f3a21a8,0x000000077f5e0000)
}
Total time for which application threads were stopped: 0.0585500 seconds
Application time: 0.7730750 seconds
{Heap before GC invocations=555 (full 41):
 PSYoungGen      total 455104K, used 241364K [0x00000007d6560000, 0x0000000800000000, 0x0000000800000000)
  eden space 227584K, 100% used [0x00000007d6560000,0x00000007e43a0000,0x00000007e43a0000)
  from space 227520K, 6% used [0x00000007e43a0000,0x00000007e51150b0,0x00000007f21d0000)
  to   space 227520K, 0% used [0x00000007f21d0000,0x00000007f21d0000,0x0000000800000000)
 PSOldGen        total 1365376K, used 508618K [0x0000000783000000, 0x00000007d6560000, 0x00000007d6560000)
  object space 1365376K, 37% used [0x0000000783000000,0x00000007a20b2b10,0x00000007d6560000)
 PSPermGen       total 24448K, used 22152K [0x000000077de00000, 0x000000077f5e0000, 0x0000000783000000)
  object space 24448K, 90% used [0x000000077de00000,0x000000077f3a21a8,0x000000077f5e0000)
3456.013: [GC [PSYoungGen: 241364K->6912K(455104K)] 749982K->521438K(1820480K), 0.0550650 secs] [Times: user=0.40 sys=0.00, real=0.06 secs] 
Heap after GC invocations=555 (full 41):
 PSYoungGen      total 455104K, used 6912K [0x00000007d6560000, 0x0000000800000000, 0x0000000800000000)
  eden space 227584K, 0% used [0x00000007d6560000,0x00000007d6560000,0x00000007e43a0000)
  from space 227520K, 3% used [0x00000007f21d0000,0x00000007f2890000,0x0000000800000000)
  to   space 227520K, 0% used [0x00000007e43a0000,0x00000007e43a0000,0x00000007f21d0000)
 PSOldGen        total 1365376K, used 514526K [0x0000000783000000, 0x00000007d6560000, 0x00000007d6560000)
  object space 1365376K, 37% used [0x0000000783000000,0x00000007a26779c0,0x00000007d6560000)
 PSPermGen       total 24448K, used 22152K [0x000000077de00000, 0x000000077f5e0000, 0x0000000783000000)
  object space 24448K, 90% used [0x000000077de00000,0x000000077f3a21a8,0x000000077f5e0000)
}
Total time for which application threads were stopped: 0.0558400 seconds
Application time: 0.7263530 seconds
{Heap before GC invocations=556 (full 41):
 PSYoungGen      total 455104K, used 234496K [0x00000007d6560000, 0x0000000800000000, 0x0000000800000000)
  eden space 227584K, 100% used [0x00000007d6560000,0x00000007e43a0000,0x00000007e43a0000)
  from space 227520K, 3% used [0x00000007f21d0000,0x00000007f2890000,0x0000000800000000)
  to   space 227520K, 0% used [0x00000007e43a0000,0x00000007e43a0000,0x00000007f21d0000)
 PSOldGen        total 1365376K, used 514526K [0x0000000783000000, 0x00000007d6560000, 0x00000007d6560000)
  object space 1365376K, 37% used [0x0000000783000000,0x00000007a26779c0,0x00000007d6560000)
 PSPermGen       total 24448K, used 22176K [0x000000077de00000, 0x000000077f5e0000, 0x0000000783000000)
  object space 24448K, 90% used [0x000000077de00000,0x000000077f3a8268,0x000000077f5e0000)
3456.795: [GC [PSYoungGen: 234496K->19771K(455104K)] 749022K->534386K(1820480K), 0.0506800 secs] [Times: user=0.33 sys=0.00, real=0.05 secs] 
Heap after GC invocations=556 (full 41):
 PSYoungGen      total 455104K, used 19771K [0x00000007d6560000, 0x0000000800000000, 0x0000000800000000)
  eden space 227584K, 0% used [0x00000007d6560000,0x00000007d6560000,0x00000007e43a0000)
  from space 227520K, 8% used [0x00000007e43a0000,0x00000007e56eef20,0x00000007f21d0000)
  to   space 227520K, 0% used [0x00000007f21d0000,0x00000007f21d0000,0x0000000800000000)
 PSOldGen        total 1365376K, used 514614K [0x0000000783000000, 0x00000007d6560000, 0x00000007d6560000)
  object space 1365376K, 37% used [0x0000000783000000,0x00000007a268d9c0,0x00000007d6560000)
 PSPermGen       total 24448K, used 22176K [0x000000077de00000, 0x000000077f5e0000, 0x0000000783000000)
  object space 24448K, 90% used [0x000000077de00000,0x000000077f3a8268,0x000000077f5e0000)
}
Total time for which application threads were stopped: 0.0513980 seconds
Application time: 2.2569770 seconds
{Heap before GC invocations=557 (full 41):
 PSYoungGen      total 455104K, used 247355K [0x00000007d6560000, 0x0000000800000000, 0x0000000800000000)
  eden space 227584K, 100% used [0x00000007d6560000,0x00000007e43a0000,0x00000007e43a0000)
  from space 227520K, 8% used [0x00000007e43a0000,0x00000007e56eef20,0x00000007f21d0000)
  to   space 227520K, 0% used [0x00000007f21d0000,0x00000007f21d0000,0x0000000800000000)
 PSOldGen        total 1365376K, used 514614K [0x0000000783000000, 0x00000007d6560000, 0x00000007d6560000)
  object space 1365376K, 37% used [0x0000000783000000,0x00000007a268d9c0,0x00000007d6560000)
 PSPermGen       total 24448K, used 22255K [0x000000077de00000, 0x000000077f5e0000, 0x0000000783000000)
  object space 24448K, 91% used [0x000000077de00000,0x000000077f3bbd68,0x000000077f5e0000)
3459.105: [GC [PSYoungGen: 247355K->51415K(455104K)] 761970K->566526K(1820480K), 0.0401440 secs] [Times: user=0.31 sys=0.00, real=0.04 secs] 
Heap after GC invocations=557 (full 41):
 PSYoungGen      total 455104K, used 51415K [0x00000007d6560000, 0x0000000800000000, 0x0000000800000000)
  eden space 227584K, 0% used [0x00000007d6560000,0x00000007d6560000,0x00000007e43a0000)
  from space 227520K, 22% used [0x00000007f21d0000,0x00000007f5405e80,0x0000000800000000)
  to   space 227520K, 0% used [0x00000007e43a0000,0x00000007e43a0000,0x00000007f21d0000)
 PSOldGen        total 1365376K, used 515110K [0x0000000783000000, 0x00000007d6560000, 0x00000007d6560000)
  object space 1365376K, 37% used [0x0000000783000000,0x00000007a27099c0,0x00000007d6560000)
 PSPermGen       total 24448K, used 22255K [0x000000077de00000, 0x000000077f5e0000, 0x0000000783000000)
  object space 24448K, 91% used [0x000000077de00000,0x000000077f3bbd68,0x000000077f5e0000)
}
Total time for which application threads were stopped: 0.0422060 seconds
Application time: 0.1772510 seconds
{Heap before GC invocations=558 (full 41):
 PSYoungGen      total 455104K, used 278999K [0x00000007d6560000, 0x0000000800000000, 0x0000000800000000)
  eden space 227584K, 100% used [0x00000007d6560000,0x00000007e43a0000,0x00000007e43a0000)
  from space 227520K, 22% used [0x00000007f21d0000,0x00000007f5405e80,0x0000000800000000)
  to   space 227520K, 0% used [0x00000007e43a0000,0x00000007e43a0000,0x00000007f21d0000)
 PSOldGen        total 1365376K, used 515110K [0x0000000783000000, 0x00000007d6560000, 0x00000007d6560000)
  object space 1365376K, 37% used [0x0000000783000000,0x00000007a27099c0,0x00000007d6560000)
 PSPermGen       total 24448K, used 22542K [0x000000077de00000, 0x000000077f5e0000, 0x0000000783000000)
  object space 24448K, 92% used [0x000000077de00000,0x000000077f403848,0x000000077f5e0000)
3459.323: [GC [PSYoungGen: 278999K->192268K(455104K)] 794110K->750314K(1820480K), 0.0341680 secs] [Times: user=0.40 sys=0.00, real=0.04 secs] 
Heap after GC invocations=558 (full 41):
 PSYoungGen      total 455104K, used 192268K [0x00000007d6560000, 0x0000000800000000, 0x0000000800000000)
  eden space 227584K, 0% used [0x00000007d6560000,0x00000007d6560000,0x00000007e43a0000)
  from space 227520K, 84% used [0x00000007e43a0000,0x00000007eff63190,0x00000007f21d0000)
  to   space 227520K, 0% used [0x00000007f21d0000,0x00000007f21d0000,0x0000000800000000)
 PSOldGen        total 1365376K, used 558046K [0x0000000783000000, 0x00000007d6560000, 0x00000007d6560000)
  object space 1365376K, 40% used [0x0000000783000000,0x00000007a50f78d0,0x00000007d6560000)
 PSPermGen       total 24448K, used 22542K [0x000000077de00000, 0x000000077f5e0000, 0x0000000783000000)
  object space 24448K, 92% used [0x000000077de00000,0x000000077f403848,0x000000077f5e0000)
}
Total time for which application threads were stopped: 0.0349070 seconds
Application time: 0.1855650 seconds
{Heap before GC invocations=559 (full 41):
 PSYoungGen      total 455104K, used 419852K [0x00000007d6560000, 0x0000000800000000, 0x0000000800000000)
  eden space 227584K, 100% used [0x00000007d6560000,0x00000007e43a0000,0x00000007e43a0000)
  from space 227520K, 84% used [0x00000007e43a0000,0x00000007eff63190,0x00000007f21d0000)
  to   space 227520K, 0% used [0x00000007f21d0000,0x00000007f21d0000,0x0000000800000000)
 PSOldGen        total 1365376K, used 558046K [0x0000000783000000, 0x00000007d6560000, 0x00000007d6560000)
  object space 1365376K, 40% used [0x0000000783000000,0x00000007a50f78d0,0x00000007d6560000)
 PSPermGen       total 24448K, used 22829K [0x000000077de00000, 0x000000077f5e0000, 0x0000000783000000)
  object space 24448K, 93% used [0x000000077de00000,0x000000077f44b6a8,0x000000077f5e0000)
3459.543: [GC [PSYoungGen: 419852K->192344K(455104K)] 977898K->924474K(1820480K), 0.0503350 secs] [Times: user=0.60 sys=0.00, real=0.06 secs] 
Heap after GC invocations=559 (full 41):
 PSYoungGen      total 455104K, used 192344K [0x00000007d6560000, 0x0000000800000000, 0x0000000800000000)
  eden space 227584K, 0% used [0x00000007d6560000,0x00000007d6560000,0x00000007e43a0000)
  from space 227520K, 84% used [0x00000007f21d0000,0x00000007fdda6320,0x0000000800000000)
  to   space 227520K, 0% used [0x00000007e43a0000,0x00000007e43a0000,0x00000007f21d0000)
 PSOldGen        total 1365376K, used 732129K [0x0000000783000000, 0x00000007d6560000, 0x00000007d6560000)
  object space 1365376K, 53% used [0x0000000783000000,0x00000007afaf8780,0x00000007d6560000)
 PSPermGen       total 24448K, used 22829K [0x000000077de00000, 0x000000077f5e0000, 0x0000000783000000)
  object space 24448K, 93% used [0x000000077de00000,0x000000077f44b6a8,0x000000077f5e0000)
}
Total time for which application threads were stopped: 0.0511220 seconds
Application time: 0.6492880 seconds
{Heap before GC invocations=560 (full 41):
 PSYoungGen      total 455104K, used 419928K [0x00000007d6560000, 0x0000000800000000, 0x0000000800000000)
  eden space 227584K, 100% used [0x00000007d6560000,0x00000007e43a0000,0x00000007e43a0000)
  from space 227520K, 84% used [0x00000007f21d0000,0x00000007fdda6320,0x0000000800000000)
  to   space 227520K, 0% used [0x00000007e43a0000,0x00000007e43a0000,0x00000007f21d0000)
 PSOldGen        total 1365376K, used 732129K [0x0000000783000000, 0x00000007d6560000, 0x00000007d6560000)
  object space 1365376K, 53% used [0x0000000783000000,0x00000007afaf8780,0x00000007d6560000)
 PSPermGen       total 24448K, used 22902K [0x000000077de00000, 0x000000077f5e0000, 0x0000000783000000)
  object space 24448K, 93% used [0x000000077de00000,0x000000077f45dbe8,0x000000077f5e0000)
3460.244: [GC [PSYoungGen: 419928K->47489K(455104K)] 1152058K->954569K(1820480K), 0.0566810 secs] [Times: user=0.46 sys=0.00, real=0.05 secs] 
Heap after GC invocations=560 (full 41):
 PSYoungGen      total 455104K, used 47489K [0x00000007d6560000, 0x0000000800000000, 0x0000000800000000)
  eden space 227584K, 0% used [0x00000007d6560000,0x00000007d6560000,0x00000007e43a0000)
  from space 227520K, 20% used [0x00000007e43a0000,0x00000007e7200790,0x00000007f21d0000)
  to   space 227520K, 0% used [0x00000007f21d0000,0x00000007f21d0000,0x0000000800000000)
 PSOldGen        total 1365376K, used 907079K [0x0000000783000000, 0x00000007d6560000, 0x00000007d6560000)
  object space 1365376K, 66% used [0x0000000783000000,0x00000007ba5d1eb0,0x00000007d6560000)
 PSPermGen       total 24448K, used 22902K [0x000000077de00000, 0x000000077f5e0000, 0x0000000783000000)
  object space 24448K, 93% used [0x000000077de00000,0x000000077f45dbe8,0x000000077f5e0000)
}
Total time for which application threads were stopped: 0.0582030 seconds
Application time: 0.7805080 seconds
{Heap before GC invocations=561 (full 41):
 PSYoungGen      total 455104K, used 275073K [0x00000007d6560000, 0x0000000800000000, 0x0000000800000000)
  eden space 227584K, 100% used [0x00000007d6560000,0x00000007e43a0000,0x00000007e43a0000)
  from space 227520K, 20% used [0x00000007e43a0000,0x00000007e7200790,0x00000007f21d0000)
  to   space 227520K, 0% used [0x00000007f21d0000,0x00000007f21d0000,0x0000000800000000)
 PSOldGen        total 1365376K, used 907079K [0x0000000783000000, 0x00000007d6560000, 0x00000007d6560000)
  object space 1365376K, 66% used [0x0000000783000000,0x00000007ba5d1eb0,0x00000007d6560000)
 PSPermGen       total 24448K, used 22902K [0x000000077de00000, 0x000000077f5e0000, 0x0000000783000000)
  object space 24448K, 93% used [0x000000077de00000,0x000000077f45dbe8,0x000000077f5e0000)
3461.082: [GC [PSYoungGen: 275073K->7008K(455104K)] 1182153K->953392K(1820480K), 0.0559590 secs] [Times: user=0.40 sys=0.00, real=0.06 secs] 
Heap after GC invocations=561 (full 41):
 PSYoungGen      total 455104K, used 7008K [0x00000007d6560000, 0x0000000800000000, 0x0000000800000000)
  eden space 227584K, 0% used [0x00000007d6560000,0x00000007d6560000,0x00000007e43a0000)
  from space 227520K, 3% used [0x00000007f21d0000,0x00000007f28a8000,0x0000000800000000)
  to   space 227520K, 0% used [0x00000007e43a0000,0x00000007e43a0000,0x00000007f21d0000)
 PSOldGen        total 1365376K, used 946384K [0x0000000783000000, 0x00000007d6560000, 0x00000007d6560000)
  object space 1365376K, 69% used [0x0000000783000000,0x00000007bcc340c0,0x00000007d6560000)
 PSPermGen       total 24448K, used 22902K [0x000000077de00000, 0x000000077f5e0000, 0x0000000783000000)
  object space 24448K, 93% used [0x000000077de00000,0x000000077f45dbe8,0x000000077f5e0000)
}
Total time for which application threads were stopped: 0.0567490 seconds
Application time: 0.7734320 seconds
{Heap before GC invocations=562 (full 41):
 PSYoungGen      total 455104K, used 234592K [0x00000007d6560000, 0x0000000800000000, 0x0000000800000000)
  eden space 227584K, 100% used [0x00000007d6560000,0x00000007e43a0000,0x00000007e43a0000)
  from space 227520K, 3% used [0x00000007f21d0000,0x00000007f28a8000,0x0000000800000000)
  to   space 227520K, 0% used [0x00000007e43a0000,0x00000007e43a0000,0x00000007f21d0000)
 PSOldGen        total 1365376K, used 946384K [0x0000000783000000, 0x00000007d6560000, 0x00000007d6560000)
  object space 1365376K, 69% used [0x0000000783000000,0x00000007bcc340c0,0x00000007d6560000)
 PSPermGen       total 24448K, used 22904K [0x000000077de00000, 0x000000077f5e0000, 0x0000000783000000)
  object space 24448K, 93% used [0x000000077de00000,0x000000077f45e348,0x000000077f5e0000)
3461.913: [GC [PSYoungGen: 234592K->6944K(455104K)] 1180976K->953424K(1820480K), 0.0546790 secs] [Times: user=0.40 sys=0.00, real=0.06 secs] 
Heap after GC invocations=562 (full 41):
 PSYoungGen      total 455104K, used 6944K [0x00000007d6560000, 0x0000000800000000, 0x0000000800000000)
  eden space 227584K, 0% used [0x00000007d6560000,0x00000007d6560000,0x00000007e43a0000)
  from space 227520K, 3% used [0x00000007e43a0000,0x00000007e4a68000,0x00000007f21d0000)
  to   space 227520K, 0% used [0x00000007f21d0000,0x00000007f21d0000,0x0000000800000000)
 PSOldGen        total 1365376K, used 946480K [0x0000000783000000, 0x00000007d6560000, 0x00000007d6560000)
  object space 1365376K, 69% used [0x0000000783000000,0x00000007bcc4c0c0,0x00000007d6560000)
 PSPermGen       total 24448K, used 22904K [0x000000077de00000, 0x000000077f5e0000, 0x0000000783000000)
  object space 24448K, 93% used [0x000000077de00000,0x000000077f45e348,0x000000077f5e0000)
}
Total time for which application threads were stopped: 0.0556120 seconds
Application time: 0.7325110 seconds
{Heap before GC invocations=563 (full 41):
 PSYoungGen      total 455104K, used 234528K [0x00000007d6560000, 0x0000000800000000, 0x0000000800000000)
  eden space 227584K, 100% used [0x00000007d6560000,0x00000007e43a0000,0x00000007e43a0000)
  from space 227520K, 3% used [0x00000007e43a0000,0x00000007e4a68000,0x00000007f21d0000)
  to   space 227520K, 0% used [0x00000007f21d0000,0x00000007f21d0000,0x0000000800000000)
 PSOldGen        total 1365376K, used 946480K [0x0000000783000000, 0x00000007d6560000, 0x00000007d6560000)
  object space 1365376K, 69% used [0x0000000783000000,0x00000007bcc4c0c0,0x00000007d6560000)
 PSPermGen       total 24448K, used 22910K [0x000000077de00000, 0x000000077f5e0000, 0x0000000783000000)
  object space 24448K, 93% used [0x000000077de00000,0x000000077f45fb48,0x000000077f5e0000)
3462.701: [GC [PSYoungGen: 234528K->9509K(455104K)] 1181008K->956053K(1820480K), 0.0517330 secs] [Times: user=0.37 sys=0.00, real=0.05 secs] 
Heap after GC invocations=563 (full 41):
 PSYoungGen      total 455104K, used 9509K [0x00000007d6560000, 0x0000000800000000, 0x0000000800000000)
  eden space 227584K, 0% used [0x00000007d6560000,0x00000007d6560000,0x00000007e43a0000)
  from space 227520K, 4% used [0x00000007f21d0000,0x00000007f2b196d0,0x0000000800000000)
  to   space 227520K, 0% used [0x00000007e43a0000,0x00000007e43a0000,0x00000007f21d0000)
 PSOldGen        total 1365376K, used 946544K [0x0000000783000000, 0x00000007d6560000, 0x00000007d6560000)
  object space 1365376K, 69% used [0x0000000783000000,0x00000007bcc5c0c0,0x00000007d6560000)
 PSPermGen       total 24448K, used 22910K [0x000000077de00000, 0x000000077f5e0000, 0x0000000783000000)
  object space 24448K, 93% used [0x000000077de00000,0x000000077f45fb48,0x000000077f5e0000)
}
Total time for which application threads were stopped: 0.0524610 seconds
Application time: 2.8132240 seconds
{Heap before GC invocations=564 (full 41):
 PSYoungGen      total 455104K, used 237093K [0x00000007d6560000, 0x0000000800000000, 0x0000000800000000)
  eden space 227584K, 100% used [0x00000007d6560000,0x00000007e43a0000,0x00000007e43a0000)
  from space 227520K, 4% used [0x00000007f21d0000,0x00000007f2b196d0,0x0000000800000000)
  to   space 227520K, 0% used [0x00000007e43a0000,0x00000007e43a0000,0x00000007f21d0000)
 PSOldGen        total 1365376K, used 946544K [0x0000000783000000, 0x00000007d6560000, 0x00000007d6560000)
  object space 1365376K, 69% used [0x0000000783000000,0x00000007bcc5c0c0,0x00000007d6560000)
 PSPermGen       total 24448K, used 23089K [0x000000077de00000, 0x000000077f5e0000, 0x0000000783000000)
  object space 24448K, 94% used [0x000000077de00000,0x000000077f48c548,0x000000077f5e0000)
3465.567: [GC [PSYoungGen: 237093K->114993K(455104K)] 1183637K->1061961K(1820480K), 0.0304730 secs] [Times: user=0.23 sys=0.02, real=0.03 secs] 
Heap after GC invocations=564 (full 41):
 PSYoungGen      total 455104K, used 114993K [0x00000007d6560000, 0x0000000800000000, 0x0000000800000000)
  eden space 227584K, 0% used [0x00000007d6560000,0x00000007d6560000,0x00000007e43a0000)
  from space 227520K, 50% used [0x00000007e43a0000,0x00000007eb3ec6d0,0x00000007f21d0000)
  to   space 227520K, 0% used [0x00000007f21d0000,0x00000007f21d0000,0x0000000800000000)
 PSOldGen        total 1365376K, used 946968K [0x0000000783000000, 0x00000007d6560000, 0x00000007d6560000)
  object space 1365376K, 69% used [0x0000000783000000,0x00000007bccc60c0,0x00000007d6560000)
 PSPermGen       total 24448K, used 23089K [0x000000077de00000, 0x000000077f5e0000, 0x0000000783000000)
  object space 24448K, 94% used [0x000000077de00000,0x000000077f48c548,0x000000077f5e0000)
}
Total time for which application threads were stopped: 0.0312630 seconds
Application time: 0.1807280 seconds
{Heap before GC invocations=565 (full 41):
 PSYoungGen      total 455104K, used 342570K [0x00000007d6560000, 0x0000000800000000, 0x0000000800000000)
  eden space 227584K, 99% used [0x00000007d6560000,0x00000007e439e3d0,0x00000007e43a0000)
  from space 227520K, 50% used [0x00000007e43a0000,0x00000007eb3ec6d0,0x00000007f21d0000)
  to   space 227520K, 0% used [0x00000007f21d0000,0x00000007f21d0000,0x0000000800000000)
 PSOldGen        total 1365376K, used 946968K [0x0000000783000000, 0x00000007d6560000, 0x00000007d6560000)
  object space 1365376K, 69% used [0x0000000783000000,0x00000007bccc60c0,0x00000007d6560000)
 PSPermGen       total 24448K, used 23374K [0x000000077de00000, 0x000000077f5e0000, 0x0000000783000000)
  object space 24448K, 95% used [0x000000077de00000,0x000000077f4d3ac8,0x000000077f5e0000)
3465.779: [GC [PSYoungGen: 342570K->190878K(455104K)] 1289538K->1241004K(1820480K), 0.0417350 secs] [Times: user=0.47 sys=0.01, real=0.04 secs] 
Heap after GC invocations=565 (full 41):
 PSYoungGen      total 455104K, used 190878K [0x00000007d6560000, 0x0000000800000000, 0x0000000800000000)
  eden space 227584K, 0% used [0x00000007d6560000,0x00000007d6560000,0x00000007e43a0000)
  from space 227520K, 83% used [0x00000007f21d0000,0x00000007fdc379e0,0x0000000800000000)
  to   space 227520K, 0% used [0x00000007e43a0000,0x00000007e43a0000,0x00000007f21d0000)
 PSOldGen        total 1365376K, used 1050125K [0x0000000783000000, 0x00000007d6560000, 0x00000007d6560000)
  object space 1365376K, 76% used [0x0000000783000000,0x00000007c3183740,0x00000007d6560000)
 PSPermGen       total 24448K, used 23374K [0x000000077de00000, 0x000000077f5e0000, 0x0000000783000000)
  object space 24448K, 95% used [0x000000077de00000,0x000000077f4d3ac8,0x000000077f5e0000)
}
Total time for which application threads were stopped: 0.0425500 seconds
Application time: 0.2808150 seconds
{Heap before GC invocations=566 (full 41):
 PSYoungGen      total 455104K, used 418462K [0x00000007d6560000, 0x0000000800000000, 0x0000000800000000)
  eden space 227584K, 100% used [0x00000007d6560000,0x00000007e43a0000,0x00000007e43a0000)
  from space 227520K, 83% used [0x00000007f21d0000,0x00000007fdc379e0,0x0000000800000000)
  to   space 227520K, 0% used [0x00000007e43a0000,0x00000007e43a0000,0x00000007f21d0000)
 PSOldGen        total 1365376K, used 1050125K [0x0000000783000000, 0x00000007d6560000, 0x00000007d6560000)
  object space 1365376K, 76% used [0x0000000783000000,0x00000007c3183740,0x00000007d6560000)
 PSPermGen       total 24448K, used 23621K [0x000000077de00000, 0x000000077f5e0000, 0x0000000783000000)
  object space 24448K, 96% used [0x000000077de00000,0x000000077f511448,0x000000077f5e0000)
3466.102: [GC [PSYoungGen: 418462K->161855K(455104K)] 1468588K->1385649K(1820480K), 0.0513510 secs] [Times: user=0.59 sys=0.00, real=0.06 secs] 
Heap after GC invocations=566 (full 41):
 PSYoungGen      total 455104K, used 161855K [0x00000007d6560000, 0x0000000800000000, 0x0000000800000000)
  eden space 227584K, 0% used [0x00000007d6560000,0x00000007d6560000,0x00000007e43a0000)
  from space 227520K, 71% used [0x00000007e43a0000,0x00000007ee1afe40,0x00000007f21d0000)
  to   space 227520K, 0% used [0x00000007f21d0000,0x00000007f21d0000,0x0000000800000000)
 PSOldGen        total 1365376K, used 1223794K [0x0000000783000000, 0x00000007d6560000, 0x00000007d6560000)
  object space 1365376K, 89% used [0x0000000783000000,0x00000007cdb1c850,0x00000007d6560000)
 PSPermGen       total 24448K, used 23621K [0x000000077de00000, 0x000000077f5e0000, 0x0000000783000000)
  object space 24448K, 96% used [0x000000077de00000,0x000000077f511448,0x000000077f5e0000)
}
{Heap before GC invocations=567 (full 42):
 PSYoungGen      total 455104K, used 161855K [0x00000007d6560000, 0x0000000800000000, 0x0000000800000000)
  eden space 227584K, 0% used [0x00000007d6560000,0x00000007d6560000,0x00000007e43a0000)
  from space 227520K, 71% used [0x00000007e43a0000,0x00000007ee1afe40,0x00000007f21d0000)
  to   space 227520K, 0% used [0x00000007f21d0000,0x00000007f21d0000,0x0000000800000000)
 PSOldGen        total 1365376K, used 1223794K [0x0000000783000000, 0x00000007d6560000, 0x00000007d6560000)
  object space 1365376K, 89% used [0x0000000783000000,0x00000007cdb1c850,0x00000007d6560000)
 PSPermGen       total 24448K, used 23621K [0x000000077de00000, 0x000000077f5e0000, 0x0000000783000000)
  object space 24448K, 96% used [0x000000077de00000,0x000000077f511448,0x000000077f5e0000)
3466.154: [Full GC [PSYoungGen: 161855K->0K(455104K)] [PSOldGen: 1223794K->513771K(1365376K)] 1385649K->513771K(1820480K) [PSPermGen: 23621K->23621K(25600K)], 0.4490010 secs] [Times: user=0.44 sys=0.00, real=0.44 secs] 
Heap after GC invocations=567 (full 42):
 PSYoungGen      total 455104K, used 0K [0x00000007d6560000, 0x0000000800000000, 0x0000000800000000)
  eden space 227584K, 0% used [0x00000007d6560000,0x00000007d6560000,0x00000007e43a0000)
  from space 227520K, 0% used [0x00000007e43a0000,0x00000007e43a0000,0x00000007f21d0000)
  to   space 227520K, 0% used [0x00000007f21d0000,0x00000007f21d0000,0x0000000800000000)
 PSOldGen        total 1365376K, used 513771K [0x0000000783000000, 0x00000007d6560000, 0x00000007d6560000)
  object space 1365376K, 37% used [0x0000000783000000,0x00000007a25bae70,0x00000007d6560000)
 PSPermGen       total 25600K, used 23621K [0x000000077de00000, 0x000000077f700000, 0x0000000783000000)
  object space 25600K, 92% used [0x000000077de00000,0x000000077f511448,0x000000077f700000)
}
Total time for which application threads were stopped: 0.5014810 seconds
Application time: 0.7269270 seconds
{Heap before GC invocations=568 (full 42):
 PSYoungGen      total 455104K, used 227584K [0x00000007d6560000, 0x0000000800000000, 0x0000000800000000)
  eden space 227584K, 100% used [0x00000007d6560000,0x00000007e43a0000,0x00000007e43a0000)
  from space 227520K, 0% used [0x00000007e43a0000,0x00000007e43a0000,0x00000007f21d0000)
  to   space 227520K, 0% used [0x00000007f21d0000,0x00000007f21d0000,0x0000000800000000)
 PSOldGen        total 1365376K, used 513771K [0x0000000783000000, 0x00000007d6560000, 0x00000007d6560000)
  object space 1365376K, 37% used [0x0000000783000000,0x00000007a25bae70,0x00000007d6560000)
 PSPermGen       total 25600K, used 23666K [0x000000077de00000, 0x000000077f700000, 0x0000000783000000)
  object space 25600K, 92% used [0x000000077de00000,0x000000077f51c9c8,0x000000077f700000)
3467.330: [GC [PSYoungGen: 227584K->31119K(455104K)] 741355K->544891K(1820480K), 0.0514760 secs] [Times: user=0.38 sys=0.00, real=0.05 secs] 
Heap after GC invocations=568 (full 42):
 PSYoungGen      total 455104K, used 31119K [0x00000007d6560000, 0x0000000800000000, 0x0000000800000000)
  eden space 227584K, 0% used [0x00000007d6560000,0x00000007d6560000,0x00000007e43a0000)
  from space 227520K, 13% used [0x00000007f21d0000,0x00000007f4033ef0,0x0000000800000000)
  to   space 227520K, 0% used [0x00000007e43a0000,0x00000007e43a0000,0x00000007f21d0000)
 PSOldGen        total 1365376K, used 513771K [0x0000000783000000, 0x00000007d6560000, 0x00000007d6560000)
  object space 1365376K, 37% used [0x0000000783000000,0x00000007a25bae70,0x00000007d6560000)
 PSPermGen       total 25600K, used 23666K [0x000000077de00000, 0x000000077f700000, 0x0000000783000000)
  object space 25600K, 92% used [0x000000077de00000,0x000000077f51c9c8,0x000000077f700000)
}
Total time for which application threads were stopped: 0.0522870 seconds
Application time: 1.3633490 seconds
{Heap before GC invocations=569 (full 42):
 PSYoungGen      total 455104K, used 258703K [0x00000007d6560000, 0x0000000800000000, 0x0000000800000000)
  eden space 227584K, 100% used [0x00000007d6560000,0x00000007e43a0000,0x00000007e43a0000)
  from space 227520K, 13% used [0x00000007f21d0000,0x00000007f4033ef0,0x0000000800000000)
  to   space 227520K, 0% used [0x00000007e43a0000,0x00000007e43a0000,0x00000007f21d0000)
 PSOldGen        total 1365376K, used 513771K [0x0000000783000000, 0x00000007d6560000, 0x00000007d6560000)
  object space 1365376K, 37% used [0x0000000783000000,0x00000007a25bae70,0x00000007d6560000)
 PSPermGen       total 25600K, used 23666K [0x000000077de00000, 0x000000077f700000, 0x0000000783000000)
  object space 25600K, 92% used [0x000000077de00000,0x000000077f51c9c8,0x000000077f700000)
3468.751: [GC [PSYoungGen: 258703K->7232K(455104K)] 772475K->542878K(1820480K), 0.0605860 secs] [Times: user=0.38 sys=0.01, real=0.06 secs] 
Heap after GC invocations=569 (full 42):
 PSYoungGen      total 455104K, used 7232K [0x00000007d6560000, 0x0000000800000000, 0x0000000800000000)
  eden space 227584K, 0% used [0x00000007d6560000,0x00000007d6560000,0x00000007e43a0000)
  from space 227520K, 3% used [0x00000007e43a0000,0x00000007e4ab0000,0x00000007f21d0000)
  to   space 227520K, 0% used [0x00000007f21d0000,0x00000007f21d0000,0x0000000800000000)
 PSOldGen        total 1365376K, used 535646K [0x0000000783000000, 0x00000007d6560000, 0x00000007d6560000)
  object space 1365376K, 39% used [0x0000000783000000,0x00000007a3b17810,0x00000007d6560000)
 PSPermGen       total 25600K, used 23666K [0x000000077de00000, 0x000000077f700000, 0x0000000783000000)
  object space 25600K, 92% used [0x000000077de00000,0x000000077f51c9c8,0x000000077f700000)
}
Total time for which application threads were stopped: 0.0664120 seconds
Application time: 0.7554980 seconds
{Heap before GC invocations=570 (full 42):
 PSYoungGen      total 455104K, used 234816K [0x00000007d6560000, 0x0000000800000000, 0x0000000800000000)
  eden space 227584K, 100% used [0x00000007d6560000,0x00000007e43a0000,0x00000007e43a0000)
  from space 227520K, 3% used [0x00000007e43a0000,0x00000007e4ab0000,0x00000007f21d0000)
  to   space 227520K, 0% used [0x00000007f21d0000,0x00000007f21d0000,0x0000000800000000)
 PSOldGen        total 1365376K, used 535646K [0x0000000783000000, 0x00000007d6560000, 0x00000007d6560000)
  object space 1365376K, 39% used [0x0000000783000000,0x00000007a3b17810,0x00000007d6560000)
 PSPermGen       total 25600K, used 23670K [0x000000077de00000, 0x000000077f700000, 0x0000000783000000)
  object space 25600K, 92% used [0x000000077de00000,0x000000077f51dbc8,0x000000077f700000)
3469.568: [GC [PSYoungGen: 234816K->9425K(455104K)] 770462K->545343K(1820480K), 0.0541430 secs] [Times: user=0.39 sys=0.00, real=0.05 secs] 
Heap after GC invocations=570 (full 42):
 PSYoungGen      total 455104K, used 9425K [0x00000007d6560000, 0x0000000800000000, 0x0000000800000000)
  eden space 227584K, 0% used [0x00000007d6560000,0x00000007d6560000,0x00000007e43a0000)
  from space 227520K, 4% used [0x00000007f21d0000,0x00000007f2b046c0,0x0000000800000000)
  to   space 227520K, 0% used [0x00000007e43a0000,0x00000007e43a0000,0x00000007f21d0000)
 PSOldGen        total 1365376K, used 535918K [0x0000000783000000, 0x00000007d6560000, 0x00000007d6560000)
  object space 1365376K, 39% used [0x0000000783000000,0x00000007a3b5b810,0x00000007d6560000)
 PSPermGen       total 25600K, used 23670K [0x000000077de00000, 0x000000077f700000, 0x0000000783000000)
  object space 25600K, 92% used [0x000000077de00000,0x000000077f51dbc8,0x000000077f700000)
}
Total time for which application threads were stopped: 0.0549670 seconds
Application time: 183.2927480 seconds
{Heap before GC invocations=571 (full 42):
 PSYoungGen      total 455104K, used 237009K [0x00000007d6560000, 0x0000000800000000, 0x0000000800000000)
  eden space 227584K, 100% used [0x00000007d6560000,0x00000007e43a0000,0x00000007e43a0000)
  from space 227520K, 4% used [0x00000007f21d0000,0x00000007f2b046c0,0x0000000800000000)
  to   space 227520K, 0% used [0x00000007e43a0000,0x00000007e43a0000,0x00000007f21d0000)
 PSOldGen        total 1365376K, used 535918K [0x0000000783000000, 0x00000007d6560000, 0x00000007d6560000)
  object space 1365376K, 39% used [0x0000000783000000,0x00000007a3b5b810,0x00000007d6560000)
 PSPermGen       total 25600K, used 23670K [0x000000077de00000, 0x000000077f700000, 0x0000000783000000)
  object space 25600K, 92% used [0x000000077de00000,0x000000077f51dbc8,0x000000077f700000)
3652.916: [GC [PSYoungGen: 237009K->6816K(455104K)] 772927K->542934K(1820480K), 0.0553550 secs] [Times: user=0.40 sys=0.00, real=0.05 secs] 
Heap after GC invocations=571 (full 42):
 PSYoungGen      total 455104K, used 6816K [0x00000007d6560000, 0x0000000800000000, 0x0000000800000000)
  eden space 227584K, 0% used [0x00000007d6560000,0x00000007d6560000,0x00000007e43a0000)
  from space 227520K, 2% used [0x00000007e43a0000,0x00000007e4a48000,0x00000007f21d0000)
  to   space 227520K, 0% used [0x00000007f21d0000,0x00000007f21d0000,0x0000000800000000)
 PSOldGen        total 1365376K, used 536118K [0x0000000783000000, 0x00000007d6560000, 0x00000007d6560000)
  object space 1365376K, 39% used [0x0000000783000000,0x00000007a3b8d810,0x00000007d6560000)
 PSPermGen       total 25600K, used 23670K [0x000000077de00000, 0x000000077f700000, 0x0000000783000000)
  object space 25600K, 92% used [0x000000077de00000,0x000000077f51dbc8,0x000000077f700000)
}
Total time for which application threads were stopped: 0.0564230 seconds
Application time: 0.1967050 seconds
{Heap before GC invocations=572 (full 42):
 PSYoungGen      total 455104K, used 234400K [0x00000007d6560000, 0x0000000800000000, 0x0000000800000000)
  eden space 227584K, 100% used [0x00000007d6560000,0x00000007e43a0000,0x00000007e43a0000)
  from space 227520K, 2% used [0x00000007e43a0000,0x00000007e4a48000,0x00000007f21d0000)
  to   space 227520K, 0% used [0x00000007f21d0000,0x00000007f21d0000,0x0000000800000000)
 PSOldGen        total 1365376K, used 536118K [0x0000000783000000, 0x00000007d6560000, 0x00000007d6560000)
  object space 1365376K, 39% used [0x0000000783000000,0x00000007a3b8d810,0x00000007d6560000)
 PSPermGen       total 25600K, used 23963K [0x000000077de00000, 0x000000077f700000, 0x0000000783000000)
  object space 25600K, 93% used [0x000000077de00000,0x000000077f566e88,0x000000077f700000)
3653.169: [GC [PSYoungGen: 234400K->189143K(455104K)] 770518K->725373K(1820480K), 0.0290030 secs] [Times: user=0.30 sys=0.01, real=0.03 secs] 
Heap after GC invocations=572 (full 42):
 PSYoungGen      total 455104K, used 189143K [0x00000007d6560000, 0x0000000800000000, 0x0000000800000000)
  eden space 227584K, 0% used [0x00000007d6560000,0x00000007d6560000,0x00000007e43a0000)
  from space 227520K, 83% used [0x00000007f21d0000,0x00000007fda85f60,0x0000000800000000)
  to   space 227520K, 0% used [0x00000007e43a0000,0x00000007e43a0000,0x00000007f21d0000)
 PSOldGen        total 1365376K, used 536230K [0x0000000783000000, 0x00000007d6560000, 0x00000007d6560000)
  object space 1365376K, 39% used [0x0000000783000000,0x00000007a3ba9810,0x00000007d6560000)
 PSPermGen       total 25600K, used 23963K [0x000000077de00000, 0x000000077f700000, 0x0000000783000000)
  object space 25600K, 93% used [0x000000077de00000,0x000000077f566e88,0x000000077f700000)
}
Total time for which application threads were stopped: 0.0298040 seconds
Application time: 0.1833340 seconds
{Heap before GC invocations=573 (full 42):
 PSYoungGen      total 455104K, used 416727K [0x00000007d6560000, 0x0000000800000000, 0x0000000800000000)
  eden space 227584K, 100% used [0x00000007d6560000,0x00000007e43a0000,0x00000007e43a0000)
  from space 227520K, 83% used [0x00000007f21d0000,0x00000007fda85f60,0x0000000800000000)
  to   space 227520K, 0% used [0x00000007e43a0000,0x00000007e43a0000,0x00000007f21d0000)
 PSOldGen        total 1365376K, used 536230K [0x0000000783000000, 0x00000007d6560000, 0x00000007d6560000)
  object space 1365376K, 39% used [0x0000000783000000,0x00000007a3ba9810,0x00000007d6560000)
 PSPermGen       total 25600K, used 24254K [0x000000077de00000, 0x000000077f700000, 0x0000000783000000)
  object space 25600K, 94% used [0x000000077de00000,0x000000077f5af9c8,0x000000077f700000)
3653.382: [GC [PSYoungGen: 416727K->194359K(455104K)] 952957K->903271K(1820480K), 0.0503170 secs] [Times: user=0.56 sys=0.00, real=0.05 secs] 
Heap after GC invocations=573 (full 42):
 PSYoungGen      total 455104K, used 194359K [0x00000007d6560000, 0x0000000800000000, 0x0000000800000000)
  eden space 227584K, 0% used [0x00000007d6560000,0x00000007d6560000,0x00000007e43a0000)
  from space 227520K, 85% used [0x00000007e43a0000,0x00000007f016dc70,0x00000007f21d0000)
  to   space 227520K, 0% used [0x00000007f21d0000,0x00000007f21d0000,0x0000000800000000)
 PSOldGen        total 1365376K, used 708912K [0x0000000783000000, 0x00000007d6560000, 0x00000007d6560000)
  object space 1365376K, 51% used [0x0000000783000000,0x00000007ae44c220,0x00000007d6560000)
 PSPermGen       total 25600K, used 24254K [0x000000077de00000, 0x000000077f700000, 0x0000000783000000)
  object space 25600K, 94% used [0x000000077de00000,0x000000077f5af9c8,0x000000077f700000)
}
Total time for which application threads were stopped: 0.0511760 seconds
Application time: 0.6439550 seconds
{Heap before GC invocations=574 (full 42):
 PSYoungGen      total 455104K, used 421943K [0x00000007d6560000, 0x0000000800000000, 0x0000000800000000)
  eden space 227584K, 100% used [0x00000007d6560000,0x00000007e43a0000,0x00000007e43a0000)
  from space 227520K, 85% used [0x00000007e43a0000,0x00000007f016dc70,0x00000007f21d0000)
  to   space 227520K, 0% used [0x00000007f21d0000,0x00000007f21d0000,0x0000000800000000)
 PSOldGen        total 1365376K, used 708912K [0x0000000783000000, 0x00000007d6560000, 0x00000007d6560000)
  object space 1365376K, 51% used [0x0000000783000000,0x00000007ae44c220,0x00000007d6560000)
 PSPermGen       total 25600K, used 24344K [0x000000077de00000, 0x000000077f700000, 0x0000000783000000)
  object space 25600K, 95% used [0x000000077de00000,0x000000077f5c6048,0x000000077f700000)
3654.077: [GC [PSYoungGen: 421943K->56204K(455104K)] 1130855K->942594K(1820480K), 0.0550140 secs] [Times: user=0.44 sys=0.02, real=0.05 secs] 
Heap after GC invocations=574 (full 42):
 PSYoungGen      total 455104K, used 56204K [0x00000007d6560000, 0x0000000800000000, 0x0000000800000000)
  eden space 227584K, 0% used [0x00000007d6560000,0x00000007d6560000,0x00000007e43a0000)
  from space 227520K, 24% used [0x00000007f21d0000,0x00000007f58b33c0,0x0000000800000000)
  to   space 227520K, 0% used [0x00000007e43a0000,0x00000007e43a0000,0x00000007f21d0000)
 PSOldGen        total 1365376K, used 886389K [0x0000000783000000, 0x00000007d6560000, 0x00000007d6560000)
  object space 1365376K, 64% used [0x0000000783000000,0x00000007b919d7d0,0x00000007d6560000)
 PSPermGen       total 25600K, used 24344K [0x000000077de00000, 0x000000077f700000, 0x0000000783000000)
  object space 25600K, 95% used [0x000000077de00000,0x000000077f5c6048,0x000000077f700000)
}
Total time for which application threads were stopped: 0.0560400 seconds
Application time: 0.8254200 seconds
{Heap before GC invocations=575 (full 42):
 PSYoungGen      total 455104K, used 283788K [0x00000007d6560000, 0x0000000800000000, 0x0000000800000000)
  eden space 227584K, 100% used [0x00000007d6560000,0x00000007e43a0000,0x00000007e43a0000)
  from space 227520K, 24% used [0x00000007f21d0000,0x00000007f58b33c0,0x0000000800000000)
  to   space 227520K, 0% used [0x00000007e43a0000,0x00000007e43a0000,0x00000007f21d0000)
 PSOldGen        total 1365376K, used 886389K [0x0000000783000000, 0x00000007d6560000, 0x00000007d6560000)
  object space 1365376K, 64% used [0x0000000783000000,0x00000007b919d7d0,0x00000007d6560000)
 PSPermGen       total 25600K, used 24344K [0x000000077de00000, 0x000000077f700000, 0x0000000783000000)
  object space 25600K, 95% used [0x000000077de00000,0x000000077f5c6048,0x000000077f700000)
3654.958: [GC [PSYoungGen: 283788K->6976K(455104K)] 1170178K->941799K(1820480K), 0.0561190 secs] [Times: user=0.40 sys=0.00, real=0.06 secs] 
Heap after GC invocations=575 (full 42):
 PSYoungGen      total 455104K, used 6976K [0x00000007d6560000, 0x0000000800000000, 0x0000000800000000)
  eden space 227584K, 0% used [0x00000007d6560000,0x00000007d6560000,0x00000007e43a0000)
  from space 227520K, 3% used [0x00000007e43a0000,0x00000007e4a70000,0x00000007f21d0000)
  to   space 227520K, 0% used [0x00000007f21d0000,0x00000007f21d0000,0x0000000800000000)
 PSOldGen        total 1365376K, used 934823K [0x0000000783000000, 0x00000007d6560000, 0x00000007d6560000)
  object space 1365376K, 68% used [0x0000000783000000,0x00000007bc0e9d40,0x00000007d6560000)
 PSPermGen       total 25600K, used 24344K [0x000000077de00000, 0x000000077f700000, 0x0000000783000000)
  object space 25600K, 95% used [0x000000077de00000,0x000000077f5c6048,0x000000077f700000)
}
Total time for which application threads were stopped: 0.0568110 seconds
Application time: 0.8176930 seconds
{Heap before GC invocations=576 (full 42):
 PSYoungGen      total 455104K, used 234560K [0x00000007d6560000, 0x0000000800000000, 0x0000000800000000)
  eden space 227584K, 100% used [0x00000007d6560000,0x00000007e43a0000,0x00000007e43a0000)
  from space 227520K, 3% used [0x00000007e43a0000,0x00000007e4a70000,0x00000007f21d0000)
  to   space 227520K, 0% used [0x00000007f21d0000,0x00000007f21d0000,0x0000000800000000)
 PSOldGen        total 1365376K, used 934823K [0x0000000783000000, 0x00000007d6560000, 0x00000007d6560000)
  object space 1365376K, 68% used [0x0000000783000000,0x00000007bc0e9d40,0x00000007d6560000)
 PSPermGen       total 25600K, used 24344K [0x000000077de00000, 0x000000077f700000, 0x0000000783000000)
  object space 25600K, 95% used [0x000000077de00000,0x000000077f5c6048,0x000000077f700000)
3655.834: [GC [PSYoungGen: 234560K->6976K(455104K)] 1169383K->941815K(1820480K), 0.0537710 secs] [Times: user=0.39 sys=0.00, real=0.05 secs] 
Heap after GC invocations=576 (full 42):
 PSYoungGen      total 455104K, used 6976K [0x00000007d6560000, 0x0000000800000000, 0x0000000800000000)
  eden space 227584K, 0% used [0x00000007d6560000,0x00000007d6560000,0x00000007e43a0000)
  from space 227520K, 3% used [0x00000007f21d0000,0x00000007f28a0000,0x0000000800000000)
  to   space 227520K, 0% used [0x00000007e43a0000,0x00000007e43a0000,0x00000007f21d0000)
 PSOldGen        total 1365376K, used 934839K [0x0000000783000000, 0x00000007d6560000, 0x00000007d6560000)
  object space 1365376K, 68% used [0x0000000783000000,0x00000007bc0edd40,0x00000007d6560000)
 PSPermGen       total 25600K, used 24344K [0x000000077de00000, 0x000000077f700000, 0x0000000783000000)
  object space 25600K, 95% used [0x000000077de00000,0x000000077f5c6048,0x000000077f700000)
}
Total time for which application threads were stopped: 0.0553740 seconds
Application time: 0.7089050 seconds
{Heap before GC invocations=577 (full 42):
 PSYoungGen      total 455104K, used 234560K [0x00000007d6560000, 0x0000000800000000, 0x0000000800000000)
  eden space 227584K, 100% used [0x00000007d6560000,0x00000007e43a0000,0x00000007e43a0000)
  from space 227520K, 3% used [0x00000007f21d0000,0x00000007f28a0000,0x0000000800000000)
  to   space 227520K, 0% used [0x00000007e43a0000,0x00000007e43a0000,0x00000007f21d0000)
 PSOldGen        total 1365376K, used 934839K [0x0000000783000000, 0x00000007d6560000, 0x00000007d6560000)
  object space 1365376K, 68% used [0x0000000783000000,0x00000007bc0edd40,0x00000007d6560000)
 PSPermGen       total 25600K, used 24388K [0x000000077de00000, 0x000000077f700000, 0x0000000783000000)
  object space 25600K, 95% used [0x000000077de00000,0x000000077f5d1148,0x000000077f700000)
3656.597: [GC [PSYoungGen: 234560K->30442K(455104K)] 1169399K->965321K(1820480K), 0.0478040 secs] [Times: user=0.33 sys=0.01, real=0.05 secs] 
Heap after GC invocations=577 (full 42):
 PSYoungGen      total 455104K, used 30442K [0x00000007d6560000, 0x0000000800000000, 0x0000000800000000)
  eden space 227584K, 0% used [0x00000007d6560000,0x00000007d6560000,0x00000007e43a0000)
  from space 227520K, 13% used [0x00000007e43a0000,0x00000007e615a890,0x00000007f21d0000)
  to   space 227520K, 0% used [0x00000007f21d0000,0x00000007f21d0000,0x0000000800000000)
 PSOldGen        total 1365376K, used 934879K [0x0000000783000000, 0x00000007d6560000, 0x00000007d6560000)
  object space 1365376K, 68% used [0x0000000783000000,0x00000007bc0f7d40,0x00000007d6560000)
 PSPermGen       total 25600K, used 24388K [0x000000077de00000, 0x000000077f700000, 0x0000000783000000)
  object space 25600K, 95% used [0x000000077de00000,0x000000077f5d1148,0x000000077f700000)
}
Total time for which application threads were stopped: 0.0486090 seconds
Application time: 1.6183510 seconds
{Heap before GC invocations=578 (full 42):
 PSYoungGen      total 455104K, used 258026K [0x00000007d6560000, 0x0000000800000000, 0x0000000800000000)
  eden space 227584K, 100% used [0x00000007d6560000,0x00000007e43a0000,0x00000007e43a0000)
  from space 227520K, 13% used [0x00000007e43a0000,0x00000007e615a890,0x00000007f21d0000)
  to   space 227520K, 0% used [0x00000007f21d0000,0x00000007f21d0000,0x0000000800000000)
 PSOldGen        total 1365376K, used 934879K [0x0000000783000000, 0x00000007d6560000, 0x00000007d6560000)
  object space 1365376K, 68% used [0x0000000783000000,0x00000007bc0f7d40,0x00000007d6560000)
 PSPermGen       total 25600K, used 24486K [0x000000077de00000, 0x000000077f700000, 0x0000000783000000)
  object space 25600K, 95% used [0x000000077de00000,0x000000077f5e9bc8,0x000000077f700000)
3658.264: [GC [PSYoungGen: 258026K->63884K(455104K)] 1192905K->999299K(1820480K), 0.0389180 secs] [Times: user=0.30 sys=0.00, real=0.03 secs] 
Heap after GC invocations=578 (full 42):
 PSYoungGen      total 455104K, used 63884K [0x00000007d6560000, 0x0000000800000000, 0x0000000800000000)
  eden space 227584K, 0% used [0x00000007d6560000,0x00000007d6560000,0x00000007e43a0000)
  from space 227520K, 28% used [0x00000007f21d0000,0x00000007f6033060,0x0000000800000000)
  to   space 227520K, 0% used [0x00000007e43a0000,0x00000007e43a0000,0x00000007f21d0000)
 PSOldGen        total 1365376K, used 935415K [0x0000000783000000, 0x00000007d6560000, 0x00000007d6560000)
  object space 1365376K, 68% used [0x0000000783000000,0x00000007bc17dd40,0x00000007d6560000)
 PSPermGen       total 25600K, used 24486K [0x000000077de00000, 0x000000077f700000, 0x0000000783000000)
  object space 25600K, 95% used [0x000000077de00000,0x000000077f5e9bc8,0x000000077f700000)
}
Total time for which application threads were stopped: 0.0397580 seconds
Application time: 0.1684010 seconds
{Heap before GC invocations=579 (full 42):
 PSYoungGen      total 455104K, used 291468K [0x00000007d6560000, 0x0000000800000000, 0x0000000800000000)
  eden space 227584K, 100% used [0x00000007d6560000,0x00000007e43a0000,0x00000007e43a0000)
  from space 227520K, 28% used [0x00000007f21d0000,0x00000007f6033060,0x0000000800000000)
  to   space 227520K, 0% used [0x00000007e43a0000,0x00000007e43a0000,0x00000007f21d0000)
 PSOldGen        total 1365376K, used 935415K [0x0000000783000000, 0x00000007d6560000, 0x00000007d6560000)
  object space 1365376K, 68% used [0x0000000783000000,0x00000007bc17dd40,0x00000007d6560000)
 PSPermGen       total 25600K, used 24781K [0x000000077de00000, 0x000000077f700000, 0x0000000783000000)
  object space 25600K, 96% used [0x000000077de00000,0x000000077f633788,0x000000077f700000)
3658.473: [GC [PSYoungGen: 291468K->197675K(455104K)] 1226883K->1187996K(1820480K), 0.0371080 secs] [Times: user=0.45 sys=0.00, real=0.04 secs] 
Heap after GC invocations=579 (full 42):
 PSYoungGen      total 455104K, used 197675K [0x00000007d6560000, 0x0000000800000000, 0x0000000800000000)
  eden space 227584K, 0% used [0x00000007d6560000,0x00000007d6560000,0x00000007e43a0000)
  from space 227520K, 86% used [0x00000007e43a0000,0x00000007f04aaca0,0x00000007f21d0000)
  to   space 227520K, 0% used [0x00000007f21d0000,0x00000007f21d0000,0x0000000800000000)
 PSOldGen        total 1365376K, used 990321K [0x0000000783000000, 0x00000007d6560000, 0x00000007d6560000)
  object space 1365376K, 72% used [0x0000000783000000,0x00000007bf71c480,0x00000007d6560000)
 PSPermGen       total 25600K, used 24781K [0x000000077de00000, 0x000000077f700000, 0x0000000783000000)
  object space 25600K, 96% used [0x000000077de00000,0x000000077f633788,0x000000077f700000)
}
Total time for which application threads were stopped: 0.0379320 seconds
Application time: 0.1781750 seconds
{Heap before GC invocations=580 (full 42):
 PSYoungGen      total 455104K, used 425259K [0x00000007d6560000, 0x0000000800000000, 0x0000000800000000)
  eden space 227584K, 100% used [0x00000007d6560000,0x00000007e43a0000,0x00000007e43a0000)
  from space 227520K, 86% used [0x00000007e43a0000,0x00000007f04aaca0,0x00000007f21d0000)
  to   space 227520K, 0% used [0x00000007f21d0000,0x00000007f21d0000,0x0000000800000000)
 PSOldGen        total 1365376K, used 990321K [0x0000000783000000, 0x00000007d6560000, 0x00000007d6560000)
  object space 1365376K, 72% used [0x0000000783000000,0x00000007bf71c480,0x00000007d6560000)
 PSPermGen       total 25600K, used 25078K [0x000000077de00000, 0x000000077f700000, 0x0000000783000000)
  object space 25600K, 97% used [0x000000077de00000,0x000000077f67d948,0x000000077f700000)
3658.689: [GC [PSYoungGen: 425259K->194834K(455104K)] 1415580K->1364347K(1820480K), 0.0523610 secs] [Times: user=0.62 sys=0.00, real=0.05 secs] 
Heap after GC invocations=580 (full 42):
 PSYoungGen      total 455104K, used 194834K [0x00000007d6560000, 0x0000000800000000, 0x0000000800000000)
  eden space 227584K, 0% used [0x00000007d6560000,0x00000007d6560000,0x00000007e43a0000)
  from space 227520K, 85% used [0x00000007f21d0000,0x00000007fe014990,0x0000000800000000)
  to   space 227520K, 0% used [0x00000007e43a0000,0x00000007e43a0000,0x00000007f21d0000)
 PSOldGen        total 1365376K, used 1169513K [0x0000000783000000, 0x00000007d6560000, 0x00000007d6560000)
  object space 1365376K, 85% used [0x0000000783000000,0x00000007ca61a640,0x00000007d6560000)
 PSPermGen       total 25600K, used 25078K [0x000000077de00000, 0x000000077f700000, 0x0000000783000000)
  object space 25600K, 97% used [0x000000077de00000,0x000000077f67d948,0x000000077f700000)
}
{Heap before GC invocations=581 (full 43):
 PSYoungGen      total 455104K, used 194834K [0x00000007d6560000, 0x0000000800000000, 0x0000000800000000)
  eden space 227584K, 0% used [0x00000007d6560000,0x00000007d6560000,0x00000007e43a0000)
  from space 227520K, 85% used [0x00000007f21d0000,0x00000007fe014990,0x0000000800000000)
  to   space 227520K, 0% used [0x00000007e43a0000,0x00000007e43a0000,0x00000007f21d0000)
 PSOldGen        total 1365376K, used 1169513K [0x0000000783000000, 0x00000007d6560000, 0x00000007d6560000)
  object space 1365376K, 85% used [0x0000000783000000,0x00000007ca61a640,0x00000007d6560000)
 PSPermGen       total 25600K, used 25078K [0x000000077de00000, 0x000000077f700000, 0x0000000783000000)
  object space 25600K, 97% used [0x000000077de00000,0x000000077f67d948,0x000000077f700000)
3658.741: [Full GC [PSYoungGen: 194834K->0K(455104K)] [PSOldGen: 1169513K->508582K(1365376K)] 1364347K->508582K(1820480K) [PSPermGen: 25078K->25078K(26752K)], 0.4401370 secs] [Times: user=0.44 sys=0.00, real=0.44 secs] 
Heap after GC invocations=581 (full 43):
 PSYoungGen      total 455104K, used 0K [0x00000007d6560000, 0x0000000800000000, 0x0000000800000000)
  eden space 227584K, 0% used [0x00000007d6560000,0x00000007d6560000,0x00000007e43a0000)
  from space 227520K, 0% used [0x00000007f21d0000,0x00000007f21d0000,0x0000000800000000)
  to   space 227520K, 0% used [0x00000007e43a0000,0x00000007e43a0000,0x00000007f21d0000)
 PSOldGen        total 1365376K, used 508582K [0x0000000783000000, 0x00000007d6560000, 0x00000007d6560000)
  object space 1365376K, 37% used [0x0000000783000000,0x00000007a20a9938,0x00000007d6560000)
 PSPermGen       total 26752K, used 25078K [0x000000077de00000, 0x000000077f820000, 0x0000000783000000)
  object space 26752K, 93% used [0x000000077de00000,0x000000077f67d948,0x000000077f820000)
}
Total time for which application threads were stopped: 0.4936000 seconds
Application time: 0.7074450 seconds
{Heap before GC invocations=582 (full 43):
 PSYoungGen      total 455104K, used 227584K [0x00000007d6560000, 0x0000000800000000, 0x0000000800000000)
  eden space 227584K, 100% used [0x00000007d6560000,0x00000007e43a0000,0x00000007e43a0000)
  from space 227520K, 0% used [0x00000007f21d0000,0x00000007f21d0000,0x0000000800000000)
  to   space 227520K, 0% used [0x00000007e43a0000,0x00000007e43a0000,0x00000007f21d0000)
 PSOldGen        total 1365376K, used 508582K [0x0000000783000000, 0x00000007d6560000, 0x00000007d6560000)
  object space 1365376K, 37% used [0x0000000783000000,0x00000007a20a9938,0x00000007d6560000)
 PSPermGen       total 26752K, used 25126K [0x000000077de00000, 0x000000077f820000, 0x0000000783000000)
  object space 26752K, 93% used [0x000000077de00000,0x000000077f689888,0x000000077f820000)
3659.891: [GC [PSYoungGen: 227584K->31990K(455104K)] 736166K->540572K(1820480K), 0.0527250 secs] [Times: user=0.39 sys=0.02, real=0.06 secs] 
Heap after GC invocations=582 (full 43):
 PSYoungGen      total 455104K, used 31990K [0x00000007d6560000, 0x0000000800000000, 0x0000000800000000)
  eden space 227584K, 0% used [0x00000007d6560000,0x00000007d6560000,0x00000007e43a0000)
  from space 227520K, 14% used [0x00000007e43a0000,0x00000007e62dd960,0x00000007f21d0000)
  to   space 227520K, 0% used [0x00000007f21d0000,0x00000007f21d0000,0x0000000800000000)
 PSOldGen        total 1365376K, used 508582K [0x0000000783000000, 0x00000007d6560000, 0x00000007d6560000)
  object space 1365376K, 37% used [0x0000000783000000,0x00000007a20a9938,0x00000007d6560000)
 PSPermGen       total 26752K, used 25126K [0x000000077de00000, 0x000000077f820000, 0x0000000783000000)
  object space 26752K, 93% used [0x000000077de00000,0x000000077f689888,0x000000077f820000)
}
Total time for which application threads were stopped: 0.0546150 seconds
Application time: 0.8115310 seconds
{Heap before GC invocations=583 (full 43):
 PSYoungGen      total 455104K, used 259574K [0x00000007d6560000, 0x0000000800000000, 0x0000000800000000)
  eden space 227584K, 100% used [0x00000007d6560000,0x00000007e43a0000,0x00000007e43a0000)
  from space 227520K, 14% used [0x00000007e43a0000,0x00000007e62dd960,0x00000007f21d0000)
  to   space 227520K, 0% used [0x00000007f21d0000,0x00000007f21d0000,0x0000000800000000)
 PSOldGen        total 1365376K, used 508582K [0x0000000783000000, 0x00000007d6560000, 0x00000007d6560000)
  object space 1365376K, 37% used [0x0000000783000000,0x00000007a20a9938,0x00000007d6560000)
 PSPermGen       total 26752K, used 25126K [0x000000077de00000, 0x000000077f820000, 0x0000000783000000)
  object space 26752K, 93% used [0x000000077de00000,0x000000077f689888,0x000000077f820000)
3660.756: [GC [PSYoungGen: 259574K->7008K(455104K)] 768156K->540470K(1820480K), 0.0569750 secs] [Times: user=0.40 sys=0.01, real=0.06 secs] 
Heap after GC invocations=583 (full 43):
 PSYoungGen      total 455104K, used 7008K [0x00000007d6560000, 0x0000000800000000, 0x0000000800000000)
  eden space 227584K, 0% used [0x00000007d6560000,0x00000007d6560000,0x00000007e43a0000)
  from space 227520K, 3% used [0x00000007f21d0000,0x00000007f28a8000,0x0000000800000000)
  to   space 227520K, 0% used [0x00000007e43a0000,0x00000007e43a0000,0x00000007f21d0000)
 PSOldGen        total 1365376K, used 533462K [0x0000000783000000, 0x00000007d6560000, 0x00000007d6560000)
  object space 1365376K, 39% used [0x0000000783000000,0x00000007a38f5868,0x00000007d6560000)
 PSPermGen       total 26752K, used 25126K [0x000000077de00000, 0x000000077f820000, 0x0000000783000000)
  object space 26752K, 93% used [0x000000077de00000,0x000000077f689888,0x000000077f820000)
}
Total time for which application threads were stopped: 0.0583020 seconds
Application time: 0.7197180 seconds
{Heap before GC invocations=584 (full 43):
 PSYoungGen      total 455104K, used 234592K [0x00000007d6560000, 0x0000000800000000, 0x0000000800000000)
  eden space 227584K, 100% used [0x00000007d6560000,0x00000007e43a0000,0x00000007e43a0000)
  from space 227520K, 3% used [0x00000007f21d0000,0x00000007f28a8000,0x0000000800000000)
  to   space 227520K, 0% used [0x00000007e43a0000,0x00000007e43a0000,0x00000007f21d0000)
 PSOldGen        total 1365376K, used 533462K [0x0000000783000000, 0x00000007d6560000, 0x00000007d6560000)
  object space 1365376K, 39% used [0x0000000783000000,0x00000007a38f5868,0x00000007d6560000)
 PSPermGen       total 26752K, used 25164K [0x000000077de00000, 0x000000077f820000, 0x0000000783000000)
  object space 26752K, 94% used [0x000000077de00000,0x000000077f693008,0x000000077f820000)
3661.534: [GC [PSYoungGen: 234592K->34064K(455104K)] 768054K->567574K(1820480K), 0.0509510 secs] [Times: user=0.38 sys=0.00, real=0.06 secs] 
Heap after GC invocations=584 (full 43):
 PSYoungGen      total 455104K, used 34064K [0x00000007d6560000, 0x0000000800000000, 0x0000000800000000)
  eden space 227584K, 0% used [0x00000007d6560000,0x00000007d6560000,0x00000007e43a0000)
  from space 227520K, 14% used [0x00000007e43a0000,0x00000007e64e4130,0x00000007f21d0000)
  to   space 227520K, 0% used [0x00000007f21d0000,0x00000007f21d0000,0x0000000800000000)
 PSOldGen        total 1365376K, used 533510K [0x0000000783000000, 0x00000007d6560000, 0x00000007d6560000)
  object space 1365376K, 39% used [0x0000000783000000,0x00000007a3901868,0x00000007d6560000)
 PSPermGen       total 26752K, used 25164K [0x000000077de00000, 0x000000077f820000, 0x0000000783000000)
  object space 26752K, 94% used [0x000000077de00000,0x000000077f693008,0x000000077f820000)
}
Total time for which application threads were stopped: 0.0518820 seconds
Application time: 0.7596050 seconds
{Heap before GC invocations=585 (full 43):
 PSYoungGen      total 455104K, used 261648K [0x00000007d6560000, 0x0000000800000000, 0x0000000800000000)
  eden space 227584K, 100% used [0x00000007d6560000,0x00000007e43a0000,0x00000007e43a0000)
  from space 227520K, 14% used [0x00000007e43a0000,0x00000007e64e4130,0x00000007f21d0000)
  to   space 227520K, 0% used [0x00000007f21d0000,0x00000007f21d0000,0x0000000800000000)
 PSOldGen        total 1365376K, used 533510K [0x0000000783000000, 0x00000007d6560000, 0x00000007d6560000)
  object space 1365376K, 39% used [0x0000000783000000,0x00000007a3901868,0x00000007d6560000)
 PSPermGen       total 26752K, used 25178K [0x000000077de00000, 0x000000077f820000, 0x0000000783000000)
  object space 26752K, 94% used [0x000000077de00000,0x000000077f696b48,0x000000077f820000)
3662.346: [GC [PSYoungGen: 261648K->14858K(455104K)] 795158K->574244K(1820480K), 0.0531740 secs] [Times: user=0.36 sys=0.02, real=0.05 secs] 
Heap after GC invocations=585 (full 43):
 PSYoungGen      total 455104K, used 14858K [0x00000007d6560000, 0x0000000800000000, 0x0000000800000000)
  eden space 227584K, 0% used [0x00000007d6560000,0x00000007d6560000,0x00000007e43a0000)
  from space 227520K, 6% used [0x00000007f21d0000,0x00000007f30529a0,0x0000000800000000)
  to   space 227520K, 0% used [0x00000007e43a0000,0x00000007e43a0000,0x00000007f21d0000)
 PSOldGen        total 1365376K, used 559385K [0x0000000783000000, 0x00000007d6560000, 0x00000007d6560000)
  object space 1365376K, 40% used [0x0000000783000000,0x00000007a52467c8,0x00000007d6560000)
 PSPermGen       total 26752K, used 25178K [0x000000077de00000, 0x000000077f820000, 0x0000000783000000)
  object space 26752K, 94% used [0x000000077de00000,0x000000077f696b48,0x000000077f820000)
}
Total time for which application threads were stopped: 0.0540900 seconds
Application time: 1.5255940 seconds
{Heap before GC invocations=586 (full 43):
 PSYoungGen      total 455104K, used 242442K [0x00000007d6560000, 0x0000000800000000, 0x0000000800000000)
  eden space 227584K, 100% used [0x00000007d6560000,0x00000007e43a0000,0x00000007e43a0000)
  from space 227520K, 6% used [0x00000007f21d0000,0x00000007f30529a0,0x0000000800000000)
  to   space 227520K, 0% used [0x00000007e43a0000,0x00000007e43a0000,0x00000007f21d0000)
 PSOldGen        total 1365376K, used 559385K [0x0000000783000000, 0x00000007d6560000, 0x00000007d6560000)
  object space 1365376K, 40% used [0x0000000783000000,0x00000007a52467c8,0x00000007d6560000)
 PSPermGen       total 26752K, used 25312K [0x000000077de00000, 0x000000077f820000, 0x0000000783000000)
  object space 26752K, 94% used [0x000000077de00000,0x000000077f6b8148,0x000000077f820000)
3663.925: [GC [PSYoungGen: 242442K->86247K(455104K)] 801828K->645737K(1820480K), 0.0328500 secs] [Times: user=0.22 sys=0.02, real=0.03 secs] 
Heap after GC invocations=586 (full 43):
 PSYoungGen      total 455104K, used 86247K [0x00000007d6560000, 0x0000000800000000, 0x0000000800000000)
  eden space 227584K, 0% used [0x00000007d6560000,0x00000007d6560000,0x00000007e43a0000)
  from space 227520K, 37% used [0x00000007e43a0000,0x00000007e97d9d60,0x00000007f21d0000)
  to   space 227520K, 0% used [0x00000007f21d0000,0x00000007f21d0000,0x0000000800000000)
 PSOldGen        total 1365376K, used 559489K [0x0000000783000000, 0x00000007d6560000, 0x00000007d6560000)
  object space 1365376K, 40% used [0x0000000783000000,0x00000007a52607c8,0x00000007d6560000)
 PSPermGen       total 26752K, used 25312K [0x000000077de00000, 0x000000077f820000, 0x0000000783000000)
  object space 26752K, 94% used [0x000000077de00000,0x000000077f6b8148,0x000000077f820000)
}
Total time for which application threads were stopped: 0.0337290 seconds
Application time: 0.1753620 seconds
{Heap before GC invocations=587 (full 43):
 PSYoungGen      total 455104K, used 313831K [0x00000007d6560000, 0x0000000800000000, 0x0000000800000000)
  eden space 227584K, 99% used [0x00000007d6560000,0x00000007e439ff00,0x00000007e43a0000)
  from space 227520K, 37% used [0x00000007e43a0000,0x00000007e97d9d60,0x00000007f21d0000)
  to   space 227520K, 0% used [0x00000007f21d0000,0x00000007f21d0000,0x0000000800000000)
 PSOldGen        total 1365376K, used 559489K [0x0000000783000000, 0x00000007d6560000, 0x00000007d6560000)
  object space 1365376K, 40% used [0x0000000783000000,0x00000007a52607c8,0x00000007d6560000)
 PSPermGen       total 26752K, used 25602K [0x000000077de00000, 0x000000077f820000, 0x0000000783000000)
  object space 26752K, 95% used [0x000000077de00000,0x000000077f700988,0x000000077f820000)
3664.134: [GC [PSYoungGen: 313831K->194538K(455104K)] 873321K->830272K(1820480K), 0.0379530 secs] [Times: user=0.44 sys=0.00, real=0.03 secs] 
Heap after GC invocations=587 (full 43):
 PSYoungGen      total 455104K, used 194538K [0x00000007d6560000, 0x0000000800000000, 0x0000000800000000)
  eden space 227584K, 0% used [0x00000007d6560000,0x00000007d6560000,0x00000007e43a0000)
  from space 227520K, 85% used [0x00000007f21d0000,0x00000007fdfca940,0x0000000800000000)
  to   space 227520K, 0% used [0x00000007e43a0000,0x00000007e43a0000,0x00000007f21d0000)
 PSOldGen        total 1365376K, used 635733K [0x0000000783000000, 0x00000007d6560000, 0x00000007d6560000)
  object space 1365376K, 46% used [0x0000000783000000,0x00000007a9cd56f8,0x00000007d6560000)
 PSPermGen       total 26752K, used 25602K [0x000000077de00000, 0x000000077f820000, 0x0000000783000000)
  object space 26752K, 95% used [0x000000077de00000,0x000000077f700988,0x000000077f820000)
}
Total time for which application threads were stopped: 0.0388480 seconds
Application time: 0.1745200 seconds
{Heap before GC invocations=588 (full 43):
 PSYoungGen      total 455104K, used 422122K [0x00000007d6560000, 0x0000000800000000, 0x0000000800000000)
  eden space 227584K, 100% used [0x00000007d6560000,0x00000007e43a0000,0x00000007e43a0000)
  from space 227520K, 85% used [0x00000007f21d0000,0x00000007fdfca940,0x0000000800000000)
  to   space 227520K, 0% used [0x00000007e43a0000,0x00000007e43a0000,0x00000007f21d0000)
 PSOldGen        total 1365376K, used 635733K [0x0000000783000000, 0x00000007d6560000, 0x00000007d6560000)
  object space 1365376K, 46% used [0x0000000783000000,0x00000007a9cd56f8,0x00000007d6560000)
 PSPermGen       total 26752K, used 25900K [0x000000077de00000, 0x000000077f820000, 0x0000000783000000)
  object space 26752K, 96% used [0x000000077de00000,0x000000077f74b208,0x000000077f820000)
3664.348: [GC [PSYoungGen: 422122K->195956K(455104K)] 1057856K->1007987K(1820480K), 0.0513510 secs] [Times: user=0.60 sys=0.01, real=0.05 secs] 
Heap after GC invocations=588 (full 43):
 PSYoungGen      total 455104K, used 195956K [0x00000007d6560000, 0x0000000800000000, 0x0000000800000000)
  eden space 227584K, 0% used [0x00000007d6560000,0x00000007d6560000,0x00000007e43a0000)
  from space 227520K, 86% used [0x00000007e43a0000,0x00000007f02fd1a0,0x00000007f21d0000)
  to   space 227520K, 0% used [0x00000007f21d0000,0x00000007f21d0000,0x0000000800000000)
 PSOldGen        total 1365376K, used 812031K [0x0000000783000000, 0x00000007d6560000, 0x00000007d6560000)
  object space 1365376K, 59% used [0x0000000783000000,0x00000007b48ffe48,0x00000007d6560000)
 PSPermGen       total 26752K, used 25900K [0x000000077de00000, 0x000000077f820000, 0x0000000783000000)
  object space 26752K, 96% used [0x000000077de00000,0x000000077f74b208,0x000000077f820000)
}
Total time for which application threads were stopped: 0.0522230 seconds
Application time: 0.7413690 seconds
{Heap before GC invocations=589 (full 43):
 PSYoungGen      total 455104K, used 423540K [0x00000007d6560000, 0x0000000800000000, 0x0000000800000000)
  eden space 227584K, 100% used [0x00000007d6560000,0x00000007e43a0000,0x00000007e43a0000)
  from space 227520K, 86% used [0x00000007e43a0000,0x00000007f02fd1a0,0x00000007f21d0000)
  to   space 227520K, 0% used [0x00000007f21d0000,0x00000007f21d0000,0x0000000800000000)
 PSOldGen        total 1365376K, used 812031K [0x0000000783000000, 0x00000007d6560000, 0x00000007d6560000)
  object space 1365376K, 59% used [0x0000000783000000,0x00000007b48ffe48,0x00000007d6560000)
 PSPermGen       total 26752K, used 25938K [0x000000077de00000, 0x000000077f820000, 0x0000000783000000)
  object space 26752K, 96% used [0x000000077de00000,0x000000077f7548c8,0x000000077f820000)
3665.141: [GC [PSYoungGen: 423540K->26598K(455104K)] 1235571K->1016985K(1820480K), 0.0570490 secs] [Times: user=0.43 sys=0.00, real=0.06 secs] 
Heap after GC invocations=589 (full 43):
 PSYoungGen      total 455104K, used 26598K [0x00000007d6560000, 0x0000000800000000, 0x0000000800000000)
  eden space 227584K, 0% used [0x00000007d6560000,0x00000007d6560000,0x00000007e43a0000)
  from space 227520K, 11% used [0x00000007f21d0000,0x00000007f3bc98c0,0x0000000800000000)
  to   space 227520K, 0% used [0x00000007e43a0000,0x00000007e43a0000,0x00000007f21d0000)
 PSOldGen        total 1365376K, used 990386K [0x0000000783000000, 0x00000007d6560000, 0x00000007d6560000)
  object space 1365376K, 72% used [0x0000000783000000,0x00000007bf72cb98,0x00000007d6560000)
 PSPermGen       total 26752K, used 25938K [0x000000077de00000, 0x000000077f820000, 0x0000000783000000)
  object space 26752K, 96% used [0x000000077de00000,0x000000077f7548c8,0x000000077f820000)
}
Total time for which application threads were stopped: 0.0578360 seconds
Application time: 0.8227900 seconds
{Heap before GC invocations=590 (full 43):
 PSYoungGen      total 455104K, used 254182K [0x00000007d6560000, 0x0000000800000000, 0x0000000800000000)
  eden space 227584K, 100% used [0x00000007d6560000,0x00000007e43a0000,0x00000007e43a0000)
  from space 227520K, 11% used [0x00000007f21d0000,0x00000007f3bc98c0,0x0000000800000000)
  to   space 227520K, 0% used [0x00000007e43a0000,0x00000007e43a0000,0x00000007f21d0000)
 PSOldGen        total 1365376K, used 990386K [0x0000000783000000, 0x00000007d6560000, 0x00000007d6560000)
  object space 1365376K, 72% used [0x0000000783000000,0x00000007bf72cb98,0x00000007d6560000)
 PSPermGen       total 26752K, used 25938K [0x000000077de00000, 0x000000077f820000, 0x0000000783000000)
  object space 26752K, 96% used [0x000000077de00000,0x000000077f754bc8,0x000000077f820000)
3666.022: [GC [PSYoungGen: 254182K->7458K(455104K)] 1244569K->1017574K(1820480K), 0.0601260 secs] [Times: user=0.47 sys=0.00, real=0.06 secs] 
Heap after GC invocations=590 (full 43):
 PSYoungGen      total 455104K, used 7458K [0x00000007d6560000, 0x0000000800000000, 0x0000000800000000)
  eden space 227584K, 0% used [0x00000007d6560000,0x00000007d6560000,0x00000007e43a0000)
  from space 227520K, 3% used [0x00000007e43a0000,0x00000007e4ae8860,0x00000007f21d0000)
  to   space 227520K, 0% used [0x00000007f21d0000,0x00000007f21d0000,0x0000000800000000)
 PSOldGen        total 1365376K, used 1010116K [0x0000000783000000, 0x00000007d6560000, 0x00000007d6560000)
  object space 1365376K, 73% used [0x0000000783000000,0x00000007c0a71348,0x00000007d6560000)
 PSPermGen       total 26752K, used 25938K [0x000000077de00000, 0x000000077f820000, 0x0000000783000000)
  object space 26752K, 96% used [0x000000077de00000,0x000000077f754bc8,0x000000077f820000)
}
Total time for which application threads were stopped: 0.0608760 seconds
Application time: 0.8181600 seconds
{Heap before GC invocations=591 (full 43):
 PSYoungGen      total 455104K, used 235042K [0x00000007d6560000, 0x0000000800000000, 0x0000000800000000)
  eden space 227584K, 100% used [0x00000007d6560000,0x00000007e43a0000,0x00000007e43a0000)
  from space 227520K, 3% used [0x00000007e43a0000,0x00000007e4ae8860,0x00000007f21d0000)
  to   space 227520K, 0% used [0x00000007f21d0000,0x00000007f21d0000,0x0000000800000000)
 PSOldGen        total 1365376K, used 1010116K [0x0000000783000000, 0x00000007d6560000, 0x00000007d6560000)
  object space 1365376K, 73% used [0x0000000783000000,0x00000007c0a71348,0x00000007d6560000)
 PSPermGen       total 26752K, used 25938K [0x000000077de00000, 0x000000077f820000, 0x0000000783000000)
  object space 26752K, 96% used [0x000000077de00000,0x000000077f754bc8,0x000000077f820000)
3666.902: [GC [PSYoungGen: 235042K->7040K(455104K)] 1245158K->1017601K(1820480K), 0.0598120 secs] [Times: user=0.38 sys=0.03, real=0.06 secs] 
Heap after GC invocations=591 (full 43):
 PSYoungGen      total 455104K, used 7040K [0x00000007d6560000, 0x0000000800000000, 0x0000000800000000)
  eden space 227584K, 0% used [0x00000007d6560000,0x00000007d6560000,0x00000007e43a0000)
  from space 227520K, 3% used [0x00000007f21d0000,0x00000007f28b0000,0x0000000800000000)
  to   space 227520K, 0% used [0x00000007e43a0000,0x00000007e43a0000,0x00000007f21d0000)
 PSOldGen        total 1365376K, used 1010561K [0x0000000783000000, 0x00000007d6560000, 0x00000007d6560000)
  object space 1365376K, 74% used [0x0000000783000000,0x00000007c0ae0508,0x00000007d6560000)
 PSPermGen       total 26752K, used 25938K [0x000000077de00000, 0x000000077f820000, 0x0000000783000000)
  object space 26752K, 96% used [0x000000077de00000,0x000000077f754bc8,0x000000077f820000)
}
Total time for which application threads were stopped: 0.0618680 seconds
Application time: 0.7748540 seconds
{Heap before GC invocations=592 (full 43):
 PSYoungGen      total 455104K, used 234624K [0x00000007d6560000, 0x0000000800000000, 0x0000000800000000)
  eden space 227584K, 100% used [0x00000007d6560000,0x00000007e43a0000,0x00000007e43a0000)
  from space 227520K, 3% used [0x00000007f21d0000,0x00000007f28b0000,0x0000000800000000)
  to   space 227520K, 0% used [0x00000007e43a0000,0x00000007e43a0000,0x00000007f21d0000)
 PSOldGen        total 1365376K, used 1010561K [0x0000000783000000, 0x00000007d6560000, 0x00000007d6560000)
  object space 1365376K, 74% used [0x0000000783000000,0x00000007c0ae0508,0x00000007d6560000)
 PSPermGen       total 26752K, used 25938K [0x000000077de00000, 0x000000077f820000, 0x0000000783000000)
  object space 26752K, 96% used [0x000000077de00000,0x000000077f754bc8,0x000000077f820000)
3667.738: [GC [PSYoungGen: 234624K->7072K(455104K)] 1245185K->1017705K(1820480K), 0.0535710 secs] [Times: user=0.39 sys=0.00, real=0.05 secs] 
Heap after GC invocations=592 (full 43):
 PSYoungGen      total 455104K, used 7072K [0x00000007d6560000, 0x0000000800000000, 0x0000000800000000)
  eden space 227584K, 0% used [0x00000007d6560000,0x00000007d6560000,0x00000007e43a0000)
  from space 227520K, 3% used [0x00000007e43a0000,0x00000007e4a88000,0x00000007f21d0000)
  to   space 227520K, 0% used [0x00000007f21d0000,0x00000007f21d0000,0x0000000800000000)
 PSOldGen        total 1365376K, used 1010633K [0x0000000783000000, 0x00000007d6560000, 0x00000007d6560000)
  object space 1365376K, 74% used [0x0000000783000000,0x00000007c0af2508,0x00000007d6560000)
 PSPermGen       total 26752K, used 25938K [0x000000077de00000, 0x000000077f820000, 0x0000000783000000)
  object space 26752K, 96% used [0x000000077de00000,0x000000077f754bc8,0x000000077f820000)
}
Total time for which application threads were stopped: 0.0544080 seconds
Application time: 2.2144690 seconds
{Heap before GC invocations=593 (full 43):
 PSYoungGen      total 455104K, used 234656K [0x00000007d6560000, 0x0000000800000000, 0x0000000800000000)
  eden space 227584K, 100% used [0x00000007d6560000,0x00000007e43a0000,0x00000007e43a0000)
  from space 227520K, 3% used [0x00000007e43a0000,0x00000007e4a88000,0x00000007f21d0000)
  to   space 227520K, 0% used [0x00000007f21d0000,0x00000007f21d0000,0x0000000800000000)
 PSOldGen        total 1365376K, used 1010633K [0x0000000783000000, 0x00000007d6560000, 0x00000007d6560000)
  object space 1365376K, 74% used [0x0000000783000000,0x00000007c0af2508,0x00000007d6560000)
 PSPermGen       total 26752K, used 26178K [0x000000077de00000, 0x000000077f820000, 0x0000000783000000)
  object space 26752K, 97% used [0x000000077de00000,0x000000077f790bc8,0x000000077f820000)
3670.007: [GC [PSYoungGen: 234656K->155377K(455104K)] 1245289K->1166306K(1820480K), 0.0326110 secs] [Times: user=0.30 sys=0.02, real=0.03 secs] 
Heap after GC invocations=593 (full 43):
 PSYoungGen      total 455104K, used 155377K [0x00000007d6560000, 0x0000000800000000, 0x0000000800000000)
  eden space 227584K, 0% used [0x00000007d6560000,0x00000007d6560000,0x00000007e43a0000)
  from space 227520K, 68% used [0x00000007f21d0000,0x00000007fb98c6e0,0x0000000800000000)
  to   space 227520K, 0% used [0x00000007e43a0000,0x00000007e43a0000,0x00000007f21d0000)
 PSOldGen        total 1365376K, used 1010929K [0x0000000783000000, 0x00000007d6560000, 0x00000007d6560000)
  object space 1365376K, 74% used [0x0000000783000000,0x00000007c0b3c508,0x00000007d6560000)
 PSPermGen       total 26752K, used 26178K [0x000000077de00000, 0x000000077f820000, 0x0000000783000000)
  object space 26752K, 97% used [0x000000077de00000,0x000000077f790bc8,0x000000077f820000)
}
Total time for which application threads were stopped: 0.0338850 seconds
Application time: 0.1768230 seconds
{Heap before GC invocations=594 (full 43):
 PSYoungGen      total 455104K, used 382961K [0x00000007d6560000, 0x0000000800000000, 0x0000000800000000)
  eden space 227584K, 100% used [0x00000007d6560000,0x00000007e43a0000,0x00000007e43a0000)
  from space 227520K, 68% used [0x00000007f21d0000,0x00000007fb98c6e0,0x0000000800000000)
  to   space 227520K, 0% used [0x00000007e43a0000,0x00000007e43a0000,0x00000007f21d0000)
 PSOldGen        total 1365376K, used 1010929K [0x0000000783000000, 0x00000007d6560000, 0x00000007d6560000)
  object space 1365376K, 74% used [0x0000000783000000,0x00000007c0b3c508,0x00000007d6560000)
 PSPermGen       total 26752K, used 26469K [0x000000077de00000, 0x000000077f820000, 0x0000000783000000)
  object space 26752K, 98% used [0x000000077de00000,0x000000077f7d9588,0x000000077f820000)
3670.217: [GC [PSYoungGen: 382961K->193813K(455104K)] 1393890K->1345718K(1820480K), 0.0470500 secs] [Times: user=0.54 sys=0.01, real=0.05 secs] 
Heap after GC invocations=594 (full 43):
 PSYoungGen      total 455104K, used 193813K [0x00000007d6560000, 0x0000000800000000, 0x0000000800000000)
  eden space 227584K, 0% used [0x00000007d6560000,0x00000007d6560000,0x00000007e43a0000)
  from space 227520K, 85% used [0x00000007e43a0000,0x00000007f00e5470,0x00000007f21d0000)
  to   space 227520K, 0% used [0x00000007f21d0000,0x00000007f21d0000,0x0000000800000000)
 PSOldGen        total 1365376K, used 1151905K [0x0000000783000000, 0x00000007d6560000, 0x00000007d6560000)
  object space 1365376K, 84% used [0x0000000783000000,0x00000007c94e8758,0x00000007d6560000)
 PSPermGen       total 26752K, used 26469K [0x000000077de00000, 0x000000077f820000, 0x0000000783000000)
  object space 26752K, 98% used [0x000000077de00000,0x000000077f7d9588,0x000000077f820000)
}
{Heap before GC invocations=595 (full 44):
 PSYoungGen      total 455104K, used 193813K [0x00000007d6560000, 0x0000000800000000, 0x0000000800000000)
  eden space 227584K, 0% used [0x00000007d6560000,0x00000007d6560000,0x00000007e43a0000)
  from space 227520K, 85% used [0x00000007e43a0000,0x00000007f00e5470,0x00000007f21d0000)
  to   space 227520K, 0% used [0x00000007f21d0000,0x00000007f21d0000,0x0000000800000000)
 PSOldGen        total 1365376K, used 1151905K [0x0000000783000000, 0x00000007d6560000, 0x00000007d6560000)
  object space 1365376K, 84% used [0x0000000783000000,0x00000007c94e8758,0x00000007d6560000)
 PSPermGen       total 26752K, used 26469K [0x000000077de00000, 0x000000077f820000, 0x0000000783000000)
  object space 26752K, 98% used [0x000000077de00000,0x000000077f7d9588,0x000000077f820000)
3670.265: [Full GC [PSYoungGen: 193813K->0K(455104K)] [PSOldGen: 1151905K->349756K(1365376K)] 1345718K->349756K(1820480K) [PSPermGen: 26469K->20549K(22464K)], 0.3735320 secs] [Times: user=0.37 sys=0.00, real=0.37 secs] 
Heap after GC invocations=595 (full 44):
 PSYoungGen      total 455104K, used 0K [0x00000007d6560000, 0x0000000800000000, 0x0000000800000000)
  eden space 227584K, 0% used [0x00000007d6560000,0x00000007d6560000,0x00000007e43a0000)
  from space 227520K, 0% used [0x00000007e43a0000,0x00000007e43a0000,0x00000007f21d0000)
  to   space 227520K, 0% used [0x00000007f21d0000,0x00000007f21d0000,0x0000000800000000)
 PSOldGen        total 1365376K, used 349756K [0x0000000783000000, 0x00000007d6560000, 0x00000007d6560000)
  object space 1365376K, 25% used [0x0000000783000000,0x000000079858f180,0x00000007d6560000)
 PSPermGen       total 22464K, used 20549K [0x000000077de00000, 0x000000077f3f0000, 0x0000000783000000)
  object space 22464K, 91% used [0x000000077de00000,0x000000077f211768,0x000000077f3f0000)
}
Total time for which application threads were stopped: 0.4215460 seconds
Application time: 0.6506400 seconds
{Heap before GC invocations=596 (full 44):
 PSYoungGen      total 455104K, used 227584K [0x00000007d6560000, 0x0000000800000000, 0x0000000800000000)
  eden space 227584K, 100% used [0x00000007d6560000,0x00000007e43a0000,0x00000007e43a0000)
  from space 227520K, 0% used [0x00000007e43a0000,0x00000007e43a0000,0x00000007f21d0000)
  to   space 227520K, 0% used [0x00000007f21d0000,0x00000007f21d0000,0x0000000800000000)
 PSOldGen        total 1365376K, used 349756K [0x0000000783000000, 0x00000007d6560000, 0x00000007d6560000)
  object space 1365376K, 25% used [0x0000000783000000,0x000000079858f180,0x00000007d6560000)
 PSPermGen       total 22464K, used 20625K [0x000000077de00000, 0x000000077f3f0000, 0x0000000783000000)
  object space 22464K, 91% used [0x000000077de00000,0x000000077f2244e8,0x000000077f3f0000)
3671.290: [GC [PSYoungGen: 227584K->49782K(455104K)] 577340K->399538K(1820480K), 0.0452770 secs] [Times: user=0.34 sys=0.00, real=0.05 secs] 
Heap after GC invocations=596 (full 44):
 PSYoungGen      total 455104K, used 49782K [0x00000007d6560000, 0x0000000800000000, 0x0000000800000000)
  eden space 227584K, 0% used [0x00000007d6560000,0x00000007d6560000,0x00000007e43a0000)
  from space 227520K, 21% used [0x00000007f21d0000,0x00000007f526d980,0x0000000800000000)
  to   space 227520K, 0% used [0x00000007e43a0000,0x00000007e43a0000,0x00000007f21d0000)
 PSOldGen        total 1365376K, used 349756K [0x0000000783000000, 0x00000007d6560000, 0x00000007d6560000)
  object space 1365376K, 25% used [0x0000000783000000,0x000000079858f180,0x00000007d6560000)
 PSPermGen       total 22464K, used 20625K [0x000000077de00000, 0x000000077f3f0000, 0x0000000783000000)
  object space 22464K, 91% used [0x000000077de00000,0x000000077f2244e8,0x000000077f3f0000)
}
Total time for which application threads were stopped: 0.0462560 seconds
Application time: 0.8074570 seconds
{Heap before GC invocations=597 (full 44):
 PSYoungGen      total 455104K, used 277366K [0x00000007d6560000, 0x0000000800000000, 0x0000000800000000)
  eden space 227584K, 100% used [0x00000007d6560000,0x00000007e43a0000,0x00000007e43a0000)
  from space 227520K, 21% used [0x00000007f21d0000,0x00000007f526d980,0x0000000800000000)
  to   space 227520K, 0% used [0x00000007e43a0000,0x00000007e43a0000,0x00000007f21d0000)
 PSOldGen        total 1365376K, used 349756K [0x0000000783000000, 0x00000007d6560000, 0x00000007d6560000)
  object space 1365376K, 25% used [0x0000000783000000,0x000000079858f180,0x00000007d6560000)
 PSPermGen       total 22464K, used 20625K [0x000000077de00000, 0x000000077f3f0000, 0x0000000783000000)
  object space 22464K, 91% used [0x000000077de00000,0x000000077f2244e8,0x000000077f3f0000)
3672.143: [GC [PSYoungGen: 277366K->6976K(455104K)] 627122K->397633K(1820480K), 0.0592000 secs] [Times: user=0.40 sys=0.00, real=0.06 secs] 
Heap after GC invocations=597 (full 44):
 PSYoungGen      total 455104K, used 6976K [0x00000007d6560000, 0x0000000800000000, 0x0000000800000000)
  eden space 227584K, 0% used [0x00000007d6560000,0x00000007d6560000,0x00000007e43a0000)
  from space 227520K, 3% used [0x00000007e43a0000,0x00000007e4a70000,0x00000007f21d0000)
  to   space 227520K, 0% used [0x00000007f21d0000,0x00000007f21d0000,0x0000000800000000)
 PSOldGen        total 1365376K, used 390657K [0x0000000783000000, 0x00000007d6560000, 0x00000007d6560000)
  object space 1365376K, 28% used [0x0000000783000000,0x000000079ad80410,0x00000007d6560000)
 PSPermGen       total 22464K, used 20625K [0x000000077de00000, 0x000000077f3f0000, 0x0000000783000000)
  object space 22464K, 91% used [0x000000077de00000,0x000000077f2244e8,0x000000077f3f0000)
}
Total time for which application threads were stopped: 0.0600900 seconds
Application time: 0.8044550 seconds
{Heap before GC invocations=598 (full 44):
 PSYoungGen      total 455104K, used 234560K [0x00000007d6560000, 0x0000000800000000, 0x0000000800000000)
  eden space 227584K, 100% used [0x00000007d6560000,0x00000007e43a0000,0x00000007e43a0000)
  from space 227520K, 3% used [0x00000007e43a0000,0x00000007e4a70000,0x00000007f21d0000)
  to   space 227520K, 0% used [0x00000007f21d0000,0x00000007f21d0000,0x0000000800000000)
 PSOldGen        total 1365376K, used 390657K [0x0000000783000000, 0x00000007d6560000, 0x00000007d6560000)
  object space 1365376K, 28% used [0x0000000783000000,0x000000079ad80410,0x00000007d6560000)
 PSPermGen       total 22464K, used 20625K [0x000000077de00000, 0x000000077f3f0000, 0x0000000783000000)
  object space 22464K, 91% used [0x000000077de00000,0x000000077f2244e8,0x000000077f3f0000)
3673.008: [GC [PSYoungGen: 234560K->7008K(455104K)] 625217K->397737K(1820480K), 0.0548090 secs] [Times: user=0.39 sys=0.00, real=0.05 secs] 
Heap after GC invocations=598 (full 44):
 PSYoungGen      total 455104K, used 7008K [0x00000007d6560000, 0x0000000800000000, 0x0000000800000000)
  eden space 227584K, 0% used [0x00000007d6560000,0x00000007d6560000,0x00000007e43a0000)
  from space 227520K, 3% used [0x00000007f21d0000,0x00000007f28a8000,0x0000000800000000)
  to   space 227520K, 0% used [0x00000007e43a0000,0x00000007e43a0000,0x00000007f21d0000)
 PSOldGen        total 1365376K, used 390729K [0x0000000783000000, 0x00000007d6560000, 0x00000007d6560000)
  object space 1365376K, 28% used [0x0000000783000000,0x000000079ad92410,0x00000007d6560000)
 PSPermGen       total 22464K, used 20625K [0x000000077de00000, 0x000000077f3f0000, 0x0000000783000000)
  object space 22464K, 91% used [0x000000077de00000,0x000000077f2244e8,0x000000077f3f0000)
}
Total time for which application threads were stopped: 0.0556170 seconds
Application time: 0.4401320 seconds
{Heap before GC invocations=599 (full 44):
 PSYoungGen      total 455104K, used 234592K [0x00000007d6560000, 0x0000000800000000, 0x0000000800000000)
  eden space 227584K, 100% used [0x00000007d6560000,0x00000007e43a0000,0x00000007e43a0000)
  from space 227520K, 3% used [0x00000007f21d0000,0x00000007f28a8000,0x0000000800000000)
  to   space 227520K, 0% used [0x00000007e43a0000,0x00000007e43a0000,0x00000007f21d0000)
 PSOldGen        total 1365376K, used 390729K [0x0000000783000000, 0x00000007d6560000, 0x00000007d6560000)
  object space 1365376K, 28% used [0x0000000783000000,0x000000079ad92410,0x00000007d6560000)
 PSPermGen       total 22464K, used 20789K [0x000000077de00000, 0x000000077f3f0000, 0x0000000783000000)
  object space 22464K, 92% used [0x000000077de00000,0x000000077f24d468,0x000000077f3f0000)
3673.504: [GC [PSYoungGen: 234592K->106778K(455104K)] 625321K->497611K(1820480K), 0.0302370 secs] [Times: user=0.23 sys=0.00, real=0.03 secs] 
Heap after GC invocations=599 (full 44):
 PSYoungGen      total 455104K, used 106778K [0x00000007d6560000, 0x0000000800000000, 0x0000000800000000)
  eden space 227584K, 0% used [0x00000007d6560000,0x00000007d6560000,0x00000007e43a0000)
  from space 227520K, 46% used [0x00000007e43a0000,0x00000007eabe6930,0x00000007f21d0000)
  to   space 227520K, 0% used [0x00000007f21d0000,0x00000007f21d0000,0x0000000800000000)
 PSOldGen        total 1365376K, used 390833K [0x0000000783000000, 0x00000007d6560000, 0x00000007d6560000)
  object space 1365376K, 28% used [0x0000000783000000,0x000000079adac410,0x00000007d6560000)
 PSPermGen       total 22464K, used 20789K [0x000000077de00000, 0x000000077f3f0000, 0x0000000783000000)
  object space 22464K, 92% used [0x000000077de00000,0x000000077f24d468,0x000000077f3f0000)
}
Total time for which application threads were stopped: 0.0310290 seconds
Application time: 2.5909090 seconds
{Heap before GC invocations=600 (full 44):
 PSYoungGen      total 455104K, used 334362K [0x00000007d6560000, 0x0000000800000000, 0x0000000800000000)
  eden space 227584K, 100% used [0x00000007d6560000,0x00000007e43a0000,0x00000007e43a0000)
  from space 227520K, 46% used [0x00000007e43a0000,0x00000007eabe6930,0x00000007f21d0000)
  to   space 227520K, 0% used [0x00000007f21d0000,0x00000007f21d0000,0x0000000800000000)
 PSOldGen        total 1365376K, used 390833K [0x0000000783000000, 0x00000007d6560000, 0x00000007d6560000)
  object space 1365376K, 28% used [0x0000000783000000,0x000000079adac410,0x00000007d6560000)
 PSPermGen       total 22464K, used 20807K [0x000000077de00000, 0x000000077f3f0000, 0x0000000783000000)
  object space 22464K, 92% used [0x000000077de00000,0x000000077f251d28,0x000000077f3f0000)
3676.126: [GC [PSYoungGen: 334362K->9528K(455104K)] 725195K->407717K(1820480K), 0.0501430 secs] [Times: user=0.34 sys=0.01, real=0.05 secs] 
Heap after GC invocations=600 (full 44):
 PSYoungGen      total 455104K, used 9528K [0x00000007d6560000, 0x0000000800000000, 0x0000000800000000)
  eden space 227584K, 0% used [0x00000007d6560000,0x00000007d6560000,0x00000007e43a0000)
  from space 227520K, 4% used [0x00000007f21d0000,0x00000007f2b1e360,0x0000000800000000)
  to   space 227520K, 0% used [0x00000007e43a0000,0x00000007e43a0000,0x00000007f21d0000)
 PSOldGen        total 1365376K, used 398188K [0x0000000783000000, 0x00000007d6560000, 0x00000007d6560000)
  object space 1365376K, 29% used [0x0000000783000000,0x000000079b4db390,0x00000007d6560000)
 PSPermGen       total 22464K, used 20807K [0x000000077de00000, 0x000000077f3f0000, 0x0000000783000000)
  object space 22464K, 92% used [0x000000077de00000,0x000000077f251d28,0x000000077f3f0000)
}
Total time for which application threads were stopped: 0.0510300 seconds
Application time: 0.1739720 seconds
{Heap before GC invocations=601 (full 44):
 PSYoungGen      total 455104K, used 237112K [0x00000007d6560000, 0x0000000800000000, 0x0000000800000000)
  eden space 227584K, 100% used [0x00000007d6560000,0x00000007e43a0000,0x00000007e43a0000)
  from space 227520K, 4% used [0x00000007f21d0000,0x00000007f2b1e360,0x0000000800000000)
  to   space 227520K, 0% used [0x00000007e43a0000,0x00000007e43a0000,0x00000007f21d0000)
 PSOldGen        total 1365376K, used 398188K [0x0000000783000000, 0x00000007d6560000, 0x00000007d6560000)
  object space 1365376K, 29% used [0x0000000783000000,0x000000079b4db390,0x00000007d6560000)
 PSPermGen       total 22464K, used 21103K [0x000000077de00000, 0x000000077f3f0000, 0x0000000783000000)
  object space 22464K, 93% used [0x000000077de00000,0x000000077f29bfa8,0x000000077f3f0000)
3676.351: [GC [PSYoungGen: 237112K->191736K(455104K)] 635301K->592845K(1820480K), 0.0294300 secs] [Times: user=0.33 sys=0.00, real=0.03 secs] 
Heap after GC invocations=601 (full 44):
 PSYoungGen      total 455104K, used 191736K [0x00000007d6560000, 0x0000000800000000, 0x0000000800000000)
  eden space 227584K, 0% used [0x00000007d6560000,0x00000007d6560000,0x00000007e43a0000)
  from space 227520K, 84% used [0x00000007e43a0000,0x00000007efede030,0x00000007f21d0000)
  to   space 227520K, 0% used [0x00000007f21d0000,0x00000007f21d0000,0x0000000800000000)
 PSOldGen        total 1365376K, used 401109K [0x0000000783000000, 0x00000007d6560000, 0x00000007d6560000)
  object space 1365376K, 29% used [0x0000000783000000,0x000000079b7b5400,0x00000007d6560000)
 PSPermGen       total 22464K, used 21103K [0x000000077de00000, 0x000000077f3f0000, 0x0000000783000000)
  object space 22464K, 93% used [0x000000077de00000,0x000000077f29bfa8,0x000000077f3f0000)
}
Total time for which application threads were stopped: 0.0302680 seconds
Application time: 0.1735640 seconds
{Heap before GC invocations=602 (full 44):
 PSYoungGen      total 455104K, used 419320K [0x00000007d6560000, 0x0000000800000000, 0x0000000800000000)
  eden space 227584K, 100% used [0x00000007d6560000,0x00000007e43a0000,0x00000007e43a0000)
  from space 227520K, 84% used [0x00000007e43a0000,0x00000007efede030,0x00000007f21d0000)
  to   space 227520K, 0% used [0x00000007f21d0000,0x00000007f21d0000,0x0000000800000000)
 PSOldGen        total 1365376K, used 401109K [0x0000000783000000, 0x00000007d6560000, 0x00000007d6560000)
  object space 1365376K, 29% used [0x0000000783000000,0x000000079b7b5400,0x00000007d6560000)
 PSPermGen       total 22464K, used 21398K [0x000000077de00000, 0x000000077f3f0000, 0x0000000783000000)
  object space 22464K, 95% used [0x000000077de00000,0x000000077f2e5aa8,0x000000077f3f0000)
3676.555: [GC [PSYoungGen: 419320K->196906K(455104K)] 820429K->773450K(1820480K), 0.0497230 secs] [Times: user=0.58 sys=0.01, real=0.05 secs] 
Heap after GC invocations=602 (full 44):
 PSYoungGen      total 455104K, used 196906K [0x00000007d6560000, 0x0000000800000000, 0x0000000800000000)
  eden space 227584K, 0% used [0x00000007d6560000,0x00000007d6560000,0x00000007e43a0000)
  from space 227520K, 86% used [0x00000007f21d0000,0x00000007fe21a870,0x0000000800000000)
  to   space 227520K, 0% used [0x00000007e43a0000,0x00000007e43a0000,0x00000007f21d0000)
 PSOldGen        total 1365376K, used 576544K [0x0000000783000000, 0x00000007d6560000, 0x00000007d6560000)
  object space 1365376K, 42% used [0x0000000783000000,0x00000007a63081e0,0x00000007d6560000)
 PSPermGen       total 22464K, used 21398K [0x000000077de00000, 0x000000077f3f0000, 0x0000000783000000)
  object space 22464K, 95% used [0x000000077de00000,0x000000077f2e5aa8,0x000000077f3f0000)
}
Total time for which application threads were stopped: 0.0506060 seconds
Application time: 0.6499520 seconds
{Heap before GC invocations=603 (full 44):
 PSYoungGen      total 455104K, used 424490K [0x00000007d6560000, 0x0000000800000000, 0x0000000800000000)
  eden space 227584K, 100% used [0x00000007d6560000,0x00000007e43a0000,0x00000007e43a0000)
  from space 227520K, 86% used [0x00000007f21d0000,0x00000007fe21a870,0x0000000800000000)
  to   space 227520K, 0% used [0x00000007e43a0000,0x00000007e43a0000,0x00000007f21d0000)
 PSOldGen        total 1365376K, used 576544K [0x0000000783000000, 0x00000007d6560000, 0x00000007d6560000)
  object space 1365376K, 42% used [0x0000000783000000,0x00000007a63081e0,0x00000007d6560000)
 PSPermGen       total 22464K, used 21475K [0x000000077de00000, 0x000000077f3f0000, 0x0000000783000000)
  object space 22464K, 95% used [0x000000077de00000,0x000000077f2f8e28,0x000000077f3f0000)
3677.255: [GC [PSYoungGen: 424490K->49400K(455104K)] 1001034K->805399K(1820480K), 0.0574970 secs] [Times: user=0.44 sys=0.03, real=0.05 secs] 
Heap after GC invocations=603 (full 44):
 PSYoungGen      total 455104K, used 49400K [0x00000007d6560000, 0x0000000800000000, 0x0000000800000000)
  eden space 227584K, 0% used [0x00000007d6560000,0x00000007d6560000,0x00000007e43a0000)
  from space 227520K, 21% used [0x00000007e43a0000,0x00000007e73de250,0x00000007f21d0000)
  to   space 227520K, 0% used [0x00000007f21d0000,0x00000007f21d0000,0x0000000800000000)
 PSOldGen        total 1365376K, used 755998K [0x0000000783000000, 0x00000007d6560000, 0x00000007d6560000)
  object space 1365376K, 55% used [0x0000000783000000,0x00000007b1247a70,0x00000007d6560000)
 PSPermGen       total 22464K, used 21475K [0x000000077de00000, 0x000000077f3f0000, 0x0000000783000000)
  object space 22464K, 95% used [0x000000077de00000,0x000000077f2f8e28,0x000000077f3f0000)
}
Total time for which application threads were stopped: 0.0583810 seconds
Application time: 0.8100840 seconds
{Heap before GC invocations=604 (full 44):
 PSYoungGen      total 455104K, used 276984K [0x00000007d6560000, 0x0000000800000000, 0x0000000800000000)
  eden space 227584K, 100% used [0x00000007d6560000,0x00000007e43a0000,0x00000007e43a0000)
  from space 227520K, 21% used [0x00000007e43a0000,0x00000007e73de250,0x00000007f21d0000)
  to   space 227520K, 0% used [0x00000007f21d0000,0x00000007f21d0000,0x0000000800000000)
 PSOldGen        total 1365376K, used 755998K [0x0000000783000000, 0x00000007d6560000, 0x00000007d6560000)
  object space 1365376K, 55% used [0x0000000783000000,0x00000007b1247a70,0x00000007d6560000)
 PSPermGen       total 22464K, used 21475K [0x000000077de00000, 0x000000077f3f0000, 0x0000000783000000)
  object space 22464K, 95% used [0x000000077de00000,0x000000077f2f8e28,0x000000077f3f0000)
3678.124: [GC [PSYoungGen: 276984K->7040K(455104K)] 1032983K->804507K(1820480K), 0.0579950 secs] [Times: user=0.37 sys=0.02, real=0.05 secs] 
Heap after GC invocations=604 (full 44):
 PSYoungGen      total 455104K, used 7040K [0x00000007d6560000, 0x0000000800000000, 0x0000000800000000)
  eden space 227584K, 0% used [0x00000007d6560000,0x00000007d6560000,0x00000007e43a0000)
  from space 227520K, 3% used [0x00000007f21d0000,0x00000007f28b0000,0x0000000800000000)
  to   space 227520K, 0% used [0x00000007e43a0000,0x00000007e43a0000,0x00000007f21d0000)
 PSOldGen        total 1365376K, used 797467K [0x0000000783000000, 0x00000007d6560000, 0x00000007d6560000)
  object space 1365376K, 58% used [0x0000000783000000,0x00000007b3ac6f80,0x00000007d6560000)
 PSPermGen       total 22464K, used 21475K [0x000000077de00000, 0x000000077f3f0000, 0x0000000783000000)
  object space 22464K, 95% used [0x000000077de00000,0x000000077f2f8e28,0x000000077f3f0000)
}
Total time for which application threads were stopped: 0.0588050 seconds
Application time: 0.7901150 seconds
{Heap before GC invocations=605 (full 44):
 PSYoungGen      total 455104K, used 234624K [0x00000007d6560000, 0x0000000800000000, 0x0000000800000000)
  eden space 227584K, 100% used [0x00000007d6560000,0x00000007e43a0000,0x00000007e43a0000)
  from space 227520K, 3% used [0x00000007f21d0000,0x00000007f28b0000,0x0000000800000000)
  to   space 227520K, 0% used [0x00000007e43a0000,0x00000007e43a0000,0x00000007f21d0000)
 PSOldGen        total 1365376K, used 797467K [0x0000000783000000, 0x00000007d6560000, 0x00000007d6560000)
  object space 1365376K, 58% used [0x0000000783000000,0x00000007b3ac6f80,0x00000007d6560000)
 PSPermGen       total 22464K, used 21475K [0x000000077de00000, 0x000000077f3f0000, 0x0000000783000000)
  object space 22464K, 95% used [0x000000077de00000,0x000000077f2f8e28,0x000000077f3f0000)
3678.974: [GC [PSYoungGen: 234624K->6944K(455104K)] 1032091K->804467K(1820480K), 0.0557660 secs] [Times: user=0.40 sys=0.01, real=0.06 secs] 
Heap after GC invocations=605 (full 44):
 PSYoungGen      total 455104K, used 6944K [0x00000007d6560000, 0x0000000800000000, 0x0000000800000000)
  eden space 227584K, 0% used [0x00000007d6560000,0x00000007d6560000,0x00000007e43a0000)
  from space 227520K, 3% used [0x00000007e43a0000,0x00000007e4a68000,0x00000007f21d0000)
  to   space 227520K, 0% used [0x00000007f21d0000,0x00000007f21d0000,0x0000000800000000)
 PSOldGen        total 1365376K, used 797523K [0x0000000783000000, 0x00000007d6560000, 0x00000007d6560000)
  object space 1365376K, 58% used [0x0000000783000000,0x00000007b3ad4f80,0x00000007d6560000)
 PSPermGen       total 22464K, used 21475K [0x000000077de00000, 0x000000077f3f0000, 0x0000000783000000)
  object space 22464K, 95% used [0x000000077de00000,0x000000077f2f8e28,0x000000077f3f0000)
}
Total time for which application threads were stopped: 0.0576390 seconds
Application time: 0.7272310 seconds
{Heap before GC invocations=606 (full 44):
 PSYoungGen      total 455104K, used 234528K [0x00000007d6560000, 0x0000000800000000, 0x0000000800000000)
  eden space 227584K, 100% used [0x00000007d6560000,0x00000007e43a0000,0x00000007e43a0000)
  from space 227520K, 3% used [0x00000007e43a0000,0x00000007e4a68000,0x00000007f21d0000)
  to   space 227520K, 0% used [0x00000007f21d0000,0x00000007f21d0000,0x0000000800000000)
 PSOldGen        total 1365376K, used 797523K [0x0000000783000000, 0x00000007d6560000, 0x00000007d6560000)
  object space 1365376K, 58% used [0x0000000783000000,0x00000007b3ad4f80,0x00000007d6560000)
 PSPermGen       total 22464K, used 21503K [0x000000077de00000, 0x000000077f3f0000, 0x0000000783000000)
  object space 22464K, 95% used [0x000000077de00000,0x000000077f2ffde8,0x000000077f3f0000)
3679.757: [GC [PSYoungGen: 234528K->21667K(455104K)] 1032051K->819223K(1820480K), 0.0495330 secs] [Times: user=0.35 sys=0.01, real=0.05 secs] 
Heap after GC invocations=606 (full 44):
 PSYoungGen      total 455104K, used 21667K [0x00000007d6560000, 0x0000000800000000, 0x0000000800000000)
  eden space 227584K, 0% used [0x00000007d6560000,0x00000007d6560000,0x00000007e43a0000)
  from space 227520K, 9% used [0x00000007f21d0000,0x00000007f36f8db0,0x0000000800000000)
  to   space 227520K, 0% used [0x00000007e43a0000,0x00000007e43a0000,0x00000007f21d0000)
 PSOldGen        total 1365376K, used 797555K [0x0000000783000000, 0x00000007d6560000, 0x00000007d6560000)
  object space 1365376K, 58% used [0x0000000783000000,0x00000007b3adcf80,0x00000007d6560000)
 PSPermGen       total 22464K, used 21503K [0x000000077de00000, 0x000000077f3f0000, 0x0000000783000000)
  object space 22464K, 95% used [0x000000077de00000,0x000000077f2ffde8,0x000000077f3f0000)
}
Total time for which application threads were stopped: 0.0502650 seconds
Application time: 183.0664100 seconds
{Heap before GC invocations=607 (full 44):
 PSYoungGen      total 455104K, used 249251K [0x00000007d6560000, 0x0000000800000000, 0x0000000800000000)
  eden space 227584K, 100% used [0x00000007d6560000,0x00000007e43a0000,0x00000007e43a0000)
  from space 227520K, 9% used [0x00000007f21d0000,0x00000007f36f8db0,0x0000000800000000)
  to   space 227520K, 0% used [0x00000007e43a0000,0x00000007e43a0000,0x00000007f21d0000)
 PSOldGen        total 1365376K, used 797555K [0x0000000783000000, 0x00000007d6560000, 0x00000007d6560000)
  object space 1365376K, 58% used [0x0000000783000000,0x00000007b3adcf80,0x00000007d6560000)
 PSPermGen       total 22464K, used 21656K [0x000000077de00000, 0x000000077f3f0000, 0x0000000783000000)
  object space 22464K, 96% used [0x000000077de00000,0x000000077f326368,0x000000077f3f0000)
3862.874: [GC [PSYoungGen: 249251K->99247K(455104K)] 1046807K->897283K(1820480K), 0.0300620 secs] [Times: user=0.22 sys=0.00, real=0.02 secs] 
Heap after GC invocations=607 (full 44):
 PSYoungGen      total 455104K, used 99247K [0x00000007d6560000, 0x0000000800000000, 0x0000000800000000)
  eden space 227584K, 0% used [0x00000007d6560000,0x00000007d6560000,0x00000007e43a0000)
  from space 227520K, 43% used [0x00000007e43a0000,0x00000007ea48bcd0,0x00000007f21d0000)
  to   space 227520K, 0% used [0x00000007f21d0000,0x00000007f21d0000,0x0000000800000000)
 PSOldGen        total 1365376K, used 798035K [0x0000000783000000, 0x00000007d6560000, 0x00000007d6560000)
  object space 1365376K, 58% used [0x0000000783000000,0x00000007b3b54f80,0x00000007d6560000)
 PSPermGen       total 22464K, used 21656K [0x000000077de00000, 0x000000077f3f0000, 0x0000000783000000)
  object space 22464K, 96% used [0x000000077de00000,0x000000077f326368,0x000000077f3f0000)
}
Total time for which application threads were stopped: 0.0308060 seconds
Application time: 0.1735620 seconds
{Heap before GC invocations=608 (full 44):
 PSYoungGen      total 455104K, used 326831K [0x00000007d6560000, 0x0000000800000000, 0x0000000800000000)
  eden space 227584K, 100% used [0x00000007d6560000,0x00000007e43a0000,0x00000007e43a0000)
  from space 227520K, 43% used [0x00000007e43a0000,0x00000007ea48bcd0,0x00000007f21d0000)
  to   space 227520K, 0% used [0x00000007f21d0000,0x00000007f21d0000,0x0000000800000000)
 PSOldGen        total 1365376K, used 798035K [0x0000000783000000, 0x00000007d6560000, 0x00000007d6560000)
  object space 1365376K, 58% used [0x0000000783000000,0x00000007b3b54f80,0x00000007d6560000)
 PSPermGen       total 22464K, used 21950K [0x000000077de00000, 0x000000077f3f0000, 0x0000000783000000)
  object space 22464K, 97% used [0x000000077de00000,0x000000077f36f868,0x000000077f3f0000)
3863.078: [GC [PSYoungGen: 326831K->197157K(455104K)] 1124867K->1083456K(1820480K), 0.0420390 secs] [Times: user=0.46 sys=0.00, real=0.04 secs] 
Heap after GC invocations=608 (full 44):
 PSYoungGen      total 455104K, used 197157K [0x00000007d6560000, 0x0000000800000000, 0x0000000800000000)
  eden space 227584K, 0% used [0x00000007d6560000,0x00000007d6560000,0x00000007e43a0000)
  from space 227520K, 86% used [0x00000007f21d0000,0x00000007fe259540,0x0000000800000000)
  to   space 227520K, 0% used [0x00000007e43a0000,0x00000007e43a0000,0x00000007f21d0000)
 PSOldGen        total 1365376K, used 886298K [0x0000000783000000, 0x00000007d6560000, 0x00000007d6560000)
  object space 1365376K, 64% used [0x0000000783000000,0x00000007b9186b90,0x00000007d6560000)
 PSPermGen       total 22464K, used 21950K [0x000000077de00000, 0x000000077f3f0000, 0x0000000783000000)
  object space 22464K, 97% used [0x000000077de00000,0x000000077f36f868,0x000000077f3f0000)
}
Total time for which application threads were stopped: 0.0428260 seconds
Application time: 0.2629490 seconds
{Heap before GC invocations=609 (full 44):
 PSYoungGen      total 455104K, used 424741K [0x00000007d6560000, 0x0000000800000000, 0x0000000800000000)
  eden space 227584K, 100% used [0x00000007d6560000,0x00000007e43a0000,0x00000007e43a0000)
  from space 227520K, 86% used [0x00000007f21d0000,0x00000007fe259540,0x0000000800000000)
  to   space 227520K, 0% used [0x00000007e43a0000,0x00000007e43a0000,0x00000007f21d0000)
 PSOldGen        total 1365376K, used 886298K [0x0000000783000000, 0x00000007d6560000, 0x00000007d6560000)
  object space 1365376K, 64% used [0x0000000783000000,0x00000007b9186b90,0x00000007d6560000)
 PSPermGen       total 22464K, used 22213K [0x000000077de00000, 0x000000077f3f0000, 0x0000000783000000)
  object space 22464K, 98% used [0x000000077de00000,0x000000077f3b1628,0x000000077f3f0000)
3863.384: [GC [PSYoungGen: 424741K->171265K(455104K)] 1311040K->1236597K(1820480K), 0.0523400 secs] [Times: user=0.56 sys=0.03, real=0.05 secs] 
Heap after GC invocations=609 (full 44):
 PSYoungGen      total 455104K, used 171265K [0x00000007d6560000, 0x0000000800000000, 0x0000000800000000)
  eden space 227584K, 0% used [0x00000007d6560000,0x00000007d6560000,0x00000007e43a0000)
  from space 227520K, 75% used [0x00000007e43a0000,0x00000007eeae06b0,0x00000007f21d0000)
  to   space 227520K, 0% used [0x00000007f21d0000,0x00000007f21d0000,0x0000000800000000)
 PSOldGen        total 1365376K, used 1065331K [0x0000000783000000, 0x00000007d6560000, 0x00000007d6560000)
  object space 1365376K, 78% used [0x0000000783000000,0x00000007c405ce30,0x00000007d6560000)
 PSPermGen       total 22464K, used 22213K [0x000000077de00000, 0x000000077f3f0000, 0x0000000783000000)
  object space 22464K, 98% used [0x000000077de00000,0x000000077f3b1628,0x000000077f3f0000)
}
Total time for which application threads were stopped: 0.0533290 seconds
Application time: 0.7581410 seconds
{Heap before GC invocations=610 (full 44):
 PSYoungGen      total 455104K, used 398849K [0x00000007d6560000, 0x0000000800000000, 0x0000000800000000)
  eden space 227584K, 100% used [0x00000007d6560000,0x00000007e43a0000,0x00000007e43a0000)
  from space 227520K, 75% used [0x00000007e43a0000,0x00000007eeae06b0,0x00000007f21d0000)
  to   space 227520K, 0% used [0x00000007f21d0000,0x00000007f21d0000,0x0000000800000000)
 PSOldGen        total 1365376K, used 1065331K [0x0000000783000000, 0x00000007d6560000, 0x00000007d6560000)
  object space 1365376K, 78% used [0x0000000783000000,0x00000007c405ce30,0x00000007d6560000)
 PSPermGen       total 22464K, used 22246K [0x000000077de00000, 0x000000077f3f0000, 0x0000000783000000)
  object space 22464K, 99% used [0x000000077de00000,0x000000077f3b9ba8,0x000000077f3f0000)
3864.196: [GC [PSYoungGen: 398849K->24016K(455104K)] 1464181K->1245556K(1820480K), 0.0683130 secs] [Times: user=0.45 sys=0.01, real=0.07 secs] 
Heap after GC invocations=610 (full 44):
 PSYoungGen      total 455104K, used 24016K [0x00000007d6560000, 0x0000000800000000, 0x0000000800000000)
  eden space 227584K, 0% used [0x00000007d6560000,0x00000007d6560000,0x00000007e43a0000)
  from space 227520K, 10% used [0x00000007f21d0000,0x00000007f39441e0,0x0000000800000000)
  to   space 227520K, 0% used [0x00000007e43a0000,0x00000007e43a0000,0x00000007f21d0000)
 PSOldGen        total 1365376K, used 1221539K [0x0000000783000000, 0x00000007d6560000, 0x00000007d6560000)
  object space 1365376K, 89% used [0x0000000783000000,0x00000007cd8e8e80,0x00000007d6560000)
 PSPermGen       total 22464K, used 22246K [0x000000077de00000, 0x000000077f3f0000, 0x0000000783000000)
  object space 22464K, 99% used [0x000000077de00000,0x000000077f3b9ba8,0x000000077f3f0000)
}
{Heap before GC invocations=611 (full 45):
 PSYoungGen      total 455104K, used 24016K [0x00000007d6560000, 0x0000000800000000, 0x0000000800000000)
  eden space 227584K, 0% used [0x00000007d6560000,0x00000007d6560000,0x00000007e43a0000)
  from space 227520K, 10% used [0x00000007f21d0000,0x00000007f39441e0,0x0000000800000000)
  to   space 227520K, 0% used [0x00000007e43a0000,0x00000007e43a0000,0x00000007f21d0000)
 PSOldGen        total 1365376K, used 1221539K [0x0000000783000000, 0x00000007d6560000, 0x00000007d6560000)
  object space 1365376K, 89% used [0x0000000783000000,0x00000007cd8e8e80,0x00000007d6560000)
 PSPermGen       total 22464K, used 22246K [0x000000077de00000, 0x000000077f3f0000, 0x0000000783000000)
  object space 22464K, 99% used [0x000000077de00000,0x000000077f3b9ba8,0x000000077f3f0000)
3864.264: [Full GC [PSYoungGen: 24016K->0K(455104K)] [PSOldGen: 1221539K->546089K(1365376K)] 1245556K->546089K(1820480K) [PSPermGen: 22246K->22246K(24064K)], 0.4651790 secs] [Times: user=0.47 sys=0.00, real=0.46 secs] 
Heap after GC invocations=611 (full 45):
 PSYoungGen      total 455104K, used 0K [0x00000007d6560000, 0x0000000800000000, 0x0000000800000000)
  eden space 227584K, 0% used [0x00000007d6560000,0x00000007d6560000,0x00000007e43a0000)
  from space 227520K, 0% used [0x00000007f21d0000,0x00000007f21d0000,0x0000000800000000)
  to   space 227520K, 0% used [0x00000007e43a0000,0x00000007e43a0000,0x00000007f21d0000)
 PSOldGen        total 1365376K, used 546089K [0x0000000783000000, 0x00000007d6560000, 0x00000007d6560000)
  object space 1365376K, 39% used [0x0000000783000000,0x00000007a454a500,0x00000007d6560000)
 PSPermGen       total 24064K, used 22246K [0x000000077de00000, 0x000000077f580000, 0x0000000783000000)
  object space 24064K, 92% used [0x000000077de00000,0x000000077f3b9ba8,0x000000077f580000)
}
Total time for which application threads were stopped: 0.5344430 seconds
Application time: 0.8166040 seconds
{Heap before GC invocations=612 (full 45):
 PSYoungGen      total 455104K, used 227584K [0x00000007d6560000, 0x0000000800000000, 0x0000000800000000)
  eden space 227584K, 100% used [0x00000007d6560000,0x00000007e43a0000,0x00000007e43a0000)
  from space 227520K, 0% used [0x00000007f21d0000,0x00000007f21d0000,0x0000000800000000)
  to   space 227520K, 0% used [0x00000007e43a0000,0x00000007e43a0000,0x00000007f21d0000)
 PSOldGen        total 1365376K, used 546089K [0x0000000783000000, 0x00000007d6560000, 0x00000007d6560000)
  object space 1365376K, 39% used [0x0000000783000000,0x00000007a454a500,0x00000007d6560000)
 PSPermGen       total 24064K, used 22252K [0x000000077de00000, 0x000000077f580000, 0x0000000783000000)
  object space 24064K, 92% used [0x000000077de00000,0x000000077f3bb0a8,0x000000077f580000)
3865.548: [GC [PSYoungGen: 227584K->9690K(455104K)] 773673K->555780K(1820480K), 0.0547950 secs] [Times: user=0.36 sys=0.01, real=0.05 secs] 
Heap after GC invocations=612 (full 45):
 PSYoungGen      total 455104K, used 9690K [0x00000007d6560000, 0x0000000800000000, 0x0000000800000000)
  eden space 227584K, 0% used [0x00000007d6560000,0x00000007d6560000,0x00000007e43a0000)
  from space 227520K, 4% used [0x00000007e43a0000,0x00000007e4d16b60,0x00000007f21d0000)
  to   space 227520K, 0% used [0x00000007f21d0000,0x00000007f21d0000,0x0000000800000000)
 PSOldGen        total 1365376K, used 546089K [0x0000000783000000, 0x00000007d6560000, 0x00000007d6560000)
  object space 1365376K, 39% used [0x0000000783000000,0x00000007a454a500,0x00000007d6560000)
 PSPermGen       total 24064K, used 22252K [0x000000077de00000, 0x000000077f580000, 0x0000000783000000)
  object space 24064K, 92% used [0x000000077de00000,0x000000077f3bb0a8,0x000000077f580000)
}
Total time for which application threads were stopped: 0.0565810 seconds
Application time: 0.6976660 seconds
{Heap before GC invocations=613 (full 45):
 PSYoungGen      total 455104K, used 237274K [0x00000007d6560000, 0x0000000800000000, 0x0000000800000000)
  eden space 227584K, 100% used [0x00000007d6560000,0x00000007e43a0000,0x00000007e43a0000)
  from space 227520K, 4% used [0x00000007e43a0000,0x00000007e4d16b60,0x00000007f21d0000)
  to   space 227520K, 0% used [0x00000007f21d0000,0x00000007f21d0000,0x0000000800000000)
 PSOldGen        total 1365376K, used 546089K [0x0000000783000000, 0x00000007d6560000, 0x00000007d6560000)
  object space 1365376K, 39% used [0x0000000783000000,0x00000007a454a500,0x00000007d6560000)
 PSPermGen       total 24064K, used 22308K [0x000000077de00000, 0x000000077f580000, 0x0000000783000000)
  object space 24064K, 92% used [0x000000077de00000,0x000000077f3c91a8,0x000000077f580000)
3866.301: [GC [PSYoungGen: 237274K->43158K(455104K)] 783364K->591991K(1820480K), 0.0467760 secs] [Times: user=0.35 sys=0.00, real=0.05 secs] 
Heap after GC invocations=613 (full 45):
 PSYoungGen      total 455104K, used 43158K [0x00000007d6560000, 0x0000000800000000, 0x0000000800000000)
  eden space 227584K, 0% used [0x00000007d6560000,0x00000007d6560000,0x00000007e43a0000)
  from space 227520K, 18% used [0x00000007f21d0000,0x00000007f4bf59e0,0x0000000800000000)
  to   space 227520K, 0% used [0x00000007e43a0000,0x00000007e43a0000,0x00000007f21d0000)
 PSOldGen        total 1365376K, used 548833K [0x0000000783000000, 0x00000007d6560000, 0x00000007d6560000)
  object space 1365376K, 40% used [0x0000000783000000,0x00000007a47f8550,0x00000007d6560000)
 PSPermGen       total 24064K, used 22308K [0x000000077de00000, 0x000000077f580000, 0x0000000783000000)
  object space 24064K, 92% used [0x000000077de00000,0x000000077f3c91a8,0x000000077f580000)
}
Total time for which application threads were stopped: 0.0476000 seconds
Application time: 0.8007470 seconds
{Heap before GC invocations=614 (full 45):
 PSYoungGen      total 455104K, used 270742K [0x00000007d6560000, 0x0000000800000000, 0x0000000800000000)
  eden space 227584K, 100% used [0x00000007d6560000,0x00000007e43a0000,0x00000007e43a0000)
  from space 227520K, 18% used [0x00000007f21d0000,0x00000007f4bf59e0,0x0000000800000000)
  to   space 227520K, 0% used [0x00000007e43a0000,0x00000007e43a0000,0x00000007f21d0000)
 PSOldGen        total 1365376K, used 548833K [0x0000000783000000, 0x00000007d6560000, 0x00000007d6560000)
  object space 1365376K, 40% used [0x0000000783000000,0x00000007a47f8550,0x00000007d6560000)
 PSPermGen       total 24064K, used 22308K [0x000000077de00000, 0x000000077f580000, 0x0000000783000000)
  object space 24064K, 92% used [0x000000077de00000,0x000000077f3c91a8,0x000000077f580000)
3867.149: [GC [PSYoungGen: 270742K->6848K(455104K)] 819575K->590503K(1820480K), 0.0560700 secs]